
balance measure · 394s · traj 200x10 · fresh 1000
after/traj/reader/none run1 n=200 | 성공 46.0% / 42.9% / 47.1% / 39.6% | D30 25.0% 클리어|도달 24.0% 클리어 6.0% | 좀비 13.5% | 사망/런 8.14 | 장식 0.0
  └ 종료 사망한도 73.5% 마왕실패 19.0% 클리어 6.0% 파산 1.5% | 끝난 날 중앙 20 | D10까지 사망 3.25 | 부상 출발/런 21.9 (사망 21.8%) | 상위 4명 성공 68.0% · 사망 0.56 · 나머지 26.0% · 사망 7.58 | 현금/일 108 | 자본 504
after/traj/reader/none run5 n=200 | 성공 47.6% / 44.0% / 47.6% / 39.5% | D30 18.5% 클리어|도달 24.3% 클리어 4.5% | 좀비 11.0% | 사망/런 8.03 | 장식 0.0
  └ 종료 사망한도 79.0% 마왕실패 14.0% 클리어 4.5% 파산 2.5% | 끝난 날 중앙 18 | D10까지 사망 3.52 | 부상 출발/런 20.0 (사망 22.4%) | 상위 4명 성공 69.6% · 사망 0.56 · 나머지 25.3% · 사망 7.47 | 현금/일 88 | 자본 444
after/traj/reader/none run10 n=200 | 성공 47.4% / 44.6% / 47.9% / 40.8% | D30 23.5% 클리어|도달 21.3% 클리어 5.0% | 좀비 9.5% | 사망/런 7.93 | 장식 0.0
  └ 종료 사망한도 73.5% 마왕실패 18.5% 클리어 5.0% 파산 3.0% | 끝난 날 중앙 19 | D10까지 사망 3.64 | 부상 출발/런 20.3 (사망 22.6%) | 상위 4명 성공 68.4% · 사망 0.61 · 나머지 27.2% · 사망 7.32 | 현금/일 87 | 자본 445
after/traj/reader/economy run1 n=200 | 성공 46.0% / 42.9% / 47.1% / 39.6% | D30 25.0% 클리어|도달 24.0% 클리어 6.0% | 좀비 13.5% | 사망/런 8.14 | 장식 0.0
  └ 종료 사망한도 73.5% 마왕실패 19.0% 클리어 6.0% 파산 1.5% | 끝난 날 중앙 20 | D10까지 사망 3.25 | 부상 출발/런 21.9 (사망 21.8%) | 상위 4명 성공 68.0% · 사망 0.56 · 나머지 26.0% · 사망 7.58 | 현금/일 108 | 자본 504
after/traj/reader/economy run5 n=200 | 성공 50.0% / 50.7% / 52.2% / 45.2% | D30 35.5% 클리어|도달 43.7% 클리어 15.5% | 좀비 9.5% | 사망/런 8.10 | 장식 2.2
  └ 종료 사망한도 64.5% 마왕실패 20.0% 클리어 15.5% | 끝난 날 중앙 25 | D10까지 사망 3.42 | 부상 출발/런 22.7 (사망 19.8%) | 상위 4명 성공 71.8% · 사망 0.57 · 나머지 30.9% · 사망 7.52 | 현금/일 217 | 자본 620
after/traj/reader/economy run10 n=200 | 성공 51.6% / 50.8% / 53.0% / 45.7% | D30 38.0% 클리어|도달 46.1% 클리어 17.5% | 좀비 9.0% | 사망/런 7.96 | 장식 3.8
  └ 종료 사망한도 62.0% 마왕실패 20.5% 클리어 17.5% | 끝난 날 중앙 26 | D10까지 사망 3.27 | 부상 출발/런 22.9 (사망 19.6%) | 상위 4명 성공 71.6% · 사망 0.47 · 나머지 33.6% · 사망 7.49 | 현금/일 269 | 자본 687
after/traj/reader/survival run1 n=200 | 성공 46.0% / 42.9% / 47.1% / 39.6% | D30 25.0% 클리어|도달 24.0% 클리어 6.0% | 좀비 13.5% | 사망/런 8.14 | 장식 0.0
  └ 종료 사망한도 73.5% 마왕실패 19.0% 클리어 6.0% 파산 1.5% | 끝난 날 중앙 20 | D10까지 사망 3.25 | 부상 출발/런 21.9 (사망 21.8%) | 상위 4명 성공 68.0% · 사망 0.56 · 나머지 26.0% · 사망 7.58 | 현금/일 108 | 자본 504
after/traj/reader/survival run5 n=200 | 성공 50.5% / 48.1% / 49.7% / 40.1% | D30 61.5% 클리어|도달 26.8% 클리어 16.5% | 좀비 22.0% | 사망/런 8.47 | 장식 2.3
  └ 종료 마왕실패 45.0% 사망한도 37.5% 클리어 16.5% 파산 1.0% | 끝난 날 중앙 30 | D10까지 사망 3.13 | 부상 출발/런 20.8 (사망 21.2%) | 상위 4명 성공 69.7% · 사망 0.47 · 나머지 29.2% · 사망 8.00 | 현금/일 120 | 자본 695
after/traj/reader/survival run10 n=200 | 성공 59.7% / 52.2% / 53.3% / 41.3% | D30 90.5% 클리어|도달 18.8% 클리어 17.0% | 좀비 22.0% | 사망/런 7.96 | 장식 3.9
  └ 종료 마왕실패 73.5% 클리어 17.0% 사망한도 7.0% 파산 2.5% | 끝난 날 중앙 30 | D10까지 사망 2.20 | 부상 출발/런 18.2 (사망 19.5%) | 상위 4명 성공 71.4% · 사망 0.39 · 나머지 36.5% · 사망 7.58 | 현금/일 149 | 자본 879
after/traj/expert/none run1 n=200 | 성공 46.2% / 42.5% / 46.9% / 39.5% | D30 24.5% 클리어|도달 38.8% 클리어 9.5% | 좀비 9.0% | 사망/런 7.92 | 장식 0.0
  └ 종료 사망한도 74.0% 마왕실패 15.0% 클리어 9.5% 파산 1.5% | 끝난 날 중앙 19 | D10까지 사망 3.31 | 부상 출발/런 21.0 (사망 21.9%) | 상위 4명 성공 68.5% · 사망 0.47 · 나머지 25.3% · 사망 7.45 | 현금/일 105 | 자본 473
after/traj/expert/none run5 n=200 | 성공 47.1% / 46.6% / 48.0% / 39.0% | D30 23.0% 클리어|도달 26.1% 클리어 6.0% | 좀비 13.0% | 사망/런 7.93 | 장식 0.0
  └ 종료 사망한도 74.5% 마왕실패 17.0% 클리어 6.0% 파산 2.5% | 끝난 날 중앙 18 | D10까지 사망 3.48 | 부상 출발/런 20.6 (사망 21.5%) | 상위 4명 성공 69.6% · 사망 0.56 · 나머지 26.4% · 사망 7.37 | 현금/일 94 | 자본 455
after/traj/expert/none run10 n=200 | 성공 46.8% / 45.2% / 48.1% / 41.2% | D30 21.5% 클리어|도달 27.9% 클리어 6.0% | 좀비 11.0% | 사망/런 7.83 | 장식 0.0
  └ 종료 사망한도 76.5% 마왕실패 15.5% 클리어 6.0% 파산 2.0% | 끝난 날 중앙 19 | D10까지 사망 3.63 | 부상 출발/런 19.8 (사망 22.6%) | 상위 4명 성공 69.3% · 사망 0.54 · 나머지 26.0% · 사망 7.29 | 현금/일 88 | 자본 444
after/traj/expert/economy run1 n=200 | 성공 46.2% / 42.5% / 46.9% / 39.5% | D30 24.5% 클리어|도달 38.8% 클리어 9.5% | 좀비 9.0% | 사망/런 7.92 | 장식 0.0
  └ 종료 사망한도 74.0% 마왕실패 15.0% 클리어 9.5% 파산 1.5% | 끝난 날 중앙 19 | D10까지 사망 3.31 | 부상 출발/런 21.0 (사망 21.9%) | 상위 4명 성공 68.5% · 사망 0.47 · 나머지 25.3% · 사망 7.45 | 현금/일 105 | 자본 473
after/traj/expert/economy run5 n=200 | 성공 49.8% / 49.6% / 52.3% / 46.3% | D30 35.0% 클리어|도달 44.3% 클리어 15.5% | 좀비 6.5% | 사망/런 7.94 | 장식 2.1
  └ 종료 사망한도 64.0% 마왕실패 19.5% 클리어 15.5% 파산 1.0% | 끝난 날 중앙 25 | D10까지 사망 3.56 | 부상 출발/런 22.0 (사망 20.6%) | 상위 4명 성공 71.8% · 사망 0.47 · 나머지 30.5% · 사망 7.46 | 현금/일 214 | 자본 622
after/traj/expert/economy run10 n=200 | 성공 52.0% / 52.2% / 52.9% / 46.9% | D30 43.5% 클리어|도달 48.3% 클리어 21.0% | 좀비 5.5% | 사망/런 7.71 | 장식 3.9
  └ 종료 사망한도 56.5% 마왕실패 22.5% 클리어 21.0% | 끝난 날 중앙 28 | D10까지 사망 3.23 | 부상 출발/런 22.7 (사망 18.8%) | 상위 4명 성공 72.6% · 사망 0.40 · 나머지 32.9% · 사망 7.30 | 현금/일 288 | 자본 706
after/fresh/reader/none n=1000 | 성공 47.1% / 44.7% / 48.0% / 40.2% | D30 27.5% 클리어|도달 28.0% 클리어 7.7% | 좀비 11.9% | 사망/런 8.21 | 장식 0.0
  └ 종료 사망한도 71.8% 마왕실패 19.8% 클리어 7.7% 파산 0.7% | 끝난 날 중앙 20 | D10까지 사망 3.32 | 부상 출발/런 22.1 (사망 21.5%) | 상위 4명 성공 68.8% · 사망 0.52 · 나머지 26.6% · 사망 7.69 | 현금/일 116 | 자본 518
after/fresh/expert/none n=1000 | 성공 47.3% / 44.7% / 48.1% / 40.6% | D30 23.8% 클리어|도달 34.0% 클리어 8.1% | 좀비 12.2% | 사망/런 8.26 | 장식 0.0
  └ 종료 사망한도 75.8% 마왕실패 15.7% 클리어 8.1% 파산 0.4% | 끝난 날 중앙 20 | D10까지 사망 3.33 | 부상 출발/런 21.7 (사망 21.8%) | 상위 4명 성공 69.7% · 사망 0.56 · 나머지 26.3% · 사망 7.70 | 현금/일 120 | 자본 508
after/traj/expert/survival run1 n=200 | 성공 46.2% / 42.5% / 46.9% / 39.5% | D30 24.5% 클리어|도달 38.8% 클리어 9.5% | 좀비 9.0% | 사망/런 7.92 | 장식 0.0
  └ 종료 사망한도 74.0% 마왕실패 15.0% 클리어 9.5% 파산 1.5% | 끝난 날 중앙 19 | D10까지 사망 3.31 | 부상 출발/런 21.0 (사망 21.9%) | 상위 4명 성공 68.5% · 사망 0.47 · 나머지 25.3% · 사망 7.45 | 현금/일 105 | 자본 473
after/traj/expert/survival run5 n=200 | 성공 49.7% / 46.9% / 49.1% / 41.5% | D30 54.5% 클리어|도달 28.4% 클리어 15.5% | 좀비 19.5% | 사망/런 8.67 | 장식 2.3
  └ 종료 사망한도 41.0% 마왕실패 39.0% 클리어 15.5% 파산 4.5% | 끝난 날 중앙 30 | D10까지 사망 3.21 | 부상 출발/런 21.4 (사망 22.4%) | 상위 4명 성공 69.2% · 사망 0.51 · 나머지 29.0% · 사망 8.16 | 현금/일 107 | 자본 669
after/traj/expert/survival run10 n=200 | 성공 60.8% / 52.3% / 51.9% / 41.2% | D30 89.5% 클리어|도달 30.7% 클리어 27.5% | 좀비 18.0% | 사망/런 7.70 | 장식 3.9
  └ 종료 마왕실패 62.0% 클리어 27.5% 사망한도 9.0% 파산 1.5% | 끝난 날 중앙 30 | D10까지 사망 2.08 | 부상 출발/런 17.8 (사망 18.7%) | 상위 4명 성공 71.4% · 사망 0.34 · 나머지 36.1% · 사망 7.36 | 현금/일 147 | 자본 870
