
balance measure · 372s · traj 200x10 · fresh 1000
after/traj/reader/none run1 n=200 | 성공 45.0% / 38.9% / 42.9% / 35.1% | D30 17.0% 클리어|도달 5.9% 클리어 1.0% | 좀비 15.5% | 사망/런 8.18 | 장식 0.0
  └ 종료 사망한도 82.0% 마왕실패 16.0% 클리어 1.0% 파산 1.0% | 끝난 날 중앙 19 | D10까지 사망 3.31 | 부상 출발/런 22.0 (사망 22.0%) | 상위 4명 성공 66.1% · 사망 0.61 · 나머지 23.0% · 사망 7.56 | 현금/일 98 | 자본 444
after/traj/reader/none run5 n=200 | 성공 46.2% / 40.2% / 45.3% / 38.7% | D30 12.5% 클리어|도달 32.0% 클리어 4.0% | 좀비 10.5% | 사망/런 7.65 | 장식 0.0
  └ 종료 사망한도 84.5% 마왕실패 8.5% 클리어 4.0% 파산 3.0% | 끝난 날 중앙 17 | D10까지 사망 3.67 | 부상 출발/런 19.2 (사망 22.3%) | 상위 4명 성공 67.2% · 사망 0.55 · 나머지 24.5% · 사망 7.11 | 현금/일 75 | 자본 382
after/traj/reader/none run10 n=200 | 성공 46.0% / 41.6% / 45.1% / 38.1% | D30 13.0% 클리어|도달 23.1% 클리어 3.0% | 좀비 11.5% | 사망/런 7.91 | 장식 0.0
  └ 종료 사망한도 86.0% 마왕실패 10.0% 클리어 3.0% 파산 1.0% | 끝난 날 중앙 17 | D10까지 사망 3.70 | 부상 출발/런 19.0 (사망 24.5%) | 상위 4명 성공 67.4% · 사망 0.67 · 나머지 24.7% · 사망 7.24 | 현금/일 77 | 자본 386
after/traj/reader/economy run1 n=200 | 성공 45.0% / 38.9% / 42.9% / 35.1% | D30 17.0% 클리어|도달 5.9% 클리어 1.0% | 좀비 15.5% | 사망/런 8.18 | 장식 0.0
  └ 종료 사망한도 82.0% 마왕실패 16.0% 파산 1.0% 클리어 1.0% | 끝난 날 중앙 19 | D10까지 사망 3.31 | 부상 출발/런 22.0 (사망 22.0%) | 상위 4명 성공 66.1% · 사망 0.61 · 나머지 23.0% · 사망 7.56 | 현금/일 98 | 자본 444
after/traj/reader/economy run5 n=200 | 성공 48.6% / 46.5% / 48.6% / 40.8% | D30 23.0% 클리어|도달 32.6% 클리어 7.5% | 좀비 11.5% | 사망/런 8.05 | 장식 1.9
  └ 종료 사망한도 76.5% 마왕실패 15.5% 클리어 7.5% 파산 0.5% | 끝난 날 중앙 19 | D10까지 사망 3.59 | 부상 출발/런 21.7 (사망 20.2%) | 상위 4명 성공 68.7% · 사망 0.58 · 나머지 29.0% · 사망 7.47 | 현금/일 195 | 자본 549
after/traj/reader/economy run10 n=200 | 성공 50.8% / 47.1% / 51.2% / 43.9% | D30 29.5% 클리어|도달 35.6% 클리어 10.5% | 좀비 9.5% | 사망/런 7.90 | 장식 3.7
  └ 종료 사망한도 70.5% 마왕실패 19.0% 클리어 10.5% | 끝난 날 중앙 20 | D10까지 사망 3.35 | 부상 출발/런 23.0 (사망 19.5%) | 상위 4명 성공 70.0% · 사망 0.52 · 나머지 31.3% · 사망 7.38 | 현금/일 265 | 자본 645
after/traj/reader/survival run1 n=200 | 성공 45.0% / 38.9% / 42.9% / 35.1% | D30 17.0% 클리어|도달 5.9% 클리어 1.0% | 좀비 15.5% | 사망/런 8.18 | 장식 0.0
  └ 종료 사망한도 82.0% 마왕실패 16.0% 파산 1.0% 클리어 1.0% | 끝난 날 중앙 19 | D10까지 사망 3.31 | 부상 출발/런 22.0 (사망 22.0%) | 상위 4명 성공 66.1% · 사망 0.61 · 나머지 23.0% · 사망 7.56 | 현금/일 98 | 자본 444
after/traj/reader/survival run5 n=200 | 성공 48.4% / 46.9% / 47.9% / 38.4% | D30 54.0% 클리어|도달 22.2% 클리어 12.0% | 좀비 22.0% | 사망/런 8.87 | 장식 2.1
  └ 종료 사망한도 42.5% 마왕실패 42.0% 클리어 12.0% 파산 3.5% | 끝난 날 중앙 30 | D10까지 사망 3.42 | 부상 출발/런 22.9 (사망 21.6%) | 상위 4명 성공 68.9% · 사망 0.53 · 나머지 27.6% · 사망 8.34 | 현금/일 97 | 자본 656
after/traj/reader/survival run10 n=200 | 성공 58.2% / 50.0% / 47.5% / 39.4% | D30 82.0% 클리어|도달 12.2% 클리어 10.0% | 좀비 28.5% | 사망/런 8.62 | 장식 3.8
  └ 종료 마왕실패 72.0% 사망한도 14.5% 클리어 10.0% 파산 3.5% | 끝난 날 중앙 30 | D10까지 사망 2.21 | 부상 출발/런 18.7 (사망 21.0%) | 상위 4명 성공 69.5% · 사망 0.32 · 나머지 34.5% · 사망 8.30 | 현금/일 125 | 자본 834
after/traj/expert/none run1 n=200 | 성공 45.2% / 40.2% / 45.6% / 36.8% | D30 21.0% 클리어|도달 14.3% 클리어 3.0% | 좀비 12.0% | 사망/런 7.96 | 장식 0.0
  └ 종료 사망한도 78.0% 마왕실패 18.0% 클리어 3.0% 파산 1.0% | 끝난 날 중앙 19 | D10까지 사망 3.28 | 부상 출발/런 20.8 (사망 22.4%) | 상위 4명 성공 66.5% · 사망 0.63 · 나머지 24.9% · 사망 7.33 | 현금/일 101 | 자본 443
after/traj/expert/none run5 n=200 | 성공 45.5% / 42.6% / 45.8% / 38.0% | D30 12.0% 클리어|도달 29.2% 클리어 3.5% | 좀비 8.0% | 사망/런 7.59 | 장식 0.0
  └ 종료 사망한도 86.0% 마왕실패 8.5% 클리어 3.5% 파산 2.0% | 끝난 날 중앙 16 | D10까지 사망 3.81 | 부상 출발/런 17.9 (사망 24.8%) | 상위 4명 성공 68.3% · 사망 0.65 · 나머지 24.4% · 사망 6.94 | 현금/일 80 | 자본 364
after/traj/expert/none run10 n=200 | 성공 46.4% / 41.8% / 43.6% / 39.5% | D30 12.5% 클리어|도달 32.0% 클리어 4.0% | 좀비 8.0% | 사망/런 7.83 | 장식 0.0
  └ 종료 사망한도 86.5% 마왕실패 8.5% 클리어 4.0% 파산 1.0% | 끝난 날 중앙 17 | D10까지 사망 3.65 | 부상 출발/런 18.7 (사망 24.0%) | 상위 4명 성공 67.8% · 사망 0.57 · 나머지 24.6% · 사망 7.26 | 현금/일 81 | 자본 384
after/traj/expert/economy run1 n=200 | 성공 45.2% / 40.2% / 45.6% / 36.8% | D30 21.0% 클리어|도달 14.3% 클리어 3.0% | 좀비 12.0% | 사망/런 7.96 | 장식 0.0
  └ 종료 사망한도 78.0% 마왕실패 18.0% 클리어 3.0% 파산 1.0% | 끝난 날 중앙 19 | D10까지 사망 3.28 | 부상 출발/런 20.8 (사망 22.4%) | 상위 4명 성공 66.5% · 사망 0.63 · 나머지 24.9% · 사망 7.33 | 현금/일 101 | 자본 443
after/traj/expert/economy run5 n=200 | 성공 48.8% / 48.1% / 48.2% / 41.1% | D30 28.5% 클리어|도달 45.6% 클리어 13.0% | 좀비 11.5% | 사망/런 7.71 | 장식 1.9
  └ 종료 사망한도 70.5% 마왕실패 15.5% 클리어 13.0% 파산 1.0% | 끝난 날 중앙 19 | D10까지 사망 3.68 | 부상 출발/런 21.4 (사망 20.9%) | 상위 4명 성공 68.8% · 사망 0.47 · 나머지 29.0% · 사망 7.24 | 현금/일 198 | 자본 548
after/traj/expert/economy run10 n=200 | 성공 51.0% / 48.6% / 50.6% / 44.0% | D30 32.0% 클리어|도달 32.8% 클리어 10.5% | 좀비 9.5% | 사망/런 8.25 | 장식 3.7
  └ 종료 사망한도 68.0% 마왕실패 21.5% 클리어 10.5% | 끝난 날 중앙 25 | D10까지 사망 3.38 | 부상 출발/런 23.2 (사망 19.4%) | 상위 4명 성공 70.9% · 사망 0.53 · 나머지 31.1% · 사망 7.72 | 현금/일 275 | 자본 670
after/fresh/reader/none n=1000 | 성공 46.0% / 41.1% / 44.7% / 37.2% | D30 17.6% 클리어|도달 29.0% 클리어 5.1% | 좀비 14.3% | 사망/런 8.04 | 장식 0.0
  └ 종료 사망한도 81.4% 마왕실패 12.5% 클리어 5.1% 파산 1.0% | 끝난 날 중앙 18 | D10까지 사망 3.49 | 부상 출발/런 20.5 (사망 22.7%) | 상위 4명 성공 67.1% · 사망 0.61 · 나머지 25.0% · 사망 7.43 | 현금/일 101 | 자본 436
after/traj/expert/survival run1 n=200 | 성공 45.2% / 40.2% / 45.6% / 36.8% | D30 21.0% 클리어|도달 14.3% 클리어 3.0% | 좀비 12.0% | 사망/런 7.96 | 장식 0.0
  └ 종료 사망한도 78.0% 마왕실패 18.0% 클리어 3.0% 파산 1.0% | 끝난 날 중앙 19 | D10까지 사망 3.28 | 부상 출발/런 20.8 (사망 22.4%) | 상위 4명 성공 66.5% · 사망 0.63 · 나머지 24.9% · 사망 7.33 | 현금/일 101 | 자본 443
after/traj/expert/survival run5 n=200 | 성공 48.4% / 46.0% / 49.0% / 40.5% | D30 48.5% 클리어|도달 34.0% 클리어 16.5% | 좀비 16.0% | 사망/런 8.64 | 장식 2.1
  └ 종료 사망한도 47.5% 마왕실패 32.0% 클리어 16.5% 파산 4.0% | 끝난 날 중앙 29 | D10까지 사망 3.33 | 부상 출발/런 21.4 (사망 22.0%) | 상위 4명 성공 69.7% · 사망 0.54 · 나머지 27.3% · 사망 8.11 | 현금/일 108 | 자본 637
after/traj/expert/survival run10 n=200 | 성공 57.8% / 49.7% / 48.1% / 39.2% | D30 79.5% 클리어|도달 19.5% 클리어 15.5% | 좀비 27.0% | 사망/런 8.81 | 장식 3.8
  └ 종료 마왕실패 64.0% 사망한도 18.5% 클리어 15.5% 파산 2.0% | 끝난 날 중앙 30 | D10까지 사망 2.37 | 부상 출발/런 19.2 (사망 21.5%) | 상위 4명 성공 69.6% · 사망 0.40 · 나머지 33.8% · 사망 8.41 | 현금/일 129 | 자본 843
after/fresh/expert/none n=1000 | 성공 45.9% / 41.2% / 44.6% / 38.1% | D30 18.6% 클리어|도달 33.3% 클리어 6.2% | 좀비 12.9% | 사망/런 8.05 | 장식 0.0
  └ 종료 사망한도 80.2% 마왕실패 12.4% 클리어 6.2% 파산 1.2% | 끝난 날 중앙 18 | D10까지 사망 3.49 | 부상 출발/런 20.6 (사망 22.8%) | 상위 4명 성공 67.3% · 사망 0.57 · 나머지 24.6% · 사망 7.49 | 현금/일 105 | 자본 442
