
balance measure · 373s · traj 200x10 · fresh 1000
after/traj/reader/none run1 n=200 | 성공 45.0% / 38.9% / 42.9% / 35.1% | D30 17.0% 클리어|도달 20.6% 클리어 3.5% | 좀비 15.5% | 사망/런 8.18 | 장식 0.0
  └ 종료 사망한도 82.0% 마왕실패 13.5% 클리어 3.5% 파산 1.0% | 끝난 날 중앙 19 | D10까지 사망 3.31 | 부상 출발/런 22.0 (사망 22.0%) | 상위 4명 성공 66.1% · 사망 0.61 · 나머지 23.0% · 사망 7.56 | 현금/일 98 | 자본 444
after/traj/reader/none run5 n=200 | 성공 46.2% / 40.1% / 44.7% / 38.3% | D30 14.0% 클리어|도달 39.3% 클리어 5.5% | 좀비 11.5% | 사망/런 7.66 | 장식 0.0
  └ 종료 사망한도 83.5% 마왕실패 8.5% 클리어 5.5% 파산 2.5% | 끝난 날 중앙 17 | D10까지 사망 3.69 | 부상 출발/런 19.3 (사망 22.0%) | 상위 4명 성공 66.8% · 사망 0.56 · 나머지 24.7% · 사망 7.09 | 현금/일 74 | 자본 386
after/traj/reader/none run10 n=200 | 성공 46.2% / 42.2% / 45.1% / 38.4% | D30 15.0% 클리어|도달 36.7% 클리어 5.5% | 좀비 11.0% | 사망/런 7.91 | 장식 0.0
  └ 종료 사망한도 84.5% 마왕실패 9.5% 클리어 5.5% 파산 0.5% | 끝난 날 중앙 17 | D10까지 사망 3.71 | 부상 출발/런 19.0 (사망 24.3%) | 상위 4명 성공 67.6% · 사망 0.69 · 나머지 25.0% · 사망 7.22 | 현금/일 78 | 자본 392
after/traj/reader/economy run1 n=200 | 성공 45.0% / 38.9% / 42.9% / 35.1% | D30 17.0% 클리어|도달 20.6% 클리어 3.5% | 좀비 15.5% | 사망/런 8.18 | 장식 0.0
  └ 종료 사망한도 82.0% 마왕실패 13.5% 클리어 3.5% 파산 1.0% | 끝난 날 중앙 19 | D10까지 사망 3.31 | 부상 출발/런 22.0 (사망 22.0%) | 상위 4명 성공 66.1% · 사망 0.61 · 나머지 23.0% · 사망 7.56 | 현금/일 98 | 자본 444
after/traj/reader/economy run5 n=200 | 성공 48.7% / 46.5% / 48.3% / 40.9% | D30 23.0% 클리어|도달 45.7% 클리어 10.5% | 좀비 11.0% | 사망/런 7.98 | 장식 1.9
  └ 종료 사망한도 76.5% 마왕실패 12.5% 클리어 10.5% 파산 0.5% | 끝난 날 중앙 19 | D10까지 사망 3.60 | 부상 출발/런 21.5 (사망 20.0%) | 상위 4명 성공 68.5% · 사망 0.60 · 나머지 29.1% · 사망 7.38 | 현금/일 194 | 자본 543
after/traj/reader/economy run10 n=200 | 성공 50.8% / 47.2% / 50.5% / 43.4% | D30 29.5% 클리어|도달 49.2% 클리어 14.5% | 좀비 10.0% | 사망/런 7.92 | 장식 3.7
  └ 종료 사망한도 70.5% 마왕실패 15.0% 클리어 14.5% | 끝난 날 중앙 20 | D10까지 사망 3.35 | 부상 출발/런 23.1 (사망 19.3%) | 상위 4명 성공 69.9% · 사망 0.54 · 나머지 31.1% · 사망 7.38 | 현금/일 262 | 자본 638
after/traj/reader/survival run1 n=200 | 성공 45.0% / 38.9% / 42.9% / 35.1% | D30 17.0% 클리어|도달 20.6% 클리어 3.5% | 좀비 15.5% | 사망/런 8.18 | 장식 0.0
  └ 종료 사망한도 82.0% 마왕실패 13.5% 클리어 3.5% 파산 1.0% | 끝난 날 중앙 19 | D10까지 사망 3.31 | 부상 출발/런 22.0 (사망 22.0%) | 상위 4명 성공 66.1% · 사망 0.61 · 나머지 23.0% · 사망 7.56 | 현금/일 98 | 자본 444
after/traj/reader/survival run5 n=200 | 성공 48.4% / 47.1% / 48.1% / 38.7% | D30 53.5% 클리어|도달 34.6% 클리어 18.5% | 좀비 20.0% | 사망/런 8.87 | 장식 2.1
  └ 종료 사망한도 43.0% 마왕실패 35.0% 클리어 18.5% 파산 3.5% | 끝난 날 중앙 30 | D10까지 사망 3.42 | 부상 출발/런 22.8 (사망 21.6%) | 상위 4명 성공 69.0% · 사망 0.53 · 나머지 27.7% · 사망 8.35 | 현금/일 98 | 자본 656
after/traj/reader/survival run10 n=200 | 성공 58.8% / 49.7% / 48.1% / 39.1% | D30 80.0% 클리어|도달 23.1% 클리어 18.5% | 좀비 29.0% | 사망/런 8.53 | 장식 3.8
  └ 종료 마왕실패 61.5% 클리어 18.5% 사망한도 15.0% 파산 5.0% | 끝난 날 중앙 30 | D10까지 사망 2.18 | 부상 출발/런 18.9 (사망 20.4%) | 상위 4명 성공 69.6% · 사망 0.33 · 나머지 34.7% · 사망 8.21 | 현금/일 125 | 자본 839
after/traj/expert/none run1 n=200 | 성공 45.2% / 40.2% / 45.6% / 36.8% | D30 21.0% 클리어|도달 26.2% 클리어 5.5% | 좀비 12.0% | 사망/런 7.96 | 장식 0.0
  └ 종료 사망한도 78.0% 마왕실패 15.5% 클리어 5.5% 파산 1.0% | 끝난 날 중앙 19 | D10까지 사망 3.28 | 부상 출발/런 20.8 (사망 22.4%) | 상위 4명 성공 66.5% · 사망 0.63 · 나머지 24.9% · 사망 7.33 | 현금/일 101 | 자본 443
after/traj/expert/none run5 n=200 | 성공 45.6% / 42.6% / 46.0% / 38.1% | D30 12.0% 클리어|도달 45.8% 클리어 5.5% | 좀비 8.0% | 사망/런 7.62 | 장식 0.0
  └ 종료 사망한도 86.5% 마왕실패 6.5% 클리어 5.5% 파산 1.5% | 끝난 날 중앙 16 | D10까지 사망 3.81 | 부상 출발/런 17.9 (사망 24.7%) | 상위 4명 성공 68.6% · 사망 0.63 · 나머지 24.4% · 사망 6.99 | 현금/일 80 | 자본 364
after/traj/expert/none run10 n=200 | 성공 46.5% / 41.6% / 44.1% / 39.1% | D30 12.0% 클리어|도달 41.7% 클리어 5.0% | 좀비 7.5% | 사망/런 7.75 | 장식 0.0
  └ 종료 사망한도 87.0% 마왕실패 7.0% 클리어 5.0% 파산 1.0% | 끝난 날 중앙 17 | D10까지 사망 3.65 | 부상 출발/런 18.3 (사망 24.3%) | 상위 4명 성공 67.8% · 사망 0.55 · 나머지 24.9% · 사망 7.20 | 현금/일 82 | 자본 372
after/traj/expert/economy run1 n=200 | 성공 45.2% / 40.2% / 45.6% / 36.8% | D30 21.0% 클리어|도달 26.2% 클리어 5.5% | 좀비 12.0% | 사망/런 7.96 | 장식 0.0
  └ 종료 사망한도 78.0% 마왕실패 15.5% 클리어 5.5% 파산 1.0% | 끝난 날 중앙 19 | D10까지 사망 3.28 | 부상 출발/런 20.8 (사망 22.4%) | 상위 4명 성공 66.5% · 사망 0.63 · 나머지 24.9% · 사망 7.33 | 현금/일 101 | 자본 443
after/traj/expert/economy run5 n=200 | 성공 48.7% / 48.0% / 47.9% / 40.8% | D30 28.5% 클리어|도달 52.6% 클리어 15.0% | 좀비 11.5% | 사망/런 7.71 | 장식 1.9
  └ 종료 사망한도 70.5% 클리어 15.0% 마왕실패 13.5% 파산 1.0% | 끝난 날 중앙 18 | D10까지 사망 3.68 | 부상 출발/런 21.5 (사망 20.7%) | 상위 4명 성공 68.6% · 사망 0.48 · 나머지 29.0% · 사망 7.22 | 현금/일 199 | 자본 545
after/traj/expert/economy run10 n=200 | 성공 51.2% / 48.9% / 50.6% / 44.0% | D30 32.0% 클리어|도달 48.4% 클리어 15.5% | 좀비 8.5% | 사망/런 8.06 | 장식 3.7
  └ 종료 사망한도 68.0% 마왕실패 16.5% 클리어 15.5% | 끝난 날 중앙 24 | D10까지 사망 3.48 | 부상 출발/런 22.6 (사망 19.6%) | 상위 4명 성공 71.1% · 사망 0.53 · 나머지 30.9% · 사망 7.54 | 현금/일 273 | 자본 652
after/fresh/reader/none n=1000 | 성공 46.0% / 41.1% / 44.7% / 37.2% | D30 17.6% 클리어|도달 33.0% 클리어 5.8% | 좀비 14.3% | 사망/런 8.04 | 장식 0.0
  └ 종료 사망한도 81.4% 마왕실패 11.8% 클리어 5.8% 파산 1.0% | 끝난 날 중앙 18 | D10까지 사망 3.49 | 부상 출발/런 20.5 (사망 22.7%) | 상위 4명 성공 67.1% · 사망 0.61 · 나머지 25.0% · 사망 7.43 | 현금/일 101 | 자본 436
after/traj/expert/survival run1 n=200 | 성공 45.2% / 40.2% / 45.6% / 36.8% | D30 21.0% 클리어|도달 26.2% 클리어 5.5% | 좀비 12.0% | 사망/런 7.96 | 장식 0.0
  └ 종료 사망한도 78.0% 마왕실패 15.5% 클리어 5.5% 파산 1.0% | 끝난 날 중앙 19 | D10까지 사망 3.28 | 부상 출발/런 20.8 (사망 22.4%) | 상위 4명 성공 66.5% · 사망 0.63 · 나머지 24.9% · 사망 7.33 | 현금/일 101 | 자본 443
after/traj/expert/survival run5 n=200 | 성공 48.5% / 46.2% / 49.1% / 40.5% | D30 47.5% 클리어|도달 45.3% 클리어 21.5% | 좀비 17.0% | 사망/런 8.62 | 장식 2.1
  └ 종료 사망한도 49.0% 마왕실패 26.0% 클리어 21.5% 파산 3.5% | 끝난 날 중앙 29 | D10까지 사망 3.38 | 부상 출발/런 21.2 (사망 22.1%) | 상위 4명 성공 69.8% · 사망 0.53 · 나머지 27.5% · 사망 8.09 | 현금/일 108 | 자본 629
after/traj/expert/survival run10 n=200 | 성공 58.2% / 50.3% / 47.0% / 39.3% | D30 79.0% 클리어|도달 29.7% 클리어 23.5% | 좀비 30.0% | 사망/런 8.82 | 장식 3.9
  └ 종료 마왕실패 55.5% 클리어 23.5% 사망한도 18.5% 파산 2.5% | 끝난 날 중앙 30 | D10까지 사망 2.25 | 부상 출발/런 19.4 (사망 21.4%) | 상위 4명 성공 69.2% · 사망 0.41 · 나머지 34.2% · 사망 8.41 | 현금/일 131 | 자본 849
after/fresh/expert/none n=1000 | 성공 45.9% / 41.2% / 44.6% / 38.1% | D30 18.6% 클리어|도달 38.7% 클리어 7.2% | 좀비 12.9% | 사망/런 8.05 | 장식 0.0
  └ 종료 사망한도 80.2% 마왕실패 11.4% 클리어 7.2% 파산 1.2% | 끝난 날 중앙 18 | D10까지 사망 3.49 | 부상 출발/런 20.6 (사망 22.8%) | 상위 4명 성공 67.3% · 사망 0.57 · 나머지 24.6% · 사망 7.49 | 현금/일 105 | 자본 442
