
balance measure · 397s · traj 200x10 · fresh 1000
after/traj/reader/none run1 n=200 | 성공 45.0% / 38.9% / 42.9% / 35.1% | D30 17.0% 클리어|도달 2.9% 클리어 0.5% | 좀비 15.5% | 사망/런 8.18 | 장식 0.0
  └ 종료 사망한도 82.0% 마왕실패 16.5% 파산 1.0% 클리어 0.5% | 끝난 날 중앙 19 | D10까지 사망 3.31 | 부상 출발/런 22.0 (사망 22.0%) | 상위 4명 성공 66.1% · 사망 0.61 · 나머지 23.0% · 사망 7.56 | 현금/일 98 | 자본 444
after/traj/reader/none run5 n=200 | 성공 46.1% / 40.0% / 45.4% / 38.3% | D30 12.5% 클리어|도달 32.0% 클리어 4.0% | 좀비 10.5% | 사망/런 7.60 | 장식 0.0
  └ 종료 사망한도 84.5% 마왕실패 8.5% 클리어 4.0% 파산 3.0% | 끝난 날 중앙 17 | D10까지 사망 3.69 | 부상 출발/런 19.0 (사망 22.4%) | 상위 4명 성공 67.1% · 사망 0.55 · 나머지 24.5% · 사망 7.05 | 현금/일 74 | 자본 375
after/traj/reader/none run10 n=200 | 성공 46.0% / 41.9% / 44.8% / 37.9% | D30 13.0% 클리어|도달 7.7% 클리어 1.0% | 좀비 11.5% | 사망/런 7.91 | 장식 0.0
  └ 종료 사망한도 86.5% 마왕실패 12.0% 클리어 1.0% 파산 0.5% | 끝난 날 중앙 17 | D10까지 사망 3.71 | 부상 출발/런 18.9 (사망 24.7%) | 상위 4명 성공 67.7% · 사망 0.66 · 나머지 24.2% · 사망 7.25 | 현금/일 77 | 자본 386
after/traj/reader/economy run1 n=200 | 성공 45.0% / 38.9% / 42.9% / 35.1% | D30 17.0% 클리어|도달 2.9% 클리어 0.5% | 좀비 15.5% | 사망/런 8.18 | 장식 0.0
  └ 종료 사망한도 82.0% 마왕실패 16.5% 파산 1.0% 클리어 0.5% | 끝난 날 중앙 19 | D10까지 사망 3.31 | 부상 출발/런 22.0 (사망 22.0%) | 상위 4명 성공 66.1% · 사망 0.61 · 나머지 23.0% · 사망 7.56 | 현금/일 98 | 자본 444
after/traj/reader/economy run5 n=200 | 성공 48.7% / 46.5% / 48.9% / 40.9% | D30 23.0% 클리어|도달 21.7% 클리어 5.0% | 좀비 11.5% | 사망/런 8.07 | 장식 1.9
  └ 종료 사망한도 76.5% 마왕실패 18.0% 클리어 5.0% 파산 0.5% | 끝난 날 중앙 19 | D10까지 사망 3.58 | 부상 출발/런 21.7 (사망 20.1%) | 상위 4명 성공 68.6% · 사망 0.58 · 나머지 29.2% · 사망 7.49 | 현금/일 196 | 자본 549
after/traj/reader/economy run10 n=200 | 성공 50.9% / 47.7% / 51.2% / 43.3% | D30 29.5% 클리어|도달 28.8% 클리어 8.5% | 좀비 9.5% | 사망/런 7.99 | 장식 3.7
  └ 종료 사망한도 70.5% 마왕실패 21.0% 클리어 8.5% | 끝난 날 중앙 24 | D10까지 사망 3.35 | 부상 출발/런 23.5 (사망 19.5%) | 상위 4명 성공 70.1% · 사망 0.51 · 나머지 31.6% · 사망 7.48 | 현금/일 264 | 자본 661
after/traj/expert/none run1 n=200 | 성공 45.2% / 40.2% / 45.6% / 36.8% | D30 21.0% 클리어|도달 7.1% 클리어 1.5% | 좀비 12.0% | 사망/런 7.96 | 장식 0.0
  └ 종료 사망한도 78.0% 마왕실패 19.5% 클리어 1.5% 파산 1.0% | 끝난 날 중앙 19 | D10까지 사망 3.28 | 부상 출발/런 20.8 (사망 22.4%) | 상위 4명 성공 66.5% · 사망 0.63 · 나머지 24.9% · 사망 7.33 | 현금/일 101 | 자본 443
after/traj/expert/none run5 n=200 | 성공 45.5% / 42.3% / 46.7% / 37.5% | D30 14.5% 클리어|도달 17.2% 클리어 2.5% | 좀비 8.5% | 사망/런 7.57 | 장식 0.0
  └ 종료 사망한도 84.0% 마왕실패 12.0% 클리어 2.5% 파산 1.5% | 끝난 날 중앙 16 | D10까지 사망 3.81 | 부상 출발/런 18.3 (사망 24.3%) | 상위 4명 성공 67.8% · 사망 0.66 · 나머지 24.5% · 사망 6.92 | 현금/일 82 | 자본 377
after/traj/expert/none run10 n=200 | 성공 46.4% / 41.8% / 43.9% / 39.7% | D30 15.5% 클리어|도달 25.8% 클리어 4.0% | 좀비 8.0% | 사망/런 7.79 | 장식 0.0
  └ 종료 사망한도 84.0% 마왕실패 11.5% 클리어 4.0% 파산 0.5% | 끝난 날 중앙 17 | D10까지 사망 3.62 | 부상 출발/런 18.9 (사망 23.7%) | 상위 4명 성공 67.6% · 사망 0.60 · 나머지 24.8% · 사망 7.19 | 현금/일 82 | 자본 394
after/traj/expert/economy run1 n=200 | 성공 45.2% / 40.2% / 45.6% / 36.8% | D30 21.0% 클리어|도달 7.1% 클리어 1.5% | 좀비 12.0% | 사망/런 7.96 | 장식 0.0
  └ 종료 사망한도 78.0% 마왕실패 19.5% 클리어 1.5% 파산 1.0% | 끝난 날 중앙 19 | D10까지 사망 3.28 | 부상 출발/런 20.8 (사망 22.4%) | 상위 4명 성공 66.5% · 사망 0.63 · 나머지 24.9% · 사망 7.33 | 현금/일 101 | 자본 443
after/traj/expert/economy run5 n=200 | 성공 48.5% / 48.5% / 48.1% / 40.7% | D30 28.0% 클리어|도달 32.1% 클리어 9.0% | 좀비 12.5% | 사망/런 7.71 | 장식 1.9
  └ 종료 사망한도 71.0% 마왕실패 19.0% 클리어 9.0% 파산 1.0% | 끝난 날 중앙 18 | D10까지 사망 3.68 | 부상 출발/런 21.5 (사망 20.8%) | 상위 4명 성공 68.7% · 사망 0.47 · 나머지 29.1% · 사망 7.24 | 현금/일 200 | 자본 548
after/traj/expert/economy run10 n=200 | 성공 51.1% / 48.7% / 50.5% / 44.2% | D30 32.0% 클리어|도달 35.9% 클리어 11.5% | 좀비 9.5% | 사망/런 8.20 | 장식 3.7
  └ 종료 사망한도 68.0% 마왕실패 20.5% 클리어 11.5% | 끝난 날 중앙 25 | D10까지 사망 3.37 | 부상 출발/런 23.0 (사망 19.7%) | 상위 4명 성공 71.2% · 사망 0.51 · 나머지 31.3% · 사망 7.69 | 현금/일 277 | 자본 672
after/traj/reader/survival run1 n=200 | 성공 45.0% / 38.9% / 42.9% / 35.1% | D30 17.0% 클리어|도달 2.9% 클리어 0.5% | 좀비 15.5% | 사망/런 8.18 | 장식 0.0
  └ 종료 사망한도 82.0% 마왕실패 16.5% 파산 1.0% 클리어 0.5% | 끝난 날 중앙 19 | D10까지 사망 3.31 | 부상 출발/런 22.0 (사망 22.0%) | 상위 4명 성공 66.1% · 사망 0.61 · 나머지 23.0% · 사망 7.56 | 현금/일 98 | 자본 444
after/traj/reader/survival run5 n=200 | 성공 48.2% / 46.5% / 48.0% / 38.5% | D30 53.5% 클리어|도달 15.9% 클리어 8.5% | 좀비 22.0% | 사망/런 8.85 | 장식 2.1
  └ 종료 마왕실패 45.0% 사망한도 42.5% 클리어 8.5% 파산 4.0% | 끝난 날 중앙 30 | D10까지 사망 3.42 | 부상 출발/런 22.9 (사망 21.6%) | 상위 4명 성공 68.7% · 사망 0.53 · 나머지 27.7% · 사망 8.32 | 현금/일 96 | 자본 653
after/traj/reader/survival run10 n=200 | 성공 57.8% / 50.2% / 47.3% / 38.7% | D30 83.5% 클리어|도달 7.8% 클리어 6.5% | 좀비 28.5% | 사망/런 8.56 | 장식 3.8
  └ 종료 마왕실패 77.0% 사망한도 12.5% 클리어 6.5% 파산 4.0% | 끝난 날 중앙 30 | D10까지 사망 2.23 | 부상 출발/런 18.6 (사망 20.6%) | 상위 4명 성공 68.8% · 사망 0.32 · 나머지 34.4% · 사망 8.24 | 현금/일 124 | 자본 828
after/fresh/reader/none n=1000 | 성공 46.0% / 41.1% / 44.7% / 37.2% | D30 17.6% 클리어|도달 21.0% 클리어 3.7% | 좀비 14.3% | 사망/런 8.04 | 장식 0.0
  └ 종료 사망한도 81.4% 마왕실패 13.9% 클리어 3.7% 파산 1.0% | 끝난 날 중앙 18 | D10까지 사망 3.49 | 부상 출발/런 20.5 (사망 22.7%) | 상위 4명 성공 67.1% · 사망 0.61 · 나머지 25.0% · 사망 7.43 | 현금/일 101 | 자본 436
after/traj/expert/survival run1 n=200 | 성공 45.2% / 40.2% / 45.6% / 36.8% | D30 21.0% 클리어|도달 7.1% 클리어 1.5% | 좀비 12.0% | 사망/런 7.96 | 장식 0.0
  └ 종료 사망한도 78.0% 마왕실패 19.5% 클리어 1.5% 파산 1.0% | 끝난 날 중앙 19 | D10까지 사망 3.28 | 부상 출발/런 20.8 (사망 22.4%) | 상위 4명 성공 66.5% · 사망 0.63 · 나머지 24.9% · 사망 7.33 | 현금/일 101 | 자본 443
after/traj/expert/survival run5 n=200 | 성공 48.1% / 45.9% / 49.2% / 40.2% | D30 47.5% 클리어|도달 25.3% 클리어 12.0% | 좀비 16.0% | 사망/런 8.60 | 장식 2.1
  └ 종료 사망한도 48.0% 마왕실패 35.5% 클리어 12.0% 파산 4.5% | 끝난 날 중앙 29 | D10까지 사망 3.34 | 부상 출발/런 21.2 (사망 22.1%) | 상위 4명 성공 69.8% · 사망 0.51 · 나머지 27.1% · 사망 8.09 | 현금/일 106 | 자본 623
after/traj/expert/survival run10 n=200 | 성공 57.6% / 49.2% / 47.7% / 38.7% | D30 78.5% 클리어|도달 12.1% 클리어 9.5% | 좀비 27.0% | 사망/런 8.81 | 장식 3.8
  └ 종료 마왕실패 69.0% 사망한도 18.5% 클리어 9.5% 파산 3.0% | 끝난 날 중앙 30 | D10까지 사망 2.31 | 부상 출발/런 19.3 (사망 21.6%) | 상위 4명 성공 69.5% · 사망 0.42 · 나머지 33.0% · 사망 8.38 | 현금/일 126 | 자본 836
after/fresh/expert/none n=1000 | 성공 45.9% / 41.2% / 44.6% / 38.1% | D30 18.6% 클리어|도달 24.7% 클리어 4.6% | 좀비 12.9% | 사망/런 8.05 | 장식 0.0
  └ 종료 사망한도 80.2% 마왕실패 14.0% 클리어 4.6% 파산 1.2% | 끝난 날 중앙 18 | D10까지 사망 3.49 | 부상 출발/런 20.6 (사망 22.8%) | 상위 4명 성공 67.3% · 사망 0.57 · 나머지 24.6% · 사망 7.49 | 현금/일 105 | 자본 442
