
balance measure · 355s · traj 200x10 · fresh 1000
after/traj/reader/none run1 n=200 | 성공 44.8% / 39.3% / 43.4% / 34.8% | D30 16.0% 클리어|도달 9.4% 클리어 1.5% | 좀비 15.5% | 사망/런 8.26 | 장식 0.0
  └ 종료 사망한도 84.0% 마왕실패 14.5% 클리어 1.5% | 끝난 날 중앙 19 | D10까지 사망 3.40 | 부상 출발/런 21.7 (사망 22.8%) | 상위 4명 성공 65.4% · 사망 0.66 · 나머지 23.4% · 사망 7.60 | 현금/일 96 | 자본 439
after/traj/reader/none run5 n=200 | 성공 45.9% / 40.0% / 45.9% / 37.6% | D30 12.5% 클리어|도달 28.0% 클리어 3.5% | 좀비 12.5% | 사망/런 7.58 | 장식 0.0
  └ 종료 사망한도 84.5% 마왕실패 9.0% 클리어 3.5% 파산 3.0% | 끝난 날 중앙 16 | D10까지 사망 3.75 | 부상 출발/런 18.8 (사망 22.9%) | 상위 4명 성공 67.0% · 사망 0.61 · 나머지 24.4% · 사망 6.96 | 현금/일 76 | 자본 374
after/traj/reader/none run10 n=200 | 성공 45.7% / 41.0% / 43.2% / 38.2% | D30 13.5% 클리어|도달 22.2% 클리어 3.0% | 좀비 9.0% | 사망/런 7.75 | 장식 0.0
  └ 종료 사망한도 86.0% 마왕실패 10.5% 클리어 3.0% 파산 0.5% | 끝난 날 중앙 17 | D10까지 사망 3.77 | 부상 출발/런 18.4 (사망 24.6%) | 상위 4명 성공 66.9% · 사망 0.63 · 나머지 24.6% · 사망 7.12 | 현금/일 75 | 자본 349
after/traj/reader/economy run1 n=200 | 성공 44.8% / 39.3% / 43.4% / 34.8% | D30 16.0% 클리어|도달 9.4% 클리어 1.5% | 좀비 15.5% | 사망/런 8.26 | 장식 0.0
  └ 종료 사망한도 84.0% 마왕실패 14.5% 클리어 1.5% | 끝난 날 중앙 19 | D10까지 사망 3.40 | 부상 출발/런 21.7 (사망 22.8%) | 상위 4명 성공 65.4% · 사망 0.66 · 나머지 23.4% · 사망 7.60 | 현금/일 96 | 자본 439
after/traj/reader/economy run5 n=200 | 성공 48.8% / 46.1% / 49.2% / 40.5% | D30 24.5% 클리어|도달 30.6% 클리어 7.5% | 좀비 11.0% | 사망/런 8.05 | 장식 1.9
  └ 종료 사망한도 75.5% 마왕실패 17.0% 클리어 7.5% | 끝난 날 중앙 19 | D10까지 사망 3.67 | 부상 출발/런 21.2 (사망 20.3%) | 상위 4명 성공 68.9% · 사망 0.59 · 나머지 28.5% · 사망 7.46 | 현금/일 188 | 자본 543
after/traj/reader/economy run10 n=200 | 성공 50.6% / 47.3% / 51.0% / 43.3% | D30 32.0% 클리어|도달 43.8% 클리어 14.0% | 좀비 7.0% | 사망/런 7.95 | 장식 3.6
  └ 종료 사망한도 68.0% 마왕실패 18.0% 클리어 14.0% | 끝난 날 중앙 20 | D10까지 사망 3.46 | 부상 출발/런 22.8 (사망 19.8%) | 상위 4명 성공 69.5% · 사망 0.50 · 나머지 31.2% · 사망 7.45 | 현금/일 262 | 자본 641
after/traj/reader/survival run1 n=200 | 성공 44.8% / 39.3% / 43.4% / 34.8% | D30 16.0% 클리어|도달 9.4% 클리어 1.5% | 좀비 15.5% | 사망/런 8.26 | 장식 0.0
  └ 종료 사망한도 84.0% 마왕실패 14.5% 클리어 1.5% | 끝난 날 중앙 19 | D10까지 사망 3.40 | 부상 출발/런 21.7 (사망 22.8%) | 상위 4명 성공 65.4% · 사망 0.66 · 나머지 23.4% · 사망 7.60 | 현금/일 96 | 자본 439
after/traj/reader/survival run5 n=200 | 성공 47.9% / 45.4% / 46.1% / 37.3% | D30 48.5% 클리어|도달 26.8% 클리어 13.0% | 좀비 24.5% | 사망/런 9.02 | 장식 2.1
  └ 종료 사망한도 48.0% 마왕실패 35.5% 클리어 13.0% 파산 3.5% | 끝난 날 중앙 29 | D10까지 사망 3.55 | 부상 출발/런 22.6 (사망 22.0%) | 상위 4명 성공 68.4% · 사망 0.57 · 나머지 26.4% · 사망 8.45 | 현금/일 92 | 자본 622
after/traj/reader/survival run10 n=200 | 성공 57.4% / 48.9% / 47.8% / 38.9% | D30 81.0% 클리어|도달 17.9% 클리어 14.5% | 좀비 25.0% | 사망/런 8.53 | 장식 3.9
  └ 종료 마왕실패 66.5% 사망한도 17.5% 클리어 14.5% 파산 1.5% | 끝난 날 중앙 30 | D10까지 사망 2.29 | 부상 출발/런 18.6 (사망 20.4%) | 상위 4명 성공 69.3% · 사망 0.35 · 나머지 33.3% · 사망 8.18 | 현금/일 127 | 자본 826
after/traj/expert/economy run1 n=200 | 성공 45.0% / 39.8% / 44.5% / 35.3% | D30 17.5% 클리어|도달 8.6% 클리어 1.5% | 좀비 13.0% | 사망/런 7.91 | 장식 0.0
  └ 종료 사망한도 82.0% 마왕실패 16.0% 클리어 1.5% 파산 0.5% | 끝난 날 중앙 18 | D10까지 사망 3.34 | 부상 출발/런 20.3 (사망 23.1%) | 상위 4명 성공 65.8% · 사망 0.64 · 나머지 24.3% · 사망 7.27 | 현금/일 101 | 자본 416
after/traj/expert/economy run5 n=200 | 성공 48.4% / 46.5% / 48.7% / 42.4% | D30 23.0% 클리어|도달 43.5% 클리어 10.0% | 좀비 6.5% | 사망/런 7.46 | 장식 1.9
  └ 종료 사망한도 76.0% 마왕실패 13.0% 클리어 10.0% 파산 1.0% | 끝난 날 중앙 17 | D10까지 사망 3.81 | 부상 출발/런 19.8 (사망 21.2%) | 상위 4명 성공 69.2% · 사망 0.47 · 나머지 28.4% · 사망 7.00 | 현금/일 190 | 자본 480
after/traj/expert/economy run10 n=200 | 성공 51.1% / 47.9% / 50.9% / 42.8% | D30 32.5% 클리어|도달 36.9% 클리어 12.0% | 좀비 9.5% | 사망/런 8.13 | 장식 3.6
  └ 종료 사망한도 67.5% 마왕실패 20.5% 클리어 12.0% | 끝난 날 중앙 23 | D10까지 사망 3.46 | 부상 출발/런 22.3 (사망 20.2%) | 상위 4명 성공 71.7% · 사망 0.47 · 나머지 30.0% · 사망 7.66 | 현금/일 272 | 자본 641
after/traj/expert/none run1 n=200 | 성공 45.0% / 39.8% / 44.5% / 35.3% | D30 17.5% 클리어|도달 8.6% 클리어 1.5% | 좀비 13.0% | 사망/런 7.91 | 장식 0.0
  └ 종료 사망한도 82.0% 마왕실패 16.0% 클리어 1.5% 파산 0.5% | 끝난 날 중앙 18 | D10까지 사망 3.34 | 부상 출발/런 20.3 (사망 23.1%) | 상위 4명 성공 65.8% · 사망 0.64 · 나머지 24.3% · 사망 7.27 | 현금/일 101 | 자본 416
after/traj/expert/none run5 n=200 | 성공 45.4% / 42.4% / 46.2% / 36.6% | D30 12.0% 클리어|도달 29.2% 클리어 3.5% | 좀비 9.0% | 사망/런 7.62 | 장식 0.0
  └ 종료 사망한도 86.5% 마왕실패 8.5% 클리어 3.5% 파산 1.5% | 끝난 날 중앙 16 | D10까지 사망 3.81 | 부상 출발/런 18.1 (사망 24.8%) | 상위 4명 성공 67.9% · 사망 0.58 · 나머지 24.0% · 사망 7.04 | 현금/일 81 | 자본 363
after/traj/expert/none run10 n=200 | 성공 46.0% / 41.8% / 42.0% / 36.9% | D30 16.0% 클리어|도달 15.6% 클리어 2.5% | 좀비 11.0% | 사망/런 7.88 | 장식 0.0
  └ 종료 사망한도 83.0% 마왕실패 13.5% 클리어 2.5% 파산 1.0% | 끝난 날 중앙 17 | D10까지 사망 3.65 | 부상 출발/런 19.1 (사망 23.7%) | 상위 4명 성공 66.5% · 사망 0.58 · 나머지 24.4% · 사망 7.29 | 현금/일 79 | 자본 385
after/traj/expert/survival run1 n=200 | 성공 45.0% / 39.8% / 44.5% / 35.3% | D30 17.5% 클리어|도달 8.6% 클리어 1.5% | 좀비 13.0% | 사망/런 7.91 | 장식 0.0
  └ 종료 사망한도 82.0% 마왕실패 16.0% 클리어 1.5% 파산 0.5% | 끝난 날 중앙 18 | D10까지 사망 3.34 | 부상 출발/런 20.3 (사망 23.1%) | 상위 4명 성공 65.8% · 사망 0.64 · 나머지 24.3% · 사망 7.27 | 현금/일 101 | 자본 416
after/traj/expert/survival run5 n=200 | 성공 47.9% / 45.8% / 48.3% / 40.8% | D30 42.0% 클리어|도달 33.3% 클리어 14.0% | 좀비 17.5% | 사망/런 8.76 | 장식 2.1
  └ 종료 사망한도 54.0% 마왕실패 28.0% 클리어 14.0% 파산 4.0% | 끝난 날 중앙 27 | D10까지 사망 3.46 | 부상 출발/런 20.9 (사망 23.3%) | 상위 4명 성공 69.2% · 사망 0.56 · 나머지 27.4% · 사망 8.20 | 현금/일 108 | 자본 598
after/traj/expert/survival run10 n=200 | 성공 57.4% / 48.7% / 47.7% / 39.3% | D30 79.0% 클리어|도달 22.8% 클리어 18.0% | 좀비 26.5% | 사망/런 8.77 | 장식 3.8
  └ 종료 마왕실패 61.0% 사망한도 18.0% 클리어 18.0% 파산 3.0% | 끝난 날 중앙 30 | D10까지 사망 2.45 | 부상 출발/런 18.9 (사망 21.3%) | 상위 4명 성공 69.2% · 사망 0.36 · 나머지 33.6% · 사망 8.40 | 현금/일 129 | 자본 822
after/fresh/reader/none n=1000 | 성공 45.6% / 40.6% / 44.0% / 36.4% | D30 15.9% 클리어|도달 25.2% 클리어 4.0% | 좀비 14.0% | 사망/런 7.95 | 장식 0.0
  └ 종료 사망한도 83.1% 마왕실패 11.9% 클리어 4.0% 파산 1.0% | 끝난 날 중앙 18 | D10까지 사망 3.51 | 부상 출발/런 20.3 (사망 22.5%) | 상위 4명 성공 66.5% · 사망 0.62 · 나머지 24.5% · 사망 7.33 | 현금/일 100 | 자본 422
after/fresh/expert/none n=1000 | 성공 45.6% / 40.4% / 44.3% / 37.0% | D30 17.2% 클리어|도달 30.2% 클리어 5.2% | 좀비 12.7% | 사망/런 7.98 | 장식 0.0
  └ 종료 사망한도 81.7% 마왕실패 12.0% 클리어 5.2% 파산 1.1% | 끝난 날 중앙 18 | D10까지 사망 3.52 | 부상 출발/런 20.3 (사망 22.8%) | 상위 4명 성공 66.8% · 사망 0.57 · 나머지 24.2% · 사망 7.41 | 현금/일 102 | 자본 426
