
balance measure · 342s · traj 200x10 · fresh 1000
after/traj/reader/none run1 n=200 | 성공 44.8% / 39.3% / 43.4% / 34.8% | D30 16.0% 클리어|도달 3.1% 클리어 0.5% | 좀비 15.5% | 사망/런 8.26 | 장식 0.0
  └ 종료 사망한도 84.0% 마왕실패 15.5% 클리어 0.5% | 끝난 날 중앙 19 | D10까지 사망 3.40 | 부상 출발/런 21.7 (사망 22.8%) | 상위 4명 성공 65.4% · 사망 0.66 · 나머지 23.4% · 사망 7.60 | 현금/일 96 | 자본 439
after/traj/reader/none run5 n=200 | 성공 45.8% / 39.8% / 45.9% / 37.3% | D30 12.5% 클리어|도달 24.0% 클리어 3.0% | 좀비 12.5% | 사망/런 7.54 | 장식 0.0
  └ 종료 사망한도 84.5% 마왕실패 9.5% 클리어 3.0% 파산 3.0% | 끝난 날 중앙 16 | D10까지 사망 3.77 | 부상 출발/런 18.7 (사망 23.1%) | 상위 4명 성공 67.0% · 사망 0.61 · 나머지 24.2% · 사망 6.92 | 현금/일 76 | 자본 370
after/traj/reader/none run10 n=200 | 성공 45.7% / 41.1% / 43.5% / 37.7% | D30 13.5% 클리어|도달 11.1% 클리어 1.5% | 좀비 10.0% | 사망/런 7.75 | 장식 0.0
  └ 종료 사망한도 85.5% 마왕실패 12.0% 클리어 1.5% 파산 1.0% | 끝난 날 중앙 17 | D10까지 사망 3.76 | 부상 출발/런 18.4 (사망 24.5%) | 상위 4명 성공 67.0% · 사망 0.63 · 나머지 24.3% · 사망 7.12 | 현금/일 76 | 자본 352
after/traj/reader/economy run1 n=200 | 성공 44.8% / 39.3% / 43.4% / 34.8% | D30 16.0% 클리어|도달 3.1% 클리어 0.5% | 좀비 15.5% | 사망/런 8.26 | 장식 0.0
  └ 종료 사망한도 84.0% 마왕실패 15.5% 클리어 0.5% | 끝난 날 중앙 19 | D10까지 사망 3.40 | 부상 출발/런 21.7 (사망 22.8%) | 상위 4명 성공 65.4% · 사망 0.66 · 나머지 23.4% · 사망 7.60 | 현금/일 96 | 자본 439
after/traj/reader/economy run5 n=200 | 성공 48.8% / 45.9% / 49.2% / 40.7% | D30 24.5% 클리어|도달 26.5% 클리어 6.5% | 좀비 11.0% | 사망/런 8.04 | 장식 1.9
  └ 종료 사망한도 75.5% 마왕실패 18.0% 클리어 6.5% | 끝난 날 중앙 19 | D10까지 사망 3.67 | 부상 출발/런 21.2 (사망 20.4%) | 상위 4명 성공 68.8% · 사망 0.59 · 나머지 28.5% · 사망 7.45 | 현금/일 187 | 자본 537
after/traj/reader/economy run10 n=200 | 성공 50.5% / 47.0% / 51.1% / 43.1% | D30 29.0% 클리어|도달 32.8% 클리어 9.5% | 좀비 7.5% | 사망/런 7.99 | 장식 3.7
  └ 종료 사망한도 71.0% 마왕실패 19.5% 클리어 9.5% | 끝난 날 중앙 20 | D10까지 사망 3.52 | 부상 출발/런 22.6 (사망 20.3%) | 상위 4명 성공 69.4% · 사망 0.49 · 나머지 31.0% · 사망 7.50 | 현금/일 260 | 자본 635
after/traj/reader/survival run1 n=200 | 성공 44.8% / 39.3% / 43.4% / 34.8% | D30 16.0% 클리어|도달 3.1% 클리어 0.5% | 좀비 15.5% | 사망/런 8.26 | 장식 0.0
  └ 종료 사망한도 84.0% 마왕실패 15.5% 클리어 0.5% | 끝난 날 중앙 19 | D10까지 사망 3.40 | 부상 출발/런 21.7 (사망 22.8%) | 상위 4명 성공 65.4% · 사망 0.66 · 나머지 23.4% · 사망 7.60 | 현금/일 96 | 자본 439
after/traj/reader/survival run5 n=200 | 성공 47.9% / 45.3% / 46.2% / 37.2% | D30 48.5% 클리어|도달 21.6% 클리어 10.5% | 좀비 24.5% | 사망/런 9.04 | 장식 2.1
  └ 종료 사망한도 48.0% 마왕실패 38.0% 클리어 10.5% 파산 3.5% | 끝난 날 중앙 29 | D10까지 사망 3.53 | 부상 출발/런 22.8 (사망 22.0%) | 상위 4명 성공 68.1% · 사망 0.57 · 나머지 26.6% · 사망 8.47 | 현금/일 93 | 자본 624
after/traj/reader/survival run10 n=200 | 성공 57.2% / 49.4% / 47.4% / 39.2% | D30 82.0% 클리어|도달 7.9% 클리어 6.5% | 좀비 24.5% | 사망/런 8.61 | 장식 3.9
  └ 종료 마왕실패 75.5% 사망한도 16.0% 클리어 6.5% 파산 2.0% | 끝난 날 중앙 30 | D10까지 사망 2.26 | 부상 출발/런 18.5 (사망 20.8%) | 상위 4명 성공 69.4% · 사망 0.34 · 나머지 33.4% · 사망 8.26 | 현금/일 123 | 자본 825
after/traj/expert/none run1 n=200 | 성공 45.0% / 39.8% / 44.5% / 35.3% | D30 17.5% 클리어|도달 8.6% 클리어 1.5% | 좀비 13.0% | 사망/런 7.91 | 장식 0.0
  └ 종료 사망한도 82.0% 마왕실패 16.0% 클리어 1.5% 파산 0.5% | 끝난 날 중앙 18 | D10까지 사망 3.34 | 부상 출발/런 20.3 (사망 23.1%) | 상위 4명 성공 65.8% · 사망 0.64 · 나머지 24.3% · 사망 7.27 | 현금/일 101 | 자본 416
after/traj/expert/none run5 n=200 | 성공 45.4% / 42.2% / 46.7% / 36.1% | D30 14.0% 클리어|도달 25.0% 클리어 3.5% | 좀비 10.0% | 사망/런 7.61 | 장식 0.0
  └ 종료 사망한도 84.5% 마왕실패 10.5% 클리어 3.5% 파산 1.5% | 끝난 날 중앙 16 | D10까지 사망 3.82 | 부상 출발/런 18.3 (사망 24.5%) | 상위 4명 성공 67.6% · 사망 0.60 · 나머지 24.0% · 사망 7.00 | 현금/일 82 | 자본 372
after/traj/expert/none run10 n=200 | 성공 46.1% / 41.4% / 41.7% / 36.1% | D30 16.5% 클리어|도달 15.2% 클리어 2.5% | 좀비 12.0% | 사망/런 7.92 | 장식 0.0
  └ 종료 사망한도 83.0% 마왕실패 14.0% 클리어 2.5% 파산 0.5% | 끝난 날 중앙 17 | D10까지 사망 3.67 | 부상 출발/런 19.3 (사망 23.6%) | 상위 4명 성공 66.3% · 사망 0.63 · 나머지 24.0% · 사망 7.29 | 현금/일 79 | 자본 390
after/traj/expert/economy run1 n=200 | 성공 45.0% / 39.8% / 44.5% / 35.3% | D30 17.5% 클리어|도달 8.6% 클리어 1.5% | 좀비 13.0% | 사망/런 7.91 | 장식 0.0
  └ 종료 사망한도 82.0% 마왕실패 16.0% 클리어 1.5% 파산 0.5% | 끝난 날 중앙 18 | D10까지 사망 3.34 | 부상 출발/런 20.3 (사망 23.1%) | 상위 4명 성공 65.8% · 사망 0.64 · 나머지 24.3% · 사망 7.27 | 현금/일 101 | 자본 416
after/traj/expert/economy run5 n=200 | 성공 48.3% / 46.7% / 48.6% / 42.5% | D30 24.0% 클리어|도달 37.5% 클리어 9.0% | 좀비 8.0% | 사망/런 7.57 | 장식 1.9
  └ 종료 사망한도 75.0% 마왕실패 15.0% 클리어 9.0% 파산 1.0% | 끝난 날 중앙 17 | D10까지 사망 3.77 | 부상 출발/런 20.3 (사망 21.1%) | 상위 4명 성공 69.4% · 사망 0.47 · 나머지 28.4% · 사망 7.09 | 현금/일 192 | 자본 497
after/traj/expert/economy run10 n=200 | 성공 51.3% / 47.7% / 50.8% / 43.0% | D30 35.0% 클리어|도달 21.4% 클리어 7.5% | 좀비 9.0% | 사망/런 8.15 | 장식 3.6
  └ 종료 사망한도 65.0% 마왕실패 27.5% 클리어 7.5% | 끝난 날 중앙 24 | D10까지 사망 3.38 | 부상 출발/런 22.9 (사망 19.7%) | 상위 4명 성공 71.5% · 사망 0.46 · 나머지 30.2% · 사망 7.69 | 현금/일 272 | 자본 658
after/fresh/reader/none n=1000 | 성공 45.6% / 40.6% / 44.0% / 36.4% | D30 15.9% 클리어|도달 17.6% 클리어 2.8% | 좀비 14.0% | 사망/런 7.95 | 장식 0.0
  └ 종료 사망한도 83.1% 마왕실패 13.1% 클리어 2.8% 파산 1.0% | 끝난 날 중앙 18 | D10까지 사망 3.51 | 부상 출발/런 20.3 (사망 22.5%) | 상위 4명 성공 66.5% · 사망 0.62 · 나머지 24.5% · 사망 7.33 | 현금/일 100 | 자본 422
after/traj/expert/survival run1 n=200 | 성공 45.0% / 39.8% / 44.5% / 35.3% | D30 17.5% 클리어|도달 8.6% 클리어 1.5% | 좀비 13.0% | 사망/런 7.91 | 장식 0.0
  └ 종료 사망한도 82.0% 마왕실패 16.0% 클리어 1.5% 파산 0.5% | 끝난 날 중앙 18 | D10까지 사망 3.34 | 부상 출발/런 20.3 (사망 23.1%) | 상위 4명 성공 65.8% · 사망 0.64 · 나머지 24.3% · 사망 7.27 | 현금/일 101 | 자본 416
after/traj/expert/survival run5 n=200 | 성공 47.9% / 45.5% / 48.3% / 40.7% | D30 41.5% 클리어|도달 25.3% 클리어 10.5% | 좀비 17.5% | 사망/런 8.71 | 장식 2.1
  └ 종료 사망한도 54.5% 마왕실패 31.0% 클리어 10.5% 파산 4.0% | 끝난 날 중앙 27 | D10까지 사망 3.48 | 부상 출발/런 20.8 (사망 23.4%) | 상위 4명 성공 69.3% · 사망 0.55 · 나머지 27.3% · 사망 8.15 | 현금/일 108 | 자본 592
after/traj/expert/survival run10 n=200 | 성공 57.4% / 48.4% / 47.4% / 38.9% | D30 77.5% 클리어|도달 13.5% 클리어 10.5% | 좀비 26.5% | 사망/런 8.81 | 장식 3.8
  └ 종료 마왕실패 67.0% 사망한도 19.0% 클리어 10.5% 파산 3.5% | 끝난 날 중앙 30 | D10까지 사망 2.42 | 부상 출발/런 19.1 (사망 21.5%) | 상위 4명 성공 69.4% · 사망 0.39 · 나머지 33.0% · 사망 8.43 | 현금/일 127 | 자본 817
after/fresh/expert/none n=1000 | 성공 45.6% / 40.4% / 44.3% / 37.0% | D30 17.2% 클리어|도달 19.8% 클리어 3.4% | 좀비 12.7% | 사망/런 7.98 | 장식 0.0
  └ 종료 사망한도 81.7% 마왕실패 13.8% 클리어 3.4% 파산 1.1% | 끝난 날 중앙 18 | D10까지 사망 3.52 | 부상 출발/런 20.3 (사망 22.8%) | 상위 4명 성공 66.8% · 사망 0.57 · 나머지 24.2% · 사망 7.41 | 현금/일 102 | 자본 426
