bulk            dgain -3±6  dreached -0.008±0.009  dwin 0.000±0.005  ddeaths -0.018±0.049  dregulars -0.023±0.055  dsales -0.677±1.211  dmargin 256±77  dfinalRatio -0.007±0.008  dexpWin -0.000±0.001  dtopLevel -0.064±0.061  dcashDay 13.398±1.004  dsqueeze -0.000±0.000  dminCash 39.266±3.215
stamp           dgain -3±11  dreached 0.010±0.017  dwin 0.006±0.010  ddeaths -0.114±0.083  dregulars 4.291±0.130  dsales -0.236±2.201  dmargin 96±143  dfinalRatio 0.011±0.015  dexpWin 0.004±0.002  dtopLevel 0.007±0.108  dcashDay 3.162±1.797  dsqueeze 0.000±0.000  dminCash 3.310±3.982
rotation        dgain 29±12  dreached 0.040±0.019  dwin 0.024±0.010  ddeaths -0.015±0.094  dregulars 0.033±0.103  dsales 6.216±2.572  dmargin 436±162  dfinalRatio 0.044±0.016  dexpWin 0.009±0.003  dtopLevel 0.364±0.127  dcashDay 4.858±2.059  dsqueeze 0.000±0.000  dminCash 4.205±5.087
member          dgain 17±12  dreached 0.025±0.019  dwin 0.024±0.011  ddeaths -0.025±0.095  dregulars 0.085±0.104  dsales 3.958±2.595  dmargin 319±165  dfinalRatio 0.028±0.016  dexpWin 0.010±0.003  dtopLevel 0.255±0.129  dcashDay 3.013±2.069  dsqueeze 0.001±0.000  dminCash -14.299±5.751
rareContract    dgain 4±12  dreached -0.030±0.017  dwin -0.009±0.009  ddeaths 0.026±0.093  dregulars 0.125±0.098  dsales -3.890±2.451  dmargin -103±156  dfinalRatio -0.022±0.014  dexpWin -0.001±0.003  dtopLevel -0.064±0.120  dcashDay 10.643±2.125  dsqueeze 0.000±0.000  dminCash -26.944±5.451
guarantee       dgain 29±12  dreached 0.004±0.018  dwin 0.010±0.010  ddeaths 0.048±0.090  dregulars -0.238±0.098  dsales 4.046±2.477  dmargin 679±162  dfinalRatio 0.005±0.015  dexpWin -0.000±0.003  dtopLevel 0.113±0.121  dcashDay 25.377±2.038  dsqueeze -0.000±0.000  dminCash 54.142±4.740
fieldRepair     dgain 6±8  dreached 0.008±0.015  dwin 0.001±0.009  ddeaths -0.033±0.064  dregulars -0.028±0.081  dsales 1.510±1.551  dmargin 83±105  dfinalRatio 0.010±0.012  dexpWin -0.000±0.002  dtopLevel 0.067±0.080  dcashDay 0.093±1.361  dsqueeze 0.000±0.000  dminCash -7.416±2.676
hazardBoard     dgain 43±13  dreached 0.037±0.018  dwin 0.020±0.010  ddeaths 0.160±0.098  dregulars 0.068±0.103  dsales 9.491±2.732  dmargin 663±175  dfinalRatio 0.041±0.015  dexpWin 0.001±0.003  dtopLevel 0.425±0.135  dcashDay 5.238±2.231  dsqueeze 0.000±0.000  dminCash -3.617±6.322
fridge          dgain -7±8  dreached -0.003±0.014  dwin -0.005±0.008  ddeaths -0.016±0.067  dregulars -0.053±0.075  dsales -1.078±1.733  dmargin -84±111  dfinalRatio -0.001±0.012  dexpWin -0.002±0.002  dtopLevel -0.086±0.086  dcashDay 0.817±1.437  dsqueeze 0.000±0.000  dminCash 7.200±3.431
firstVisitCoupon dgain 29±13  dreached 0.005±0.018  dwin 0.007±0.010  ddeaths 0.127±0.100  dregulars -0.083±0.106  dsales 6.859±2.739  dmargin 576±172  dfinalRatio 0.007±0.015  dexpWin 0.004±0.004  dtopLevel 0.241±0.134  dcashDay 17.327±2.158  dsqueeze -0.000±0.000  dminCash 85.215±6.008
board           dgain 13±12  dreached -0.022±0.016  dwin 0.021±0.010  ddeaths -0.086±0.094  dregulars 0.155±0.101  dsales 4.189±2.529  dmargin 298±160  dfinalRatio 0.005±0.014  dexpWin 0.017±0.003  dtopLevel 0.200±0.124  dcashDay 20.577±2.295  dsqueeze 0.000±0.000  dminCash 37.505±5.836
kitchen         dgain 132±12  dreached 0.159±0.019  dwin 0.055±0.011  ddeaths 0.387±0.090  dregulars 0.516±0.105  dsales 27.572±2.491  dmargin 1887±160  dfinalRatio 0.136±0.016  dexpWin 0.035±0.003  dtopLevel 1.407±0.123  dcashDay 22.670±2.062  dsqueeze 0.000±0.000  dminCash 26.335±5.095
groupOrder      dgain 13±13  dreached -0.009±0.018  dwin 0.007±0.010  ddeaths -0.057±0.095  dregulars 0.161±0.110  dsales 5.508±2.806  dmargin 308±178  dfinalRatio -0.000±0.015  dexpWin 0.012±0.004  dtopLevel 0.213±0.136  dcashDay 82.401±2.610  dsqueeze -0.000±0.000  dminCash 176.657±6.515
premiumMember   dgain 9±4  dreached 0.004±0.010  dwin 0.020±0.007  ddeaths 0.044±0.036  dregulars 0.114±0.049  dsales 1.325±0.720  dmargin 184±51  dfinalRatio 0.008±0.009  dexpWin 0.002±0.001  dtopLevel 0.054±0.039  dcashDay 4.797±0.680  dsqueeze 0.000±0.000  dminCash 0.454±1.188
memberBundle    dgain 1±4  dreached -0.014±0.010  dwin -0.001±0.006  ddeaths -0.025±0.037  dregulars 0.046±0.046  dsales 0.014±0.738  dmargin 93±54  dfinalRatio -0.013±0.009  dexpWin 0.001±0.001  dtopLevel -0.035±0.039  dcashDay 5.248±0.830  dsqueeze 0.000±0.000  dminCash 1.213±0.584
returnPoints    dgain 74±12  dreached 0.050±0.018  dwin 0.028±0.011  ddeaths -0.003±0.097  dregulars 5.033±0.132  dsales 12.423±2.578  dmargin 1520±171  dfinalRatio 0.050±0.016  dexpWin 0.014±0.003  dtopLevel 0.438±0.125  dcashDay 53.086±2.139  dsqueeze -0.000±0.000  dminCash 63.127±4.330
supplyCert      dgain -4±9  dreached -0.003±0.016  dwin 0.006±0.009  ddeaths -0.126±0.071  dregulars -0.053±0.087  dsales 0.137±1.792  dmargin -13±116  dfinalRatio -0.007±0.014  dexpWin -0.002±0.002  dtopLevel -0.079±0.090  dcashDay 18.797±1.534  dsqueeze 0.000±0.000  dminCash 17.109±2.925
coldcase        dgain 32±12  dreached 0.033±0.018  dwin 0.019±0.010  ddeaths 0.010±0.094  dregulars 0.117±0.108  dsales 3.393±2.593  dmargin 567±168  dfinalRatio 0.036±0.015  dexpWin 0.007±0.003  dtopLevel 0.306±0.127  dcashDay 10.504±2.108  dsqueeze 0.000±0.000  dminCash 8.866±5.685
expeditionMeal  dgain 103±12  dreached 0.147±0.020  dwin 0.072±0.012  ddeaths 0.131±0.096  dregulars 0.516±0.104  dsales 22.896±2.583  dmargin 1437±166  dfinalRatio 0.143±0.017  dexpWin -0.001±0.003  dtopLevel 1.063±0.129  dcashDay 5.340±2.189  dsqueeze 0.001±0.000  dminCash -27.528±6.145
dawnRecovery    dgain 58±13  dreached 0.090±0.019  dwin 0.061±0.012  ddeaths -0.052±0.095  dregulars 0.116±0.105  dsales 10.156±2.742  dmargin 935±177  dfinalRatio 0.107±0.017  dexpWin 0.019±0.004  dtopLevel 0.637±0.135  dcashDay 17.498±2.300  dsqueeze -0.000±0.000  dminCash 30.214±6.599
logisticsHQ     dgain 3±6  dreached 0.004±0.009  dwin -0.001±0.005  ddeaths 0.000±0.049  dregulars -0.028±0.055  dsales 0.754±1.303  dmargin 2099±94  dfinalRatio -0.001±0.007  dexpWin 0.000±0.001  dtopLevel 0.016±0.064  dcashDay 104.550±1.270  dsqueeze -0.000±0.000  dminCash 111.085±4.771
lifetime        dgain 6±5  dreached 0.008±0.013  dwin 0.008±0.008  ddeaths -0.016±0.046  dregulars -0.014±0.064  dsales 1.118±0.932  dmargin 162±69  dfinalRatio 0.005±0.011  dexpWin 0.004±0.001  dtopLevel 0.074±0.051  dcashDay 5.185±1.007  dsqueeze 0.000±0.000  dminCash -0.234±1.585
royalCert       dgain -8±8  dreached -0.023±0.014  dwin 0.005±0.009  ddeaths -0.012±0.069  dregulars -0.179±0.083  dsales -1.859±1.587  dmargin -50±102  dfinalRatio -0.015±0.012  dexpWin 0.000±0.002  dtopLevel -0.081±0.080  dcashDay 16.988±1.928  dsqueeze 0.001±0.000  dminCash -85.852±3.859
opsRoom         dgain 59±11  dreached 0.067±0.018  dwin 0.046±0.011  ddeaths 0.009±0.089  dregulars 0.128±0.099  dsales 11.859±2.348  dmargin 881±150  dfinalRatio 0.072±0.016  dexpWin 0.027±0.003  dtopLevel 0.736±0.117  dcashDay 14.621±1.941  dsqueeze 0.000±0.000  dminCash 9.103±5.409
warehouse       dgain -0±0  dreached 0.000±0.000  dwin 0.000±0.000  ddeaths -0.001±0.003  dregulars 0.002±0.005  dsales -0.010±0.039  dmargin -3±2  dfinalRatio -0.001±0.000  dexpWin -0.000±0.000  dtopLevel 0.000±0.004  dcashDay -0.109±0.072  dsqueeze 0.000±0.000  dminCash 0.230±0.230
hub             dgain 35±14  dreached -0.013±0.018  dwin 0.067±0.012  ddeaths -0.392±0.100  dregulars 0.745±0.123  dsales 12.568±3.119  dmargin 880±202  dfinalRatio 0.045±0.017  dexpWin 0.055±0.004  dtopLevel 0.740±0.154  dcashDay 38.020±2.903  dsqueeze -0.000±0.000  dminCash 39.430±7.226
fresh24         dgain 164±12  dreached 0.232±0.020  dwin 0.098±0.013  ddeaths -0.120±0.095  dregulars 0.442±0.105  dsales 32.955±2.604  dmargin 1291±163  dfinalRatio 0.228±0.018  dexpWin 0.075±0.004  dtopLevel 1.900±0.130  dcashDay -6.735±2.308  dsqueeze 0.004±0.001  dminCash -133.663±8.075
extraOrder      dgain 46±13  dreached 0.058±0.019  dwin 0.045±0.011  ddeaths 0.068±0.100  dregulars -0.051±0.107  dsales 11.901±2.794  dmargin 818±177  dfinalRatio 0.069±0.017  dexpWin 0.012±0.004  dtopLevel 0.501±0.135  dcashDay 14.118±2.330  dsqueeze -0.000±0.000  dminCash 31.734±6.544
rerollTicket    dgain -3±3  dreached -0.005±0.004  dwin 0.002±0.003  ddeaths -0.010±0.033  dregulars 0.003±0.034  dsales -0.444±0.722  dmargin -30±44  dfinalRatio -0.003±0.004  dexpWin -0.000±0.001  dtopLevel -0.040±0.035  dcashDay 0.484±0.577  dsqueeze 0.000±0.000  dminCash 5.840±2.155
efficiency      dgain 1±6  dreached -0.009±0.008  dwin -0.004±0.004  ddeaths 0.031±0.049  dregulars -0.003±0.055  dsales 0.353±1.221  dmargin 15±76  dfinalRatio -0.008±0.007  dexpWin -0.000±0.001  dtopLevel -0.018±0.061  dcashDay 29.108±0.973  dsqueeze -0.000±0.000  dminCash 92.233±3.201
fieldStretcher  dgain 27±6  dreached 0.036±0.011  dwin 0.021±0.007  ddeaths 0.055±0.050  dregulars 0.178±0.055  dsales 5.953±1.205  dmargin 396±81  dfinalRatio 0.032±0.009  dexpWin 0.006±0.001  dtopLevel 0.316±0.062  dcashDay 3.681±1.084  dsqueeze -0.000±0.000  dminCash 3.347±2.126
firstAidDesk    dgain 98±12  dreached 0.160±0.019  dwin 0.023±0.010  ddeaths 0.051±0.094  dregulars 0.488±0.105  dsales 21.606±2.549  dmargin 1321±160  dfinalRatio 0.102±0.015  dexpWin -0.007±0.003  dtopLevel 0.993±0.123  dcashDay 5.205±2.037  dsqueeze 0.001±0.000  dminCash -11.017±5.961
