stamp           dgain -7±11  dreached 0.013±0.018  dwin 0.000±0.010  ddeaths -0.139±0.083  dregulars 4.311±0.130  dsales -0.935±2.211  dmargin 44±144  dfinalRatio 0.011±0.015  dexpWin 0.006±0.002  dtopLevel -0.014±0.109  dcashDay 3.253±1.780  dsqueeze -0.000±0.000  dminCash 3.666±3.867
member          dgain 13±12  dreached 0.029±0.018  dwin 0.031±0.011  ddeaths -0.091±0.095  dregulars 0.087±0.103  dsales 3.141±2.579  dmargin 270±164  dfinalRatio 0.031±0.016  dexpWin 0.013±0.003  dtopLevel 0.218±0.127  dcashDay 3.257±2.078  dsqueeze 0.001±0.000  dminCash -15.219±5.760
rotation        dgain 32±12  dreached 0.057±0.019  dwin 0.023±0.010  ddeaths -0.009±0.093  dregulars 0.072±0.102  dsales 7.302±2.538  dmargin 486±160  dfinalRatio 0.051±0.016  dexpWin 0.010±0.003  dtopLevel 0.404±0.125  dcashDay 5.439±2.073  dsqueeze 0.000±0.000  dminCash 5.148±5.180
bulk            dgain 18±13  dreached 0.052±0.019  dwin 0.022±0.011  ddeaths 0.006±0.096  dregulars -0.072±0.105  dsales 9.079±2.769  dmargin 936±177  dfinalRatio 0.040±0.016  dexpWin 0.006±0.004  dtopLevel 0.291±0.134  dcashDay 26.887±2.329  dsqueeze -0.000±0.000  dminCash 45.712±6.200
rareContract    dgain -4±12  dreached -0.030±0.017  dwin -0.011±0.009  ddeaths -0.053±0.093  dregulars 0.106±0.097  dsales -5.581±2.452  dmargin -210±156  dfinalRatio -0.025±0.014  dexpWin 0.001±0.003  dtopLevel -0.154±0.119  dcashDay 10.206±2.140  dsqueeze 0.000±0.000  dminCash -26.308±5.343
guarantee       dgain 33±12  dreached 0.013±0.018  dwin 0.014±0.010  ddeaths 0.082±0.092  dregulars -0.211±0.099  dsales 5.056±2.477  dmargin 749±163  dfinalRatio 0.011±0.015  dexpWin 0.001±0.003  dtopLevel 0.163±0.121  dcashDay 26.199±2.049  dsqueeze -0.000±0.000  dminCash 54.428±4.705
fieldRepair     dgain 4±8  dreached 0.011±0.015  dwin -0.001±0.009  ddeaths -0.029±0.064  dregulars -0.031±0.079  dsales 1.468±1.546  dmargin 59±104  dfinalRatio 0.009±0.012  dexpWin -0.001±0.002  dtopLevel 0.060±0.079  dcashDay -0.802±1.339  dsqueeze 0.000±0.000  dminCash -8.207±2.672
hazardBoard     dgain 43±13  dreached 0.050±0.018  dwin 0.021±0.010  ddeaths 0.119±0.099  dregulars 0.071±0.102  dsales 9.204±2.716  dmargin 643±173  dfinalRatio 0.047±0.015  dexpWin 0.001±0.003  dtopLevel 0.405±0.134  dcashDay 4.559±2.242  dsqueeze 0.000±0.000  dminCash 1.279±6.267
fridge          dgain -3±8  dreached 0.010±0.014  dwin 0.001±0.008  ddeaths -0.019±0.068  dregulars -0.039±0.074  dsales -0.199±1.748  dmargin -18±112  dfinalRatio 0.011±0.012  dexpWin -0.001±0.002  dtopLevel -0.023±0.087  dcashDay 1.757±1.480  dsqueeze 0.000±0.000  dminCash 8.922±3.326
board           dgain 17±12  dreached -0.017±0.017  dwin 0.022±0.010  ddeaths -0.051±0.094  dregulars 0.244±0.102  dsales 5.567±2.571  dmargin 362±163  dfinalRatio 0.005±0.015  dexpWin 0.018±0.003  dtopLevel 0.256±0.126  dcashDay 21.322±2.300  dsqueeze 0.000±0.000  dminCash 38.819±5.879
firstVisitCoupon dgain 27±13  dreached 0.005±0.018  dwin 0.008±0.010  ddeaths 0.093±0.100  dregulars -0.076±0.106  dsales 6.072±2.758  dmargin 531±174  dfinalRatio 0.006±0.015  dexpWin 0.006±0.004  dtopLevel 0.214±0.135  dcashDay 17.603±2.157  dsqueeze -0.000±0.000  dminCash 84.018±5.976
kitchen         dgain 131±12  dreached 0.168±0.019  dwin 0.059±0.011  ddeaths 0.352±0.090  dregulars 0.557±0.106  dsales 27.394±2.510  dmargin 1890±160  dfinalRatio 0.144±0.016  dexpWin 0.038±0.003  dtopLevel 1.418±0.123  dcashDay 23.120±2.037  dsqueeze 0.000±0.000  dminCash 28.122±5.149
groupOrder      dgain 11±13  dreached -0.005±0.018  dwin 0.014±0.010  ddeaths -0.087±0.096  dregulars 0.153±0.110  dsales 4.952±2.828  dmargin 271±178  dfinalRatio 0.004±0.015  dexpWin 0.014±0.004  dtopLevel 0.188±0.137  dcashDay 83.038±2.596  dsqueeze -0.000±0.000  dminCash 176.757±6.513
memberBundle    dgain 0±4  dreached -0.009±0.010  dwin -0.001±0.006  ddeaths -0.046±0.038  dregulars 0.059±0.046  dsales -0.102±0.731  dmargin 85±54  dfinalRatio -0.011±0.009  dexpWin 0.001±0.001  dtopLevel -0.040±0.039  dcashDay 5.094±0.820  dsqueeze 0.000±0.000  dminCash 1.213±0.584
premiumMember   dgain 9±4  dreached 0.007±0.011  dwin 0.020±0.007  ddeaths 0.030±0.035  dregulars 0.133±0.049  dsales 1.278±0.716  dmargin 183±51  dfinalRatio 0.009±0.009  dexpWin 0.002±0.001  dtopLevel 0.055±0.039  dcashDay 4.792±0.686  dsqueeze 0.000±0.000  dminCash 0.454±1.188
returnPoints    dgain 67±12  dreached 0.049±0.018  dwin 0.024±0.010  ddeaths -0.022±0.097  dregulars 5.017±0.132  dsales 11.520±2.578  dmargin 1444±170  dfinalRatio 0.045±0.016  dexpWin 0.014±0.003  dtopLevel 0.393±0.126  dcashDay 52.132±2.161  dsqueeze -0.000±0.000  dminCash 63.582±4.319
coldcase        dgain 30±12  dreached 0.038±0.018  dwin 0.021±0.010  ddeaths -0.027±0.095  dregulars 0.151±0.107  dsales 2.853±2.579  dmargin 541±166  dfinalRatio 0.040±0.015  dexpWin 0.011±0.003  dtopLevel 0.309±0.126  dcashDay 11.252±2.099  dsqueeze 0.000±0.000  dminCash 8.573±5.561
supplyCert      dgain -5±9  dreached 0.002±0.016  dwin 0.009±0.009  ddeaths -0.134±0.071  dregulars -0.016±0.087  dsales -0.001±1.784  dmargin -23±115  dfinalRatio -0.002±0.014  dexpWin -0.000±0.002  dtopLevel -0.071±0.089  dcashDay 18.866±1.540  dsqueeze 0.000±0.000  dminCash 17.594±2.902
expeditionMeal  dgain 96±12  dreached 0.147±0.019  dwin 0.070±0.012  ddeaths 0.085±0.095  dregulars 0.527±0.103  dsales 21.545±2.589  dmargin 1342±166  dfinalRatio 0.140±0.017  dexpWin 0.000±0.003  dtopLevel 1.002±0.129  dcashDay 5.208±2.184  dsqueeze 0.000±0.000  dminCash -26.566±6.111
dawnRecovery    dgain 57±13  dreached 0.093±0.019  dwin 0.058±0.012  ddeaths -0.064±0.094  dregulars 0.159±0.105  dsales 10.208±2.706  dmargin 928±174  dfinalRatio 0.107±0.017  dexpWin 0.021±0.004  dtopLevel 0.640±0.133  dcashDay 19.369±2.298  dsqueeze -0.000±0.000  dminCash 32.402±6.549
logisticsHQ     dgain -2±6  dreached 0.003±0.009  dwin -0.001±0.005  ddeaths -0.045±0.049  dregulars -0.048±0.052  dsales -0.352±1.278  dmargin 2024±93  dfinalRatio -0.001±0.008  dexpWin 0.001±0.001  dtopLevel -0.026±0.062  dcashDay 104.179±1.259  dsqueeze -0.000±0.000  dminCash 110.675±4.804
lifetime        dgain 11±5  dreached 0.018±0.013  dwin 0.013±0.009  ddeaths -0.008±0.047  dregulars 0.029±0.065  dsales 2.021±0.934  dmargin 223±69  dfinalRatio 0.012±0.011  dexpWin 0.004±0.001  dtopLevel 0.118±0.051  dcashDay 5.423±1.004  dsqueeze 0.000±0.000  dminCash -0.154±1.587
royalCert       dgain -7±8  dreached -0.016±0.015  dwin 0.009±0.009  ddeaths -0.014±0.068  dregulars -0.138±0.083  dsales -1.746±1.592  dmargin -39±103  dfinalRatio -0.012±0.012  dexpWin 0.000±0.002  dtopLevel -0.065±0.081  dcashDay 17.528±1.936  dsqueeze 0.001±0.000  dminCash -84.852±3.820
opsRoom         dgain 61±11  dreached 0.078±0.018  dwin 0.051±0.012  ddeaths -0.034±0.091  dregulars 0.143±0.098  dsales 12.384±2.354  dmargin 914±151  dfinalRatio 0.080±0.016  dexpWin 0.031±0.003  dtopLevel 0.771±0.118  dcashDay 15.306±1.968  dsqueeze 0.000±0.000  dminCash 11.252±5.373
warehouse       dgain -0±0  dreached 0.000±0.000  dwin 0.000±0.000  ddeaths -0.002±0.003  dregulars -0.002±0.006  dsales -0.022±0.042  dmargin -3±3  dfinalRatio -0.000±0.000  dexpWin -0.000±0.000  dtopLevel -0.000±0.004  dcashDay -0.134±0.085  dsqueeze 0.000±0.000  dminCash 0.230±0.230
hub             dgain 36±14  dreached 0.001±0.018  dwin 0.076±0.012  ddeaths -0.414±0.099  dregulars 0.785±0.123  dsales 13.084±3.121  dmargin 909±202  dfinalRatio 0.056±0.018  dexpWin 0.057±0.004  dtopLevel 0.774±0.154  dcashDay 38.675±2.898  dsqueeze -0.000±0.000  dminCash 39.738±7.248
fresh24         dgain 166±12  dreached 0.243±0.020  dwin 0.105±0.013  ddeaths -0.175±0.095  dregulars 0.431±0.103  dsales 33.322±2.597  dmargin 1316±163  dfinalRatio 0.240±0.018  dexpWin 0.078±0.004  dtopLevel 1.943±0.131  dcashDay -6.025±2.347  dsqueeze 0.004±0.001  dminCash -132.398±8.083
extraOrder      dgain 52±13  dreached 0.070±0.019  dwin 0.048±0.011  ddeaths 0.070±0.100  dregulars -0.028±0.107  dsales 13.435±2.806  dmargin 913±178  dfinalRatio 0.076±0.017  dexpWin 0.012±0.004  dtopLevel 0.561±0.135  dcashDay 14.690±2.330  dsqueeze -0.000±0.000  dminCash 33.973±6.493
rerollTicket    dgain -4±3  dreached -0.006±0.005  dwin 0.001±0.003  ddeaths -0.024±0.032  dregulars 0.001±0.034  dsales -0.675±0.730  dmargin -41±45  dfinalRatio -0.003±0.004  dexpWin 0.000±0.001  dtopLevel -0.045±0.035  dcashDay 1.004±0.572  dsqueeze 0.000±0.000  dminCash 7.267±1.923
efficiency      dgain -2±6  dreached -0.009±0.008  dwin -0.004±0.004  ddeaths -0.006±0.049  dregulars 0.001±0.054  dsales -0.394±1.192  dmargin -25±74  dfinalRatio -0.008±0.007  dexpWin 0.001±0.001  dtopLevel -0.043±0.060  dcashDay 29.401±0.982  dsqueeze -0.000±0.000  dminCash 91.711±3.192
fieldStretcher  dgain 24±6  dreached 0.037±0.011  dwin 0.019±0.007  ddeaths 0.035±0.051  dregulars 0.133±0.054  dsales 5.370±1.233  dmargin 365±83  dfinalRatio 0.030±0.009  dexpWin 0.006±0.001  dtopLevel 0.282±0.062  dcashDay 3.245±1.084  dsqueeze -0.000±0.000  dminCash 3.517±2.123
firstAidDesk    dgain 101±12  dreached 0.177±0.019  dwin 0.022±0.010  ddeaths 0.000±0.095  dregulars 0.508±0.104  dsales 22.056±2.538  dmargin 1372±160  dfinalRatio 0.111±0.015  dexpWin -0.007±0.003  dtopLevel 1.020±0.122  dcashDay 5.546±2.020  dsqueeze 0.001±0.000  dminCash -10.015±5.894
