rotation        dgain 12±13  dreached 0.013±0.013  dwin -0.002±0.008  ddeaths -0.121±0.062  dregulars -0.235±0.169  dsales -1.271±1.688  dmargin -51±84  dfinalRatio 0.013±0.012
member          dgain 55±14  dreached 0.023±0.014  dwin 0.010±0.009  ddeaths 0.038±0.071  dregulars 0.422±0.186  dsales 7.472±1.967  dmargin 417±95  dfinalRatio 0.023±0.013
stamp           dgain 56±13  dreached 0.011±0.013  dwin 0.000±0.008  ddeaths 0.198±0.061  dregulars 1.771±0.149  dsales 6.760±1.592  dmargin 685±86  dfinalRatio 0.009±0.012
bulk            dgain 110±15  dreached 0.056±0.014  dwin 0.027±0.009  ddeaths 0.103±0.069  dregulars 2.587±0.220  dsales 23.653±2.000  dmargin 1402±103  dfinalRatio 0.057±0.014
showcase        dgain 7±14  dreached -0.006±0.013  dwin -0.006±0.008  ddeaths 0.194±0.068  dregulars -0.815±0.173  dsales -3.977±1.960  dmargin -2±96  dfinalRatio -0.006±0.012
guarantee       dgain 77±14  dreached 0.020±0.014  dwin 0.001±0.009  ddeaths 0.173±0.066  dregulars 0.853±0.191  dsales 9.344±1.868  dmargin 935±96  dfinalRatio 0.019±0.013
hazardBoard     dgain -12±14  dreached -0.011±0.013  dwin -0.006±0.008  ddeaths 0.088±0.069  dregulars 0.058±0.194  dsales -0.447±1.949  dmargin -76±93  dfinalRatio -0.009±0.012
medicine        dgain 8±11  dreached 0.006±0.012  dwin -0.008±0.008  ddeaths -0.031±0.052  dregulars -0.021±0.133  dsales 0.752±1.307  dmargin 24±66  dfinalRatio 0.004±0.011
fridge          dgain -12±13  dreached -0.005±0.013  dwin -0.011±0.008  ddeaths 0.017±0.062  dregulars -0.096±0.168  dsales -1.068±1.741  dmargin -85±86  dfinalRatio -0.005±0.012
kitchen         dgain 53±14  dreached 0.053±0.014  dwin 0.011±0.009  ddeaths -0.431±0.073  dregulars 0.624±0.198  dsales 5.447±1.931  dmargin 376±94  dfinalRatio 0.049±0.013
board           dgain 66±15  dreached 0.011±0.013  dwin 0.017±0.009  ddeaths 0.326±0.064  dregulars 1.021±0.193  dsales 14.803±1.935  dmargin 656±97  dfinalRatio 0.018±0.013
rookieBoard     dgain 39±15  dreached 0.008±0.013  dwin -0.009±0.008  ddeaths 0.116±0.067  dregulars 0.232±0.199  dsales 7.306±2.079  dmargin 408±101  dfinalRatio 0.001±0.012
groupFlyer      dgain 84±16  dreached 0.016±0.014  dwin 0.004±0.009  ddeaths 0.402±0.065  dregulars 1.053±0.201  dsales 17.153±2.125  dmargin 625±106  dfinalRatio 0.013±0.013
memberBundle    dgain 46±10  dreached 0.006±0.012  dwin -0.006±0.008  ddeaths 0.060±0.041  dregulars 0.852±0.129  dsales 5.582±1.130  dmargin 577±67  dfinalRatio 0.005±0.011
premiumMember   dgain 22±10  dreached -0.012±0.011  dwin -0.008±0.007  ddeaths 0.090±0.038  dregulars 0.621±0.122  dsales 3.176±1.133  dmargin 380±65  dfinalRatio -0.012±0.010
returnPoints    dgain 186±16  dreached 0.064±0.015  dwin 0.022±0.009  ddeaths 0.369±0.062  dregulars 2.589±0.165  dsales 25.526±1.924  dmargin 1968±107  dfinalRatio 0.060±0.014
coldcase        dgain 16±15  dreached 0.013±0.013  dwin 0.018±0.009  ddeaths -0.056±0.074  dregulars 0.059±0.204  dsales 0.867±2.040  dmargin 141±102  dfinalRatio 0.020±0.013
supplyCert      dgain 52±14  dreached 0.032±0.014  dwin 0.007±0.009  ddeaths 0.100±0.063  dregulars 0.507±0.170  dsales 8.844±1.742  dmargin 192±86  dfinalRatio 0.026±0.013
expeditionMeal  dgain 102±14  dreached 0.101±0.015  dwin 0.067±0.011  ddeaths -0.573±0.068  dregulars 0.861±0.175  dsales 10.652±1.761  dmargin 474±88  dfinalRatio 0.113±0.015
dawnBulk        dgain 38±15  dreached 0.029±0.014  dwin 0.013±0.009  ddeaths -0.085±0.071  dregulars 0.359±0.206  dsales 4.816±2.113  dmargin 260±105  dfinalRatio 0.032±0.013
lifetime        dgain 59±11  dreached 0.031±0.012  dwin 0.012±0.008  ddeaths 0.038±0.043  dregulars 1.022±0.137  dsales 6.058±1.182  dmargin 685±71  dfinalRatio 0.030±0.012
logisticsHQ     dgain 128±15  dreached 0.074±0.014  dwin 0.022±0.009  ddeaths 0.221±0.068  dregulars 2.033±0.212  dsales 23.826±2.057  dmargin 2095±111  dfinalRatio 0.066±0.013
royalCert       dgain 53±15  dreached 0.012±0.013  dwin -0.006±0.008  ddeaths 0.355±0.063  dregulars -0.694±0.179  dsales 8.317±2.055  dmargin 585±103  dfinalRatio 0.008±0.012
expeditionCert  dgain 100±15  dreached 0.042±0.014  dwin 0.002±0.008  ddeaths 0.204±0.063  dregulars 1.636±0.204  dsales 16.533±1.932  dmargin 852±96  dfinalRatio 0.035±0.013
fresh24         dgain -27±16  dreached 0.023±0.014  dwin 0.021±0.009  ddeaths -1.210±0.089  dregulars -0.514±0.219  dsales -14.468±2.218  dmargin -1022±99  dfinalRatio 0.031±0.014
warehouse       dgain 0±0  dreached 0.000±0.000  dwin 0.000±0.000  ddeaths 0.000±0.000  dregulars 0.000±0.000  dsales 0.000±0.000  dmargin 0±0  dfinalRatio 0.000±0.000
hub             dgain 129±17  dreached 0.012±0.013  dwin 0.028±0.010  ddeaths 0.315±0.063  dregulars 2.391±0.242  dsales 26.772±2.305  dmargin 1527±127  dfinalRatio 0.027±0.014
terminal        dgain 73±16  dreached 0.036±0.014  dwin 0.029±0.010  ddeaths -0.033±0.070  dregulars 0.593±0.199  dsales 11.039±2.102  dmargin 464±105  dfinalRatio 0.044±0.014
delivery        dgain 40±14  dreached 0.020±0.014  dwin 0.005±0.009  ddeaths -0.010±0.072  dregulars 0.249±0.192  dsales 4.887±1.959  dmargin 146±97  dfinalRatio 0.019±0.013
efficiency      dgain 78±13  dreached 0.023±0.013  dwin 0.002±0.008  ddeaths 0.422±0.061  dregulars 0.843±0.176  dsales 14.394±1.767  dmargin 394±85  dfinalRatio 0.020±0.012
