hazardBoard     dgain -7±14  dreached -0.010±0.013  dwin -0.010±0.008  ddeaths 0.096±0.070  dregulars 0.068±0.194  dsales 0.576±1.950  dmargin -39±93  dfinalRatio -0.010±0.012
medicine        dgain 5±10  dreached 0.007±0.012  dwin -0.006±0.008  ddeaths -0.066±0.052  dregulars 0.026±0.132  dsales 0.297±1.282  dmargin 9±66  dfinalRatio 0.005±0.011
medicine+expeditionCert dgain 103±15  dreached 0.030±0.014  dwin -0.005±0.009  ddeaths 0.235±0.064  dregulars 1.673±0.205  dsales 17.380±1.929  dmargin 912±100  dfinalRatio 0.019±0.013
expeditionCert  dgain 114±15  dreached 0.054±0.014  dwin 0.004±0.009  ddeaths 0.198±0.065  dregulars 1.815±0.206  dsales 18.270±1.924  dmargin 946±97  dfinalRatio 0.043±0.013
guarantee       dgain 33±14  dreached 0.007±0.013  dwin -0.016±0.008  ddeaths 0.097±0.067  dregulars 0.569±0.187  dsales 4.779±1.872  dmargin 446±94  dfinalRatio 0.001±0.012
medicine+expeditionCert+hazardBoard dgain 99±15  dreached 0.032±0.014  dwin 0.001±0.009  ddeaths 0.264±0.067  dregulars 1.697±0.209  dsales 18.236±2.027  dmargin 957±101  dfinalRatio 0.023±0.013
guarantee+royalCert dgain 79±14  dreached 0.012±0.013  dwin -0.011±0.008  ddeaths 0.459±0.066  dregulars -0.412±0.174  dsales 11.107±1.907  dmargin 995±99  dfinalRatio 0.008±0.013
royalCert       dgain 55±15  dreached 0.011±0.014  dwin 0.000±0.009  ddeaths 0.362±0.066  dregulars -0.637±0.174  dsales 8.526±2.077  dmargin 597±104  dfinalRatio 0.009±0.013
premiumMember   dgain 22±9  dreached 0.000±0.011  dwin -0.014±0.008  ddeaths 0.059±0.039  dregulars 0.606±0.115  dsales 3.479±1.032  dmargin 283±58  dfinalRatio -0.005±0.011
fresh24         dgain -26±16  dreached 0.029±0.014  dwin 0.022±0.010  ddeaths -1.209±0.090  dregulars -0.499±0.215  dsales -14.703±2.167  dmargin -1013±97  dfinalRatio 0.034±0.014
premiumMember+royalCert dgain 85±15  dreached 0.040±0.014  dwin 0.000±0.009  ddeaths 0.300±0.065  dregulars -0.283±0.181  dsales 11.344±2.076  dmargin 898±105  dfinalRatio 0.028±0.013
kitchen         dgain 56±14  dreached 0.058±0.013  dwin 0.013±0.009  ddeaths -0.455±0.077  dregulars 0.576±0.199  dsales 5.743±1.926  dmargin 399±95  dfinalRatio 0.055±0.013
kitchen+fresh24 dgain -41±15  dreached 0.015±0.013  dwin 0.010±0.009  ddeaths -1.682±0.091  dregulars -0.661±0.217  dsales -17.499±2.156  dmargin -990±99  dfinalRatio 0.021±0.013
expeditionMeal  dgain 103±14  dreached 0.106±0.014  dwin 0.070±0.011  ddeaths -0.564±0.070  dregulars 0.888±0.177  dsales 11.035±1.780  dmargin 473±89  dfinalRatio 0.118±0.015
kitchen+fresh24+expeditionMeal dgain 20±17  dreached 0.091±0.015  dwin 0.095±0.012  ddeaths -2.411±0.094  dregulars -0.074±0.239  dsales -12.752±2.271  dmargin -744±105  dfinalRatio 0.121±0.016
stamp           dgain 62±13  dreached 0.011±0.013  dwin 0.000±0.008  ddeaths 0.240±0.064  dregulars 1.840±0.154  dsales 7.602±1.625  dmargin 723±88  dfinalRatio 0.009±0.012
lifetime        dgain 62±11  dreached 0.038±0.013  dwin 0.014±0.009  ddeaths 0.020±0.043  dregulars 1.046±0.135  dsales 6.423±1.173  dmargin 687±70  dfinalRatio 0.036±0.012
memberBundle    dgain 43±10  dreached 0.010±0.012  dwin -0.009±0.008  ddeaths 0.075±0.042  dregulars 0.789±0.127  dsales 5.292±1.116  dmargin 536±67  dfinalRatio 0.006±0.011
stamp+premiumMember+lifetime dgain 219±15  dreached 0.080±0.014  dwin 0.014±0.009  ddeaths 0.293±0.063  dregulars 3.057±0.167  dsales 24.768±1.712  dmargin 2657±108  dfinalRatio 0.070±0.013
stamp+premiumMember+lifetime+memberBundle dgain 283±16  dreached 0.068±0.014  dwin 0.020±0.010  ddeaths 0.349±0.062  dregulars 4.355±0.187  dsales 29.827±1.755  dmargin 3845±123  dfinalRatio 0.063±0.013
bulk            dgain 124±15  dreached 0.068±0.015  dwin 0.029±0.009  ddeaths 0.064±0.070  dregulars 2.722±0.220  dsales 25.325±2.002  dmargin 1465±103  dfinalRatio 0.067±0.014
logisticsHQ     dgain 147±15  dreached 0.078±0.015  dwin 0.016±0.009  ddeaths 0.226±0.067  dregulars 2.218±0.205  dsales 26.597±2.003  dmargin 2489±111  dfinalRatio 0.068±0.014
rotation        dgain 23±13  dreached 0.020±0.013  dwin 0.006±0.009  ddeaths -0.072±0.065  dregulars -0.343±0.168  dsales -0.357±1.720  dmargin -1±86  dfinalRatio 0.018±0.012
bulk+logisticsHQ dgain 177±15  dreached 0.095±0.015  dwin 0.040±0.010  ddeaths 0.307±0.065  dregulars 2.943±0.213  dsales 32.505±1.945  dmargin 3173±116  dfinalRatio 0.088±0.015
board           dgain 84±14  dreached 0.022±0.013  dwin 0.017±0.009  ddeaths 0.340±0.066  dregulars 1.230±0.191  dsales 17.304±1.936  dmargin 762±97  dfinalRatio 0.027±0.013
groupFlyer      dgain 97±16  dreached 0.025±0.014  dwin 0.007±0.009  ddeaths 0.434±0.065  dregulars 1.100±0.199  dsales 18.987±2.097  dmargin 705±106  dfinalRatio 0.023±0.013
bulk+logisticsHQ+rotation dgain 325±17  dreached 0.207±0.017  dwin 0.123±0.013  ddeaths -0.100±0.069  dregulars 1.911±0.186  dsales 36.718±2.005  dmargin 4989±140  dfinalRatio 0.217±0.017
hub             dgain 130±17  dreached 0.022±0.013  dwin 0.024±0.010  ddeaths 0.309±0.064  dregulars 2.325±0.238  dsales 26.404±2.268  dmargin 1492±124  dfinalRatio 0.034±0.014
supplyCert      dgain 54±13  dreached 0.032±0.013  dwin 0.002±0.009  ddeaths 0.112±0.064  dregulars 0.500±0.169  dsales 9.341±1.723  dmargin 203±85  dfinalRatio 0.026±0.013
supplyCert+expeditionCert dgain 149±15  dreached 0.052±0.014  dwin -0.002±0.008  ddeaths 0.241±0.066  dregulars 2.305±0.207  dsales 25.967±1.973  dmargin 1131±99  dfinalRatio 0.042±0.013
board+groupFlyer+hub dgain 250±18  dreached 0.029±0.014  dwin 0.054±0.011  ddeaths 0.562±0.062  dregulars 3.484±0.234  dsales 51.456±2.311  dmargin 2694±134  dfinalRatio 0.054±0.015
