== none (no purchase)
  run  1  D30  12.5%  clear   6.5%  decorations 0.00  capital +445
  run  3  D30  11.5%  clear   6.5%  decorations 0.00  capital +446
  run  5  D30   9.5%  clear   6.0%  decorations 0.00  capital +417
  run  8  D30  10.5%  clear   5.5%  decorations 0.00  capital +427
  run 10  D30   6.5%  clear   4.0%  decorations 0.00  capital +405
  run 12  D30   9.0%  clear   5.0%  decorations 0.00  capital +433
  run 15  D30   6.5%  clear   3.5%  decorations 0.00  capital +415
  first clear within 15 Runs: 56.5%  median first-clear Run 12
== economy (premiumCase > thriftSafe > guildPlaque > dawnSign)
  run  1  D30  12.5%  clear   6.5%  decorations 0.00  capital +445
  run  3  D30   8.0%  clear   4.0%  decorations 0.51  capital +413
  run  5  D30   9.0%  clear   3.5%  decorations 1.32  capital +409
  run  8  D30  13.5%  clear   9.0%  decorations 2.40  capital +498
  run 10  D30  15.0%  clear   8.0%  decorations 3.08  capital +514
  run 12  D30  13.0%  clear   7.5%  decorations 3.54  capital +515
  run 15  D30  20.5%  clear  17.0%  decorations 3.90  capital +635
  #1 premiumCase      median Run 3  acquired 100%
  #2 thriftSafe       median Run 6  acquired 100%
  #3 guildPlaque      median Run 8  acquired 100%
  #4 dawnSign         median Run 11  acquired 93%
  first clear within 15 Runs: 69.5%  median first-clear Run 11
== survival (firstAidKit > memorialBoard > infirmaryPlaque > trainingRack)
  run  1  D30  12.5%  clear   6.5%  decorations 0.00  capital +445
  run  3  D30  11.5%  clear   5.5%  decorations 0.52  capital +439
  run  5  D30  15.5%  clear   7.0%  decorations 1.39  capital +458
  run  8  D30  28.5%  clear  12.5%  decorations 2.50  capital +625
  run 10  D30  39.5%  clear  18.5%  decorations 3.19  capital +713
  run 12  D30  52.0%  clear  20.5%  decorations 3.62  capital +828
  run 15  D30  60.0%  clear  25.0%  decorations 3.94  capital +934
  #1 firstAidKit      median Run 3  acquired 100%
  #2 memorialBoard    median Run 5  acquired 100%
  #3 infirmaryPlaque  median Run 8  acquired 100%
  #4 trainingRack     median Run 10  acquired 99%
  first clear within 15 Runs: 81.0%  median first-clear Run 10
