
balance measure · 316s · traj 200x10 · fresh 1000
after/traj/reader/none run1 n=200 | 성공 44.8% / 41.0% / 44.4% / 36.6% | D30 21.0% 클리어|도달 33.3% 클리어 7.0% | 좀비 15.5% | 사망/런 8.26 | 장식 0.0
  └ 종료 사망한도 79.0% 마왕실패 14.0% 클리어 7.0% | 끝난 날 중앙 19 | D10까지 사망 3.23 | 부상 출발/런 22.3 (사망 21.8%) | 상위 4명 성공 65.9% · 사망 0.66 · 나머지 25.4% · 사망 7.60 | 현금/일 94 | 자본 476
after/traj/reader/none run5 n=200 | 성공 45.9% / 41.9% / 46.3% / 37.3% | D30 13.0% 클리어|도달 30.8% 클리어 4.0% | 좀비 10.0% | 사망/런 7.61 | 장식 0.0
  └ 종료 사망한도 84.0% 마왕실패 9.0% 클리어 4.0% 파산 3.0% | 끝난 날 중앙 17 | D10까지 사망 3.73 | 부상 출발/런 18.5 (사망 23.4%) | 상위 4명 성공 67.2% · 사망 0.62 · 나머지 25.6% · 사망 6.99 | 현금/일 75 | 자본 371
after/traj/reader/none run10 n=200 | 성공 45.9% / 41.9% / 46.0% / 37.2% | D30 14.5% 클리어|도달 31.0% 클리어 4.5% | 좀비 11.5% | 사망/런 7.58 | 장식 0.0
  └ 종료 사망한도 83.5% 마왕실패 10.0% 클리어 4.5% 파산 2.0% | 끝난 날 중앙 17 | D10까지 사망 3.77 | 부상 출발/런 18.2 (사망 23.4%) | 상위 4명 성공 67.0% · 사망 0.54 · 나머지 25.2% · 사망 7.04 | 현금/일 72 | 자본 358
after/traj/reader/economy run1 n=200 | 성공 44.8% / 41.0% / 44.4% / 36.6% | D30 21.0% 클리어|도달 33.3% 클리어 7.0% | 좀비 15.5% | 사망/런 8.26 | 장식 0.0
  └ 종료 사망한도 79.0% 마왕실패 14.0% 클리어 7.0% | 끝난 날 중앙 19 | D10까지 사망 3.23 | 부상 출발/런 22.3 (사망 21.8%) | 상위 4명 성공 65.9% · 사망 0.66 · 나머지 25.4% · 사망 7.60 | 현금/일 94 | 자본 476
after/traj/reader/economy run5 n=200 | 성공 49.3% / 46.6% / 51.2% / 43.6% | D30 27.5% 클리어|도달 60.0% 클리어 16.5% | 좀비 5.5% | 사망/런 7.91 | 장식 2.0
  └ 종료 사망한도 72.5% 클리어 16.5% 마왕실패 11.0% | 끝난 날 중앙 19 | D10까지 사망 3.68 | 부상 출발/런 21.0 (사망 20.6%) | 상위 4명 성공 70.3% · 사망 0.51 · 나머지 29.3% · 사망 7.39 | 현금/일 199 | 자본 551
after/traj/reader/economy run10 n=200 | 성공 50.5% / 49.0% / 52.4% / 43.9% | D30 38.5% 클리어|도달 49.4% 클리어 19.0% | 좀비 8.0% | 사망/런 8.08 | 장식 3.7
  └ 종료 사망한도 61.5% 마왕실패 19.5% 클리어 19.0% | 끝난 날 중앙 26 | D10까지 사망 3.36 | 부상 출발/런 24.5 (사망 19.0%) | 상위 4명 성공 69.8% · 사망 0.45 · 나머지 32.4% · 사망 7.63 | 현금/일 261 | 자본 701
after/traj/reader/survival run1 n=200 | 성공 44.8% / 41.0% / 44.4% / 36.6% | D30 21.0% 클리어|도달 33.3% 클리어 7.0% | 좀비 15.5% | 사망/런 8.26 | 장식 0.0
  └ 종료 사망한도 79.0% 마왕실패 14.0% 클리어 7.0% | 끝난 날 중앙 19 | D10까지 사망 3.23 | 부상 출발/런 22.3 (사망 21.8%) | 상위 4명 성공 65.9% · 사망 0.66 · 나머지 25.4% · 사망 7.60 | 현금/일 94 | 자본 476
after/traj/reader/survival run5 n=200 | 성공 48.8% / 44.9% / 48.3% / 38.9% | D30 54.5% 클리어|도달 33.0% 클리어 18.0% | 좀비 21.5% | 사망/런 8.96 | 장식 2.1
  └ 종료 사망한도 41.5% 마왕실패 36.5% 클리어 18.0% 파산 4.0% | 끝난 날 중앙 30 | D10까지 사망 3.29 | 부상 출발/런 22.9 (사망 21.5%) | 상위 4명 성공 67.7% · 사망 0.47 · 나머지 28.9% · 사망 8.49 | 현금/일 93 | 자본 660
after/traj/reader/survival run10 n=200 | 성공 58.6% / 49.4% / 48.2% / 39.3% | D30 82.0% 클리어|도달 23.2% 클리어 19.0% | 좀비 26.0% | 사망/런 8.29 | 장식 3.9
  └ 종료 마왕실패 63.0% 클리어 19.0% 사망한도 14.0% 파산 4.0% | 끝난 날 중앙 30 | D10까지 사망 2.36 | 부상 출발/런 18.3 (사망 20.2%) | 상위 4명 성공 69.0% · 사망 0.40 · 나머지 35.0% · 사망 7.90 | 현금/일 107 | 자본 812
after/traj/expert/none run1 n=200 | 성공 44.8% / 40.8% / 44.1% / 35.6% | D30 17.0% 클리어|도달 26.5% 클리어 4.5% | 좀비 17.0% | 사망/런 8.09 | 장식 0.0
  └ 종료 사망한도 81.5% 마왕실패 12.5% 클리어 4.5% 파산 1.5% | 끝난 날 중앙 19 | D10까지 사망 3.33 | 부상 출발/런 21.0 (사망 22.3%) | 상위 4명 성공 66.9% · 사망 0.64 · 나머지 24.1% · 사망 7.46 | 현금/일 95 | 자본 450
after/traj/expert/none run5 n=200 | 성공 45.4% / 44.1% / 44.9% / 35.8% | D30 14.5% 클리어|도달 41.4% 클리어 6.0% | 좀비 13.0% | 사망/런 7.83 | 장식 0.0
  └ 종료 사망한도 82.0% 마왕실패 8.5% 클리어 6.0% 파산 3.5% | 끝난 날 중앙 17 | D10까지 사망 3.73 | 부상 출발/런 18.9 (사망 24.0%) | 상위 4명 성공 66.8% · 사망 0.60 · 나머지 25.4% · 사망 7.23 | 현금/일 81 | 자본 386
after/traj/expert/none run10 n=200 | 성공 45.9% / 42.7% / 42.7% / 38.6% | D30 16.5% 클리어|도달 39.4% 클리어 6.5% | 좀비 11.5% | 사망/런 7.71 | 장식 0.0
  └ 종료 사망한도 83.5% 마왕실패 10.0% 클리어 6.5% | 끝난 날 중앙 17 | D10까지 사망 3.69 | 부상 출발/런 18.9 (사망 23.3%) | 상위 4명 성공 67.5% · 사망 0.59 · 나머지 24.4% · 사망 7.13 | 현금/일 82 | 자본 390
after/traj/expert/economy run1 n=200 | 성공 44.8% / 40.8% / 44.1% / 35.6% | D30 17.0% 클리어|도달 26.5% 클리어 4.5% | 좀비 17.0% | 사망/런 8.09 | 장식 0.0
  └ 종료 사망한도 81.5% 마왕실패 12.5% 클리어 4.5% 파산 1.5% | 끝난 날 중앙 19 | D10까지 사망 3.33 | 부상 출발/런 21.0 (사망 22.3%) | 상위 4명 성공 66.9% · 사망 0.64 · 나머지 24.1% · 사망 7.46 | 현금/일 95 | 자본 450
after/traj/expert/economy run5 n=200 | 성공 49.3% / 46.8% / 47.2% / 40.4% | D30 26.5% 클리어|도달 47.2% 클리어 12.5% | 좀비 12.5% | 사망/런 8.02 | 장식 1.9
  └ 종료 사망한도 72.5% 마왕실패 14.0% 클리어 12.5% 파산 1.0% | 끝난 날 중앙 19 | D10까지 사망 3.43 | 부상 출발/런 22.4 (사망 20.2%) | 상위 4명 성공 68.8% · 사망 0.54 · 나머지 29.2% · 사망 7.47 | 현금/일 199 | 자본 555
after/traj/expert/economy run10 n=200 | 성공 50.2% / 48.6% / 49.5% / 41.5% | D30 30.0% 클리어|도달 55.0% 클리어 16.5% | 좀비 11.0% | 사망/런 8.04 | 장식 3.7
  └ 종료 사망한도 70.0% 클리어 16.5% 마왕실패 13.5% | 끝난 날 중앙 20 | D10까지 사망 3.35 | 부상 출발/런 22.7 (사망 19.7%) | 상위 4명 성공 69.9% · 사망 0.53 · 나머지 30.9% · 사망 7.51 | 현금/일 271 | 자본 629
after/traj/expert/survival run1 n=200 | 성공 44.8% / 40.8% / 44.1% / 35.6% | D30 17.0% 클리어|도달 26.5% 클리어 4.5% | 좀비 17.0% | 사망/런 8.09 | 장식 0.0
  └ 종료 사망한도 81.5% 마왕실패 12.5% 클리어 4.5% 파산 1.5% | 끝난 날 중앙 19 | D10까지 사망 3.33 | 부상 출발/런 21.0 (사망 22.3%) | 상위 4명 성공 66.9% · 사망 0.64 · 나머지 24.1% · 사망 7.46 | 현금/일 95 | 자본 450
after/traj/expert/survival run5 n=200 | 성공 48.8% / 43.8% / 47.2% / 37.5% | D30 40.0% 클리어|도달 36.3% 클리어 14.5% | 좀비 19.0% | 사망/런 8.70 | 장식 2.1
  └ 종료 사망한도 54.5% 마왕실패 25.5% 클리어 14.5% 파산 5.5% | 끝난 날 중앙 26 | D10까지 사망 3.48 | 부상 출발/런 20.5 (사망 23.7%) | 상위 4명 성공 67.6% · 사망 0.55 · 나머지 27.2% · 사망 8.15 | 현금/일 88 | 자본 563
after/traj/expert/survival run10 n=200 | 성공 58.6% / 50.3% / 47.7% / 37.8% | D30 74.0% 클리어|도달 33.8% 클리어 25.0% | 좀비 31.0% | 사망/런 8.55 | 장식 3.9
  └ 종료 마왕실패 49.0% 클리어 25.0% 사망한도 21.0% 파산 5.0% | 끝난 날 중앙 30 | D10까지 사망 2.28 | 부상 출발/런 18.3 (사망 21.2%) | 상위 4명 성공 69.4% · 사망 0.43 · 나머지 33.9% · 사망 8.12 | 현금/일 119 | 자본 807
after/fresh/reader/none n=1000 | 성공 45.6% / 40.9% / 44.3% / 36.9% | D30 19.1% 클리어|도달 31.4% 클리어 6.0% | 좀비 13.5% | 사망/런 7.97 | 장식 0.0
  └ 종료 사망한도 79.7% 마왕실패 13.1% 클리어 6.0% 파산 1.2% | 끝난 날 중앙 18 | D10까지 사망 3.46 | 부상 출발/런 20.8 (사망 22.1%) | 상위 4명 성공 66.3% · 사망 0.60 · 나머지 25.0% · 사망 7.37 | 현금/일 98 | 자본 442
after/fresh/expert/none n=1000 | 성공 45.6% / 40.8% / 45.4% / 37.4% | D30 19.2% 클리어|도달 37.5% 클리어 7.2% | 좀비 12.4% | 사망/런 8.01 | 장식 0.0
  └ 종료 사망한도 79.6% 마왕실패 12.0% 클리어 7.2% 파산 1.2% | 끝난 날 중앙 18 | D10까지 사망 3.49 | 부상 출발/런 20.7 (사망 22.3%) | 상위 4명 성공 66.7% · 사망 0.61 · 나머지 25.1% · 사망 7.40 | 현금/일 100 | 자본 445
