## M

balance measure · 83s · traj 200x10 · fresh 2000
after/fresh/reader/none n=2000 | 성공 42.6% / 36.0% / 40.3% / 33.6% | D30 8.0% 클리어|도달 30.2% 클리어 2.4% | 좀비 9.1% | 사망/런 7.57 | 장식 0.0
  └ 종료 사망한도 90.3% 마왕실패 5.5% 클리어 2.4% 파산 1.7% | 끝난 날 중앙 16 | D10까지 사망 3.73 | 부상 출발/런 17.5 (사망 24.4%) | 상위 4명 성공 64.6% · 사망 0.60 · 나머지 20.1% · 사망 6.72 | 현금/일 81 | 자본 320
  └ 준비 | 상품 원정 성공 39.6% · 사망 10.1% | 맨손 원정 성공 13.5% · 사망 23.8% | 상품이 결과를 바꿈 24.3% (사망을 막음 5.2%) | 상위 4명이 받은 상품 44.7%
after/fresh/investor/none n=2000 | 성공 46.6% / 42.1% / 44.5% / 32.4% | D30 11.8% 클리어|도달 46.0% 클리어 5.4% | 좀비 15.6% | 사망/런 8.14 | 장식 0.0
  └ 종료 사망한도 87.6% 마왕실패 6.3% 클리어 5.4% 파산 0.7% | 끝난 날 중앙 18 | D10까지 사망 3.49 | 부상 출발/런 18.7 (사망 23.6%) | 상위 4명 성공 68.2% · 사망 0.61 · 나머지 22.2% · 사망 7.28 | 현금/일 79 | 자본 418
  └ 준비 | 상품 원정 성공 43.4% · 사망 9.5% | 맨손 원정 성공 12.0% · 사망 23.6% | 상품이 결과를 바꿈 26.6% (사망을 막음 4.3%) | 상위 4명이 받은 상품 46.9%
## base

balance measure · 77s · traj 200x10 · fresh 2000
after/fresh/reader/none n=2000 | 성공 42.6% / 36.7% / 40.7% / 34.0% | D30 5.0% 클리어|도달 32.0% 클리어 1.6% | 좀비 7.8% | 사망/런 8.21 | 장식 0.0
  └ 종료 사망한도 93.6% 마왕실패 3.4% 클리어 1.6% 파산 1.4% | 끝난 날 중앙 17 | D10까지 사망 3.91 | 부상 출발/런 19.0 (사망 24.5%) | 상위 4명 성공 65.0% · 사망 0.64 · 나머지 20.0% · 사망 7.30 | 현금/일 80 | 자본 353
  └ 준비 | 상품 원정 성공 39.8% · 사망 10.1% | 맨손 원정 성공 14.0% · 사망 24.2% | 상품이 결과를 바꿈 23.9% (사망을 막음 5.2%) | 상위 4명이 받은 상품 45.0%
after/fresh/investor/none n=2000 | 성공 46.6% / 43.1% / 45.3% / 33.7% | D30 7.7% 클리어|도달 47.7% 클리어 3.6% | 좀비 14.2% | 사망/런 8.60 | 장식 0.0
  └ 종료 사망한도 91.8% 마왕실패 4.0% 클리어 3.6% 파산 0.6% | 끝난 날 중앙 19 | D10까지 사망 3.61 | 부상 출발/런 20.0 (사망 23.3%) | 상위 4명 성공 68.8% · 사망 0.61 · 나머지 22.5% · 사망 7.72 | 현금/일 84 | 자본 458
  └ 준비 | 상품 원정 성공 44.0% · 사망 9.4% | 맨손 원정 성공 11.6% · 사망 24.8% | 상품이 결과를 바꿈 26.1% (사망을 막음 4.2%) | 상위 4명이 받은 상품 47.4%
## A

balance measure · 73s · traj 200x10 · fresh 2000
after/fresh/reader/none n=2000 | 성공 42.6% / 33.4% / 40.0% / 33.8% | D30 4.0% 클리어|도달 28.4% 클리어 1.1% | 좀비 6.5% | 사망/런 8.09 | 장식 0.0
  └ 종료 사망한도 95.0% 마왕실패 2.9% 클리어 1.1% 파산 0.9% | 끝난 날 중앙 16 | D10까지 사망 4.05 | 부상 출발/런 18.2 (사망 25.5%) | 상위 4명 성공 63.3% · 사망 0.69 · 나머지 19.1% · 사망 7.15 | 현금/일 76 | 자본 316
  └ 준비 | 상품 원정 성공 38.6% · 사망 10.6% | 맨손 원정 성공 13.0% · 사망 26.7% | 상품이 결과를 바꿈 24.2% (사망을 막음 5.2%) | 상위 4명이 받은 상품 45.0%
after/fresh/investor/none n=2000 | 성공 46.6% / 39.6% / 44.0% / 33.4% | D30 4.8% 클리어|도달 43.2% 클리어 2.0% | 좀비 11.1% | 사망/런 8.45 | 장식 0.0
  └ 종료 사망한도 94.3% 마왕실패 2.7% 클리어 2.0% 파산 0.9% | 끝난 날 중앙 18 | D10까지 사망 3.72 | 부상 출발/런 19.1 (사망 24.0%) | 상위 4명 성공 67.7% · 사망 0.59 · 나머지 21.6% · 사망 7.59 | 현금/일 84 | 자본 407
  └ 준비 | 상품 원정 성공 42.8% · 사망 9.8% | 맨손 원정 성공 11.6% · 사망 25.0% | 상품이 결과를 바꿈 26.7% (사망을 막음 4.4%) | 상위 4명이 받은 상품 47.1%
## B

balance measure · 77s · traj 200x10 · fresh 2000
after/fresh/reader/none n=2000 | 성공 42.6% / 36.7% / 40.6% / 35.6% | D30 5.3% 클리어|도달 25.5% 클리어 1.4% | 좀비 7.0% | 사망/런 8.20 | 장식 0.0
  └ 종료 사망한도 93.4% 마왕실패 4.0% 클리어 1.4% 파산 1.3% | 끝난 날 중앙 17 | D10까지 사망 3.91 | 부상 출발/런 19.2 (사망 24.4%) | 상위 4명 성공 65.0% · 사망 0.64 · 나머지 20.1% · 사망 7.30 | 현금/일 81 | 자본 356
  └ 준비 | 상품 원정 성공 39.9% · 사망 10.1% | 맨손 원정 성공 14.0% · 사망 24.2% | 상품이 결과를 바꿈 23.9% (사망을 막음 5.2%) | 상위 4명이 받은 상품 45.0%
after/fresh/investor/none n=2000 | 성공 46.6% / 43.1% / 45.2% / 35.3% | D30 7.9% 클리어|도달 53.8% 클리어 4.3% | 좀비 11.4% | 사망/런 8.60 | 장식 0.0
  └ 종료 사망한도 91.5% 클리어 4.3% 마왕실패 3.6% 파산 0.6% | 끝난 날 중앙 19 | D10까지 사망 3.61 | 부상 출발/런 20.0 (사망 23.2%) | 상위 4명 성공 69.0% · 사망 0.60 · 나머지 22.6% · 사망 7.74 | 현금/일 84 | 자본 459
  └ 준비 | 상품 원정 성공 44.2% · 사망 9.4% | 맨손 원정 성공 11.5% · 사망 23.3% | 상품이 결과를 바꿈 26.1% (사망을 막음 4.2%) | 상위 4명이 받은 상품 47.5%
## AB

balance measure · 73s · traj 200x10 · fresh 2000
after/fresh/reader/none n=2000 | 성공 42.6% / 33.4% / 40.0% / 36.7% | D30 4.0% 클리어|도달 22.2% 클리어 0.9% | 좀비 5.1% | 사망/런 8.07 | 장식 0.0
  └ 종료 사망한도 95.0% 마왕실패 3.1% 파산 0.9% 클리어 0.9% | 끝난 날 중앙 16 | D10까지 사망 4.05 | 부상 출발/런 18.2 (사망 25.4%) | 상위 4명 성공 63.5% · 사망 0.67 · 나머지 19.3% · 사망 7.15 | 현금/일 77 | 자본 316
  └ 준비 | 상품 원정 성공 38.7% · 사망 10.5% | 맨손 원정 성공 13.3% · 사망 25.8% | 상품이 결과를 바꿈 24.2% (사망을 막음 5.3%) | 상위 4명이 받은 상품 44.9%
after/fresh/investor/none n=2000 | 성공 46.6% / 39.6% / 43.9% / 35.5% | D30 5.7% 클리어|도달 48.2% 클리어 2.8% | 좀비 9.8% | 사망/런 8.44 | 장식 0.0
  └ 종료 사망한도 93.5% 마왕실패 3.0% 클리어 2.8% 파산 0.8% | 끝난 날 중앙 18 | D10까지 사망 3.72 | 부상 출발/런 19.2 (사망 23.9%) | 상위 4명 성공 68.0% · 사망 0.58 · 나머지 21.6% · 사망 7.59 | 현금/일 83 | 자본 409
  └ 준비 | 상품 원정 성공 42.9% · 사망 9.8% | 맨손 원정 성공 11.9% · 사망 24.2% | 상품이 결과를 바꿈 26.7% (사망을 막음 4.4%) | 상위 4명이 받은 상품 47.1%
## C

balance measure · 65s · traj 200x10 · fresh 2000
after/fresh/reader/none n=2000 | 성공 39.5% / 34.1% / 38.2% / 32.0% | D30 2.9% 클리어|도달 24.1% 클리어 0.7% | 좀비 6.6% | 사망/런 7.99 | 장식 0.0
  └ 종료 사망한도 96.0% 마왕실패 2.2% 파산 1.1% 클리어 0.7% | 끝난 날 중앙 15 | D10까지 사망 4.25 | 부상 출발/런 18.1 (사망 25.4%) | 상위 4명 성공 62.1% · 사망 0.70 · 나머지 17.4% · 사망 7.04 | 현금/일 72 | 자본 291
  └ 준비 | 상품 원정 성공 37.1% · 사망 10.9% | 맨손 원정 성공 14.7% · 사망 24.5% | 상품이 결과를 바꿈 23.7% (사망을 막음 5.5%) | 상위 4명이 받은 상품 45.0%
after/fresh/investor/none n=2000 | 성공 43.5% / 39.4% / 42.5% / 31.9% | D30 4.0% 클리어|도달 38.3% 클리어 1.6% | 좀비 9.6% | 사망/런 8.21 | 장식 0.0
  └ 종료 사망한도 95.3% 마왕실패 2.5% 클리어 1.6% 파산 0.7% | 끝난 날 중앙 17 | D10까지 사망 3.96 | 부상 출발/런 18.5 (사망 24.5%) | 상위 4명 성공 66.3% · 사망 0.62 · 나머지 20.4% · 사망 7.31 | 현금/일 80 | 자본 361
  └ 준비 | 상품 원정 성공 41.2% · 사망 10.2% | 맨손 원정 성공 11.8% · 사망 23.9% | 상품이 결과를 바꿈 26.2% (사망을 막음 4.5%) | 상위 4명이 받은 상품 46.7%
## C1

balance measure · 78s · traj 200x10 · fresh 2000
after/fresh/reader/none n=2000 | 성공 40.6% / 35.1% / 39.1% / 32.3% | D30 3.9% 클리어|도달 28.6% 클리어 1.1% | 좀비 8.0% | 사망/런 8.10 | 장식 0.0
  └ 종료 사망한도 94.8% 마왕실패 2.8% 파산 1.4% 클리어 1.1% | 끝난 날 중앙 16 | D10까지 사망 4.10 | 부상 출발/런 18.8 (사망 24.7%) | 상위 4명 성공 62.9% · 사망 0.67 · 나머지 18.4% · 사망 7.18 | 현금/일 74 | 자본 322
  └ 준비 | 상품 원정 성공 38.1% · 사망 10.5% | 맨손 원정 성공 13.3% · 사망 24.9% | 상품이 결과를 바꿈 23.7% (사망을 막음 5.5%) | 상위 4명이 받은 상품 45.2%
after/fresh/investor/none n=2000 | 성공 45.2% / 41.4% / 43.8% / 32.4% | D30 5.9% 클리어|도달 37.3% 클리어 2.2% | 좀비 12.8% | 사망/런 8.42 | 장식 0.0
  └ 종료 사망한도 93.5% 마왕실패 3.7% 클리어 2.2% 파산 0.7% | 끝난 날 중앙 18 | D10까지 사망 3.80 | 부상 출발/런 19.3 (사망 23.7%) | 상위 4명 성공 67.6% · 사망 0.63 · 나머지 21.3% · 사망 7.52 | 현금/일 80 | 자본 410
  └ 준비 | 상품 원정 성공 42.6% · 사망 9.7% | 맨손 원정 성공 11.4% · 사망 24.7% | 상품이 결과를 바꿈 26.0% (사망을 막음 4.4%) | 상위 4명이 받은 상품 47.3%
## AC1

balance measure · 65s · traj 200x10 · fresh 2000
after/fresh/reader/none n=2000 | 성공 40.6% / 31.8% / 37.7% / 31.1% | D30 2.5% 클리어|도달 22.0% 클리어 0.6% | 좀비 5.8% | 사망/런 7.99 | 장식 0.0
  └ 종료 사망한도 96.6% 마왕실패 1.9% 파산 0.9% 클리어 0.6% | 끝난 날 중앙 15 | D10까지 사망 4.19 | 부상 출발/런 18.0 (사망 25.4%) | 상위 4명 성공 61.3% · 사망 0.69 · 나머지 17.6% · 사망 7.05 | 현금/일 71 | 자본 288
  └ 준비 | 상품 원정 성공 36.8% · 사망 10.9% | 맨손 원정 성공 10.9% · 사망 26.9% | 상품이 결과를 바꿈 23.9% (사망을 막음 5.6%) | 상위 4명이 받은 상품 44.8%
after/fresh/investor/none n=2000 | 성공 45.2% / 37.7% / 41.9% / 31.9% | D30 4.1% 클리어|도달 40.2% 클리어 1.6% | 좀비 9.9% | 사망/런 8.31 | 장식 0.0
  └ 종료 사망한도 95.2% 마왕실패 2.5% 클리어 1.6% 파산 0.7% | 끝난 날 중앙 17 | D10까지 사망 3.93 | 부상 출발/런 18.5 (사망 24.2%) | 상위 4명 성공 66.0% · 사망 0.66 · 나머지 20.4% · 사망 7.36 | 현금/일 77 | 자본 365
  └ 준비 | 상품 원정 성공 41.2% · 사망 10.2% | 맨손 원정 성공 9.7% · 사망 22.8% | 상품이 결과를 바꿈 26.6% (사망을 막음 4.5%) | 상위 4명이 받은 상품 46.8%
## E

balance measure · 62s · traj 200x10 · fresh 2000
after/fresh/reader/none n=2000 | 성공 39.5% / 30.9% / 37.4% / 32.3% | D30 1.3% 클리어|도달 20.0% 클리어 0.3% | 좀비 5.0% | 사망/런 7.90 | 장식 0.0
  └ 종료 사망한도 97.5% 파산 1.2% 마왕실패 1.0% 클리어 0.3% | 끝난 날 중앙 15 | D10까지 사망 4.35 | 부상 출발/런 17.7 (사망 25.5%) | 상위 4명 성공 60.0% · 사망 0.72 · 나머지 17.2% · 사망 6.93 | 현금/일 68 | 자본 268
  └ 준비 | 상품 원정 성공 36.0% · 사망 11.2% | 맨손 원정 성공 10.9% · 사망 25.2% | 상품이 결과를 바꿈 24.0% (사망을 막음 5.6%) | 상위 4명이 받은 상품 44.8%
after/fresh/investor/none n=2000 | 성공 43.5% / 35.9% / 40.4% / 32.5% | D30 3.3% 클리어|도달 40.9% 클리어 1.4% | 좀비 8.7% | 사망/런 8.12 | 장식 0.0
  └ 종료 사망한도 95.8% 마왕실패 1.9% 클리어 1.4% 파산 0.9% | 끝난 날 중앙 16 | D10까지 사망 4.10 | 부상 출발/런 18.0 (사망 24.7%) | 상위 4명 성공 64.2% · 사망 0.68 · 나머지 19.7% · 사망 7.18 | 현금/일 75 | 자본 331
  └ 준비 | 상품 원정 성공 39.8% · 사망 10.5% | 맨손 원정 성공 10.2% · 사망 25.3% | 상품이 결과를 바꿈 26.7% (사망을 막음 4.7%) | 상위 4명이 받은 상품 46.6%
