# 1단계: 새 판 2000판(리더·투자형). M=main, base=사망 한도 6/8/10, A=+2티어 앞당기기, B=+게이트 식 정리·후반 몫, AB=A+B, C=+포션 -15%·환경/대응 +2, C1=+포션 -10%·환경/대응 +1, AC1=A+C1, E=A+B+C

## investor
조건 | 초 D1-7 · 중 D8-20 · 후 D21-29 | D10 도달 | D30 | 클리어 | 도달시 | 사망/런 | 파산 | 현금/일 | 상위4 성공·나머지 | 상품바꿈 | 상위4몫 | 운배수(운판 n)
M | 46.6 · 43.2 · 33.3 | 78.5 | 11.8 | 5.4 | 46.0 | 8.14 | 0.7 | 79 | 68.2·22.2 | 26.6 | 46.9 | 2.2(144)
base | 46.6 · 44.1 · 34.7 | 90.5 | 7.7 | 3.6 | 47.7 | 8.60 | 0.6 | 84 | 68.8·22.5 | 26.1 | 47.4 | 2.3(186)
A | 46.6 · 41.3 · 34.4 | 89.5 | 4.8 | 2.0 | 43.2 | 8.45 | 0.9 | 84 | 67.7·21.6 | 26.7 | 47.1 | 1.7(180)
B | 46.6 · 44.1 · 36.0 | 90.5 | 7.9 | 4.3 | 53.8 | 8.60 | 0.6 | 84 | 69.0·22.6 | 26.1 | 47.5 | 1.9(200)
AB | 46.6 · 41.3 · 36.0 | 89.5 | 5.7 | 2.8 | 48.2 | 8.44 | 0.8 | 83 | 68.0·21.6 | 26.7 | 47.1 | 1.0(181)
C | 43.5 · 40.5 · 32.9 | 84.5 | 4.0 | 1.6 | 38.3 | 8.21 | 0.7 | 80 | 66.3·20.4 | 26.2 | 46.7 | 2.0(135)
C1 | 45.2 · 42.4 · 33.3 | 88.3 | 5.9 | 2.2 | 37.3 | 8.42 | 0.7 | 80 | 67.6·21.3 | 26.0 | 47.3 | 2.1(168)
AC1 | 45.2 · 39.2 · 32.8 | 86.8 | 4.1 | 1.6 | 40.2 | 8.31 | 0.7 | 77 | 66.0·20.4 | 26.6 | 46.8 | 1.0(116)
E | 43.5 · 37.5 · 33.2 | 83.2 | 3.3 | 1.4 | 40.9 | 8.12 | 0.9 | 75 | 64.2·19.7 | 26.7 | 46.6 | 2.7(90)

환경 모자란 원정(맨손 기준): 구간별 [포션만 P / 대응템 C / 둘다 PC / 둘다없음 -] 비율 · 성공 · 사망
M 초 n=61551 P 10.2% (성공 72.8 사망 3.5) | C 26.3% (성공 37.3 사망 4.1) | PC 4.2% (성공 84.4 사망 0.4) | - 59.3% (성공 43.3 사망 9.0)
M 중 n=77808 P 10.0% (성공 55.2 사망 8.7) | C 33.8% (성공 47.0 사망 8.1) | PC 4.3% (성공 74.8 사망 2.2) | - 51.9% (성공 35.5 사망 14.1)
M 후 n=23221 P 8.3% (성공 38.8 사망 11.2) | C 35.5% (성공 40.6 사망 8.8) | PC 3.9% (성공 63.2 사망 5.3) | - 52.3% (성공 25.1 사망 16.7)
base 초 n=61711 P 10.2% (성공 72.7 사망 3.4) | C 26.3% (성공 37.3 사망 4.1) | PC 4.2% (성공 84.2 사망 0.4) | - 59.3% (성공 43.3 사망 9.1)
base 중 n=90131 P 10.0% (성공 55.4 사망 8.6) | C 34.0% (성공 47.9 사망 7.9) | PC 4.3% (성공 75.2 사망 2.5) | - 51.7% (성공 36.4 사망 13.6)
base 후 n=22784 P 8.0% (성공 40.7 사망 10.1) | C 35.9% (성공 42.2 사망 8.5) | PC 4.1% (성공 62.6 사망 5.2) | - 52.1% (성공 26.4 사망 15.8)
A 초 n=61711 P 10.2% (성공 72.7 사망 3.4) | C 26.3% (성공 37.3 사망 4.1) | PC 4.2% (성공 84.2 사망 0.4) | - 59.3% (성공 43.3 사망 9.1)
A 중 n=85516 P 10.3% (성공 52.2 사망 9.6) | C 34.1% (성공 45.5 사망 8.6) | PC 4.3% (성공 71.7 사망 2.4) | - 51.3% (성공 33.4 사망 14.8)
A 후 n=17280 P 8.3% (성공 41.0 사망 11.3) | C 36.1% (성공 42.6 사망 9.6) | PC 3.7% (성공 55.6 사망 5.6) | - 51.9% (성공 25.9 사망 16.0)
B 초 n=61711 P 10.2% (성공 72.7 사망 3.4) | C 26.3% (성공 37.3 사망 4.1) | PC 4.2% (성공 84.2 사망 0.4) | - 59.3% (성공 43.3 사망 9.1)
B 중 n=90131 P 10.0% (성공 55.4 사망 8.6) | C 34.0% (성공 47.9 사망 7.9) | PC 4.3% (성공 75.2 사망 2.5) | - 51.7% (성공 36.4 사망 13.6)
B 후 n=23103 P 7.6% (성공 39.9 사망 10.9) | C 36.3% (성공 45.2 사망 8.7) | PC 3.7% (성공 61.3 사망 5.7) | - 52.5% (성공 27.1 사망 15.2)
AB 초 n=61711 P 10.2% (성공 72.7 사망 3.4) | C 26.3% (성공 37.3 사망 4.1) | PC 4.2% (성공 84.2 사망 0.4) | - 59.3% (성공 43.3 사망 9.1)
AB 중 n=85516 P 10.3% (성공 52.2 사망 9.6) | C 34.1% (성공 45.5 사망 8.6) | PC 4.3% (성공 71.7 사망 2.4) | - 51.3% (성공 33.4 사망 14.8)
AB 후 n=17708 P 7.8% (성공 39.5 사망 10.9) | C 36.6% (성공 44.6 사망 9.0) | PC 3.8% (성공 60.9 사망 4.0) | - 51.9% (성공 27.5 사망 15.7)
C 초 n=61522 P 9.8% (성공 64.6 사망 4.7) | C 29.1% (성공 36.8 사망 4.6) | PC 4.1% (성공 78.6 사망 0.9) | - 57.0% (성공 40.4 사망 10.3)
C 중 n=78392 P 9.7% (성공 48.9 사망 10.1) | C 36.3% (성공 45.3 사망 8.2) | PC 4.3% (성공 71.7 사망 2.4) | - 49.7% (성공 32.4 사망 15.7)
C 후 n=14057 P 8.7% (성공 36.1 사망 13.2) | C 37.3% (성공 40.3 사망 9.2) | PC 3.8% (성공 58.8 사망 7.8) | - 50.1% (성공 24.8 사망 16.2)
C1 초 n=61568 P 10.0% (성공 68.7 사망 4.2) | C 28.1% (성공 37.2 사망 4.3) | PC 4.1% (성공 81.1 사망 0.4) | - 57.8% (성공 42.2 사망 9.7)
C1 중 n=84160 P 9.6% (성공 51.5 사망 8.9) | C 35.4% (성공 47.0 사망 8.1) | PC 4.2% (성공 71.8 사망 2.2) | - 50.8% (성공 34.8 사망 14.5)
C1 후 n=19126 P 8.2% (성공 38.4 사망 12.9) | C 36.2% (성공 41.4 사망 8.8) | PC 3.6% (성공 54.1 사망 5.8) | - 52.0% (성공 25.3 사망 15.7)
AC1 초 n=61568 P 10.0% (성공 68.7 사망 4.2) | C 28.1% (성공 37.2 사망 4.3) | PC 4.1% (성공 81.1 사망 0.4) | - 57.8% (성공 42.2 사망 9.7)
AC1 중 n=78448 P 10.2% (성공 48.0 사망 9.8) | C 35.2% (성공 43.1 사망 9.2) | PC 4.4% (성공 69.3 사망 2.7) | - 50.2% (성공 31.8 사망 15.6)
AC1 후 n=14902 P 8.6% (성공 36.6 사망 13.1) | C 36.9% (성공 41.1 사망 10.1) | PC 3.7% (성공 57.3 사망 4.1) | - 50.8% (성공 24.3 사망 16.5)
E 초 n=61522 P 9.8% (성공 64.6 사망 4.7) | C 29.1% (성공 36.8 사망 4.6) | PC 4.1% (성공 78.6 사망 0.9) | - 57.0% (성공 40.4 사망 10.3)
E 중 n=73568 P 10.0% (성공 45.5 사망 10.6) | C 36.2% (성공 41.8 사망 9.2) | PC 4.3% (성공 69.2 사망 3.4) | - 49.5% (성공 29.6 사망 16.6)
E 후 n=12203 P 8.4% (성공 34.4 사망 12.3) | C 36.5% (성공 42.6 사망 9.5) | PC 3.6% (성공 56.8 사망 5.5) | - 51.6% (성공 24.7 사망 16.2)

## reader
조건 | 초 D1-7 · 중 D8-20 · 후 D21-29 | D10 도달 | D30 | 클리어 | 도달시 | 사망/런 | 파산 | 현금/일 | 상위4 성공·나머지 | 상품바꿈 | 상위4몫 | 운배수(운판 n)
M | 42.6 · 37.5 · 34.3 | 72.2 | 8.0 | 2.4 | 30.2 | 7.57 | 1.7 | 81 | 64.6·20.1 | 24.3 | 44.7 | 4.5(98)
base | 42.6 · 38.1 · 34.8 | 85.8 | 5.0 | 1.6 | 32.0 | 8.21 | 1.4 | 80 | 65.0·20.0 | 23.9 | 45.0 | 3.4(128)
A | 42.6 · 35.4 · 34.7 | 84.4 | 4.0 | 1.1 | 28.4 | 8.09 | 0.9 | 76 | 63.3·19.1 | 24.2 | 45.0 | 6.0(88)
B | 42.6 · 38.1 · 35.9 | 85.8 | 5.3 | 1.4 | 25.5 | 8.20 | 1.3 | 81 | 65.0·20.1 | 23.9 | 45.0 | 4.1(129)
AB | 42.6 · 35.4 · 37.1 | 84.4 | 4.0 | 0.9 | 22.2 | 8.07 | 0.9 | 77 | 63.5·19.3 | 24.2 | 44.9 | 7.5(98)
C | 39.5 · 35.4 · 32.8 | 80.7 | 2.9 | 0.7 | 24.1 | 7.99 | 1.1 | 72 | 62.1·17.4 | 23.7 | 45.0 | 6.1(85)
C1 | 40.6 · 36.4 · 33.1 | 83.5 | 3.9 | 1.1 | 28.6 | 8.10 | 1.4 | 74 | 62.9·18.4 | 23.7 | 45.2 | 4.4(97)
AC1 | 40.6 · 33.7 · 31.7 | 82.3 | 2.5 | 0.6 | 22.0 | 7.99 | 0.9 | 71 | 61.3·17.6 | 23.9 | 44.8 | 6.0(71)
E | 39.5 · 32.9 · 32.7 | 80.1 | 1.3 | 0.3 | 20.0 | 7.90 | 1.2 | 68 | 60.0·17.2 | 24.0 | 44.8 | 8.2(59)

환경 모자란 원정(맨손 기준): 구간별 [포션만 P / 대응템 C / 둘다 PC / 둘다없음 -] 비율 · 성공 · 사망
M 초 n=61789 P 8.0% (성공 64.9 사망 4.5) | C 27.3% (성공 34.1 사망 3.7) | PC 2.0% (성공 58.8 사망 1.3) | - 62.6% (성공 42.6 사망 9.1)
M 중 n=67461 P 7.2% (성공 46.1 사망 12.0) | C 29.3% (성공 37.0 사망 9.0) | PC 1.3% (성공 66.8 사망 3.4) | - 62.2% (성공 35.9 사망 14.3)
M 후 n=14428 P 6.6% (성공 35.1 사망 13.2) | C 36.4% (성공 38.4 사망 10.6) | PC 1.6% (성공 48.7 사망 7.2) | - 55.3% (성공 30.9 사망 14.3)
base 초 n=61942 P 8.0% (성공 64.9 사망 4.5) | C 27.3% (성공 34.1 사망 3.7) | PC 2.0% (성공 58.9 사망 1.3) | - 62.6% (성공 42.6 사망 9.2)
base 중 n=78839 P 7.1% (성공 46.5 사망 11.9) | C 29.3% (성공 37.8 사망 8.9) | PC 1.3% (성공 66.6 사망 3.6) | - 62.4% (성공 36.5 사망 14.1)
base 후 n=14176 P 6.5% (성공 35.9 사망 12.7) | C 36.6% (성공 38.8 사망 10.3) | PC 1.6% (성공 48.5 사망 6.6) | - 55.3% (성공 31.5 사망 14.2)
A 초 n=61942 P 8.0% (성공 64.9 사망 4.5) | C 27.3% (성공 34.1 사망 3.7) | PC 2.0% (성공 58.9 사망 1.3) | - 62.6% (성공 42.6 사망 9.2)
A 중 n=73594 P 6.9% (성공 45.4 사망 11.8) | C 29.5% (성공 34.7 사망 10.2) | PC 1.2% (성공 61.1 사망 4.2) | - 62.3% (성공 34.0 사망 15.3)
A 후 n=11046 P 6.6% (성공 34.7 사망 11.9) | C 36.8% (성공 38.4 사망 10.2) | PC 1.6% (성공 51.7 사망 9.2) | - 55.0% (성공 31.7 사망 14.3)
B 초 n=61942 P 8.0% (성공 64.9 사망 4.5) | C 27.3% (성공 34.1 사망 3.7) | PC 2.0% (성공 58.9 사망 1.3) | - 62.6% (성공 42.6 사망 9.2)
B 중 n=78839 P 7.1% (성공 46.5 사망 11.9) | C 29.3% (성공 37.8 사망 8.9) | PC 1.3% (성공 66.6 사망 3.6) | - 62.4% (성공 36.5 사망 14.1)
B 후 n=14807 P 6.8% (성공 36.4 사망 12.7) | C 36.4% (성공 39.8 사망 9.1) | PC 1.6% (성공 52.3 사망 5.9) | - 55.2% (성공 32.7 사망 14.0)
AB 초 n=61942 P 8.0% (성공 64.9 사망 4.5) | C 27.3% (성공 34.1 사망 3.7) | PC 2.0% (성공 58.9 사망 1.3) | - 62.6% (성공 42.6 사망 9.2)
AB 중 n=73594 P 6.9% (성공 45.4 사망 11.8) | C 29.5% (성공 34.7 사망 10.2) | PC 1.2% (성공 61.1 사망 4.2) | - 62.3% (성공 34.0 사망 15.3)
AB 후 n=11202 P 6.5% (성공 37.1 사망 11.6) | C 36.7% (성공 40.6 사망 10.2) | PC 1.6% (성공 55.9 사망 7.3) | - 55.1% (성공 34.2 사망 13.7)
C 초 n=61889 P 7.6% (성공 57.2 사망 5.4) | C 31.8% (성공 33.3 사망 4.0) | PC 1.3% (성공 60.0 사망 2.0) | - 59.3% (성공 39.7 사망 10.7)
C 중 n=68598 P 6.2% (성공 44.6 사망 12.5) | C 31.7% (성공 36.3 사망 9.7) | PC 1.2% (성공 56.5 사망 7.7) | - 60.8% (성공 33.2 사망 15.5)
C 후 n=9830 P 5.8% (성공 31.0 사망 17.6) | C 38.0% (성공 36.8 사망 10.4) | PC 1.4% (성공 48.9 사망 9.8) | - 54.9% (성공 29.6 사망 15.2)
C1 초 n=61781 P 7.8% (성공 60.8 사망 5.4) | C 30.2% (성공 33.4 사망 4.0) | PC 1.8% (성공 56.6 사망 1.4) | - 60.2% (성공 40.8 사망 10.1)
C1 중 n=74075 P 6.6% (성공 45.4 사망 11.5) | C 30.6% (성공 35.9 사망 9.4) | PC 1.3% (성공 62.9 사망 4.1) | - 61.5% (성공 34.9 사망 14.6)
C1 후 n=11711 P 7.0% (성공 31.6 사망 15.7) | C 36.7% (성공 36.8 사망 10.3) | PC 1.6% (성공 51.4 사망 5.5) | - 54.8% (성공 30.1 사망 14.8)
AC1 초 n=61781 P 7.8% (성공 60.8 사망 5.4) | C 30.2% (성공 33.4 사망 4.0) | PC 1.8% (성공 56.6 사망 1.4) | - 60.2% (성공 40.8 사망 10.1)
AC1 중 n=69453 P 6.5% (성공 42.5 사망 12.4) | C 30.8% (성공 33.9 사망 10.5) | PC 1.2% (성공 55.9 사망 4.1) | - 61.4% (성공 31.9 사망 15.7)
AC1 후 n=8603 P 6.6% (성공 32.0 사망 15.0) | C 37.1% (성공 34.8 사망 11.0) | PC 1.8% (성공 54.2 사망 5.9) | - 54.5% (성공 28.7 사망 15.7)
E 초 n=61889 P 7.6% (성공 57.2 사망 5.4) | C 31.8% (성공 33.3 사망 4.0) | PC 1.3% (성공 60.0 사망 2.0) | - 59.3% (성공 39.7 사망 10.7)
E 중 n=65892 P 6.3% (성공 41.6 사망 13.3) | C 31.3% (성공 33.5 사망 10.2) | PC 1.1% (성공 55.8 사망 8.4) | - 61.3% (성공 31.0 사망 16.3)
E 후 n=7524 P 6.0% (성공 32.4 사망 15.7) | C 37.1% (성공 37.1 사망 11.4) | PC 1.0% (성공 53.2 사망 3.9) | - 55.9% (성공 29.3 사망 14.8)
