## base

balance measure · 516s · traj 400x10 · fresh 1000
after/traj/investor/none run1 n=400 | 성공 45.8% / 42.3% / 43.8% / 33.6% | D30 8.5% 클리어|도달 44.1% 클리어 3.8% | 좀비 15.8% | 사망/런 8.59 | 장식 0.0
  └ 종료 사망한도 90.5% 마왕실패 4.8% 클리어 3.8% 파산 1.0% | 끝난 날 중앙 19 | D10까지 사망 3.60 | 부상 출발/런 20.4 (사망 23.2%) | 상위 4명 성공 68.5% · 사망 0.60 · 나머지 21.6% · 사망 7.68 | 현금/일 80 | 자본 452
  └ 준비 | 상품 원정 성공 43.1% · 사망 9.3% | 맨손 원정 성공 11.2% · 사망 26.6% | 상품이 결과를 바꿈 25.8% (사망을 막음 4.2%) | 상위 4명이 받은 상품 47.0%
after/traj/investor/none run5 n=400 | 성공 47.9% / 44.5% / 46.2% / 32.8% | D30 5.8% 클리어|도달 43.5% 클리어 2.5% | 좀비 13.8% | 사망/런 8.41 | 장식 0.0
  └ 종료 사망한도 92.8% 마왕실패 3.3% 클리어 2.5% 파산 1.5% | 끝난 날 중앙 18 | D10까지 사망 3.87 | 부상 출발/런 18.8 (사망 23.8%) | 상위 4명 성공 70.3% · 사망 0.61 · 나머지 23.3% · 사망 7.49 | 현금/일 63 | 자본 409
  └ 준비 | 상품 원정 성공 45.2% · 사망 9.6% | 맨손 원정 성공 14.1% · 사망 23.4% | 상품이 결과를 바꿈 26.1% (사망을 막음 4.4%) | 상위 4명이 받은 상품 47.5%
after/traj/investor/none run10 n=400 | 성공 47.7% / 44.6% / 46.6% / 34.6% | D30 8.3% 클리어|도달 57.6% 클리어 4.8% | 좀비 10.5% | 사망/런 8.41 | 장식 0.0
  └ 종료 사망한도 90.0% 클리어 4.8% 마왕실패 3.5% 파산 1.8% | 끝난 날 중앙 18 | D10까지 사망 3.92 | 부상 출발/런 18.9 (사망 23.7%) | 상위 4명 성공 70.3% · 사망 0.63 · 나머지 22.7% · 사망 7.54 | 현금/일 64 | 자본 422
  └ 준비 | 상품 원정 성공 45.4% · 사망 9.6% | 맨손 원정 성공 14.8% · 사망 24.6% | 상품이 결과를 바꿈 25.1% (사망을 막음 4.5%) | 상위 4명이 받은 상품 48.5%
after/traj/investor/economy run1 n=400 | 성공 45.8% / 42.3% / 43.8% / 33.6% | D30 8.5% 클리어|도달 44.1% 클리어 3.8% | 좀비 15.8% | 사망/런 8.59 | 장식 0.0
  └ 종료 사망한도 90.5% 마왕실패 4.8% 클리어 3.8% 파산 1.0% | 끝난 날 중앙 19 | D10까지 사망 3.60 | 부상 출발/런 20.4 (사망 23.2%) | 상위 4명 성공 68.5% · 사망 0.60 · 나머지 21.6% · 사망 7.68 | 현금/일 80 | 자본 452
  └ 준비 | 상품 원정 성공 43.1% · 사망 9.3% | 맨손 원정 성공 11.2% · 사망 26.6% | 상품이 결과를 바꿈 25.8% (사망을 막음 4.2%) | 상위 4명이 받은 상품 47.0%
after/traj/investor/economy run5 n=400 | 성공 51.3% / 50.0% / 51.1% / 37.0% | D30 12.3% 클리어|도달 73.5% 클리어 9.0% | 좀비 11.8% | 사망/런 8.65 | 장식 2.1
  └ 종료 사망한도 87.8% 클리어 9.0% 마왕실패 3.3% | 끝난 날 중앙 20 | D10까지 사망 3.71 | 부상 출발/런 21.8 (사망 20.8%) | 상위 4명 성공 71.7% · 사망 0.60 · 나머지 27.7% · 사망 7.77 | 현금/일 177 | 자본 598
  └ 준비 | 상품 원정 성공 49.2% · 사망 8.4% | 맨손 원정 성공 14.4% · 사망 19.7% | 상품이 결과를 바꿈 24.6% (사망을 막음 4.0%) | 상위 4명이 받은 상품 48.8%
after/traj/investor/economy run10 n=400 | 성공 52.6% / 52.3% / 53.3% / 39.4% | D30 17.0% 클리어|도달 73.5% 클리어 12.5% | 좀비 11.8% | 사망/런 8.97 | 장식 3.9
  └ 종료 사망한도 83.0% 클리어 12.5% 마왕실패 4.5% | 끝난 날 중앙 25 | D10까지 사망 3.48 | 부상 출발/런 23.6 (사망 20.4%) | 상위 4명 성공 72.3% · 사망 0.54 · 나머지 30.9% · 사망 8.17 | 현금/일 236 | 자본 746
  └ 준비 | 상품 원정 성공 50.9% · 사망 7.8% | 맨손 원정 성공 12.4% · 사망 22.0% | 상품이 결과를 바꿈 24.0% (사망을 막음 3.9%) | 상위 4명이 받은 상품 47.7%
after/traj/investor/survival run1 n=400 | 성공 45.8% / 42.3% / 43.8% / 33.6% | D30 8.5% 클리어|도달 44.1% 클리어 3.8% | 좀비 15.8% | 사망/런 8.59 | 장식 0.0
  └ 종료 사망한도 90.5% 마왕실패 4.8% 클리어 3.8% 파산 1.0% | 끝난 날 중앙 19 | D10까지 사망 3.60 | 부상 출발/런 20.4 (사망 23.2%) | 상위 4명 성공 68.5% · 사망 0.60 · 나머지 21.6% · 사망 7.68 | 현금/일 80 | 자본 452
  └ 준비 | 상품 원정 성공 43.1% · 사망 9.3% | 맨손 원정 성공 11.2% · 사망 26.6% | 상품이 결과를 바꿈 25.8% (사망을 막음 4.2%) | 상위 4명이 받은 상품 47.0%
after/traj/investor/survival run5 n=400 | 성공 51.0% / 46.4% / 46.1% / 34.5% | D30 26.3% 클리어|도달 40.0% 클리어 10.5% | 좀비 26.5% | 사망/런 9.58 | 장식 2.2
  └ 종료 사망한도 71.5% 마왕실패 15.8% 클리어 10.5% 파산 2.3% | 끝난 날 중앙 26 | D10까지 사망 3.34 | 부상 출발/런 21.3 (사망 23.6%) | 상위 4명 성공 69.6% · 사망 0.66 · 나머지 24.8% · 사망 8.59 | 현금/일 57 | 자본 632
  └ 준비 | 상품 원정 성공 46.1% · 사망 8.4% | 맨손 원정 성공 11.9% · 사망 22.2% | 상품이 결과를 바꿈 27.8% (사망을 막음 5.1%) | 상위 4명이 받은 상품 47.8%
after/traj/investor/survival run10 n=400 | 성공 62.8% / 50.7% / 50.1% / 34.2% | D30 64.0% 클리어|도달 41.4% 클리어 26.5% | 좀비 40.0% | 사망/런 8.91 | 장식 3.9
  └ 종료 마왕실패 37.5% 사망한도 33.8% 클리어 26.5% 파산 2.3% | 끝난 날 중앙 30 | D10까지 사망 2.34 | 부상 출발/런 16.8 (사망 22.3%) | 상위 4명 성공 71.1% · 사망 0.60 · 나머지 33.0% · 사망 8.02 | 현금/일 48 | 자본 816
  └ 준비 | 상품 원정 성공 50.2% · 사망 6.6% | 맨손 원정 성공 12.2% · 사망 21.5% | 상품이 결과를 바꿈 26.2% (사망을 막음 4.3%) | 상위 4명이 받은 상품 44.1%
after/traj/investor/operation run1 n=400 | 성공 45.8% / 42.3% / 43.8% / 33.6% | D30 8.5% 클리어|도달 44.1% 클리어 3.8% | 좀비 15.8% | 사망/런 8.59 | 장식 0.0
  └ 종료 사망한도 90.5% 마왕실패 4.8% 클리어 3.8% 파산 1.0% | 끝난 날 중앙 19 | D10까지 사망 3.60 | 부상 출발/런 20.4 (사망 23.2%) | 상위 4명 성공 68.5% · 사망 0.60 · 나머지 21.6% · 사망 7.68 | 현금/일 80 | 자본 452
  └ 준비 | 상품 원정 성공 43.1% · 사망 9.3% | 맨손 원정 성공 11.2% · 사망 26.6% | 상품이 결과를 바꿈 25.8% (사망을 막음 4.2%) | 상위 4명이 받은 상품 47.0%
after/traj/investor/operation run5 n=400 | 성공 48.9% / 44.8% / 46.6% / 35.8% | D30 10.3% 클리어|도달 61.0% 클리어 6.3% | 좀비 11.5% | 사망/런 8.29 | 장식 2.0
  └ 종료 사망한도 86.0% 클리어 6.3% 마왕실패 4.0% 파산 3.8% | 끝난 날 중앙 18 | D10까지 사망 3.86 | 부상 출발/런 19.0 (사망 23.0%) | 상위 4명 성공 70.5% · 사망 0.55 · 나머지 23.8% · 사망 7.46 | 현금/일 61 | 자본 427
  └ 준비 | 상품 원정 성공 46.2% · 사망 9.1% | 맨손 원정 성공 11.9% · 사망 25.6% | 상품이 결과를 바꿈 25.2% (사망을 막음 4.2%) | 상위 4명이 받은 상품 48.6%
after/traj/investor/operation run10 n=400 | 성공 52.6% / 49.2% / 50.8% / 40.9% | D30 23.8% 클리어|도달 86.3% 클리어 20.5% | 좀비 11.0% | 사망/런 8.29 | 장식 3.6
  └ 종료 사망한도 71.3% 클리어 20.5% 파산 5.0% 마왕실패 3.3% | 끝난 날 중앙 22 | D10까지 사망 3.42 | 부상 출발/런 19.8 (사망 21.0%) | 상위 4명 성공 72.4% · 사망 0.44 · 나머지 28.1% · 사망 7.60 | 현금/일 55 | 자본 546
  └ 준비 | 상품 원정 성공 50.2% · 사망 7.9% | 맨손 원정 성공 18.9% · 사망 18.9% | 상품이 결과를 바꿈 23.0% (사망을 막음 3.6%) | 상위 4명이 받은 상품 49.4%
## A

balance measure · 467s · traj 400x10 · fresh 1000
after/traj/investor/none run1 n=400 | 성공 45.8% / 38.7% / 43.7% / 30.8% | D30 4.5% 클리어|도달 33.3% 클리어 1.5% | 좀비 13.0% | 사망/런 8.42 | 장식 0.0
  └ 종료 사망한도 94.3% 마왕실패 3.0% 클리어 1.5% 파산 1.3% | 끝난 날 중앙 18 | D10까지 사망 3.73 | 부상 출발/런 19.1 (사망 24.2%) | 상위 4명 성공 66.4% · 사망 0.68 · 나머지 21.7% · 사망 7.45 | 현금/일 80 | 자본 392
  └ 준비 | 상품 원정 성공 41.9% · 사망 9.9% | 맨손 원정 성공 10.6% · 사망 27.8% | 상품이 결과를 바꿈 27.0% (사망을 막음 4.4%) | 상위 4명이 받은 상품 46.4%
after/traj/investor/none run5 n=400 | 성공 47.6% / 40.7% / 44.3% / 34.6% | D30 7.8% 클리어|도달 45.2% 클리어 3.5% | 좀비 9.8% | 사망/런 8.25 | 장식 0.0
  └ 종료 사망한도 91.3% 마왕실패 4.3% 클리어 3.5% 파산 1.0% | 끝난 날 중앙 17 | D10까지 사망 3.96 | 부상 출발/런 18.6 (사망 23.2%) | 상위 4명 성공 68.3% · 사망 0.58 · 나머지 22.3% · 사망 7.39 | 현금/일 61 | 자본 389
  └ 준비 | 상품 원정 성공 43.8% · 사망 9.7% | 맨손 원정 성공 14.0% · 사망 25.9% | 상품이 결과를 바꿈 26.5% (사망을 막음 4.6%) | 상위 4명이 받은 상품 47.7%
after/traj/investor/none run10 n=400 | 성공 47.6% / 40.4% / 44.7% / 34.0% | D30 6.5% 클리어|도달 53.8% 클리어 3.5% | 좀비 10.0% | 사망/런 8.29 | 장식 0.0
  └ 종료 사망한도 91.8% 클리어 3.5% 마왕실패 3.0% 파산 1.8% | 끝난 날 중앙 17 | D10까지 사망 4.06 | 부상 출발/런 18.3 (사망 23.6%) | 상위 4명 성공 68.4% · 사망 0.56 · 나머지 21.8% · 사망 7.47 | 현금/일 58 | 자본 383
  └ 준비 | 상품 원정 성공 43.8% · 사망 9.9% | 맨손 원정 성공 12.3% · 사망 26.7% | 상품이 결과를 바꿈 25.8% (사망을 막음 4.6%) | 상위 4명이 받은 상품 47.9%
after/traj/investor/economy run1 n=400 | 성공 45.8% / 38.7% / 43.7% / 30.8% | D30 4.5% 클리어|도달 33.3% 클리어 1.5% | 좀비 13.0% | 사망/런 8.42 | 장식 0.0
  └ 종료 사망한도 94.3% 마왕실패 3.0% 클리어 1.5% 파산 1.3% | 끝난 날 중앙 18 | D10까지 사망 3.73 | 부상 출발/런 19.1 (사망 24.2%) | 상위 4명 성공 66.4% · 사망 0.68 · 나머지 21.7% · 사망 7.45 | 현금/일 80 | 자본 392
  └ 준비 | 상품 원정 성공 41.9% · 사망 9.9% | 맨손 원정 성공 10.6% · 사망 27.8% | 상품이 결과를 바꿈 27.0% (사망을 막음 4.4%) | 상위 4명이 받은 상품 46.4%
after/traj/investor/economy run5 n=400 | 성공 51.1% / 45.3% / 48.8% / 35.4% | D30 12.3% 클리어|도달 73.5% 클리어 9.0% | 좀비 14.0% | 사망/런 8.55 | 장식 1.9
  └ 종료 사망한도 87.8% 클리어 9.0% 마왕실패 3.3% | 끝난 날 중앙 19 | D10까지 사망 3.72 | 부상 출발/런 21.6 (사망 21.3%) | 상위 4명 성공 70.4% · 사망 0.54 · 나머지 25.3% · 사망 7.76 | 현금/일 173 | 자본 562
  └ 준비 | 상품 원정 성공 47.1% · 사망 8.5% | 맨손 원정 성공 12.3% · 사망 21.6% | 상품이 결과를 바꿈 25.1% (사망을 막음 4.3%) | 상위 4명이 받은 상품 48.6%
after/traj/investor/economy run10 n=400 | 성공 51.7% / 48.3% / 52.0% / 38.8% | D30 13.5% 클리어|도달 83.3% 클리어 11.3% | 좀비 10.5% | 사망/런 8.65 | 장식 3.8
  └ 종료 사망한도 86.5% 클리어 11.3% 마왕실패 2.3% | 끝난 날 중앙 20 | D10까지 사망 3.69 | 부상 출발/런 22.1 (사망 20.8%) | 상위 4명 성공 71.3% · 사망 0.59 · 나머지 29.0% · 사망 7.85 | 현금/일 232 | 자본 650
  └ 준비 | 상품 원정 성공 49.3% · 사망 8.3% | 맨손 원정 성공 15.3% · 사망 19.3% | 상품이 결과를 바꿈 24.6% (사망을 막음 4.3%) | 상위 4명이 받은 상품 47.3%
after/traj/investor/survival run1 n=400 | 성공 45.8% / 38.7% / 43.7% / 30.8% | D30 4.5% 클리어|도달 33.3% 클리어 1.5% | 좀비 13.0% | 사망/런 8.42 | 장식 0.0
  └ 종료 사망한도 94.3% 마왕실패 3.0% 클리어 1.5% 파산 1.3% | 끝난 날 중앙 18 | D10까지 사망 3.73 | 부상 출발/런 19.1 (사망 24.2%) | 상위 4명 성공 66.4% · 사망 0.68 · 나머지 21.7% · 사망 7.45 | 현금/일 80 | 자본 392
  └ 준비 | 상품 원정 성공 41.9% · 사망 9.9% | 맨손 원정 성공 10.6% · 사망 27.8% | 상품이 결과를 바꿈 27.0% (사망을 막음 4.4%) | 상위 4명이 받은 상품 46.4%
after/traj/investor/survival run5 n=400 | 성공 50.7% / 43.0% / 46.0% / 34.5% | D30 27.3% 클리어|도달 51.4% 클리어 14.0% | 좀비 23.5% | 사망/런 9.35 | 장식 2.0
  └ 종료 사망한도 70.3% 클리어 14.0% 마왕실패 13.3% 파산 2.5% | 끝난 날 중앙 26 | D10까지 사망 3.50 | 부상 출발/런 21.0 (사망 23.3%) | 상위 4명 성공 69.2% · 사망 0.64 · 나머지 23.7% · 사망 8.40 | 현금/일 51 | 자본 588
  └ 준비 | 상품 원정 성공 45.1% · 사망 8.6% | 맨손 원정 성공 13.8% · 사망 22.4% | 상품이 결과를 바꿈 28.0% (사망을 막음 5.2%) | 상위 4명이 받은 상품 47.4%
after/traj/investor/survival run10 n=400 | 성공 62.5% / 47.3% / 47.5% / 34.0% | D30 61.8% 클리어|도달 39.7% 클리어 24.5% | 좀비 39.0% | 사망/런 9.07 | 장식 3.9
  └ 종료 마왕실패 37.3% 사망한도 36.0% 클리어 24.5% 파산 2.3% | 끝난 날 중앙 30 | D10까지 사망 2.25 | 부상 출발/런 17.8 (사망 21.7%) | 상위 4명 성공 70.1% · 사망 0.59 · 나머지 31.0% · 사망 8.22 | 현금/일 49 | 자본 815
  └ 준비 | 상품 원정 성공 48.6% · 사망 6.8% | 맨손 원정 성공 12.7% · 사망 21.0% | 상품이 결과를 바꿈 25.9% (사망을 막음 4.5%) | 상위 4명이 받은 상품 44.4%
after/traj/investor/operation run1 n=400 | 성공 45.8% / 38.7% / 43.7% / 30.8% | D30 4.5% 클리어|도달 33.3% 클리어 1.5% | 좀비 13.0% | 사망/런 8.42 | 장식 0.0
  └ 종료 사망한도 94.3% 마왕실패 3.0% 클리어 1.5% 파산 1.3% | 끝난 날 중앙 18 | D10까지 사망 3.73 | 부상 출발/런 19.1 (사망 24.2%) | 상위 4명 성공 66.4% · 사망 0.68 · 나머지 21.7% · 사망 7.45 | 현금/일 80 | 자본 392
  └ 준비 | 상품 원정 성공 41.9% · 사망 9.9% | 맨손 원정 성공 10.6% · 사망 27.8% | 상품이 결과를 바꿈 27.0% (사망을 막음 4.4%) | 상위 4명이 받은 상품 46.4%
after/traj/investor/operation run5 n=400 | 성공 48.1% / 41.1% / 46.6% / 36.3% | D30 9.5% 클리어|도달 73.7% 클리어 7.0% | 좀비 9.0% | 사망/런 8.24 | 장식 1.8
  └ 종료 사망한도 89.0% 클리어 7.0% 마왕실패 2.5% 파산 1.5% | 끝난 날 중앙 18 | D10까지 사망 3.97 | 부상 출발/런 19.0 (사망 22.8%) | 상위 4명 성공 68.8% · 사망 0.56 · 나머지 22.7% · 사망 7.45 | 현금/일 60 | 자본 408
  └ 준비 | 상품 원정 성공 44.7% · 사망 9.5% | 맨손 원정 성공 13.4% · 사망 23.2% | 상품이 결과를 바꿈 25.3% (사망을 막음 4.4%) | 상위 4명이 받은 상품 48.3%
after/traj/investor/operation run10 n=400 | 성공 51.9% / 45.2% / 49.9% / 41.4% | D30 16.3% 클리어|도달 87.7% 클리어 14.3% | 좀비 9.3% | 사망/런 8.23 | 장식 3.4
  └ 종료 사망한도 78.0% 클리어 14.3% 파산 5.8% 마왕실패 2.0% | 끝난 날 중앙 19 | D10까지 사망 3.63 | 부상 출발/런 18.7 (사망 22.3%) | 상위 4명 성공 71.5% · 사망 0.53 · 나머지 26.8% · 사망 7.50 | 현금/일 52 | 자본 482
  └ 준비 | 상품 원정 성공 48.7% · 사망 8.5% | 맨손 원정 성공 18.2% · 사망 20.0% | 상품이 결과를 바꿈 24.0% (사망을 막음 4.0%) | 상위 4명이 받은 상품 48.9%
## AB

balance measure · 492s · traj 400x10 · fresh 1000
after/traj/investor/none run1 n=400 | 성공 45.8% / 38.7% / 43.7% / 34.9% | D30 6.8% 클리어|도달 51.9% 클리어 3.5% | 좀비 9.3% | 사망/런 8.38 | 장식 0.0
  └ 종료 사망한도 92.3% 클리어 3.5% 마왕실패 3.3% 파산 1.0% | 끝난 날 중앙 18 | D10까지 사망 3.73 | 부상 출발/런 19.1 (사망 24.0%) | 상위 4명 성공 66.8% · 사망 0.68 · 나머지 21.7% · 사망 7.40 | 현금/일 80 | 자본 396
  └ 준비 | 상품 원정 성공 42.3% · 사망 9.8% | 맨손 원정 성공 13.0% · 사망 25.2% | 상품이 결과를 바꿈 26.7% (사망을 막음 4.3%) | 상위 4명이 받은 상품 46.6%
after/traj/investor/none run5 n=400 | 성공 47.8% / 41.1% / 44.3% / 35.4% | D30 6.0% 클리어|도달 54.2% 클리어 3.3% | 좀비 8.8% | 사망/런 8.28 | 장식 0.0
  └ 종료 사망한도 93.0% 클리어 3.3% 마왕실패 2.8% 파산 1.0% | 끝난 날 중앙 17 | D10까지 사망 3.94 | 부상 출발/런 18.5 (사망 23.5%) | 상위 4명 성공 68.5% · 사망 0.57 · 나머지 22.7% · 사망 7.42 | 현금/일 62 | 자본 393
  └ 준비 | 상품 원정 성공 44.1% · 사망 9.7% | 맨손 원정 성공 11.7% · 사망 27.2% | 상품이 결과를 바꿈 26.5% (사망을 막음 4.6%) | 상위 4명이 받은 상품 47.5%
after/traj/investor/none run10 n=400 | 성공 47.5% / 40.8% / 44.7% / 35.1% | D30 7.3% 클리어|도달 58.6% 클리어 4.3% | 좀비 10.8% | 사망/런 8.31 | 장식 0.0
  └ 종료 사망한도 91.0% 클리어 4.3% 마왕실패 3.0% 파산 1.8% | 끝난 날 중앙 17 | D10까지 사망 4.04 | 부상 출발/런 18.6 (사망 23.8%) | 상위 4명 성공 68.5% · 사망 0.58 · 나머지 21.8% · 사망 7.50 | 현금/일 61 | 자본 393
  └ 준비 | 상품 원정 성공 43.9% · 사망 9.8% | 맨손 원정 성공 13.7% · 사망 23.9% | 상품이 결과를 바꿈 25.5% (사망을 막음 4.4%) | 상위 4명이 받은 상품 48.2%
after/traj/investor/economy run1 n=400 | 성공 45.8% / 38.7% / 43.7% / 34.9% | D30 6.8% 클리어|도달 51.9% 클리어 3.5% | 좀비 9.3% | 사망/런 8.38 | 장식 0.0
  └ 종료 사망한도 92.3% 클리어 3.5% 마왕실패 3.3% 파산 1.0% | 끝난 날 중앙 18 | D10까지 사망 3.73 | 부상 출발/런 19.1 (사망 24.0%) | 상위 4명 성공 66.8% · 사망 0.68 · 나머지 21.7% · 사망 7.40 | 현금/일 80 | 자본 396
  └ 준비 | 상품 원정 성공 42.3% · 사망 9.8% | 맨손 원정 성공 13.0% · 사망 25.2% | 상품이 결과를 바꿈 26.7% (사망을 막음 4.3%) | 상위 4명이 받은 상품 46.6%
after/traj/investor/economy run5 n=400 | 성공 51.2% / 45.5% / 48.9% / 37.5% | D30 12.5% 클리어|도달 58.0% 클리어 7.3% | 좀비 11.3% | 사망/런 8.52 | 장식 1.9
  └ 종료 사망한도 87.5% 클리어 7.3% 마왕실패 5.3% | 끝난 날 중앙 19 | D10까지 사망 3.78 | 부상 출발/런 21.1 (사망 21.6%) | 상위 4명 성공 71.0% · 사망 0.55 · 나머지 25.8% · 사망 7.74 | 현금/일 176 | 자본 549
  └ 준비 | 상품 원정 성공 47.5% · 사망 8.7% | 맨손 원정 성공 13.3% · 사망 19.8% | 상품이 결과를 바꿈 25.3% (사망을 막음 4.2%) | 상위 4명이 받은 상품 48.3%
after/traj/investor/economy run10 n=400 | 성공 51.8% / 48.3% / 51.6% / 39.9% | D30 14.5% 클리어|도달 70.7% 클리어 10.3% | 좀비 8.8% | 사망/런 8.57 | 장식 3.8
  └ 종료 사망한도 85.5% 클리어 10.3% 마왕실패 4.3% | 끝난 날 중앙 20 | D10까지 사망 3.78 | 부상 출발/런 21.8 (사망 20.8%) | 상위 4명 성공 71.1% · 사망 0.60 · 나머지 29.2% · 사망 7.75 | 현금/일 234 | 자본 636
  └ 준비 | 상품 원정 성공 49.3% · 사망 8.3% | 맨손 원정 성공 12.9% · 사망 25.4% | 상품이 결과를 바꿈 24.6% (사망을 막음 4.2%) | 상위 4명이 받은 상품 47.4%
after/traj/investor/survival run1 n=400 | 성공 45.8% / 38.7% / 43.7% / 34.9% | D30 6.8% 클리어|도달 51.9% 클리어 3.5% | 좀비 9.3% | 사망/런 8.38 | 장식 0.0
  └ 종료 사망한도 92.3% 클리어 3.5% 마왕실패 3.3% 파산 1.0% | 끝난 날 중앙 18 | D10까지 사망 3.73 | 부상 출발/런 19.1 (사망 24.0%) | 상위 4명 성공 66.8% · 사망 0.68 · 나머지 21.7% · 사망 7.40 | 현금/일 80 | 자본 396
  └ 준비 | 상품 원정 성공 42.3% · 사망 9.8% | 맨손 원정 성공 13.0% · 사망 25.2% | 상품이 결과를 바꿈 26.7% (사망을 막음 4.3%) | 상위 4명이 받은 상품 46.6%
after/traj/investor/survival run5 n=400 | 성공 50.8% / 42.8% / 45.4% / 35.0% | D30 27.5% 클리어|도달 47.3% 클리어 13.0% | 좀비 22.0% | 사망/런 9.36 | 장식 2.0
  └ 종료 사망한도 69.5% 마왕실패 14.5% 클리어 13.0% 파산 3.0% | 끝난 날 중앙 26 | D10까지 사망 3.46 | 부상 출발/런 21.0 (사망 23.0%) | 상위 4명 성공 68.9% · 사망 0.67 · 나머지 24.0% · 사망 8.36 | 현금/일 50 | 자본 589
  └ 준비 | 상품 원정 성공 45.1% · 사망 8.5% | 맨손 원정 성공 12.4% · 사망 24.4% | 상품이 결과를 바꿈 27.8% (사망을 막음 5.1%) | 상위 4명이 받은 상품 47.2%
after/traj/investor/survival run10 n=400 | 성공 62.2% / 47.3% / 48.1% / 35.4% | D30 63.8% 클리어|도달 38.8% 클리어 24.8% | 좀비 39.5% | 사망/런 9.15 | 장식 3.9
  └ 종료 마왕실패 39.0% 사망한도 34.8% 클리어 24.8% 파산 1.5% | 끝난 날 중앙 30 | D10까지 사망 2.24 | 부상 출발/런 17.7 (사망 22.5%) | 상위 4명 성공 70.6% · 사망 0.56 · 나머지 31.0% · 사망 8.29 | 현금/일 49 | 자본 826
  └ 준비 | 상품 원정 성공 49.0% · 사망 6.7% | 맨손 원정 성공 10.7% · 사망 20.4% | 상품이 결과를 바꿈 26.0% (사망을 막음 4.6%) | 상위 4명이 받은 상품 44.8%
after/traj/investor/operation run1 n=400 | 성공 45.8% / 38.7% / 43.7% / 34.9% | D30 6.8% 클리어|도달 51.9% 클리어 3.5% | 좀비 9.3% | 사망/런 8.38 | 장식 0.0
  └ 종료 사망한도 92.3% 클리어 3.5% 마왕실패 3.3% 파산 1.0% | 끝난 날 중앙 18 | D10까지 사망 3.73 | 부상 출발/런 19.1 (사망 24.0%) | 상위 4명 성공 66.8% · 사망 0.68 · 나머지 21.7% · 사망 7.40 | 현금/일 80 | 자본 396
  └ 준비 | 상품 원정 성공 42.3% · 사망 9.8% | 맨손 원정 성공 13.0% · 사망 25.2% | 상품이 결과를 바꿈 26.7% (사망을 막음 4.3%) | 상위 4명이 받은 상품 46.6%
after/traj/investor/operation run5 n=400 | 성공 48.3% / 41.5% / 46.6% / 37.3% | D30 9.3% 클리어|도달 59.5% 클리어 5.5% | 좀비 8.8% | 사망/런 8.37 | 장식 1.8
  └ 종료 사망한도 89.5% 클리어 5.5% 마왕실패 3.8% 파산 1.3% | 끝난 날 중앙 18 | D10까지 사망 3.93 | 부상 출발/런 19.6 (사망 22.6%) | 상위 4명 성공 69.2% · 사망 0.55 · 나머지 22.6% · 사망 7.58 | 현금/일 60 | 자본 428
  └ 준비 | 상품 원정 성공 44.9% · 사망 9.4% | 맨손 원정 성공 13.6% · 사망 23.3% | 상품이 결과를 바꿈 24.9% (사망을 막음 4.3%) | 상위 4명이 받은 상품 48.6%
after/traj/investor/operation run10 n=400 | 성공 52.0% / 44.7% / 50.2% / 40.9% | D30 17.0% 클리어|도달 91.2% 클리어 15.5% | 좀비 7.5% | 사망/런 8.26 | 장식 3.4
  └ 종료 사망한도 76.8% 클리어 15.5% 파산 6.3% 마왕실패 1.5% | 끝난 날 중앙 19 | D10까지 사망 3.62 | 부상 출발/런 18.9 (사망 21.9%) | 상위 4명 성공 71.2% · 사망 0.49 · 나머지 26.8% · 사망 7.55 | 현금/일 49 | 자본 492
  └ 준비 | 상품 원정 성공 48.6% · 사망 8.4% | 맨손 원정 성공 17.4% · 사망 20.3% | 상품이 결과를 바꿈 23.8% (사망을 막음 3.9%) | 상위 4명이 받은 상품 48.8%
