relic landmark (fresh reader+expert, n=2000): owners vs runs alive at the same purchase day without it
expeditionMeal   보유  732 구매일 11.8 D30 + 26.0%p 클리어 + 21.0%p
returnPoints     보유  526 구매일 12.7 D30 + 16.5%p 클리어 + 14.5%p
lifetime         보유  280 구매일 17.4 D30 + 12.2%p 클리어 + 12.8%p
fresh24          보유  491 구매일 16.2 D30 + 17.2%p 클리어 + 11.6%p
kitchen          보유  969 구매일  5.5 D30 + 15.5%p 클리어 + 10.6%p
extraOrder       보유  290 구매일 11.8 D30 +  9.2%p 클리어 +  8.6%p
dawnRecovery     보유  600 구매일 12.2 D30 + 13.0%p 클리어 +  6.8%p
opsRoom          보유  332 구매일 16.8 D30 +  9.7%p 클리어 +  5.7%p
firstAidDesk     보유  200 구매일 16.5 D30 + 10.0%p 클리어 +  5.4%p
hub              보유  460 구매일 15.6 D30 +  3.7%p 클리어 +  5.0%p
groupOrder       보유  134 구매일 10.6 D30 +  6.6%p 클리어 +  4.1%p
premiumMember    보유  199 구매일 13.7 D30 + 10.6%p 클리어 +  3.9%p
board            보유  413 구매일  6.9 D30 +  4.0%p 클리어 +  3.4%p
firstVisitCoupon 보유  117 구매일  7.6 D30 +  3.5%p 클리어 +  3.3%p
bulk             보유  560 구매일  6.1 D30 +  7.6%p 클리어 +  2.6%p
supplyCert       보유   98 구매일 12.7 D30 +  2.5%p 클리어 +  2.2%p
fieldStretcher   보유  206 구매일  7.6 D30 +  8.3%p 클리어 +  1.4%p
coldcase         보유  269 구매일 12.1 D30 +  3.6%p 클리어  -0.3%p
rotation         보유  648 구매일  6.0 D30 +  3.7%p 클리어  -1.0%p
hazardBoard      보유  303 구매일  8.9 D30 +  2.0%p 클리어  -1.8%p
member           보유  630 구매일  5.7 D30 +  3.3%p 클리어  -1.8%p
fridge           보유   76 구매일  7.2 D30  -1.0%p 클리어  -2.0%p
royalCert        보유   69 구매일 18.1 D30 +  7.2%p 클리어  -3.8%p
guarantee        보유  138 구매일  8.6 D30  -7.6%p 클리어  -4.0%p
