
v2.10.0 measure · 466s · traj 200x10 · fresh 1000
after/traj/reader/none run1 n=200 | 성공 52.4% / 45.9% / 49.8% / 46.0% | D30 40.5% 클리어|도달 67.9% 클리어 27.5% | 좀비 8.0% | 사망/런 8.24 | 장식 0.0
after/traj/reader/none run5 n=200 | 성공 53.5% / 47.6% / 50.9% / 46.4% | D30 42.0% 클리어|도달 59.5% 클리어 25.0% | 좀비 8.5% | 사망/런 8.10 | 장식 0.0
after/traj/reader/none run10 n=200 | 성공 55.8% / 48.7% / 49.1% / 45.5% | D30 52.5% 클리어|도달 46.7% 클리어 24.5% | 좀비 11.5% | 사망/런 8.11 | 장식 0.0
after/traj/reader/economy run1 n=200 | 성공 52.4% / 45.9% / 49.8% / 46.0% | D30 40.5% 클리어|도달 67.9% 클리어 27.5% | 좀비 8.0% | 사망/런 8.24 | 장식 0.0
after/traj/reader/economy run5 n=200 | 성공 58.2% / 56.1% / 58.1% / 54.2% | D30 64.5% 클리어|도달 79.1% 클리어 51.0% | 좀비 2.0% | 사망/런 7.71 | 장식 3.0
after/traj/reader/economy run10 n=200 | 성공 60.9% / 59.2% / 60.3% / 56.0% | D30 74.0% 클리어|도달 74.3% 클리어 55.0% | 좀비 1.0% | 사망/런 7.21 | 장식 4.0
after/traj/reader/survival run1 n=200 | 성공 52.4% / 45.9% / 49.8% / 46.0% | D30 40.5% 클리어|도달 67.9% 클리어 27.5% | 좀비 8.0% | 사망/런 8.24 | 장식 0.0
after/traj/reader/survival run5 n=200 | 성공 58.6% / 52.3% / 50.7% / 44.7% | D30 92.0% 클리어|도달 51.1% 클리어 47.0% | 좀비 13.5% | 사망/런 7.63 | 장식 3.2
after/traj/reader/survival run10 n=200 | 성공 62.4% / 54.8% / 52.5% / 45.3% | D30 93.0% 클리어|도달 50.0% 클리어 46.5% | 좀비 12.5% | 사망/런 7.01 | 장식 4.0
after/traj/expert/none run1 n=200 | 성공 53.9% / 49.1% / 48.6% / 45.0% | D30 47.0% 클리어|도달 61.7% 클리어 29.0% | 좀비 11.0% | 사망/런 8.57 | 장식 0.0
after/traj/expert/none run5 n=200 | 성공 53.7% / 46.8% / 48.8% / 45.1% | D30 47.0% 클리어|도달 56.4% 클리어 26.5% | 좀비 6.0% | 사망/런 8.37 | 장식 0.0
after/traj/expert/none run10 n=200 | 성공 54.3% / 47.1% / 49.8% / 45.9% | D30 53.0% 클리어|도달 54.7% 클리어 29.0% | 좀비 9.5% | 사망/런 8.25 | 장식 0.0
after/traj/expert/economy run1 n=200 | 성공 53.9% / 49.1% / 48.6% / 45.0% | D30 47.0% 클리어|도달 61.7% 클리어 29.0% | 좀비 11.0% | 사망/런 8.57 | 장식 0.0
after/traj/expert/economy run5 n=200 | 성공 56.8% / 56.2% / 58.2% / 53.1% | D30 64.5% 클리어|도달 83.7% 클리어 54.0% | 좀비 3.5% | 사망/런 7.66 | 장식 3.0
after/traj/expert/economy run10 n=200 | 성공 61.5% / 59.2% / 60.0% / 55.1% | D30 78.0% 클리어|도달 80.1% 클리어 62.5% | 좀비 3.0% | 사망/런 7.37 | 장식 4.0
after/traj/expert/survival run1 n=200 | 성공 53.9% / 49.1% / 48.6% / 45.0% | D30 47.0% 클리어|도달 61.7% 클리어 29.0% | 좀비 11.0% | 사망/런 8.57 | 장식 0.0
after/traj/expert/survival run5 n=200 | 성공 58.9% / 51.9% / 49.7% / 43.8% | D30 95.0% 클리어|도달 49.5% 클리어 47.0% | 좀비 20.5% | 사망/런 8.16 | 장식 3.3
after/traj/expert/survival run10 n=200 | 성공 63.5% / 55.9% / 53.5% / 43.9% | D30 96.5% 클리어|도달 49.7% 클리어 48.0% | 좀비 17.0% | 사망/런 6.92 | 장식 4.0
after/fresh/reader/none n=1000 | 성공 54.2% / 48.0% / 50.3% / 46.5% | D30 45.9% 클리어|도달 63.4% 클리어 29.1% | 좀비 6.8% | 사망/런 8.15 | 장식 0.0
after/fresh/expert/none n=1000 | 성공 53.1% / 48.1% / 50.9% / 46.7% | D30 45.1% 클리어|도달 59.9% 클리어 27.0% | 좀비 8.0% | 사망/런 8.21 | 장식 0.0
after/fresh/balanced/none n=1000 | 성공 49.8% / 42.4% / 41.9% / 37.0% | D30 14.3% 클리어|도달 38.5% 클리어 5.5% | 좀비 12.6% | 사망/런 7.97 | 장식 0.0
