
after/fresh/reader/none n 1000 평균 도달일 27.3 현금/일 134.3
 종료 소문이 퍼지자 모험가들의  17.1 · 클리어 58.7 · 마왕 실패 18.9 · 장사를 이어갈 자금이 바닥 5.3
 결과 대성공 9.0 성공 38.5 퇴각 15.3 부상 22.6 중상 9.0 사망 5.7 · 환경사고 20.1 · 원정/런 123.6
 마왕 SLOTH 64.3%(112) GLUTTONY 72.7%(121) ENVY 73.0%(111) GREED 86.7%(105) WRATH 77.9%(104) PRIDE 79.3%(111) LUST 76.8%(112)
 지갑 band0 연패 n1965 중앙 100G <70G 8.3% | 그외 n18883 중앙 190G <70G 1.4%
 지갑 band1 연패 n7077 중앙 140G <70G 1.7% | 그외 n21645 중앙 290G <70G 0.2%
 지갑 band2 연패 n7173 중앙 180G <70G 0.1% | 그외 n19663 중앙 490G <70G 0.0%
 지갑 band3 연패 n8243 중앙 230G <70G 0.0% | 그외 n21667 중앙 840G <70G 0.0%

before/fresh/reader/none n 1000 평균 도달일 21.3 현금/일 63.3
 종료 소문이 퍼지자 모험가들의  61.3 · 장사를 이어갈 자금이 바닥 9.6 · 마왕 실패 10.9 · 클리어 18.2
 결과 대성공 4.0 성공 25.9 퇴각 26.9 부상 23.0 중상 11.9 사망 8.3 · 환경사고 12.6 · 원정/런 96.6
 마왕 LUST 66.0%(47) PRIDE 67.9%(53) SLOTH 46.9%(32) ENVY 60.6%(33) GLUTTONY 62.5%(48) GREED 65.9%(41) WRATH 62.2%(37)
 지갑 band0 연패 n3944 중앙 120G <70G 7.7% | 그외 n16706 중앙 180G <70G 1.5%
 지갑 band1 연패 n12124 중앙 170G <70G 0.9% | 그외 n13914 중앙 270G <70G 0.2%
 지갑 band2 연패 n10144 중앙 230G <70G 0.1% | 그외 n9232 중앙 430G <70G 0.0%
 지갑 band3 연패 n7959 중앙 310G <70G 0.0% | 그외 n7054 중앙 710G <70G 0.0%

after/fresh/expert/none n 1000 평균 도달일 27.4 현금/일 146.8
 종료 클리어 61.7 · 소문이 퍼지자 모험가들의  18.9 · 마왕 실패 15.8 · 장사를 이어갈 자금이 바닥 3.6
 결과 대성공 8.9 성공 37.9 퇴각 15.7 부상 22.7 중상 9.0 사망 5.7 · 환경사고 20.2 · 원정/런 124.0
 마왕 GREED 81.9%(105) SLOTH 71.2%(104) GLUTTONY 84.0%(125) LUST 78.2%(119) PRIDE 80.0%(110) WRATH 77.3%(110) ENVY 84.3%(102)
 지갑 band0 연패 n2082 중앙 100G <70G 9.6% | 그외 n18695 중앙 180G <70G 1.5%
 지갑 band1 연패 n7396 중앙 130G <70G 1.4% | 그외 n21382 중앙 290G <70G 0.2%
 지갑 band2 연패 n7417 중앙 180G <70G 0.1% | 그외 n19762 중앙 470G <70G 0.0%
 지갑 band3 연패 n8494 중앙 230G <70G 0.0% | 그외 n21452 중앙 800G <70G 0.0%

before/fresh/expert/none n 1000 평균 도달일 21.3 현금/일 74.9
 종료 소문이 퍼지자 모험가들의  63.0 · 클리어 19.4 · 마왕 실패 12.1 · 장사를 이어갈 자금이 바닥 5.5
 결과 대성공 3.9 성공 25.8 퇴각 27.0 부상 23.0 중상 11.9 사망 8.4 · 환경사고 12.5 · 원정/런 96.3
 마왕 LUST 50.0%(42) PRIDE 60.4%(48) SLOTH 65.9%(41) GREED 72.7%(44) ENVY 56.3%(48) GLUTTONY 59.3%(54) WRATH 68.4%(38)
 지갑 band0 연패 n4000 중앙 120G <70G 7.4% | 그외 n16753 중앙 170G <70G 1.9%
 지갑 band1 연패 n11811 중앙 160G <70G 1.1% | 그외 n13491 중앙 260G <70G 0.2%
 지갑 band2 연패 n10187 중앙 220G <70G 0.0% | 그외 n8987 중앙 410G <70G 0.0%
 지갑 band3 연패 n8153 중앙 300G <70G 0.0% | 그외 n7335 중앙 670G <70G 0.0%

after/fresh/balanced/none n 1000 평균 도달일 24.7 현금/일 70.9
 종료 소문이 퍼지자 모험가들의  39.4 · 클리어 20.1 · 마왕 실패 30.3 · 장사를 이어갈 자금이 바닥 10.2
 결과 대성공 7.6 성공 32.9 퇴각 17.4 부상 24.7 중상 10.2 사망 7.1 · 환경사고 21.4 · 원정/런 112.2
 마왕 GLUTTONY 37.5%(80) PRIDE 40.6%(69) LUST 37.1%(70) SLOTH 28.2%(78) GREED 37.2%(86) ENVY 59.3%(54) WRATH 46.3%(67)
 지갑 band0 연패 n2202 중앙 130G <70G 4.2% | 그외 n18681 중앙 190G <70G 1.4%
 지갑 band1 연패 n8386 중앙 170G <70G 0.7% | 그외 n19275 중앙 310G <70G 0.1%
 지갑 band2 연패 n8243 중앙 210G <70G 0.0% | 그외 n15927 중앙 530G <70G 0.0%
 지갑 band3 연패 n8334 중앙 260G <70G 0.0% | 그외 n14529 중앙 900G <70G 0.0%

before/fresh/balanced/none n 1000 평균 도달일 17.7 현금/일 25.0
 종료 소문이 퍼지자 모험가들의  80.3 · 마왕 실패 7.2 · 장사를 이어갈 자금이 바닥 9.7 · 클리어 2.8
 결과 대성공 3.4 성공 22.3 퇴각 28.0 부상 24.5 중상 12.2 사망 9.7 · 환경사고 13.2 · 원정/런 80.2
 마왕 LUST 38.9%(18) PRIDE 28.6%(14) SLOTH 18.8%(16) WRATH 0.0%(9) ENVY 33.3%(12) GREED 46.7%(15) GLUTTONY 18.8%(16)
 지갑 band0 연패 n4009 중앙 150G <70G 3.7% | 그외 n16500 중앙 180G <70G 1.3%
 지갑 band1 연패 n11580 중앙 200G <70G 0.5% | 그외 n11474 중앙 280G <70G 0.1%
 지갑 band2 연패 n8355 중앙 270G <70G 0.0% | 그외 n5654 중앙 450G <70G 0.0%
 지갑 band3 연패 n5118 중앙 350G <70G 0.0% | 그외 n3007 중앙 690G <70G 0.0%

유물 after/fresh/reader/none (기준 D30 77.6 클리어 58.7)
 kitchen          보유  53.5% 평균구매일  6.7 D30 83.4 클리어 64.1 일반성공 48.7
 expeditionMeal   보유  45.3% 평균구매일 12.4 D30 86.5 클리어 65.6 일반성공 48.6
 dawnRecovery     보유  39.7% 평균구매일 13.2 D30 87.7 클리어 66.8 일반성공 47.8
 member           보유  37.8% 평균구매일  7.9 D30 83.1 클리어 61.9 일반성공 47.1
 rotation         보유  32.7% 평균구매일  5.9 D30 81.0 클리어 60.6 일반성공 47.1
 returnPoints     보유  32.2% 평균구매일 13.4 D30 90.1 클리어 65.8 일반성공 47.3
 fresh24          보유  32.1% 평균구매일 17.4 D30 90.7 클리어 71.7 일반성공 49.0
 bulk             보유  30.3% 평균구매일  6.9 D30 83.8 클리어 61.4 일반성공 47.1
 hub              보유  28.4% 평균구매일 16.7 D30 88.7 클리어 69.0 일반성공 48.2
 board            보유  25.8% 평균구매일  9.1 D30 86.0 클리어 63.6 일반성공 47.5
 opsRoom          보유  23.3% 평균구매일 17.3 D30 94.4 클리어 71.7 일반성공 48.7
 extraOrder       보유  19.9% 평균구매일 14.1 D30 86.9 클리어 68.3 일반성공 47.8
 lifetime         보유  19.1% 평균구매일 17.0 D30 92.1 클리어 73.8 일반성공 48.7
 hazardBoard      보유  16.5% 평균구매일  9.7 D30 86.7 클리어 69.7 일반성공 47.9
 coldcase         보유  15.8% 평균구매일 13.8 D30 84.2 클리어 64.6 일반성공 47.6
 firstAidDesk     보유  14.9% 평균구매일 17.0 D30 92.6 클리어 67.8 일반성공 48.1
 fieldStretcher   보유  13.7% 평균구매일 10.3 D30 83.2 클리어 60.6 일반성공 47.3
 premiumMember    보유  11.4% 평균구매일 14.5 D30 89.5 클리어 70.2 일반성공 48.2
 groupOrder       보유   8.4% 평균구매일 13.5 D30 83.3 클리어 65.5 일반성공 48.0
 guarantee        보유   8.3% 평균구매일  9.8 D30 84.3 클리어 56.6 일반성공 46.8
 firstVisitCoupon 보유   7.2% 평균구매일  8.9 D30 80.6 클리어 61.1 일반성공 46.0
 supplyCert       보유   5.9% 평균구매일 12.2 D30 89.8 클리어 62.7 일반성공 46.9
 fridge           보유   5.7% 평균구매일 10.2 D30 87.7 클리어 57.9 일반성공 47.7
 royalCert        보유   2.9% 평균구매일 17.4 D30 96.6 클리어 69.0 일반성공 48.9
 stamp            보유   1.9% 평균구매일 12.1 D30 89.5 클리어 73.7 일반성공 46.7
 warehouse        보유   1.7% 평균구매일 15.1 D30 64.7 클리어 35.3 일반성공 44.4
 rerollTicket     보유   1.5% 평균구매일 17.3 D30 100.0 클리어 60.0 일반성공 47.0
 logisticsHQ      보유   0.5% 평균구매일 17.0 D30 100.0 클리어 40.0 일반성공 44.1
 memberBundle     보유   0.4% 평균구매일 12.5 D30 75.0 클리어 75.0 일반성공 46.7
 fieldRepair      보유   0.3% 평균구매일 18.3 D30 100.0 클리어 66.7 일반성공 42.6

유물 before/fresh/reader/none (기준 D30 29.1 클리어 18.2)
 kitchen          보유  42.7% 평균구매일  4.4 D30 39.1 클리어 25.8 일반성공 31.7
 expeditionMeal   보유  32.8% 평균구매일 10.9 D30 45.4 클리어 29.6 일반성공 30.7
 rotation         보유  31.2% 평균구매일  5.1 D30 35.9 클리어 22.4 일반성공 30.4
 member           보유  29.3% 평균구매일  5.2 D30 30.7 클리어 18.8 일반성공 30.2
 bulk             보유  27.1% 평균구매일  5.0 D30 37.3 클리어 21.8 일반성공 29.9
 dawnRecovery     보유  27.0% 평균구매일 11.1 D30 49.6 클리어 31.5 일반성공 31.5
 fresh24          보유  21.3% 평균구매일 15.5 D30 57.3 클리어 38.0 일반성공 33.5
 returnPoints     보유  21.2% 평균구매일 11.6 D30 50.5 클리어 29.7 일반성공 31.1
 board            보유  19.8% 평균구매일  6.3 D30 39.4 클리어 24.2 일반성공 31.3
 hub              보유  16.9% 평균구매일 15.7 D30 50.9 클리어 36.1 일반성공 32.7
 hazardBoard      보유  14.6% 평균구매일  8.6 D30 41.1 클리어 22.6 일반성공 29.0
 extraOrder       보유  14.1% 평균구매일 10.9 D30 47.5 클리어 33.3 일반성공 31.5
 opsRoom          보유  12.1% 평균구매일 15.0 D30 60.3 클리어 38.0 일반성공 32.6
 fieldStretcher   보유  11.8% 평균구매일  7.8 D30 39.8 클리어 20.3 일반성공 28.9
 lifetime         보유  11.6% 평균구매일 15.9 D30 66.4 클리어 49.1 일반성공 34.1
 coldcase         보유  11.1% 평균구매일 10.6 D30 37.8 클리어 19.8 일반성공 30.1
 firstAidDesk     보유   9.0% 평균구매일 16.6 D30 70.0 클리어 43.3 일반성공 31.6
 premiumMember    보유   7.7% 평균구매일 11.0 D30 40.3 클리어 22.1 일반성공 29.0
 guarantee        보유   7.3% 평균구매일  7.6 D30 52.1 클리어 27.4 일반성공 30.4
 groupOrder       보유   7.2% 평균구매일 11.8 D30 45.8 클리어 30.6 일반성공 30.8
 firstVisitCoupon 보유   4.9% 평균구매일  4.7 D30 26.5 클리어 10.2 일반성공 25.3
 supplyCert       보유   3.9% 평균구매일 12.3 D30 56.4 클리어 33.3 일반성공 30.7
 fridge           보유   3.4% 평균구매일  7.1 D30 32.4 클리어 17.6 일반성공 28.8
 royalCert        보유   2.3% 평균구매일 13.7 D30 39.1 클리어 17.4 일반성공 28.8
 stamp            보유   1.6% 평균구매일  8.8 D30 50.0 클리어 31.3 일반성공 35.8
 warehouse        보유   0.6% 평균구매일 15.8 D30 50.0 클리어 16.7 일반성공 28.6
 rerollTicket     보유   0.5% 평균구매일 15.0 D30 40.0 클리어 20.0 일반성공 28.5
 fieldRepair      보유   0.4% 평균구매일 12.8 D30 0.0 클리어 0.0 일반성공 22.3
 rareContract     보유   0.3% 평균구매일 12.7 D30 0.0 클리어 0.0 일반성공 18.0
 memberBundle     보유   0.2% 평균구매일 10.0 D30 50.0 클리어 50.0 일반성공 35.5
 logisticsHQ      보유   0.1% 평균구매일 15.0 D30 0.0 클리어 0.0 일반성공 35.7
