# bffaeef (A + misstep bundle: ease .85/.90, Death .40/.25, escape base .40, strain +12%p/40%p; severe 36% kept)
v2.10.0 measure · 1015s · traj 200x10 · fresh 1000
after/traj/reader/none run1 n=200 | 성공 57.9% / 52.9% / 54.1% / 45.9% | D30 55.0% 클리어|도달 25.5% 클리어 14.0% | 좀비 9.0% | 사망/런 8.26 | 장식 0.0
after/traj/reader/none run5 n=200 | 성공 59.3% / 53.1% / 54.2% / 46.6% | D30 61.5% 클리어|도달 26.8% 클리어 16.5% | 좀비 6.0% | 사망/런 8.10 | 장식 0.0
after/traj/reader/none run10 n=200 | 성공 59.3% / 55.6% / 54.7% / 47.0% | D30 60.0% 클리어|도달 20.0% 클리어 12.0% | 좀비 9.0% | 사망/런 8.16 | 장식 0.0
after/traj/reader/economy run1 n=200 | 성공 57.9% / 52.9% / 54.1% / 45.9% | D30 55.0% 클리어|도달 25.5% 클리어 14.0% | 좀비 9.0% | 사망/런 8.26 | 장식 0.0
after/traj/reader/economy run5 n=200 | 성공 62.4% / 60.3% / 59.5% / 50.1% | D30 73.5% 클리어|도달 38.1% 클리어 28.0% | 좀비 4.0% | 사망/런 7.36 | 장식 3.3
after/traj/reader/economy run10 n=200 | 성공 63.4% / 61.7% / 59.4% / 50.3% | D30 83.5% 클리어|도달 35.9% 클리어 30.0% | 좀비 2.0% | 사망/런 7.30 | 장식 4.0
after/traj/reader/survival run1 n=200 | 성공 57.9% / 52.9% / 54.1% / 45.9% | D30 55.0% 클리어|도달 25.5% 클리어 14.0% | 좀비 9.0% | 사망/런 8.26 | 장식 0.0
after/traj/reader/survival run5 n=200 | 성공 62.5% / 58.0% / 55.7% / 46.6% | D30 95.5% 클리어|도달 19.9% 클리어 19.0% | 좀비 11.5% | 사망/런 7.02 | 장식 3.2
after/traj/reader/survival run10 n=200 | 성공 69.1% / 61.5% / 59.1% / 47.9% | D30 98.0% 클리어|도달 16.8% 클리어 16.5% | 좀비 9.5% | 사망/런 6.09 | 장식 4.0
after/traj/expert/none run1 n=200 | 성공 58.0% / 53.6% / 56.1% / 45.9% | D30 62.0% 클리어|도달 33.1% 클리어 20.5% | 좀비 7.5% | 사망/런 8.04 | 장식 0.0
after/traj/expert/none run5 n=200 | 성공 59.1% / 55.4% / 54.3% / 44.5% | D30 56.0% 클리어|도달 30.4% 클리어 17.0% | 좀비 9.0% | 사망/런 8.17 | 장식 0.0
after/traj/expert/none run10 n=200 | 성공 58.0% / 54.6% / 54.2% / 46.9% | D30 59.5% 클리어|도달 26.9% 클리어 16.0% | 좀비 6.5% | 사망/런 8.11 | 장식 0.0
after/traj/expert/economy run1 n=200 | 성공 58.0% / 53.6% / 56.1% / 45.9% | D30 62.0% 클리어|도달 33.1% 클리어 20.5% | 좀비 7.5% | 사망/런 8.04 | 장식 0.0
after/traj/expert/economy run5 n=200 | 성공 62.4% / 61.6% / 59.6% / 48.9% | D30 76.0% 클리어|도달 33.6% 클리어 25.5% | 좀비 4.0% | 사망/런 7.35 | 장식 3.3
after/traj/expert/economy run10 n=200 | 성공 63.4% / 62.6% / 61.2% / 50.1% | D30 80.0% 클리어|도달 43.1% 클리어 34.5% | 좀비 2.5% | 사망/런 7.49 | 장식 4.0
after/traj/expert/survival run1 n=200 | 성공 58.0% / 53.6% / 56.1% / 45.9% | D30 62.0% 클리어|도달 33.1% 클리어 20.5% | 좀비 7.5% | 사망/런 8.04 | 장식 0.0
after/traj/expert/survival run5 n=200 | 성공 64.1% / 58.2% / 56.6% / 46.2% | D30 95.5% 클리어|도달 26.7% 클리어 25.5% | 좀비 10.5% | 사망/런 7.06 | 장식 3.2
after/traj/expert/survival run10 n=200 | 성공 68.8% / 61.7% / 58.0% / 46.6% | D30 98.0% 클리어|도달 21.9% 클리어 21.5% | 좀비 9.5% | 사망/런 6.41 | 장식 4.0
after/fresh/reader/none n=1000 | 성공 58.9% / 54.1% / 54.3% / 45.8% | D30 56.9% 클리어|도달 26.2% 클리어 14.9% | 좀비 9.1% | 사망/런 8.02 | 장식 0.0
after/fresh/expert/none n=1000 | 성공 58.1% / 53.3% / 55.0% / 45.8% | D30 58.3% 클리어|도달 30.5% 클리어 17.8% | 좀비 8.8% | 사망/런 8.07 | 장식 0.0
after/fresh/balanced/none n=1000 | 성공 53.8% / 47.8% / 49.5% / 38.1% | D30 22.1% 클리어|도달 10.4% 클리어 2.3% | 좀비 12.6% | 사망/런 8.02 | 장식 0.0

real	16m54.757s
user	34m21.597s
sys	0m24.664s
