
v2.10.0 measure · 1117s · traj 200x10 · fresh 1000
after/traj/reader/none run1 n=200 | 성공 52.1% / 44.2% / 43.9% / 43.8% | D30 73.5% 클리어|도달 73.5% 클리어 54.0% | 좀비 17.0% | 사망/런 7.25 | 장식 0.0
after/traj/reader/none run5 n=200 | 성공 54.1% / 46.4% / 46.5% / 46.4% | D30 75.0% 클리어|도달 74.0% 클리어 55.5% | 좀비 13.5% | 사망/런 6.81 | 장식 0.0
after/traj/reader/none run10 n=200 | 성공 55.7% / 47.7% / 48.0% / 45.7% | D30 76.5% 클리어|도달 75.2% 클리어 57.5% | 좀비 14.0% | 사망/런 6.79 | 장식 0.0
after/traj/reader/economy run1 n=200 | 성공 52.1% / 44.2% / 43.9% / 43.8% | D30 73.5% 클리어|도달 73.5% 클리어 54.0% | 좀비 17.0% | 사망/런 7.25 | 장식 0.0
after/traj/reader/economy run5 n=200 | 성공 59.2% / 55.5% / 56.8% / 54.4% | D30 94.5% 클리어|도달 91.5% 클리어 86.5% | 좀비 2.5% | 사망/런 6.03 | 장식 3.6
after/traj/reader/economy run10 n=200 | 성공 63.0% / 60.0% / 58.7% / 54.4% | D30 96.5% 클리어|도달 91.7% 클리어 88.5% | 좀비 1.5% | 사망/런 5.22 | 장식 4.0
after/traj/reader/survival run1 n=200 | 성공 52.1% / 44.2% / 43.9% / 43.8% | D30 73.5% 클리어|도달 73.5% 클리어 54.0% | 좀비 17.0% | 사망/런 7.25 | 장식 0.0
after/traj/reader/survival run5 n=200 | 성공 60.0% / 50.8% / 45.9% / 41.6% | D30 94.5% 클리어|도달 67.7% 클리어 64.0% | 좀비 26.5% | 사망/런 4.68 | 장식 3.5
after/traj/reader/survival run10 n=200 | 성공 64.0% / 54.3% / 49.7% / 44.6% | D30 97.5% 클리어|도달 66.2% 클리어 64.5% | 좀비 16.0% | 사망/런 4.16 | 장식 4.0
after/traj/expert/none run1 n=200 | 성공 52.5% / 44.0% / 43.8% / 43.8% | D30 80.0% 클리어|도달 73.1% 클리어 58.5% | 좀비 17.5% | 사망/런 7.30 | 장식 0.0
after/traj/expert/none run5 n=200 | 성공 52.4% / 46.6% / 46.4% / 44.5% | D30 79.5% 클리어|도달 79.9% 클리어 63.5% | 좀비 13.5% | 사망/런 7.07 | 장식 0.0
after/traj/expert/none run10 n=200 | 성공 55.9% / 47.5% / 46.6% / 44.8% | D30 81.5% 클리어|도달 76.7% 클리어 62.5% | 좀비 13.5% | 사망/런 6.66 | 장식 0.0
after/traj/expert/economy run1 n=200 | 성공 52.5% / 44.0% / 43.8% / 43.8% | D30 80.0% 클리어|도달 73.1% 클리어 58.5% | 좀비 17.5% | 사망/런 7.30 | 장식 0.0
after/traj/expert/economy run5 n=200 | 성공 58.0% / 56.7% / 55.9% / 53.4% | D30 90.0% 클리어|도달 94.4% 클리어 85.0% | 좀비 2.0% | 사망/런 5.62 | 장식 3.6
after/traj/expert/economy run10 n=200 | 성공 63.2% / 58.6% / 58.8% / 56.6% | D30 98.0% 클리어|도달 91.3% 클리어 89.5% | 좀비 0.5% | 사망/런 5.36 | 장식 4.0
after/traj/expert/survival run1 n=200 | 성공 52.5% / 44.0% / 43.8% / 43.8% | D30 80.0% 클리어|도달 73.1% 클리어 58.5% | 좀비 17.5% | 사망/런 7.30 | 장식 0.0
after/traj/expert/survival run5 n=200 | 성공 59.8% / 51.7% / 46.9% / 43.0% | D30 98.5% 클리어|도달 67.5% 클리어 66.5% | 좀비 21.0% | 사망/런 4.79 | 장식 3.6
after/traj/expert/survival run10 n=200 | 성공 63.3% / 55.3% / 50.3% / 44.0% | D30 99.0% 클리어|도달 71.7% 클리어 71.0% | 좀비 16.0% | 사망/런 4.38 | 장식 4.0
after/fresh/reader/none n=1000 | 성공 53.3% / 45.9% / 45.9% / 44.7% | D30 77.6% 클리어|도달 75.6% 클리어 58.7% | 좀비 13.3% | 사망/런 6.99 | 장식 0.0
after/fresh/expert/none n=1000 | 성공 52.5% / 45.1% / 45.4% / 44.0% | D30 77.5% 클리어|도달 79.6% 클리어 61.7% | 좀비 16.1% | 사망/런 7.12 | 장식 0.0
after/fresh/balanced/none n=1000 | 성공 49.0% / 39.6% / 37.6% / 34.1% | D30 50.4% 클리어|도달 39.9% 클리어 20.1% | 좀비 34.2% | 사망/런 7.96 | 장식 0.0
before/traj/reader/none run1 n=200 | 성공 38.5% / 26.3% / 26.9% / 30.4% | D30 30.5% 클리어|도달 70.5% 클리어 21.5% | 좀비 28.0% | 사망/런 7.99 | 장식 0.0
before/traj/reader/none run5 n=200 | 성공 38.7% / 27.1% / 26.8% / 28.1% | D30 27.5% 클리어|도달 58.2% 클리어 16.0% | 좀비 33.5% | 사망/런 8.15 | 장식 0.0
before/traj/reader/none run10 n=200 | 성공 38.6% / 25.5% / 26.2% / 27.1% | D30 32.5% 클리어|도달 63.1% 클리어 20.5% | 좀비 35.0% | 사망/런 8.26 | 장식 0.0
before/traj/reader/survival run1 n=200 | 성공 38.5% / 26.3% / 26.9% / 30.4% | D30 30.5% 클리어|도달 70.5% 클리어 21.5% | 좀비 28.0% | 사망/런 7.99 | 장식 0.0
before/traj/reader/survival run5 n=200 | 성공 40.8% / 27.3% / 26.2% / 24.6% | D30 73.5% 클리어|도달 42.9% 클리어 31.5% | 좀비 64.5% | 사망/런 7.83 | 장식 2.7
before/traj/reader/survival run10 n=200 | 성공 52.1% / 36.8% / 33.8% / 30.4% | D30 91.5% 클리어|도달 56.8% 클리어 52.0% | 좀비 59.0% | 사망/런 6.07 | 장식 4.0
before/traj/expert/none run1 n=200 | 성공 38.3% / 25.8% / 25.4% / 25.6% | D30 31.0% 클리어|도달 62.9% 클리어 19.5% | 좀비 37.5% | 사망/런 7.82 | 장식 0.0
before/traj/expert/none run5 n=200 | 성공 36.3% / 26.5% / 27.3% / 28.5% | D30 29.5% 클리어|도달 71.2% 클리어 21.0% | 좀비 34.0% | 사망/런 8.24 | 장식 0.0
before/traj/expert/none run10 n=200 | 성공 38.2% / 25.7% / 26.7% / 26.7% | D30 37.5% 클리어|도달 49.3% 클리어 18.5% | 좀비 42.0% | 사망/런 8.13 | 장식 0.0
before/traj/expert/survival run1 n=200 | 성공 38.3% / 25.8% / 25.4% / 25.6% | D30 31.0% 클리어|도달 62.9% 클리어 19.5% | 좀비 37.5% | 사망/런 7.82 | 장식 0.0
before/traj/expert/survival run5 n=200 | 성공 40.3% / 27.4% / 25.5% / 25.0% | D30 77.0% 클리어|도달 44.2% 클리어 34.0% | 좀비 66.5% | 사망/런 7.92 | 장식 2.7
before/traj/expert/survival run10 n=200 | 성공 52.1% / 36.7% / 32.2% / 30.6% | D30 95.5% 클리어|도달 59.7% 클리어 57.0% | 좀비 61.5% | 사망/런 6.38 | 장식 4.0
before/fresh/reader/none n=1000 | 성공 38.0% / 25.5% / 25.6% / 27.1% | D30 29.1% 클리어|도달 62.5% 클리어 18.2% | 좀비 34.3% | 사망/런 8.00 | 장식 0.0
before/fresh/expert/none n=1000 | 성공 37.8% / 25.0% / 25.6% / 27.0% | D30 31.5% 클리어|도달 61.6% 클리어 19.4% | 좀비 34.5% | 사망/런 8.08 | 장식 0.0
before/fresh/balanced/none n=1000 | 성공 35.1% / 20.9% / 18.8% / 17.7% | D30 10.0% 클리어|도달 28.0% 클리어 2.8% | 좀비 23.9% | 사망/런 7.75 | 장식 0.0
