balance measure · 607s · traj 200x10 · fresh 1000
after/traj/reader/none run1 n=200 | 성공 40.4% / 36.1% / 43.1% / 31.8% | D30 6.5% 클리어|도달 15.4% 클리어 1.0% | 좀비 10.0% | 사망/런 7.30 | 장식 0.0
  └ 종료 사망한도 91.5% 마왕실패 5.5% 파산 2.0% 클리어 1.0% | 끝난 날 중앙 14 | D10까지 사망 3.83 | 부상 출발/런 16.7 (사망 25.0%) | 상위 4명 성공 64.5% · 사망 0.56 · 나머지 20.6% · 사망 6.51 | 현금/일 80 | 자본 285
  └ 준비 | 상품 원정 성공 39.1% · 사망 10.3% | 맨손 원정 성공 17.3% · 사망 23.0% | 상품이 결과를 바꿈 24.0% (사망을 막음 5.3%) | 상위 4명이 받은 상품 42.9%
after/traj/reader/none run5 n=200 | 성공 41.9% / 36.0% / 39.3% / 30.0% | D30 5.5% 클리어|도달 0.0% 클리어 0.0% | 좀비 9.0% | 사망/런 6.99 | 장식 0.0
  └ 종료 사망한도 92.0% 마왕실패 5.5% 파산 2.5% | 끝난 날 중앙 10 | D10까지 사망 4.10 | 부상 출발/런 15.6 (사망 24.6%) | 상위 4명 성공 63.5% · 사망 0.66 · 나머지 20.3% · 사망 6.13 | 현금/일 51 | 자본 245
  └ 준비 | 상품 원정 성공 39.2% · 사망 10.7% | 맨손 원정 성공 17.9% · 사망 20.2% | 상품이 결과를 바꿈 24.4% (사망을 막음 6.2%) | 상위 4명이 받은 상품 44.2%
after/traj/reader/none run10 n=200 | 성공 41.0% / 36.5% / 41.3% / 36.6% | D30 4.5% 클리어|도달 11.1% 클리어 0.5% | 좀비 5.0% | 사망/런 6.88 | 장식 0.0
  └ 종료 사망한도 94.5% 마왕실패 4.0% 파산 1.0% 클리어 0.5% | 끝난 날 중앙 10 | D10까지 사망 4.30 | 부상 출발/런 15.0 (사망 25.2%) | 상위 4명 성공 64.2% · 사망 0.68 · 나머지 20.1% · 사망 6.00 | 현금/일 55 | 자본 222
  └ 준비 | 상품 원정 성공 39.8% · 사망 11.0% | 맨손 원정 성공 11.4% · 사망 29.8% | 상품이 결과를 바꿈 24.3% (사망을 막음 6.4%) | 상위 4명이 받은 상품 45.3%
after/traj/reader/economy run1 n=200 | 성공 40.4% / 36.1% / 43.1% / 31.8% | D30 6.5% 클리어|도달 15.4% 클리어 1.0% | 좀비 10.0% | 사망/런 7.30 | 장식 0.0
  └ 종료 사망한도 91.5% 마왕실패 5.5% 파산 2.0% 클리어 1.0% | 끝난 날 중앙 14 | D10까지 사망 3.83 | 부상 출발/런 16.7 (사망 25.0%) | 상위 4명 성공 64.5% · 사망 0.56 · 나머지 20.6% · 사망 6.51 | 현금/일 80 | 자본 285
  └ 준비 | 상품 원정 성공 39.1% · 사망 10.3% | 맨손 원정 성공 17.3% · 사망 23.0% | 상품이 결과를 바꿈 24.0% (사망을 막음 5.3%) | 상위 4명이 받은 상품 42.9%
after/traj/reader/economy run5 n=200 | 성공 44.9% / 41.0% / 42.3% / 37.2% | D30 11.5% 클리어|도달 17.4% 클리어 2.0% | 좀비 9.0% | 사망/런 7.26 | 장식 1.1
  └ 종료 사망한도 87.0% 마왕실패 9.5% 클리어 2.0% 파산 1.5% | 끝난 날 중앙 14 | D10까지 사망 4.05 | 부상 출발/런 17.3 (사망 22.8%) | 상위 4명 성공 65.6% · 사망 0.66 · 나머지 24.6% · 사망 6.39 | 현금/일 105 | 자본 324
  └ 준비 | 상품 원정 성공 42.8% · 사망 9.7% | 맨손 원정 성공 17.4% · 사망 24.4% | 상품이 결과를 바꿈 23.6% (사망을 막음 5.7%) | 상위 4명이 받은 상품 45.0%
after/traj/reader/economy run10 n=200 | 성공 43.7% / 43.0% / 45.6% / 37.8% | D30 13.0% 클리어|도달 30.8% 클리어 4.0% | 좀비 8.5% | 사망/런 7.46 | 장식 2.8
  └ 종료 사망한도 87.0% 마왕실패 9.0% 클리어 4.0% | 끝난 날 중앙 14 | D10까지 사망 3.90 | 부상 출발/런 18.9 (사망 21.9%) | 상위 4명 성공 66.4% · 사망 0.58 · 나머지 25.0% · 사망 6.62 | 현금/일 212 | 자본 423
  └ 준비 | 상품 원정 성공 43.2% · 사망 9.3% | 맨손 원정 성공 20.5% · 사망 15.9% | 상품이 결과를 바꿈 24.2% (사망을 막음 5.5%) | 상위 4명이 받은 상품 44.2%
after/traj/reader/survival run1 n=200 | 성공 40.4% / 36.1% / 43.1% / 31.8% | D30 6.5% 클리어|도달 15.4% 클리어 1.0% | 좀비 10.0% | 사망/런 7.30 | 장식 0.0
  └ 종료 사망한도 91.5% 마왕실패 5.5% 파산 2.0% 클리어 1.0% | 끝난 날 중앙 14 | D10까지 사망 3.83 | 부상 출발/런 16.7 (사망 25.0%) | 상위 4명 성공 64.5% · 사망 0.56 · 나머지 20.6% · 사망 6.51 | 현금/일 80 | 자본 285
  └ 준비 | 상품 원정 성공 39.1% · 사망 10.3% | 맨손 원정 성공 17.3% · 사망 23.0% | 상품이 결과를 바꿈 24.0% (사망을 막음 5.3%) | 상위 4명이 받은 상품 42.9%
after/traj/reader/survival run5 n=200 | 성공 44.3% / 39.3% / 42.4% / 32.2% | D30 14.0% 클리어|도달 21.4% 클리어 3.0% | 좀비 16.0% | 사망/런 8.00 | 장식 1.3
  └ 종료 사망한도 83.0% 마왕실패 11.0% 파산 3.0% 클리어 3.0% | 끝난 날 중앙 17 | D10까지 사망 4.01 | 부상 출발/런 18.5 (사망 25.4%) | 상위 4명 성공 65.6% · 사망 0.62 · 나머지 22.2% · 사망 7.13 | 현금/일 61 | 자본 361
  └ 준비 | 상품 원정 성공 41.3% · 사망 9.9% | 맨손 원정 성공 17.7% · 사망 24.2% | 상품이 결과를 바꿈 25.2% (사망을 막음 6.5%) | 상위 4명이 받은 상품 44.7%
after/traj/reader/survival run10 n=200 | 성공 49.9% / 41.9% / 45.4% / 34.5% | D30 51.0% 클리어|도달 13.7% 클리어 7.0% | 좀비 30.5% | 사망/런 9.01 | 장식 3.1
  └ 종료 사망한도 44.0% 마왕실패 44.0% 클리어 7.0% 파산 5.0% | 끝난 날 중앙 30 | D10까지 사망 3.22 | 부상 출발/런 19.1 (사망 22.1%) | 상위 4명 성공 65.6% · 사망 0.50 · 나머지 27.9% · 사망 8.18 | 현금/일 83 | 자본 643
  └ 준비 | 상품 원정 성공 43.7% · 사망 7.8% | 맨손 원정 성공 16.8% · 사망 22.3% | 상품이 결과를 바꿈 25.1% (사망을 막음 6.5%) | 상위 4명이 받은 상품 42.2%
after/traj/investor/none run1 n=200 | 성공 44.3% / 39.6% / 42.5% / 28.5% | D30 7.0% 클리어|도달 21.4% 클리어 1.5% | 좀비 16.5% | 사망/런 7.89 | 장식 0.0
  └ 종료 사망한도 92.0% 마왕실패 5.5% 클리어 1.5% 파산 1.0% | 끝난 날 중앙 17 | D10까지 사망 3.60 | 부상 출발/런 18.7 (사망 23.2%) | 상위 4명 성공 64.8% · 사망 0.61 · 나머지 23.7% · 사망 7.03 | 현금/일 83 | 자본 359
  └ 준비 | 상품 원정 성공 41.1% · 사망 9.9% | 맨손 원정 성공 18.8% · 사망 21.1% | 상품이 결과를 바꿈 27.1% (사망을 막음 4.1%) | 상위 4명이 받은 상품 43.3%
after/traj/investor/none run5 n=200 | 성공 45.8% / 43.4% / 46.5% / 33.0% | D30 7.0% 클리어|도달 35.7% 클리어 2.5% | 좀비 12.0% | 사망/런 7.42 | 장식 0.0
  └ 종료 사망한도 93.0% 마왕실패 4.5% 클리어 2.5% | 끝난 날 중앙 10 | D10까지 사망 4.08 | 부상 출발/런 15.9 (사망 24.5%) | 상위 4명 성공 66.5% · 사망 0.66 · 나머지 25.9% · 사망 6.52 | 현금/일 63 | 자본 319
  └ 준비 | 상품 원정 성공 44.2% · 사망 10.2% | 맨손 원정 성공 9.9% · 사망 29.0% | 상품이 결과를 바꿈 26.9% (사망을 막음 4.6%) | 상위 4명이 받은 상품 45.6%
after/traj/investor/none run10 n=200 | 성공 45.7% / 41.7% / 45.3% / 30.6% | D30 7.0% 클리어|도달 14.3% 클리어 1.0% | 좀비 11.5% | 사망/런 7.17 | 장식 0.0
  └ 종료 사망한도 92.0% 마왕실패 6.0% 파산 1.0% 클리어 1.0% | 끝난 날 중앙 10 | D10까지 사망 4.09 | 부상 출발/런 14.8 (사망 24.5%) | 상위 4명 성공 67.3% · 사망 0.58 · 나머지 24.0% · 사망 6.33 | 현금/일 68 | 자본 279
  └ 준비 | 상품 원정 성공 43.4% · 사망 10.5% | 맨손 원정 성공 17.9% · 사망 24.8% | 상품이 결과를 바꿈 26.7% (사망을 막음 4.9%) | 상위 4명이 받은 상품 45.4%
after/traj/investor/economy run1 n=200 | 성공 44.3% / 39.6% / 42.5% / 28.5% | D30 7.0% 클리어|도달 21.4% 클리어 1.5% | 좀비 16.5% | 사망/런 7.89 | 장식 0.0
  └ 종료 사망한도 92.0% 마왕실패 5.5% 클리어 1.5% 파산 1.0% | 끝난 날 중앙 17 | D10까지 사망 3.60 | 부상 출발/런 18.7 (사망 23.2%) | 상위 4명 성공 64.8% · 사망 0.61 · 나머지 23.7% · 사망 7.03 | 현금/일 83 | 자본 359
  └ 준비 | 상품 원정 성공 41.1% · 사망 9.9% | 맨손 원정 성공 18.8% · 사망 21.1% | 상품이 결과를 바꿈 27.1% (사망을 막음 4.1%) | 상위 4명이 받은 상품 43.3%
after/traj/investor/economy run5 n=200 | 성공 48.1% / 47.4% / 49.7% / 34.6% | D30 12.0% 클리어|도달 37.5% 클리어 4.5% | 좀비 11.0% | 사망/런 7.40 | 장식 1.7
  └ 종료 사망한도 87.5% 마왕실패 7.5% 클리어 4.5% 파산 0.5% | 끝난 날 중앙 15 | D10까지 사망 3.92 | 부상 출발/런 17.6 (사망 21.1%) | 상위 4명 성공 68.6% · 사망 0.60 · 나머지 29.1% · 사망 6.56 | 현금/일 162 | 자본 416
  └ 준비 | 상품 원정 성공 47.0% · 사망 9.0% | 맨손 원정 성공 10.9% · 사망 28.2% | 상품이 결과를 바꿈 26.5% (사망을 막음 4.5%) | 상위 4명이 받은 상품 45.2%
after/traj/investor/economy run10 n=200 | 성공 49.3% / 50.4% / 45.9% / 34.2% | D30 19.0% 클리어|도달 39.5% 클리어 7.5% | 좀비 16.0% | 사망/런 7.92 | 장식 3.5
  └ 종료 사망한도 81.0% 마왕실패 11.5% 클리어 7.5% | 끝난 날 중앙 19 | D10까지 사망 3.50 | 부상 출발/런 20.7 (사망 20.4%) | 상위 4명 성공 68.4% · 사망 0.65 · 나머지 29.4% · 사망 7.02 | 현금/일 234 | 자본 541
  └ 준비 | 상품 원정 성공 47.0% · 사망 8.5% | 맨손 원정 성공 15.1% · 사망 23.1% | 상품이 결과를 바꿈 26.2% (사망을 막음 4.9%) | 상위 4명이 받은 상품 44.3%
after/traj/investor/survival run1 n=200 | 성공 44.3% / 39.6% / 42.5% / 28.5% | D30 7.0% 클리어|도달 21.4% 클리어 1.5% | 좀비 16.5% | 사망/런 7.89 | 장식 0.0
  └ 종료 사망한도 92.0% 마왕실패 5.5% 클리어 1.5% 파산 1.0% | 끝난 날 중앙 17 | D10까지 사망 3.60 | 부상 출발/런 18.7 (사망 23.2%) | 상위 4명 성공 64.8% · 사망 0.61 · 나머지 23.7% · 사망 7.03 | 현금/일 83 | 자본 359
  └ 준비 | 상품 원정 성공 41.1% · 사망 9.9% | 맨손 원정 성공 18.8% · 사망 21.1% | 상품이 결과를 바꿈 27.1% (사망을 막음 4.1%) | 상위 4명이 받은 상품 43.3%
after/traj/investor/survival run5 n=200 | 성공 48.3% / 44.9% / 45.9% / 31.8% | D30 30.5% 클리어|도달 26.2% 클리어 8.0% | 좀비 27.5% | 사망/런 8.89 | 장식 1.9
  └ 종료 사망한도 67.5% 마왕실패 22.5% 클리어 8.0% 파산 2.0% | 끝난 날 중앙 25 | D10까지 사망 3.54 | 부상 출발/런 20.7 (사망 23.1%) | 상위 4명 성공 66.2% · 사망 0.75 · 나머지 26.5% · 사망 7.90 | 현금/일 58 | 자본 540
  └ 준비 | 상품 원정 성공 44.3% · 사망 8.9% | 맨손 원정 성공 14.3% · 사망 21.1% | 상품이 결과를 바꿈 28.2% (사망을 막음 5.5%) | 상위 4명이 받은 상품 45.0%
after/traj/investor/survival run10 n=200 | 성공 59.7% / 51.8% / 48.7% / 33.0% | D30 73.0% 클리어|도달 30.1% 클리어 22.0% | 좀비 40.5% | 사망/런 9.14 | 장식 3.7
  └ 종료 마왕실패 51.0% 사망한도 25.0% 클리어 22.0% 파산 2.0% | 끝난 날 중앙 30 | D10까지 사망 2.31 | 부상 출발/런 18.1 (사망 20.8%) | 상위 4명 성공 68.4% · 사망 0.60 · 나머지 34.2% · 사망 8.21 | 현금/일 45 | 자본 811
  └ 준비 | 상품 원정 성공 48.9% · 사망 6.9% | 맨손 원정 성공 13.9% · 사망 20.6% | 상품이 결과를 바꿈 26.6% (사망을 막음 4.7%) | 상위 4명이 받은 상품 41.8%
after/fresh/reader/none n=1000 | 성공 40.6% / 36.4% / 40.2% / 32.2% | D30 6.8% 클리어|도달 13.2% 클리어 0.9% | 좀비 9.6% | 사망/런 7.44 | 장식 0.0
  └ 종료 사망한도 91.8% 마왕실패 5.9% 파산 1.4% 클리어 0.9% | 끝난 날 중앙 15 | D10까지 사망 3.87 | 부상 출발/런 17.2 (사망 24.6%) | 상위 4명 성공 63.2% · 사망 0.65 · 나머지 20.8% · 사망 6.53 | 현금/일 78 | 자본 292
  └ 준비 | 상품 원정 성공 38.7% · 사망 10.4% | 맨손 원정 성공 15.0% · 사망 21.6% | 상품이 결과를 바꿈 24.0% (사망을 막음 5.3%) | 상위 4명이 받은 상품 43.0%
after/fresh/investor/none n=1000 | 성공 44.9% / 41.1% / 42.9% / 30.5% | D30 11.9% 클리어|도달 28.6% 클리어 3.4% | 좀비 17.2% | 사망/런 7.88 | 장식 0.0
  └ 종료 사망한도 87.6% 마왕실패 8.5% 클리어 3.4% 파산 0.5% | 끝난 날 중앙 17 | D10까지 사망 3.61 | 부상 출발/런 18.7 (사망 23.1%) | 상위 4명 성공 65.5% · 사망 0.64 · 나머지 24.1% · 사망 6.99 | 현금/일 87 | 자본 388
  └ 준비 | 상품 원정 성공 41.9% · 사망 9.7% | 맨손 원정 성공 14.1% · 사망 21.5% | 상품이 결과를 바꿈 26.7% (사망을 막음 4.4%) | 상위 4명이 받은 상품 43.6%
before/traj/reader/none run1 n=200 | 성공 42.9% / 36.1% / 41.0% / 33.3% | D30 7.5% 클리어|도달 6.7% 클리어 0.5% | 좀비 12.5% | 사망/런 7.67 | 장식 0.0
  └ 종료 사망한도 91.0% 마왕실패 7.0% 파산 1.5% 클리어 0.5% | 끝난 날 중앙 14 | D10까지 사망 3.83 | 부상 출발/런 17.2 (사망 25.2%) | 상위 4명 성공 65.1% · 사망 0.66 · 나머지 21.4% · 사망 6.71 | 현금/일 81 | 자본 327
  └ 준비 | 상품 원정 성공 39.8% · 사망 10.3% | 맨손 원정 성공 17.0% · 사망 27.0% | 상품이 결과를 바꿈 24.9% (사망을 막음 5.5%) | 상위 4명이 받은 상품 43.1%
before/traj/reader/none run5 n=200 | 성공 45.4% / 38.6% / 43.3% / 35.2% | D30 11.0% 클리어|도달 31.8% 클리어 3.5% | 좀비 7.5% | 사망/런 7.61 | 장식 0.0
  └ 종료 사망한도 87.0% 마왕실패 7.5% 클리어 3.5% 파산 2.0% | 끝난 날 중앙 16 | D10까지 사망 3.85 | 부상 출발/런 17.5 (사망 25.4%) | 상위 4명 성공 68.1% · 사망 0.58 · 나머지 22.7% · 사망 6.83 | 현금/일 60 | 자본 325
  └ 준비 | 상품 원정 성공 42.3% · 사망 10.2% | 맨손 원정 성공 10.4% · 사망 20.0% | 상품이 결과를 바꿈 23.8% (사망을 막음 5.5%) | 상위 4명이 받은 상품 43.9%
before/traj/reader/none run10 n=200 | 성공 45.7% / 40.5% / 41.9% / 33.7% | D30 10.0% 클리어|도달 25.0% 클리어 2.5% | 좀비 9.5% | 사망/런 7.49 | 장식 0.0
  └ 종료 사망한도 88.0% 마왕실패 7.5% 클리어 2.5% 파산 2.0% | 끝난 날 중앙 15 | D10까지 사망 3.78 | 부상 출발/런 17.4 (사망 23.5%) | 상위 4명 성공 67.8% · 사망 0.56 · 나머지 22.7% · 사망 6.67 | 현금/일 67 | 자본 326
  └ 준비 | 상품 원정 성공 42.5% · 사망 10.0% | 맨손 원정 성공 22.3% · 사망 20.5% | 상품이 결과를 바꿈 23.3% (사망을 막음 6.0%) | 상위 4명이 받은 상품 44.6%
before/traj/reader/survival run1 n=200 | 성공 42.9% / 36.1% / 41.0% / 33.3% | D30 7.5% 클리어|도달 6.7% 클리어 0.5% | 좀비 12.5% | 사망/런 7.67 | 장식 0.0
  └ 종료 사망한도 91.0% 마왕실패 7.0% 파산 1.5% 클리어 0.5% | 끝난 날 중앙 14 | D10까지 사망 3.83 | 부상 출발/런 17.2 (사망 25.2%) | 상위 4명 성공 65.1% · 사망 0.66 · 나머지 21.4% · 사망 6.71 | 현금/일 81 | 자본 327
  └ 준비 | 상품 원정 성공 39.8% · 사망 10.3% | 맨손 원정 성공 17.0% · 사망 27.0% | 상품이 결과를 바꿈 24.9% (사망을 막음 5.5%) | 상위 4명이 받은 상품 43.1%
before/traj/reader/survival run5 n=200 | 성공 47.6% / 43.7% / 45.9% / 37.3% | D30 34.5% 클리어|도달 31.9% 클리어 11.0% | 좀비 19.0% | 사망/런 8.73 | 장식 1.8
  └ 종료 사망한도 62.0% 마왕실패 23.5% 클리어 11.0% 파산 3.5% | 끝난 날 중앙 27 | D10까지 사망 3.41 | 부상 출발/런 21.3 (사망 23.7%) | 상위 4명 성공 69.5% · 사망 0.50 · 나머지 26.1% · 사망 8.01 | 현금/일 77 | 자본 542
  └ 준비 | 상품 원정 성공 44.5% · 사망 8.6% | 맨손 원정 성공 13.9% · 사망 26.4% | 상품이 결과를 바꿈 24.5% (사망을 막음 6.2%) | 상위 4명이 받은 상품 42.9%
before/traj/reader/survival run10 n=200 | 성공 57.0% / 48.4% / 47.7% / 37.8% | D30 73.5% 클리어|도달 21.8% 클리어 16.0% | 좀비 30.5% | 사망/런 8.85 | 장식 3.6
  └ 종료 마왕실패 57.5% 사망한도 23.0% 클리어 16.0% 파산 3.5% | 끝난 날 중앙 30 | D10까지 사망 2.58 | 부상 출발/런 18.2 (사망 21.2%) | 상위 4명 성공 71.0% · 사망 0.37 · 나머지 31.4% · 사망 8.10 | 현금/일 105 | 자본 776
  └ 준비 | 상품 원정 성공 48.0% · 사망 6.9% | 맨손 원정 성공 15.7% · 사망 18.1% | 상품이 결과를 바꿈 23.5% (사망을 막음 5.6%) | 상위 4명이 받은 상품 42.2%
before/traj/investor/none run1 n=200 | 성공 47.3% / 44.1% / 46.2% / 31.7% | D30 14.5% 클리어|도달 44.8% 클리어 6.5% | 좀비 20.0% | 사망/런 8.28 | 장식 0.0
  └ 종료 사망한도 85.0% 마왕실패 8.0% 클리어 6.5% 파산 0.5% | 끝난 날 중앙 19 | D10까지 사망 3.31 | 부상 출발/런 19.8 (사망 22.9%) | 상위 4명 성공 68.4% · 사망 0.64 · 나머지 25.1% · 사망 7.29 | 현금/일 87 | 자본 461
  └ 준비 | 상품 원정 성공 44.1% · 사망 9.2% | 맨손 원정 성공 15.0% · 사망 19.6% | 상품이 결과를 바꿈 25.1% (사망을 막음 3.8%) | 상위 4명이 받은 상품 44.7%
before/traj/investor/none run5 n=200 | 성공 48.8% / 45.7% / 46.9% / 33.1% | D30 19.0% 클리어|도달 39.5% 클리어 7.5% | 좀비 20.5% | 사망/런 8.31 | 장식 0.0
  └ 종료 사망한도 80.5% 마왕실패 11.5% 클리어 7.5% 파산 0.5% | 끝난 날 중앙 19 | D10까지 사망 3.48 | 부상 출발/런 19.5 (사망 22.4%) | 상위 4명 성공 68.5% · 사망 0.66 · 나머지 27.1% · 사망 7.38 | 현금/일 62 | 자본 461
  └ 준비 | 상품 원정 성공 45.6% · 사망 9.1% | 맨손 원정 성공 14.8% · 사망 20.3% | 상품이 결과를 바꿈 25.1% (사망을 막음 4.4%) | 상위 4명이 받은 상품 44.9%
before/traj/investor/none run10 n=200 | 성공 49.7% / 45.3% / 48.7% / 34.4% | D30 19.5% 클리어|도달 56.4% 클리어 11.0% | 좀비 16.0% | 사망/런 8.06 | 장식 0.0
  └ 종료 사망한도 79.0% 클리어 11.0% 마왕실패 8.5% 파산 1.5% | 끝난 날 중앙 18 | D10까지 사망 3.54 | 부상 출발/런 18.9 (사망 23.1%) | 상위 4명 성공 69.6% · 사망 0.52 · 나머지 27.5% · 사망 7.22 | 현금/일 64 | 자본 446
  └ 준비 | 상품 원정 성공 46.3% · 사망 9.1% | 맨손 원정 성공 15.3% · 사망 21.2% | 상품이 결과를 바꿈 24.9% (사망을 막음 4.3%) | 상위 4명이 받은 상품 45.0%
before/traj/investor/survival run1 n=200 | 성공 47.3% / 44.1% / 46.2% / 31.7% | D30 14.5% 클리어|도달 44.8% 클리어 6.5% | 좀비 20.0% | 사망/런 8.28 | 장식 0.0
  └ 종료 사망한도 85.0% 마왕실패 8.0% 클리어 6.5% 파산 0.5% | 끝난 날 중앙 19 | D10까지 사망 3.31 | 부상 출발/런 19.8 (사망 22.9%) | 상위 4명 성공 68.4% · 사망 0.64 · 나머지 25.1% · 사망 7.29 | 현금/일 87 | 자본 461
  └ 준비 | 상품 원정 성공 44.1% · 사망 9.2% | 맨손 원정 성공 15.0% · 사망 19.6% | 상품이 결과를 바꿈 25.1% (사망을 막음 3.8%) | 상위 4명이 받은 상품 44.7%
before/traj/investor/survival run5 n=200 | 성공 52.1% / 48.6% / 48.9% / 32.5% | D30 52.5% 클리어|도달 39.0% 클리어 20.5% | 좀비 40.0% | 사망/런 9.28 | 장식 2.2
  └ 종료 사망한도 46.5% 마왕실패 32.0% 클리어 20.5% 파산 1.0% | 끝난 날 중앙 30 | D10까지 사망 3.15 | 부상 출발/런 20.9 (사망 22.6%) | 상위 4명 성공 68.5% · 사망 0.61 · 나머지 29.2% · 사망 8.30 | 현금/일 44 | 자본 692
  └ 준비 | 상품 원정 성공 46.5% · 사망 7.8% | 맨손 원정 성공 15.6% · 사망 23.9% | 상품이 결과를 바꿈 27.0% (사망을 막음 4.7%) | 상위 4명이 받은 상품 43.7%
before/traj/investor/survival run10 n=200 | 성공 64.0% / 52.6% / 51.0% / 32.9% | D30 85.0% 클리어|도달 41.2% 클리어 35.0% | 좀비 47.5% | 사망/런 8.70 | 장식 3.9
  └ 종료 마왕실패 50.0% 클리어 35.0% 사망한도 13.5% 파산 1.5% | 끝난 날 중앙 30 | D10까지 사망 1.96 | 부상 출발/런 17.4 (사망 20.0%) | 상위 4명 성공 69.8% · 사망 0.47 · 나머지 36.1% · 사망 7.84 | 현금/일 52 | 자본 868
  └ 준비 | 상품 원정 성공 50.6% · 사망 6.1% | 맨손 원정 성공 12.2% · 사망 20.4% | 상품이 결과를 바꿈 25.8% (사망을 막음 4.4%) | 상위 4명이 받은 상품 41.2%
before/fresh/reader/none n=1000 | 성공 43.2% / 38.5% / 42.7% / 34.0% | D30 10.7% 클리어|도달 31.8% 클리어 3.4% | 좀비 11.6% | 사망/런 7.77 | 장식 0.0
  └ 종료 사망한도 88.2% 마왕실패 7.3% 클리어 3.4% 파산 1.1% | 끝난 날 중앙 16 | D10까지 사망 3.64 | 부상 출발/런 18.7 (사망 23.5%) | 상위 4명 성공 66.3% · 사망 0.61 · 나머지 22.2% · 사망 6.90 | 현금/일 88 | 자본 361
  └ 준비 | 상품 원정 성공 40.8% · 사망 9.8% | 맨손 원정 성공 13.7% · 사망 27.9% | 상품이 결과를 바꿈 23.3% (사망을 막음 5.0%) | 상위 4명이 받은 상품 43.1%
before/fresh/investor/none n=1000 | 성공 47.5% / 43.3% / 45.4% / 32.7% | D30 15.7% 클리어|도달 47.1% 클리어 7.4% | 좀비 17.8% | 사망/런 8.21 | 장식 0.0
  └ 종료 사망한도 84.0% 마왕실패 8.3% 클리어 7.4% 파산 0.3% | 끝난 날 중앙 19 | D10까지 사망 3.42 | 부상 출발/런 19.5 (사망 22.9%) | 상위 4명 성공 68.2% · 사망 0.61 · 나머지 25.3% · 사망 7.32 | 현금/일 87 | 자본 453
  └ 준비 | 상품 원정 성공 44.1% · 사망 9.2% | 맨손 원정 성공 12.9% · 사망 25.2% | 상품이 결과를 바꿈 25.8% (사망을 막음 4.0%) | 상위 4명이 받은 상품 44.5%
