stamp           dgain -0±11  dreached -0.014±0.015  dwin 0.008±0.005  ddeaths 0.044±0.086  dregulars 2.805±0.107  dsales -0.110±2.409  dmargin -6±147  dfinalRatio -0.003±0.013  dexpWin -0.000±0.002  dtopLevel 0.036±0.156  dcashDay -0.002±1.646  dsqueeze 0.000±0.000  dminCash 3.920±2.411
member          dgain -1±11  dreached 0.005±0.015  dwin 0.008±0.006  ddeaths 0.022±0.083  dregulars 0.078±0.076  dsales -0.160±2.384  dmargin -31±145  dfinalRatio 0.008±0.012  dexpWin -0.002±0.002  dtopLevel 0.044±0.156  dcashDay -2.041±1.758  dsqueeze 0.000±0.000  dminCash -4.278±2.327
rotation        dgain 9±13  dreached -0.010±0.016  dwin 0.004±0.005  ddeaths 0.062±0.098  dregulars 0.090±0.088  dsales 2.986±2.861  dmargin 133±172  dfinalRatio -0.002±0.013  dexpWin 0.001±0.003  dtopLevel 0.190±0.181  dcashDay -0.434±2.098  dsqueeze 0.000±0.000  dminCash -0.667±3.798
bulk            dgain 15±13  dreached 0.014±0.016  dwin 0.012±0.005  ddeaths 0.171±0.101  dregulars 0.153±0.089  dsales 8.266±3.028  dmargin 736±181  dfinalRatio 0.021±0.013  dexpWin 0.002±0.004  dtopLevel 0.447±0.190  dcashDay 22.661±2.208  dsqueeze 0.000±0.000  dminCash 20.307±4.592
rareContract    dgain -4±13  dreached -0.010±0.015  dwin 0.006±0.005  ddeaths -0.047±0.093  dregulars 0.024±0.087  dsales -4.756±2.735  dmargin -144±167  dfinalRatio -0.005±0.012  dexpWin -0.003±0.003  dtopLevel -0.096±0.174  dcashDay 11.553±2.187  dsqueeze 0.000±0.000  dminCash -7.390±3.838
guarantee       dgain 19±12  dreached 0.010±0.016  dwin -0.003±0.004  ddeaths 0.025±0.087  dregulars -0.006±0.081  dsales 3.406±2.495  dmargin 401±153  dfinalRatio 0.006±0.012  dexpWin -0.002±0.002  dtopLevel 0.175±0.160  dcashDay 15.567±1.771  dsqueeze 0.000±0.000  dminCash 25.560±3.067
fieldRepair     dgain 12±8  dreached 0.028±0.014  dwin 0.003±0.005  ddeaths -0.041±0.057  dregulars 0.120±0.056  dsales 2.593±1.516  dmargin 132±96  dfinalRatio 0.022±0.011  dexpWin 0.001±0.001  dtopLevel 0.209±0.101  dcashDay -0.598±1.208  dsqueeze 0.000±0.000  dminCash 0.586±1.279
hazardBoard     dgain 5±14  dreached 0.014±0.016  dwin 0.007±0.005  ddeaths 0.034±0.099  dregulars 0.085±0.091  dsales 2.293±3.074  dmargin 73±181  dfinalRatio 0.016±0.013  dexpWin -0.007±0.003  dtopLevel 0.147±0.194  dcashDay -1.836±2.145  dsqueeze 0.000±0.000  dminCash 1.340±4.795
fridge          dgain 11±10  dreached 0.003±0.014  dwin 0.000±0.005  ddeaths 0.139±0.075  dregulars 0.109±0.070  dsales 2.995±2.159  dmargin 146±130  dfinalRatio 0.003±0.011  dexpWin -0.005±0.002  dtopLevel 0.171±0.138  dcashDay 1.199±1.551  dsqueeze 0.000±0.000  dminCash 7.254±2.594
board           dgain -5±12  dreached -0.020±0.016  dwin 0.007±0.005  ddeaths -0.186±0.089  dregulars 0.150±0.088  dsales 0.893±2.729  dmargin 46±164  dfinalRatio -0.009±0.013  dexpWin 0.015±0.003  dtopLevel -0.056±0.172  dcashDay 18.392±2.046  dsqueeze 0.000±0.000  dminCash 38.784±3.905
firstVisitCoupon dgain 27±13  dreached 0.011±0.016  dwin 0.004±0.005  ddeaths 0.181±0.099  dregulars 0.160±0.089  dsales 7.005±2.949  dmargin 482±174  dfinalRatio 0.009±0.013  dexpWin 0.001±0.003  dtopLevel 0.346±0.186  dcashDay 16.800±2.005  dsqueeze 0.000±0.000  dminCash 62.395±4.096
kitchen         dgain 85±13  dreached 0.081±0.018  dwin 0.012±0.005  ddeaths 0.341±0.097  dregulars 0.403±0.091  dsales 19.271±2.951  dmargin 1131±176  dfinalRatio 0.063±0.014  dexpWin 0.033±0.003  dtopLevel 1.207±0.185  dcashDay -13.342±2.044  dsqueeze 0.000±0.000  dminCash -44.519±4.941
groupOrder      dgain -5±14  dreached -0.021±0.016  dwin 0.002±0.005  ddeaths -0.090±0.101  dregulars 0.135±0.095  dsales 0.426±3.078  dmargin -3±181  dfinalRatio -0.007±0.013  dexpWin 0.008±0.004  dtopLevel -0.005±0.192  dcashDay 79.092±2.430  dsqueeze 0.000±0.000  dminCash 140.605±5.219
memberBundle    dgain 8±4  dreached 0.008±0.010  dwin 0.004±0.003  ddeaths 0.024±0.033  dregulars 0.062±0.033  dsales 1.486±0.674  dmargin 141±46  dfinalRatio 0.005±0.008  dexpWin 0.000±0.001  dtopLevel 0.097±0.046  dcashDay 3.346±0.672  dsqueeze 0.000±0.000  dminCash 0.643±0.302
premiumMember   dgain 66±13  dreached 0.019±0.017  dwin 0.004±0.005  ddeaths 0.213±0.098  dregulars 2.310±0.121  dsales 13.813±2.911  dmargin 1187±178  dfinalRatio 0.015±0.013  dexpWin 0.002±0.003  dtopLevel 0.488±0.181  dcashDay 45.088±2.131  dsqueeze 0.000±0.000  dminCash 45.011±3.370
returnPoints    dgain 61±13  dreached 0.035±0.016  dwin 0.006±0.005  ddeaths 0.196±0.095  dregulars 4.131±0.125  dsales 13.422±2.857  dmargin 1104±175  dfinalRatio 0.033±0.013  dexpWin 0.007±0.003  dtopLevel 0.597±0.178  dcashDay 40.184±2.096  dsqueeze 0.000±0.000  dminCash 41.160±3.317
coldcase        dgain 8±14  dreached -0.001±0.016  dwin 0.021±0.006  ddeaths -0.062±0.103  dregulars 0.166±0.095  dsales -7.345±3.029  dmargin 25±183  dfinalRatio 0.014±0.014  dexpWin 0.004±0.004  dtopLevel -0.086±0.193  dcashDay 49.709±2.608  dsqueeze 0.000±0.000  dminCash 68.288±5.099
supplyCert      dgain 3±9  dreached -0.001±0.015  dwin 0.011±0.005  ddeaths 0.018±0.065  dregulars 0.097±0.068  dsales 1.184±1.874  dmargin 33±115  dfinalRatio 0.003±0.012  dexpWin -0.001±0.002  dtopLevel 0.027±0.123  dcashDay 36.113±1.683  dsqueeze 0.000±0.000  dminCash 18.770±2.124
expeditionMeal  dgain 111±14  dreached 0.125±0.018  dwin 0.015±0.006  ddeaths 0.395±0.100  dregulars 0.617±0.094  dsales 25.724±3.029  dmargin 422±171  dfinalRatio 0.106±0.014  dexpWin 0.010±0.003  dtopLevel 1.641±0.187  dcashDay -43.122±2.165  dsqueeze 0.004±0.001  dminCash -190.016±7.886
dawnRecovery    dgain -1±14  dreached -0.004±0.017  dwin 0.005±0.005  ddeaths 0.005±0.101  dregulars 0.019±0.087  dsales 0.186±3.056  dmargin 86±179  dfinalRatio 0.005±0.013  dexpWin 0.001±0.004  dtopLevel -0.012±0.190  dcashDay 6.372±2.170  dsqueeze 0.000±0.000  dminCash 20.980±4.970
logisticsHQ     dgain 8±5  dreached 0.003±0.007  dwin 0.000±0.003  ddeaths 0.044±0.036  dregulars 0.069±0.035  dsales 1.537±1.106  dmargin 1994±84  dfinalRatio 0.002±0.006  dexpWin 0.001±0.001  dtopLevel 0.122±0.071  dcashDay 107.000±1.087  dsqueeze 0.000±0.000  dminCash 58.205±3.367
lifetime        dgain 12±4  dreached 0.024±0.012  dwin 0.054±0.008  ddeaths -0.019±0.039  dregulars -0.177±0.033  dsales 2.268±0.784  dmargin 165±54  dfinalRatio 0.047±0.010  dexpWin 0.003±0.001  dtopLevel 0.249±0.056  dcashDay 1.549±0.778  dsqueeze 0.000±0.000  dminCash -0.182±0.195
royalCert       dgain -4±6  dreached -0.006±0.012  dwin -0.001±0.004  ddeaths 0.021±0.049  dregulars -0.012±0.050  dsales -0.501±1.360  dmargin -41±84  dfinalRatio -0.003±0.010  dexpWin 0.001±0.001  dtopLevel -0.007±0.089  dcashDay -14.397±1.250  dsqueeze 0.001±0.000  dminCash -65.709±3.234
opsRoom         dgain 48±13  dreached 0.049±0.017  dwin 0.011±0.005  ddeaths 0.182±0.092  dregulars 0.272±0.086  dsales 10.619±2.793  dmargin 672±169  dfinalRatio 0.040±0.013  dexpWin 0.021±0.003  dtopLevel 0.670±0.176  dcashDay 9.795±1.942  dsqueeze 0.000±0.000  dminCash 15.158±3.431
warehouse       dgain 1±1  dreached 0.003±0.002  dwin 0.000±0.000  ddeaths -0.008±0.007  dregulars 0.000±0.006  dsales 0.077±0.182  dmargin 5±13  dfinalRatio 0.002±0.002  dexpWin -0.000±0.000  dtopLevel 0.002±0.011  dcashDay -0.208±0.125  dsqueeze 0.000±0.000  dminCash 0.000±0.000
hub             dgain 27±15  dreached 0.004±0.017  dwin 0.028±0.007  ddeaths -0.296±0.101  dregulars 0.490±0.102  dsales 11.007±3.384  dmargin 595±201  dfinalRatio 0.019±0.014  dexpWin 0.038±0.004  dtopLevel 0.440±0.204  dcashDay 29.169±2.634  dsqueeze 0.000±0.000  dminCash 38.671±5.776
fresh24         dgain 184±13  dreached 0.205±0.019  dwin 0.040±0.008  ddeaths 0.603±0.098  dregulars 0.882±0.093  dsales 40.877±2.953  dmargin 1384±169  dfinalRatio 0.169±0.015  dexpWin 0.058±0.003  dtopLevel 2.542±0.186  dcashDay -23.200±2.139  dsqueeze 0.001±0.000  dminCash -103.571±6.289
extraOrder      dgain 21±14  dreached 0.027±0.017  dwin 0.015±0.006  ddeaths 0.161±0.102  dregulars 0.099±0.092  dsales 8.027±3.161  dmargin 403±187  dfinalRatio 0.032±0.014  dexpWin 0.002±0.004  dtopLevel 0.387±0.198  dcashDay 4.623±2.200  dsqueeze 0.000±0.000  dminCash 26.723±4.836
rerollTicket    dgain 3±3  dreached -0.001±0.004  dwin 0.004±0.002  ddeaths 0.038±0.023  dregulars 0.008±0.018  dsales 0.790±0.727  dmargin 58±44  dfinalRatio 0.001±0.004  dexpWin 0.001±0.001  dtopLevel 0.054±0.046  dcashDay 2.526±0.549  dsqueeze 0.000±0.000  dminCash 7.158±1.143
efficiency      dgain 4±5  dreached -0.003±0.006  dwin 0.000±0.002  ddeaths 0.054±0.034  dregulars 0.023±0.032  dsales 0.767±1.019  dmargin 37±61  dfinalRatio -0.002±0.005  dexpWin 0.000±0.001  dtopLevel 0.054±0.066  dcashDay 29.968±0.783  dsqueeze 0.000±0.000  dminCash 65.595±2.157
fieldStretcher  dgain 32±8  dreached 0.034±0.013  dwin 0.006±0.004  ddeaths 0.072±0.060  dregulars 0.242±0.057  dsales 6.768±1.663  dmargin 418±102  dfinalRatio 0.032±0.011  dexpWin 0.007±0.002  dtopLevel 0.464±0.106  dcashDay 4.262±1.246  dsqueeze 0.000±0.000  dminCash 3.859±1.649
firstAidDesk    dgain 64±13  dreached 0.076±0.017  dwin 0.015±0.006  ddeaths 0.234±0.096  dregulars 0.420±0.091  dsales 13.590±2.876  dmargin 781±171  dfinalRatio 0.059±0.014  dexpWin -0.001±0.003  dtopLevel 0.849±0.183  dcashDay 1.674±2.017  dsqueeze 0.000±0.000  dminCash 1.485±3.849
rumorBoard      dgain 13±13  dreached 0.017±0.016  dwin 0.009±0.006  ddeaths 0.150±0.102  dregulars 0.081±0.093  dsales 3.079±3.007  dmargin 205±178  dfinalRatio 0.016±0.013  dexpWin -0.004±0.003  dtopLevel 0.239±0.190  dcashDay 3.377±2.131  dsqueeze 0.000±0.000  dminCash 8.846±5.031
postcard        dgain 3±4  dreached 0.009±0.012  dwin 0.007±0.005  ddeaths 0.008±0.039  dregulars 1.637±0.077  dsales 0.437±0.749  dmargin 36±53  dfinalRatio 0.009±0.010  dexpWin -0.001±0.001  dtopLevel 0.064±0.054  dcashDay -1.194±0.764  dsqueeze 0.000±0.000  dminCash -0.185±0.274
rescueContract  dgain 231±13  dreached 0.365±0.019  dwin 0.021±0.006  ddeaths 0.342±0.098  dregulars 1.341±0.095  dsales 51.661±2.931  dmargin 2879±174  dfinalRatio 0.263±0.015  dexpWin -0.021±0.003  dtopLevel 3.077±0.187  dcashDay -1.052±2.026  dsqueeze 0.000±0.000  dminCash -11.616±4.101

real	29m8.370s
user	73m1.933s
sys	0m46.486s
