bulk            dgain -2±13  dreached -0.001±0.016  dwin -0.003±0.005  ddeaths 0.035±0.099  dregulars -0.058±0.091  dsales 3.744±3.041  dmargin 544±182  dfinalRatio -0.001±0.013  dexpWin 0.011±0.004  dtopLevel 0.156±0.191  dcashDay 27.350±2.221  dsqueeze -0.000±0.000  dminCash 26.932±4.562
stamp           dgain -1±11  dreached 0.004±0.015  dwin 0.002±0.006  ddeaths -0.102±0.083  dregulars 2.676±0.105  dsales -0.830±2.400  dmargin 5±145  dfinalRatio 0.005±0.012  dexpWin 0.001±0.002  dtopLevel -0.036±0.153  dcashDay 5.071±1.705  dsqueeze 0.000±0.000  dminCash -0.772±2.663
member          dgain 2±13  dreached 0.000±0.016  dwin 0.008±0.006  ddeaths 0.019±0.096  dregulars 0.001±0.084  dsales 0.303±2.845  dmargin 37±169  dfinalRatio 0.006±0.013  dexpWin 0.009±0.003  dtopLevel 0.143±0.182  dcashDay 1.149±2.043  dsqueeze 0.000±0.000  dminCash -13.979±4.056
rotation        dgain 8±13  dreached 0.011±0.016  dwin 0.008±0.006  ddeaths -0.051±0.097  dregulars 0.009±0.087  dsales 2.032±2.884  dmargin 143±172  dfinalRatio 0.014±0.013  dexpWin 0.008±0.003  dtopLevel 0.150±0.181  dcashDay 4.434±2.056  dsqueeze 0.000±0.000  dminCash -0.346±3.829
rareContract    dgain 5±13  dreached -0.020±0.016  dwin 0.002±0.006  ddeaths -0.037±0.093  dregulars 0.009±0.084  dsales -3.858±2.679  dmargin -40±163  dfinalRatio -0.014±0.013  dexpWin -0.002±0.003  dtopLevel -0.110±0.173  dcashDay 14.374±2.169  dsqueeze 0.000±0.000  dminCash -14.300±3.701
guarantee       dgain 13±12  dreached -0.007±0.016  dwin -0.002±0.006  ddeaths -0.019±0.085  dregulars -0.133±0.079  dsales 1.632±2.525  dmargin 365±155  dfinalRatio -0.006±0.013  dexpWin 0.003±0.002  dtopLevel 0.063±0.161  dcashDay 20.484±1.840  dsqueeze 0.000±0.000  dminCash 29.734±2.911
fieldRepair     dgain 19±8  dreached 0.041±0.014  dwin 0.000±0.006  ddeaths 0.000±0.058  dregulars 0.064±0.057  dsales 4.527±1.527  dmargin 255±96  dfinalRatio 0.035±0.012  dexpWin 0.000±0.002  dtopLevel 0.291±0.102  dcashDay 0.864±1.301  dsqueeze 0.000±0.000  dminCash 0.368±2.452
hazardBoard     dgain 14±13  dreached 0.027±0.017  dwin 0.018±0.007  ddeaths -0.005±0.101  dregulars -0.008±0.089  dsales 3.106±2.994  dmargin 249±178  dfinalRatio 0.030±0.014  dexpWin 0.003±0.003  dtopLevel 0.219±0.189  dcashDay 3.256±2.072  dsqueeze 0.000±0.000  dminCash 2.894±4.483
firstVisitCoupon dgain 16±13  dreached 0.003±0.015  dwin -0.003±0.006  ddeaths -0.010±0.101  dregulars -0.069±0.085  dsales 3.390±2.966  dmargin 381±175  dfinalRatio 0.003±0.012  dexpWin 0.006±0.004  dtopLevel 0.150±0.186  dcashDay 23.405±2.099  dsqueeze 0.000±0.000  dminCash 65.863±4.217
fridge          dgain 11±10  dreached 0.019±0.014  dwin 0.002±0.006  ddeaths 0.057±0.079  dregulars 0.044±0.071  dsales 2.659±2.250  dmargin 171±135  dfinalRatio 0.017±0.011  dexpWin -0.002±0.002  dtopLevel 0.170±0.143  dcashDay 3.579±1.653  dsqueeze 0.000±0.000  dminCash -0.680±3.150
board           dgain 11±13  dreached 0.012±0.016  dwin 0.007±0.006  ddeaths -0.228±0.097  dregulars 0.112±0.089  dsales 3.161±2.900  dmargin 251±174  dfinalRatio 0.015±0.013  dexpWin 0.020±0.003  dtopLevel 0.095±0.181  dcashDay 22.733±2.102  dsqueeze -0.000±0.000  dminCash 40.425±4.335
kitchen         dgain 93±14  dreached 0.101±0.017  dwin -0.006±0.005  ddeaths 0.299±0.099  dregulars 0.469±0.091  dsales 20.427±3.015  dmargin 1269±179  dfinalRatio 0.076±0.014  dexpWin 0.035±0.003  dtopLevel 1.240±0.189  dcashDay -7.110±2.043  dsqueeze 0.000±0.000  dminCash -43.001±4.462
memberBundle    dgain 4±4  dreached -0.007±0.010  dwin -0.008±0.004  ddeaths -0.005±0.032  dregulars 0.010±0.034  dsales 0.470±0.687  dmargin 75±48  dfinalRatio -0.007±0.008  dexpWin 0.000±0.001  dtopLevel -0.007±0.048  dcashDay 2.772±0.732  dsqueeze 0.000±0.000  dminCash 0.498±0.272
premiumMember   dgain -3±3  dreached -0.002±0.010  dwin -0.001±0.005  ddeaths -0.050±0.033  dregulars -0.005±0.032  dsales -0.627±0.629  dmargin -13±43  dfinalRatio -0.001±0.008  dexpWin -0.000±0.001  dtopLevel -0.046±0.047  dcashDay 1.745±0.636  dsqueeze 0.000±0.000  dminCash 0.272±0.346
groupOrder      dgain 10±14  dreached 0.017±0.017  dwin 0.007±0.006  ddeaths -0.171±0.102  dregulars 0.132±0.096  dsales 3.431±3.186  dmargin 218±188  dfinalRatio 0.020±0.014  dexpWin 0.008±0.004  dtopLevel 0.122±0.199  dcashDay 81.937±2.560  dsqueeze 0.000±0.000  dminCash 143.164±4.925
returnPoints    dgain 62±14  dreached 0.037±0.016  dwin 0.010±0.007  ddeaths 0.171±0.100  dregulars 3.993±0.127  dsales 12.872±3.008  dmargin 1121±183  dfinalRatio 0.030±0.013  dexpWin 0.016±0.003  dtopLevel 0.565±0.189  dcashDay 43.372±2.111  dsqueeze 0.000±0.000  dminCash 47.343±3.297
supplyCert      dgain 3±9  dreached 0.006±0.015  dwin 0.001±0.006  ddeaths -0.086±0.068  dregulars 0.012±0.064  dsales 1.260±1.903  dmargin 98±118  dfinalRatio 0.005±0.012  dexpWin 0.001±0.002  dtopLevel 0.060±0.125  dcashDay 22.046±1.575  dsqueeze 0.000±0.000  dminCash 15.272±1.902
coldcase        dgain 15±13  dreached 0.006±0.016  dwin -0.001±0.006  ddeaths 0.023±0.096  dregulars 0.078±0.085  dsales 0.637±2.838  dmargin 250±170  dfinalRatio 0.010±0.013  dexpWin 0.005±0.003  dtopLevel 0.179±0.179  dcashDay 9.165±2.064  dsqueeze 0.000±0.000  dminCash 12.852±3.963
expeditionMeal  dgain 139±14  dreached 0.175±0.019  dwin 0.030±0.008  ddeaths 0.397±0.100  dregulars 0.679±0.091  dsales 30.257±3.007  dmargin 1435±177  dfinalRatio 0.150±0.015  dexpWin 0.015±0.003  dtopLevel 1.926±0.190  dcashDay -9.721±2.168  dsqueeze 0.001±0.000  dminCash -82.217±5.651
dawnRecovery    dgain 33±14  dreached 0.035±0.017  dwin 0.014±0.007  ddeaths 0.134±0.100  dregulars 0.023±0.089  dsales 6.271±3.065  dmargin 530±182  dfinalRatio 0.033±0.014  dexpWin 0.006±0.004  dtopLevel 0.442±0.194  dcashDay 15.158±2.194  dsqueeze 0.000±0.000  dminCash 21.990±5.071
logisticsHQ     dgain 2±5  dreached -0.001±0.007  dwin 0.004±0.002  ddeaths 0.060±0.035  dregulars 0.011±0.035  dsales 0.978±1.026  dmargin 1947±78  dfinalRatio 0.003±0.005  dexpWin 0.001±0.001  dtopLevel 0.069±0.066  dcashDay 107.710±1.130  dsqueeze 0.000±0.000  dminCash 63.279±3.404
lifetime        dgain 10±4  dreached 0.025±0.012  dwin 0.052±0.008  ddeaths -0.072±0.035  dregulars -0.230±0.035  dsales 1.793±0.792  dmargin 143±54  dfinalRatio 0.049±0.010  dexpWin 0.006±0.001  dtopLevel 0.237±0.059  dcashDay 3.482±0.792  dsqueeze 0.000±0.000  dminCash 0.279±0.219
royalCert       dgain 10±7  dreached -0.014±0.012  dwin -0.004±0.005  ddeaths 0.106±0.052  dregulars 0.027±0.050  dsales 1.904±1.400  dmargin 128±88  dfinalRatio -0.008±0.010  dexpWin 0.001±0.001  dtopLevel 0.127±0.092  dcashDay -12.089±1.249  dsqueeze 0.001±0.000  dminCash -69.342±3.370
opsRoom         dgain 59±13  dreached 0.071±0.016  dwin 0.005±0.007  ddeaths 0.184±0.095  dregulars 0.216±0.083  dsales 13.338±2.763  dmargin 826±166  dfinalRatio 0.060±0.013  dexpWin 0.027±0.003  dtopLevel 0.854±0.174  dcashDay 12.377±1.992  dsqueeze 0.000±0.000  dminCash 9.091±3.640
hub             dgain 39±15  dreached 0.004±0.016  dwin 0.027±0.008  ddeaths -0.311±0.102  dregulars 0.388±0.100  dsales 13.054±3.355  dmargin 786±201  dfinalRatio 0.020±0.014  dexpWin 0.040±0.004  dtopLevel 0.472±0.202  dcashDay 36.022±2.585  dsqueeze 0.000±0.000  dminCash 45.253±5.685
warehouse       dgain -1±1  dreached 0.001±0.002  dwin 0.000±0.000  ddeaths -0.004±0.008  dregulars -0.014±0.011  dsales -0.171±0.250  dmargin -11±17  dfinalRatio 0.001±0.002  dexpWin -0.000±0.000  dtopLevel -0.011±0.017  dcashDay -0.194±0.125  dsqueeze 0.000±0.000  dminCash 0.000±0.000
fresh24         dgain 197±14  dreached 0.236±0.019  dwin 0.017±0.007  ddeaths 0.528±0.099  dregulars 0.908±0.093  dsales 41.811±3.037  dmargin 1560±173  dfinalRatio 0.191±0.015  dexpWin 0.065±0.003  dtopLevel 2.543±0.191  dcashDay -13.519±2.165  dsqueeze 0.001±0.000  dminCash -94.515±6.080
extraOrder      dgain 52±14  dreached 0.068±0.017  dwin 0.014±0.007  ddeaths 0.132±0.097  dregulars 0.161±0.089  dsales 13.811±3.025  dmargin 813±178  dfinalRatio 0.064±0.014  dexpWin 0.009±0.004  dtopLevel 0.791±0.190  dcashDay 13.031±2.095  dsqueeze 0.000±0.000  dminCash 32.002±4.985
rerollTicket    dgain 3±3  dreached 0.003±0.004  dwin 0.000±0.001  ddeaths 0.015±0.023  dregulars 0.011±0.022  dsales 0.440±0.641  dmargin 32±40  dfinalRatio 0.003±0.003  dexpWin -0.001±0.001  dtopLevel 0.033±0.043  dcashDay 0.721±0.594  dsqueeze 0.000±0.000  dminCash 2.759±1.119
efficiency      dgain 3±5  dreached -0.003±0.006  dwin 0.002±0.002  ddeaths 0.063±0.035  dregulars 0.004±0.034  dsales 0.957±0.978  dmargin 43±58  dfinalRatio 0.000±0.005  dexpWin 0.001±0.001  dtopLevel 0.071±0.064  dcashDay 29.616±0.782  dsqueeze 0.000±0.000  dminCash 67.952±2.330
fieldStretcher  dgain 27±8  dreached 0.047±0.013  dwin 0.004±0.005  ddeaths 0.057±0.057  dregulars 0.139±0.057  dsales 6.320±1.662  dmargin 385±104  dfinalRatio 0.037±0.010  dexpWin 0.008±0.002  dtopLevel 0.406±0.108  dcashDay 4.027±1.270  dsqueeze 0.000±0.000  dminCash 3.679±1.796
firstAidDesk    dgain 71±13  dreached 0.088±0.017  dwin 0.002±0.006  ddeaths 0.151±0.096  dregulars 0.280±0.091  dsales 16.012±2.962  dmargin 943±175  dfinalRatio 0.063±0.014  dexpWin 0.003±0.003  dtopLevel 0.958±0.188  dcashDay 5.426±1.999  dsqueeze 0.000±0.000  dminCash 0.671±3.562
