
balance measure · 514s · traj 200x10 · fresh 1000
after/traj/reader/none run1 n=200 | 성공 47.7% / 44.4% / 49.0% / 40.0% | D30 21.0% 클리어|도달 33.3% 클리어 7.0% | 좀비 9.5% | 사망/런 7.72 | 장식 0.0
  └ 종료 사망한도 77.0% 마왕실패 14.0% 클리어 7.0% 파산 2.0% | 끝난 날 중앙 18 | D10까지 사망 3.69 | 부상 출발/런 19.7 (사망 22.0%) | 상위 4명 성공 69.4% · 사망 0.54 · 나머지 26.4% · 사망 7.18 | 현금/일 90 | 자본 432
after/traj/reader/none run5 n=200 | 성공 47.6% / 44.2% / 47.9% / 40.0% | D30 18.5% 클리어|도달 24.3% 클리어 4.5% | 좀비 11.0% | 사망/런 8.05 | 장식 0.0
  └ 종료 사망한도 79.0% 마왕실패 14.0% 클리어 4.5% 파산 2.5% | 끝난 날 중앙 18 | D10까지 사망 3.50 | 부상 출발/런 20.1 (사망 22.5%) | 상위 4명 성공 69.9% · 사망 0.53 · 나머지 25.5% · 사망 7.53 | 현금/일 88 | 자본 448
after/traj/reader/none run10 n=200 | 성공 47.4% / 44.5% / 48.0% / 40.2% | D30 23.5% 클리어|도달 19.1% 클리어 4.5% | 좀비 10.5% | 사망/런 7.94 | 장식 0.0
  └ 종료 사망한도 73.5% 마왕실패 19.0% 클리어 4.5% 파산 3.0% | 끝난 날 중앙 19 | D10까지 사망 3.63 | 부상 출발/런 20.4 (사망 22.4%) | 상위 4명 성공 68.2% · 사망 0.61 · 나머지 27.3% · 사망 7.33 | 현금/일 87 | 자본 445
after/traj/reader/economy run1 n=200 | 성공 47.7% / 44.4% / 49.0% / 40.0% | D30 21.0% 클리어|도달 33.3% 클리어 7.0% | 좀비 9.5% | 사망/런 7.72 | 장식 0.0
  └ 종료 사망한도 77.0% 마왕실패 14.0% 클리어 7.0% 파산 2.0% | 끝난 날 중앙 18 | D10까지 사망 3.69 | 부상 출발/런 19.7 (사망 22.0%) | 상위 4명 성공 69.4% · 사망 0.54 · 나머지 26.4% · 사망 7.18 | 현금/일 90 | 자본 432
after/traj/reader/economy run5 n=200 | 성공 49.4% / 50.0% / 52.1% / 45.0% | D30 36.0% 클리어|도달 48.6% 클리어 17.5% | 좀비 8.5% | 사망/런 7.95 | 장식 2.1
  └ 종료 사망한도 64.0% 마왕실패 18.5% 클리어 17.5% | 끝난 날 중앙 20 | D10까지 사망 3.46 | 부상 출발/런 22.2 (사망 20.0%) | 상위 4명 성공 71.4% · 사망 0.55 · 나머지 30.6% · 사망 7.41 | 현금/일 206 | 자본 602
after/traj/reader/economy run10 n=200 | 성공 51.2% / 51.8% / 53.5% / 46.9% | D30 39.0% 클리어|도달 47.4% 클리어 18.5% | 좀비 6.5% | 사망/런 8.09 | 장식 3.8
  └ 종료 사망한도 61.0% 마왕실패 20.5% 클리어 18.5% | 끝난 날 중앙 27 | D10까지 사망 3.31 | 부상 출발/런 22.7 (사망 19.5%) | 상위 4명 성공 72.0% · 사망 0.48 · 나머지 34.2% · 사망 7.61 | 현금/일 267 | 자본 701
after/traj/reader/survival run1 n=200 | 성공 47.7% / 44.4% / 49.0% / 40.0% | D30 21.0% 클리어|도달 33.3% 클리어 7.0% | 좀비 9.5% | 사망/런 7.72 | 장식 0.0
  └ 종료 사망한도 77.0% 마왕실패 14.0% 클리어 7.0% 파산 2.0% | 끝난 날 중앙 18 | D10까지 사망 3.69 | 부상 출발/런 19.7 (사망 22.0%) | 상위 4명 성공 69.4% · 사망 0.54 · 나머지 26.4% · 사망 7.18 | 현금/일 90 | 자본 432
after/traj/reader/survival run5 n=200 | 성공 50.1% / 47.6% / 49.4% / 40.0% | D30 59.0% 클리어|도달 27.1% 클리어 16.0% | 좀비 21.0% | 사망/런 8.63 | 장식 2.2
  └ 종료 마왕실패 43.0% 사망한도 38.5% 클리어 16.0% 파산 2.5% | 끝난 날 중앙 30 | D10까지 사망 3.13 | 부상 출발/런 21.2 (사망 21.7%) | 상위 4명 성공 69.7% · 사망 0.47 · 나머지 29.1% · 사망 8.15 | 현금/일 123 | 자본 688
after/traj/reader/survival run10 n=200 | 성공 59.8% / 52.5% / 53.7% / 41.5% | D30 88.5% 클리어|도달 19.2% 클리어 17.0% | 좀비 21.5% | 사망/런 7.90 | 장식 3.9
  └ 종료 마왕실패 71.5% 클리어 17.0% 사망한도 9.5% 파산 2.0% | 끝난 날 중앙 30 | D10까지 사망 2.21 | 부상 출발/런 17.9 (사망 19.0%) | 상위 4명 성공 72.0% · 사망 0.36 · 나머지 36.2% · 사망 7.54 | 현금/일 148 | 자본 872
after/traj/expert/none run1 n=200 | 성공 47.2% / 44.5% / 48.2% / 38.8% | D30 22.0% 클리어|도달 29.5% 클리어 6.5% | 좀비 11.0% | 사망/런 8.05 | 장식 0.0
  └ 종료 사망한도 77.5% 마왕실패 15.5% 클리어 6.5% 파산 0.5% | 끝난 날 중앙 19 | D10까지 사망 3.56 | 부상 출발/런 20.4 (사망 22.1%) | 상위 4명 성공 68.9% · 사망 0.58 · 나머지 25.6% · 사망 7.46 | 현금/일 96 | 자본 451
after/traj/expert/none run5 n=200 | 성공 47.0% / 46.4% / 48.2% / 39.8% | D30 24.5% 클리어|도달 22.4% 클리어 5.5% | 좀비 11.5% | 사망/런 7.84 | 장식 0.0
  └ 종료 사망한도 73.0% 마왕실패 19.0% 클리어 5.5% 파산 2.5% | 끝난 날 중앙 18 | D10까지 사망 3.46 | 부상 출발/런 20.3 (사망 21.4%) | 상위 4명 성공 69.6% · 사망 0.54 · 나머지 26.5% · 사망 7.30 | 현금/일 91 | 자본 449
after/traj/expert/none run10 n=200 | 성공 47.1% / 45.1% / 48.5% / 40.9% | D30 22.0% 클리어|도달 29.5% 클리어 6.5% | 좀비 10.5% | 사망/런 7.78 | 장식 0.0
  └ 종료 사망한도 76.0% 마왕실패 15.5% 클리어 6.5% 파산 2.0% | 끝난 날 중앙 19 | D10까지 사망 3.71 | 부상 출발/런 19.5 (사망 22.8%) | 상위 4명 성공 69.4% · 사망 0.53 · 나머지 25.9% · 사망 7.25 | 현금/일 89 | 자본 440
after/traj/expert/economy run1 n=200 | 성공 47.2% / 44.5% / 48.2% / 38.8% | D30 22.0% 클리어|도달 29.5% 클리어 6.5% | 좀비 11.0% | 사망/런 8.05 | 장식 0.0
  └ 종료 사망한도 77.5% 마왕실패 15.5% 클리어 6.5% 파산 0.5% | 끝난 날 중앙 19 | D10까지 사망 3.56 | 부상 출발/런 20.4 (사망 22.1%) | 상위 4명 성공 68.9% · 사망 0.58 · 나머지 25.6% · 사망 7.46 | 현금/일 96 | 자본 451
after/traj/expert/economy run5 n=200 | 성공 50.0% / 49.6% / 51.6% / 45.3% | D30 31.5% 클리어|도달 49.2% 클리어 15.5% | 좀비 7.0% | 사망/런 7.84 | 장식 2.2
  └ 종료 사망한도 68.5% 마왕실패 16.0% 클리어 15.5% | 끝난 날 중앙 20 | D10까지 사망 3.51 | 부상 출발/런 21.3 (사망 20.9%) | 상위 4명 성공 71.8% · 사망 0.43 · 나머지 30.2% · 사망 7.41 | 현금/일 215 | 자본 583
after/traj/expert/economy run10 n=200 | 성공 52.2% / 51.6% / 53.6% / 46.6% | D30 46.0% 클리어|도달 45.7% 클리어 21.0% | 좀비 6.0% | 사망/런 7.88 | 장식 3.9
  └ 종료 사망한도 54.0% 마왕실패 25.0% 클리어 21.0% | 끝난 날 중앙 28 | D10까지 사망 3.19 | 부상 출발/런 24.2 (사망 18.3%) | 상위 4명 성공 72.0% · 사망 0.41 · 나머지 33.4% · 사망 7.48 | 현금/일 296 | 자본 755
after/fresh/reader/none n=1000 | 성공 47.0% / 44.1% / 47.1% / 40.2% | D30 20.8% 클리어|도달 27.4% 클리어 5.7% | 좀비 10.3% | 사망/런 7.69 | 장식 0.0
  └ 종료 사망한도 76.3% 마왕실패 15.1% 클리어 5.7% 파산 2.9% | 끝난 날 중앙 18 | D10까지 사망 3.67 | 부상 출발/런 19.4 (사망 22.3%) | 상위 4명 성공 68.9% · 사망 0.56 · 나머지 26.0% · 사망 7.13 | 현금/일 85 | 자본 425
after/traj/expert/survival run1 n=200 | 성공 47.2% / 44.5% / 48.2% / 38.8% | D30 22.0% 클리어|도달 29.5% 클리어 6.5% | 좀비 11.0% | 사망/런 8.05 | 장식 0.0
  └ 종료 사망한도 77.5% 마왕실패 15.5% 클리어 6.5% 파산 0.5% | 끝난 날 중앙 19 | D10까지 사망 3.56 | 부상 출발/런 20.4 (사망 22.1%) | 상위 4명 성공 68.9% · 사망 0.58 · 나머지 25.6% · 사망 7.46 | 현금/일 96 | 자본 451
after/traj/expert/survival run5 n=200 | 성공 50.0% / 47.6% / 49.3% / 42.5% | D30 57.0% 클리어|도달 31.6% 클리어 18.0% | 좀비 18.5% | 사망/런 8.85 | 장식 2.3
  └ 종료 사망한도 41.0% 마왕실패 39.0% 클리어 18.0% 파산 2.0% | 끝난 날 중앙 30 | D10까지 사망 3.08 | 부상 출발/런 22.2 (사망 22.0%) | 상위 4명 성공 69.9% · 사망 0.52 · 나머지 29.1% · 사망 8.32 | 현금/일 118 | 자본 701
after/traj/expert/survival run10 n=200 | 성공 60.1% / 52.4% / 51.9% / 41.5% | D30 89.5% 클리어|도달 30.7% 클리어 27.5% | 좀비 18.0% | 사망/런 7.70 | 장식 3.9
  └ 종료 마왕실패 62.0% 클리어 27.5% 사망한도 9.5% 파산 1.0% | 끝난 날 중앙 30 | D10까지 사망 2.12 | 부상 출발/런 18.1 (사망 18.8%) | 상위 4명 성공 71.8% · 사망 0.28 · 나머지 35.8% · 사망 7.42 | 현금/일 147 | 자본 882
after/fresh/expert/none n=1000 | 성공 47.2% / 43.7% / 48.2% / 40.5% | D30 22.6% 클리어|도달 29.2% 클리어 6.6% | 좀비 9.4% | 사망/런 7.74 | 장식 0.0
  └ 종료 사망한도 75.3% 마왕실패 16.0% 클리어 6.6% 파산 2.1% | 끝난 날 중앙 18 | D10까지 사망 3.67 | 부상 출발/런 19.4 (사망 22.3%) | 상위 4명 성공 69.0% · 사망 0.54 · 나머지 25.7% · 사망 7.20 | 현금/일 89 | 자본 431
after/fresh/balanced/none n=1000 | 성공 43.8% / 39.5% / 41.4% / 30.6% | D30 3.4% 클리어|도달 2.9% 클리어 0.1% | 좀비 8.1% | 사망/런 7.08 | 장식 0.0
  └ 종료 사망한도 95.2% 마왕실패 3.3% 파산 1.4% 클리어 0.1% | 끝난 날 중앙 10 | D10까지 사망 4.28 | 부상 출발/런 14.1 (사망 25.7%) | 상위 4명 성공 66.0% · 사망 0.70 · 나머지 20.9% · 사망 6.37 | 현금/일 47 | 자본 235
