
balance measure · 490s · traj 200x10 · fresh 1000
after/traj/reader/none run1 n=200 | 성공 46.3% / 42.0% / 44.0% / 36.9% | D30 15.5% 클리어|도달 12.9% 클리어 2.0% | 좀비 7.0% | 사망/런 7.50 | 장식 0.0
  └ 종료 사망한도 82.0% 마왕실패 13.5% 파산 2.5% 클리어 2.0% | 끝난 날 중앙 16 | D10까지 사망 3.75 | 부상 출발/런 17.9 (사망 23.4%) | 상위 4명 성공 67.5% · 사망 0.60 · 나머지 25.5% · 사망 6.89 | 현금/일 83 | 자본 355
after/traj/reader/none run5 n=200 | 성공 46.1% / 40.1% / 45.4% / 37.7% | D30 12.0% 클리어|도달 29.2% 클리어 3.5% | 좀비 11.0% | 사망/런 7.60 | 장식 0.0
  └ 종료 사망한도 85.0% 마왕실패 8.5% 클리어 3.5% 파산 3.0% | 끝난 날 중앙 17 | D10까지 사망 3.69 | 부상 출발/런 18.7 (사망 22.7%) | 상위 4명 성공 67.0% · 사망 0.54 · 나머지 24.6% · 사망 7.06 | 현금/일 74 | 자본 369
after/traj/reader/none run10 n=200 | 성공 45.9% / 41.4% / 44.6% / 38.0% | D30 12.0% 클리어|도달 12.5% 클리어 1.5% | 좀비 10.0% | 사망/런 7.88 | 장식 0.0
  └ 종료 사망한도 87.0% 마왕실패 10.5% 클리어 1.5% 파산 1.0% | 끝난 날 중앙 17 | D10까지 사망 3.69 | 부상 출발/런 18.7 (사망 24.8%) | 상위 4명 성공 67.3% · 사망 0.71 · 나머지 24.4% · 사망 7.17 | 현금/일 76 | 자본 377
after/traj/reader/economy run1 n=200 | 성공 46.3% / 42.0% / 44.0% / 36.9% | D30 15.5% 클리어|도달 12.9% 클리어 2.0% | 좀비 7.0% | 사망/런 7.50 | 장식 0.0
  └ 종료 사망한도 82.0% 마왕실패 13.5% 파산 2.5% 클리어 2.0% | 끝난 날 중앙 16 | D10까지 사망 3.75 | 부상 출발/런 17.9 (사망 23.4%) | 상위 4명 성공 67.5% · 사망 0.60 · 나머지 25.5% · 사망 6.89 | 현금/일 83 | 자본 355
after/traj/reader/economy run5 n=200 | 성공 47.6% / 45.4% / 48.3% / 39.9% | D30 20.5% 클리어|도달 12.2% 클리어 2.5% | 좀비 12.0% | 사망/런 7.99 | 장식 1.8
  └ 종료 사망한도 79.5% 마왕실패 18.0% 클리어 2.5% | 끝난 날 중앙 19 | D10까지 사망 3.72 | 부상 출발/런 21.0 (사망 21.2%) | 상위 4명 성공 68.7% · 사망 0.56 · 나머지 27.7% · 사망 7.43 | 현금/일 181 | 자본 514
after/traj/reader/economy run10 n=200 | 성공 50.9% / 48.1% / 52.6% / 43.5% | D30 30.5% 클리어|도달 26.2% 클리어 8.0% | 좀비 6.5% | 사망/런 7.75 | 장식 3.6
  └ 종료 사망한도 69.5% 마왕실패 22.5% 클리어 8.0% | 끝난 날 중앙 20 | D10까지 사망 3.48 | 부상 출발/런 22.1 (사망 19.7%) | 상위 4명 성공 70.1% · 사망 0.49 · 나머지 32.2% · 사망 7.25 | 현금/일 264 | 자본 624
after/traj/reader/survival run1 n=200 | 성공 46.3% / 42.0% / 44.0% / 36.9% | D30 15.5% 클리어|도달 12.9% 클리어 2.0% | 좀비 7.0% | 사망/런 7.50 | 장식 0.0
  └ 종료 사망한도 82.0% 마왕실패 13.5% 파산 2.5% 클리어 2.0% | 끝난 날 중앙 16 | D10까지 사망 3.75 | 부상 출발/런 17.9 (사망 23.4%) | 상위 4명 성공 67.5% · 사망 0.60 · 나머지 25.5% · 사망 6.89 | 현금/일 83 | 자본 355
after/traj/reader/survival run5 n=200 | 성공 48.7% / 45.4% / 47.6% / 37.6% | D30 52.0% 클리어|도달 18.3% 클리어 9.5% | 좀비 23.5% | 사망/런 8.73 | 장식 1.9
  └ 종료 사망한도 45.5% 마왕실패 42.5% 클리어 9.5% 파산 2.5% | 끝난 날 중앙 30 | D10까지 사망 3.42 | 부상 출발/런 22.5 (사망 22.1%) | 상위 4명 성공 68.6% · 사망 0.52 · 나머지 26.9% · 사망 8.22 | 현금/일 98 | 자본 625
after/traj/reader/survival run10 n=200 | 성공 57.6% / 48.8% / 47.2% / 38.3% | D30 79.5% 클리어|도달 11.3% 클리어 9.0% | 좀비 28.0% | 사망/런 8.64 | 장식 3.8
  └ 종료 마왕실패 70.5% 사망한도 16.5% 클리어 9.0% 파산 4.0% | 끝난 날 중앙 30 | D10까지 사망 2.29 | 부상 출발/런 18.8 (사망 20.3%) | 상위 4명 성공 68.5% · 사망 0.39 · 나머지 33.5% · 사망 8.26 | 현금/일 127 | 자본 824
after/traj/expert/none run1 n=200 | 성공 45.8% / 40.7% / 46.0% / 37.5% | D30 13.0% 클리어|도달 26.9% 클리어 3.5% | 좀비 10.5% | 사망/런 7.68 | 장식 0.0
  └ 종료 사망한도 85.5% 마왕실패 9.5% 클리어 3.5% 파산 1.5% | 끝난 날 중앙 17 | D10까지 사망 3.93 | 부상 출발/런 18.1 (사망 23.4%) | 상위 4명 성공 67.3% · 사망 0.58 · 나머지 24.1% · 사망 7.11 | 현금/일 83 | 자본 366
after/traj/expert/none run5 n=200 | 성공 45.5% / 42.2% / 46.6% / 36.1% | D30 13.5% 클리어|도달 14.8% 클리어 2.0% | 좀비 9.5% | 사망/런 7.62 | 장식 0.0
  └ 종료 사망한도 85.0% 마왕실패 11.5% 클리어 2.0% 파산 1.5% | 끝난 날 중앙 16 | D10까지 사망 3.80 | 부상 출발/런 18.3 (사망 24.5%) | 상위 4명 성공 67.4% · 사망 0.67 · 나머지 24.4% · 사망 6.95 | 현금/일 81 | 자본 374
after/traj/expert/none run10 n=200 | 성공 46.6% / 41.9% / 43.7% / 38.9% | D30 16.0% 클리어|도달 28.1% 클리어 4.5% | 좀비 9.0% | 사망/런 7.84 | 장식 0.0
  └ 종료 사망한도 83.5% 마왕실패 11.5% 클리어 4.5% 파산 0.5% | 끝난 날 중앙 17 | D10까지 사망 3.61 | 부상 출발/런 19.0 (사망 23.6%) | 상위 4명 성공 67.2% · 사망 0.59 · 나머지 25.0% · 사망 7.25 | 현금/일 82 | 자본 402
after/traj/expert/economy run1 n=200 | 성공 45.8% / 40.7% / 46.0% / 37.5% | D30 13.0% 클리어|도달 26.9% 클리어 3.5% | 좀비 10.5% | 사망/런 7.68 | 장식 0.0
  └ 종료 사망한도 85.5% 마왕실패 9.5% 클리어 3.5% 파산 1.5% | 끝난 날 중앙 17 | D10까지 사망 3.93 | 부상 출발/런 18.1 (사망 23.4%) | 상위 4명 성공 67.3% · 사망 0.58 · 나머지 24.1% · 사망 7.11 | 현금/일 83 | 자본 366
after/traj/expert/economy run5 n=200 | 성공 48.4% / 47.9% / 49.0% / 40.9% | D30 27.5% 클리어|도달 27.3% 클리어 7.5% | 좀비 12.5% | 사망/런 7.88 | 장식 1.8
  └ 종료 사망한도 72.5% 마왕실패 20.0% 클리어 7.5% | 끝난 날 중앙 19 | D10까지 사망 3.59 | 부상 출발/런 21.9 (사망 20.7%) | 상위 4명 성공 70.0% · 사망 0.46 · 나머지 28.4% · 사망 7.43 | 현금/일 196 | 자본 553
after/traj/expert/economy run10 n=200 | 성공 51.8% / 49.0% / 49.8% / 43.1% | D30 30.0% 클리어|도달 33.3% 클리어 10.0% | 좀비 10.0% | 사망/런 8.31 | 장식 3.7
  └ 종료 사망한도 70.0% 마왕실패 20.0% 클리어 10.0% | 끝난 날 중앙 25 | D10까지 사망 3.32 | 부상 출발/런 23.4 (사망 19.6%) | 상위 4명 성공 70.7% · 사망 0.55 · 나머지 31.2% · 사망 7.76 | 현금/일 278 | 자본 680
after/fresh/reader/none n=1000 | 성공 45.8% / 41.6% / 44.8% / 38.3% | D30 16.1% 클리어|도달 22.4% 클리어 3.6% | 좀비 10.2% | 사망/런 7.54 | 장식 0.0
  └ 종료 사망한도 80.2% 마왕실패 12.5% 파산 3.7% 클리어 3.6% | 끝난 날 중앙 16 | D10까지 사망 3.82 | 부상 출발/런 18.4 (사망 23.0%) | 상위 4명 성공 67.5% · 사망 0.56 · 나머지 24.4% · 사망 6.98 | 현금/일 77 | 자본 373
after/traj/expert/survival run1 n=200 | 성공 45.8% / 40.7% / 46.0% / 37.5% | D30 13.0% 클리어|도달 26.9% 클리어 3.5% | 좀비 10.5% | 사망/런 7.68 | 장식 0.0
  └ 종료 사망한도 85.5% 마왕실패 9.5% 클리어 3.5% 파산 1.5% | 끝난 날 중앙 17 | D10까지 사망 3.93 | 부상 출발/런 18.1 (사망 23.4%) | 상위 4명 성공 67.3% · 사망 0.58 · 나머지 24.1% · 사망 7.11 | 현금/일 83 | 자본 366
after/traj/expert/survival run5 n=200 | 성공 48.2% / 45.9% / 48.2% / 39.6% | D30 45.0% 클리어|도달 22.2% 클리어 10.0% | 좀비 18.0% | 사망/런 8.76 | 장식 2.1
  └ 종료 사망한도 52.0% 마왕실패 35.0% 클리어 10.0% 파산 3.0% | 끝난 날 중앙 28 | D10까지 사망 3.37 | 부상 출발/런 21.8 (사망 22.3%) | 상위 4명 성공 69.6% · 사망 0.54 · 나머지 27.1% · 사망 8.22 | 현금/일 106 | 자본 623
after/traj/expert/survival run10 n=200 | 성공 58.1% / 49.6% / 48.4% / 38.9% | D30 78.5% 클리어|도달 12.7% 클리어 10.0% | 좀비 25.5% | 사망/런 8.69 | 장식 3.9
  └ 종료 마왕실패 68.5% 사망한도 17.5% 클리어 10.0% 파산 4.0% | 끝난 날 중앙 30 | D10까지 사망 2.33 | 부상 출발/런 18.4 (사망 21.4%) | 상위 4명 성공 69.7% · 사망 0.39 · 나머지 34.1% · 사망 8.30 | 현금/일 127 | 자본 820
after/fresh/expert/none n=1000 | 성공 46.0% / 40.9% / 44.7% / 37.5% | D30 15.5% 클리어|도달 19.4% 클리어 3.0% | 좀비 11.1% | 사망/런 7.65 | 장식 0.0
  └ 종료 사망한도 81.9% 마왕실패 12.5% 클리어 3.0% 파산 2.6% | 끝난 날 중앙 16 | D10까지 사망 3.79 | 부상 출발/런 18.2 (사망 23.8%) | 상위 4명 성공 67.3% · 사망 0.59 · 나머지 24.4% · 사망 7.05 | 현금/일 80 | 자본 372
after/fresh/balanced/none n=1000 | 성공 42.7% / 36.4% / 38.9% / 28.1% | D30 1.9% 클리어|도달 5.3% 클리어 0.1% | 좀비 6.7% | 사망/런 6.85 | 장식 0.0
  └ 종료 사망한도 97.4% 마왕실패 1.8% 파산 0.7% 클리어 0.1% | 끝난 날 중앙 10 | D10까지 사망 4.39 | 부상 출발/런 13.3 (사망 26.5%) | 상위 4명 성공 63.5% · 사망 0.74 · 나머지 20.8% · 사망 6.11 | 현금/일 39 | 자본 199
