
balance measure · 459s · traj 200x10 · fresh 1000
after/traj/reader/none run1 n=200 | 성공 47.7% / 44.4% / 49.0% / 39.8% | D30 20.5% 클리어|도달 34.1% 클리어 7.0% | 좀비 10.0% | 사망/런 7.75 | 장식 0.0
  └ 종료 사망한도 77.5% 마왕실패 13.5% 클리어 7.0% 파산 2.0% | 끝난 날 중앙 18 | D10까지 사망 3.69 | 부상 출발/런 19.7 (사망 22.1%) | 상위 4명 성공 69.2% · 사망 0.56 · 나머지 26.4% · 사망 7.18 | 현금/일 90 | 자본 432
after/traj/reader/none run5 n=200 | 성공 47.6% / 44.1% / 48.1% / 39.9% | D30 19.0% 클리어|도달 23.7% 클리어 4.5% | 좀비 11.0% | 사망/런 8.00 | 장식 0.0
  └ 종료 사망한도 78.5% 마왕실패 14.5% 클리어 4.5% 파산 2.5% | 끝난 날 중앙 18 | D10까지 사망 3.50 | 부상 출발/런 20.0 (사망 22.5%) | 상위 4명 성공 70.0% · 사망 0.49 · 나머지 25.4% · 사망 7.51 | 현금/일 88 | 자본 445
after/traj/reader/none run10 n=200 | 성공 47.6% / 44.6% / 48.5% / 40.5% | D30 24.5% 클리어|도달 20.4% 클리어 5.0% | 좀비 10.0% | 사망/런 7.91 | 장식 0.0
  └ 종료 사망한도 72.5% 마왕실패 19.5% 클리어 5.0% 파산 3.0% | 끝난 날 중앙 19 | D10까지 사망 3.60 | 부상 출발/런 20.4 (사망 22.1%) | 상위 4명 성공 68.6% · 사망 0.63 · 나머지 27.5% · 사망 7.28 | 현금/일 87 | 자본 447
after/traj/reader/economy run1 n=200 | 성공 47.7% / 44.4% / 49.0% / 39.8% | D30 20.5% 클리어|도달 34.1% 클리어 7.0% | 좀비 10.0% | 사망/런 7.75 | 장식 0.0
  └ 종료 사망한도 77.5% 마왕실패 13.5% 클리어 7.0% 파산 2.0% | 끝난 날 중앙 18 | D10까지 사망 3.69 | 부상 출발/런 19.7 (사망 22.1%) | 상위 4명 성공 69.2% · 사망 0.56 · 나머지 26.4% · 사망 7.18 | 현금/일 90 | 자본 432
after/traj/reader/economy run5 n=200 | 성공 49.4% / 50.3% / 52.2% / 45.7% | D30 35.0% 클리어|도달 48.6% 클리어 17.0% | 좀비 7.5% | 사망/런 7.95 | 장식 2.1
  └ 종료 사망한도 65.0% 마왕실패 18.0% 클리어 17.0% | 끝난 날 중앙 20 | D10까지 사망 3.47 | 부상 출발/런 22.1 (사망 19.8%) | 상위 4명 성공 71.4% · 사망 0.52 · 나머지 30.9% · 사망 7.43 | 현금/일 210 | 자본 604
after/traj/reader/economy run10 n=200 | 성공 51.4% / 51.9% / 53.0% / 47.0% | D30 38.5% 클리어|도달 44.2% 클리어 17.0% | 좀비 5.0% | 사망/런 8.04 | 장식 3.8
  └ 종료 사망한도 61.5% 마왕실패 21.5% 클리어 17.0% | 끝난 날 중앙 27 | D10까지 사망 3.31 | 부상 출발/런 23.0 (사망 19.2%) | 상위 4명 성공 71.9% · 사망 0.47 · 나머지 34.2% · 사망 7.57 | 현금/일 269 | 자본 700
after/traj/reader/survival run1 n=200 | 성공 47.7% / 44.4% / 49.0% / 39.8% | D30 20.5% 클리어|도달 34.1% 클리어 7.0% | 좀비 10.0% | 사망/런 7.75 | 장식 0.0
  └ 종료 사망한도 77.5% 마왕실패 13.5% 클리어 7.0% 파산 2.0% | 끝난 날 중앙 18 | D10까지 사망 3.69 | 부상 출발/런 19.7 (사망 22.1%) | 상위 4명 성공 69.2% · 사망 0.56 · 나머지 26.4% · 사망 7.18 | 현금/일 90 | 자본 432
after/traj/reader/survival run5 n=200 | 성공 49.7% / 47.9% / 50.2% / 40.5% | D30 62.0% 클리어|도달 25.0% 클리어 15.5% | 좀비 20.0% | 사망/런 8.47 | 장식 2.3
  └ 종료 마왕실패 46.5% 사망한도 35.5% 클리어 15.5% 파산 2.5% | 끝난 날 중앙 30 | D10까지 사망 3.12 | 부상 출발/런 21.1 (사망 21.4%) | 상위 4명 성공 69.7% · 사망 0.45 · 나머지 29.3% · 사망 8.03 | 현금/일 125 | 자본 695
after/traj/reader/survival run10 n=200 | 성공 60.1% / 52.4% / 53.1% / 40.9% | D30 85.5% 클리어|도달 17.0% 클리어 14.5% | 좀비 23.0% | 사망/런 8.00 | 장식 3.9
  └ 종료 마왕실패 71.0% 클리어 14.5% 사망한도 12.0% 파산 2.5% | 끝난 날 중앙 30 | D10까지 사망 2.15 | 부상 출발/런 18.0 (사망 19.5%) | 상위 4명 성공 71.3% · 사망 0.38 · 나머지 36.7% · 사망 7.62 | 현금/일 147 | 자본 869
after/traj/expert/none run1 n=200 | 성공 47.2% / 44.5% / 48.3% / 39.1% | D30 22.5% 클리어|도달 26.7% 클리어 6.0% | 좀비 10.5% | 사망/런 7.99 | 장식 0.0
  └ 종료 사망한도 77.0% 마왕실패 16.5% 클리어 6.0% 파산 0.5% | 끝난 날 중앙 19 | D10까지 사망 3.56 | 부상 출발/런 20.4 (사망 21.9%) | 상위 4명 성공 68.7% · 사망 0.59 · 나머지 25.8% · 사망 7.39 | 현금/일 97 | 자본 452
after/traj/expert/none run5 n=200 | 성공 47.0% / 45.8% / 47.6% / 39.6% | D30 22.0% 클리어|도달 25.0% 클리어 5.5% | 좀비 11.5% | 사망/런 7.84 | 장식 0.0
  └ 종료 사망한도 75.5% 마왕실패 16.5% 클리어 5.5% 파산 2.5% | 끝난 날 중앙 18 | D10까지 사망 3.47 | 부상 출발/런 20.1 (사망 21.7%) | 상위 4명 성공 69.4% · 사망 0.56 · 나머지 25.9% · 사망 7.28 | 현금/일 89 | 자본 440
after/traj/expert/none run10 n=200 | 성공 47.1% / 45.1% / 48.8% / 40.9% | D30 23.5% 클리어|도달 23.4% 클리어 5.5% | 좀비 9.5% | 사망/런 7.82 | 장식 0.0
  └ 종료 사망한도 74.0% 마왕실패 18.0% 클리어 5.5% 파산 2.5% | 끝난 날 중앙 19 | D10까지 사망 3.69 | 부상 출발/런 19.7 (사망 22.7%) | 상위 4명 성공 69.2% · 사망 0.52 · 나머지 26.3% · 사망 7.29 | 현금/일 89 | 자본 445
after/traj/expert/economy run1 n=200 | 성공 47.2% / 44.5% / 48.3% / 39.1% | D30 22.5% 클리어|도달 26.7% 클리어 6.0% | 좀비 10.5% | 사망/런 7.99 | 장식 0.0
  └ 종료 사망한도 77.0% 마왕실패 16.5% 클리어 6.0% 파산 0.5% | 끝난 날 중앙 19 | D10까지 사망 3.56 | 부상 출발/런 20.4 (사망 21.9%) | 상위 4명 성공 68.7% · 사망 0.59 · 나머지 25.8% · 사망 7.39 | 현금/일 97 | 자본 452
after/traj/expert/economy run5 n=200 | 성공 50.0% / 49.6% / 51.8% / 45.3% | D30 34.0% 클리어|도달 48.5% 클리어 16.5% | 좀비 6.5% | 사망/런 7.80 | 장식 2.2
  └ 종료 사망한도 66.0% 마왕실패 17.5% 클리어 16.5% | 끝난 날 중앙 20 | D10까지 사망 3.48 | 부상 출발/런 21.7 (사망 20.5%) | 상위 4명 성공 72.2% · 사망 0.42 · 나머지 30.1% · 사망 7.38 | 현금/일 215 | 자본 594
after/traj/expert/economy run10 n=200 | 성공 52.4% / 51.4% / 53.7% / 46.2% | D30 46.0% 클리어|도달 43.5% 클리어 20.0% | 좀비 7.5% | 사망/런 7.72 | 장식 3.8
  └ 종료 사망한도 54.0% 마왕실패 26.0% 클리어 20.0% | 끝난 날 중앙 28 | D10까지 사망 3.19 | 부상 출발/런 23.8 (사망 18.5%) | 상위 4명 성공 72.2% · 사망 0.40 · 나머지 33.4% · 사망 7.33 | 현금/일 298 | 자본 739
after/fresh/reader/none n=1000 | 성공 47.0% / 44.1% / 47.1% / 40.3% | D30 21.2% 클리어|도달 25.9% 클리어 5.5% | 좀비 10.4% | 사망/런 7.68 | 장식 0.0
  └ 종료 사망한도 76.1% 마왕실패 15.7% 클리어 5.5% 파산 2.7% | 끝난 날 중앙 18 | D10까지 사망 3.67 | 부상 출발/런 19.4 (사망 22.3%) | 상위 4명 성공 68.8% · 사망 0.55 · 나머지 26.0% · 사망 7.12 | 현금/일 85 | 자본 425
after/fresh/expert/none n=1000 | 성공 47.2% / 43.7% / 48.2% / 40.5% | D30 22.5% 클리어|도달 27.1% 클리어 6.1% | 좀비 9.1% | 사망/런 7.74 | 장식 0.0
  └ 종료 사망한도 75.4% 마왕실패 16.4% 클리어 6.1% 파산 2.1% | 끝난 날 중앙 18 | D10까지 사망 3.67 | 부상 출발/런 19.4 (사망 22.3%) | 상위 4명 성공 69.0% · 사망 0.55 · 나머지 25.8% · 사망 7.20 | 현금/일 88 | 자본 432
after/fresh/balanced/none n=1000 | 성공 43.8% / 39.5% / 41.4% / 31.4% | D30 3.7% 클리어|도달 2.7% 클리어 0.1% | 좀비 8.0% | 사망/런 7.07 | 장식 0.0
  └ 종료 사망한도 94.9% 마왕실패 3.6% 파산 1.4% 클리어 0.1% | 끝난 날 중앙 10 | D10까지 사망 4.28 | 부상 출발/런 14.2 (사망 25.7%) | 상위 4명 성공 66.0% · 사망 0.71 · 나머지 20.9% · 사망 6.37 | 현금/일 47 | 자본 236
after/traj/expert/survival run1 n=200 | 성공 47.2% / 44.5% / 48.3% / 39.1% | D30 22.5% 클리어|도달 26.7% 클리어 6.0% | 좀비 10.5% | 사망/런 7.99 | 장식 0.0
  └ 종료 사망한도 77.0% 마왕실패 16.5% 클리어 6.0% 파산 0.5% | 끝난 날 중앙 19 | D10까지 사망 3.56 | 부상 출발/런 20.4 (사망 21.9%) | 상위 4명 성공 68.7% · 사망 0.59 · 나머지 25.8% · 사망 7.39 | 현금/일 97 | 자본 452
after/traj/expert/survival run5 n=200 | 성공 50.3% / 47.7% / 49.0% / 42.5% | D30 54.5% 클리어|도달 34.9% 클리어 19.0% | 좀비 17.5% | 사망/런 8.95 | 장식 2.3
  └ 종료 사망한도 44.0% 마왕실패 35.5% 클리어 19.0% 파산 1.5% | 끝난 날 중앙 30 | D10까지 사망 3.12 | 부상 출발/런 22.0 (사망 22.1%) | 상위 4명 성공 70.2% · 사망 0.54 · 나머지 28.9% · 사망 8.41 | 현금/일 119 | 자본 694
after/traj/expert/survival run10 n=200 | 성공 59.9% / 53.2% / 51.6% / 41.8% | D30 88.0% 클리어|도달 29.0% 클리어 25.5% | 좀비 15.5% | 사망/런 7.68 | 장식 3.9
  └ 종료 마왕실패 62.5% 클리어 25.5% 사망한도 10.0% 파산 2.0% | 끝난 날 중앙 30 | D10까지 사망 2.14 | 부상 출발/런 17.8 (사망 19.2%) | 상위 4명 성공 71.6% · 사망 0.25 · 나머지 36.1% · 사망 7.43 | 현금/일 146 | 자본 874
