
balance measure · 456s · traj 200x10 · fresh 1000
after/traj/reader/none run1 n=200 | 성공 47.7% / 44.4% / 49.0% / 39.7% | D30 20.0% 클리어|도달 32.5% 클리어 6.5% | 좀비 9.0% | 사망/런 7.76 | 장식 0.0
  └ 종료 사망한도 78.0% 마왕실패 13.5% 클리어 6.5% 파산 2.0% | 끝난 날 중앙 18 | D10까지 사망 3.69 | 부상 출발/런 19.7 (사망 22.1%) | 상위 4명 성공 69.3% · 사망 0.56 · 나머지 26.4% · 사망 7.21 | 현금/일 90 | 자본 432
after/traj/reader/none run5 n=200 | 성공 47.6% / 44.2% / 47.3% / 40.7% | D30 18.0% 클리어|도달 25.0% 클리어 4.5% | 좀비 10.0% | 사망/런 8.00 | 장식 0.0
  └ 종료 사망한도 80.0% 마왕실패 13.5% 클리어 4.5% 파산 2.0% | 끝난 날 중앙 18 | D10까지 사망 3.51 | 부상 출발/런 19.9 (사망 22.6%) | 상위 4명 성공 70.1% · 사망 0.52 · 나머지 25.4% · 사망 7.48 | 현금/일 89 | 자본 439
after/traj/reader/none run10 n=200 | 성공 47.6% / 44.5% / 47.5% / 40.2% | D30 23.0% 클리어|도달 19.6% 클리어 4.5% | 좀비 11.0% | 사망/런 7.94 | 장식 0.0
  └ 종료 사망한도 74.0% 마왕실패 18.5% 클리어 4.5% 파산 3.0% | 끝난 날 중앙 19 | D10까지 사망 3.63 | 부상 출발/런 20.3 (사망 22.3%) | 상위 4명 성공 68.6% · 사망 0.59 · 나머지 27.0% · 사망 7.35 | 현금/일 84 | 자본 443
after/traj/reader/economy run1 n=200 | 성공 47.7% / 44.4% / 49.0% / 39.7% | D30 20.0% 클리어|도달 32.5% 클리어 6.5% | 좀비 9.0% | 사망/런 7.76 | 장식 0.0
  └ 종료 사망한도 78.0% 마왕실패 13.5% 클리어 6.5% 파산 2.0% | 끝난 날 중앙 18 | D10까지 사망 3.69 | 부상 출발/런 19.7 (사망 22.1%) | 상위 4명 성공 69.3% · 사망 0.56 · 나머지 26.4% · 사망 7.21 | 현금/일 90 | 자본 432
after/traj/reader/economy run5 n=200 | 성공 49.4% / 50.3% / 52.1% / 45.9% | D30 35.5% 클리어|도달 43.7% 클리어 15.5% | 좀비 7.5% | 사망/런 8.05 | 장식 2.1
  └ 종료 사망한도 64.5% 마왕실패 20.0% 클리어 15.5% | 끝난 날 중앙 24 | D10까지 사망 3.42 | 부상 출발/런 22.5 (사망 19.6%) | 상위 4명 성공 71.4% · 사망 0.53 · 나머지 31.0% · 사망 7.53 | 현금/일 210 | 자본 617
after/traj/reader/economy run10 n=200 | 성공 51.3% / 52.0% / 54.0% / 48.3% | D30 39.5% 클리어|도달 44.3% 클리어 17.5% | 좀비 4.5% | 사망/런 8.07 | 장식 3.8
  └ 종료 사망한도 60.5% 마왕실패 22.0% 클리어 17.5% | 끝난 날 중앙 27 | D10까지 사망 3.31 | 부상 출발/런 23.1 (사망 19.3%) | 상위 4명 성공 72.1% · 사망 0.46 · 나머지 34.9% · 사망 7.62 | 현금/일 270 | 자본 718
after/traj/reader/survival run1 n=200 | 성공 47.7% / 44.4% / 49.0% / 39.7% | D30 20.0% 클리어|도달 32.5% 클리어 6.5% | 좀비 9.0% | 사망/런 7.76 | 장식 0.0
  └ 종료 사망한도 78.0% 마왕실패 13.5% 클리어 6.5% 파산 2.0% | 끝난 날 중앙 18 | D10까지 사망 3.69 | 부상 출발/런 19.7 (사망 22.1%) | 상위 4명 성공 69.3% · 사망 0.56 · 나머지 26.4% · 사망 7.21 | 현금/일 90 | 자본 432
after/traj/reader/survival run5 n=200 | 성공 49.9% / 47.7% / 50.0% / 41.0% | D30 62.0% 클리어|도달 24.2% 클리어 15.0% | 좀비 20.0% | 사망/런 8.43 | 장식 2.2
  └ 종료 마왕실패 47.0% 사망한도 35.5% 클리어 15.0% 파산 2.5% | 끝난 날 중앙 30 | D10까지 사망 3.08 | 부상 출발/런 21.1 (사망 21.3%) | 상위 4명 성공 70.2% · 사망 0.43 · 나머지 29.3% · 사망 8.00 | 현금/일 122 | 자본 698
after/traj/reader/survival run10 n=200 | 성공 60.2% / 53.1% / 52.8% / 41.8% | D30 87.0% 클리어|도달 17.8% 클리어 15.5% | 좀비 19.5% | 사망/런 8.01 | 장식 3.9
  └ 종료 마왕실패 71.5% 클리어 15.5% 사망한도 10.0% 파산 3.0% | 끝난 날 중앙 30 | D10까지 사망 2.15 | 부상 출발/런 17.7 (사망 19.3%) | 상위 4명 성공 71.8% · 사망 0.41 · 나머지 36.8% · 사망 7.59 | 현금/일 144 | 자본 866
after/traj/expert/none run1 n=200 | 성공 47.2% / 44.5% / 48.3% / 39.3% | D30 21.5% 클리어|도달 25.6% 클리어 5.5% | 좀비 10.0% | 사망/런 7.96 | 장식 0.0
  └ 종료 사망한도 78.0% 마왕실패 16.0% 클리어 5.5% 파산 0.5% | 끝난 날 중앙 19 | D10까지 사망 3.56 | 부상 출발/런 20.4 (사망 21.8%) | 상위 4명 성공 68.7% · 사망 0.59 · 나머지 25.8% · 사망 7.37 | 현금/일 97 | 자본 451
after/traj/expert/none run5 n=200 | 성공 46.9% / 45.8% / 47.2% / 40.3% | D30 22.0% 클리어|도달 20.5% 클리어 4.5% | 좀비 10.5% | 사망/런 7.80 | 장식 0.0
  └ 종료 사망한도 76.0% 마왕실패 17.5% 클리어 4.5% 파산 2.0% | 끝난 날 중앙 18 | D10까지 사망 3.48 | 부상 출발/런 20.0 (사망 21.8%) | 상위 4명 성공 69.8% · 사망 0.56 · 나머지 25.9% · 사망 7.24 | 현금/일 89 | 자본 437
after/traj/expert/none run10 n=200 | 성공 47.0% / 45.0% / 49.0% / 40.9% | D30 24.0% 클리어|도달 29.2% 클리어 7.0% | 좀비 10.0% | 사망/런 7.81 | 장식 0.0
  └ 종료 사망한도 73.0% 마왕실패 17.0% 클리어 7.0% 파산 3.0% | 끝난 날 중앙 19 | D10까지 사망 3.67 | 부상 출발/런 19.9 (사망 22.4%) | 상위 4명 성공 68.9% · 사망 0.48 · 나머지 26.5% · 사망 7.33 | 현금/일 88 | 자본 452
after/traj/expert/survival run1 n=200 | 성공 47.2% / 44.5% / 48.3% / 39.3% | D30 21.5% 클리어|도달 25.6% 클리어 5.5% | 좀비 10.0% | 사망/런 7.96 | 장식 0.0
  └ 종료 사망한도 78.0% 마왕실패 16.0% 클리어 5.5% 파산 0.5% | 끝난 날 중앙 19 | D10까지 사망 3.56 | 부상 출발/런 20.4 (사망 21.8%) | 상위 4명 성공 68.7% · 사망 0.59 · 나머지 25.8% · 사망 7.37 | 현금/일 97 | 자본 451
after/traj/expert/survival run5 n=200 | 성공 50.3% / 47.5% / 49.0% / 42.2% | D30 55.5% 클리어|도달 31.5% 클리어 17.5% | 좀비 18.0% | 사망/런 8.94 | 장식 2.3
  └ 종료 사망한도 42.5% 마왕실패 38.0% 클리어 17.5% 파산 2.0% | 끝난 날 중앙 30 | D10까지 사망 3.10 | 부상 출발/런 22.2 (사망 21.8%) | 상위 4명 성공 70.1% · 사망 0.53 · 나머지 28.7% · 사망 8.41 | 현금/일 119 | 자본 698
after/traj/expert/survival run10 n=200 | 성공 59.9% / 52.9% / 51.8% / 41.7% | D30 87.0% 클리어|도달 29.9% 클리어 26.0% | 좀비 14.0% | 사망/런 7.75 | 장식 3.9
  └ 종료 마왕실패 61.0% 클리어 26.0% 사망한도 11.0% 파산 2.0% | 끝난 날 중앙 30 | D10까지 사망 2.13 | 부상 출발/런 17.9 (사망 18.7%) | 상위 4명 성공 71.7% · 사망 0.31 · 나머지 35.9% · 사망 7.43 | 현금/일 146 | 자본 871
after/fresh/reader/none n=1000 | 성공 47.0% / 44.1% / 47.1% / 40.6% | D30 21.3% 클리어|도달 25.4% 클리어 5.4% | 좀비 9.7% | 사망/런 7.68 | 장식 0.0
  └ 종료 사망한도 76.0% 마왕실패 15.9% 클리어 5.4% 파산 2.7% | 끝난 날 중앙 18 | D10까지 사망 3.67 | 부상 출발/런 19.4 (사망 22.3%) | 상위 4명 성공 69.0% · 사망 0.56 · 나머지 26.0% · 사망 7.12 | 현금/일 85 | 자본 425
after/fresh/expert/none n=1000 | 성공 47.2% / 43.7% / 48.2% / 40.9% | D30 23.8% 클리어|도달 28.2% 클리어 6.7% | 좀비 8.1% | 사망/런 7.72 | 장식 0.0
  └ 종료 사망한도 74.1% 마왕실패 17.1% 클리어 6.7% 파산 2.1% | 끝난 날 중앙 18 | D10까지 사망 3.67 | 부상 출발/런 19.4 (사망 22.3%) | 상위 4명 성공 68.9% · 사망 0.54 · 나머지 25.9% · 사망 7.18 | 현금/일 88 | 자본 432
after/traj/expert/economy run1 n=200 | 성공 47.2% / 44.5% / 48.3% / 39.3% | D30 21.5% 클리어|도달 25.6% 클리어 5.5% | 좀비 10.0% | 사망/런 7.96 | 장식 0.0
  └ 종료 사망한도 78.0% 마왕실패 16.0% 클리어 5.5% 파산 0.5% | 끝난 날 중앙 19 | D10까지 사망 3.56 | 부상 출발/런 20.4 (사망 21.8%) | 상위 4명 성공 68.7% · 사망 0.59 · 나머지 25.8% · 사망 7.37 | 현금/일 97 | 자본 451
after/traj/expert/economy run5 n=200 | 성공 49.7% / 49.5% / 51.9% / 45.9% | D30 33.5% 클리어|도달 50.7% 클리어 17.0% | 좀비 5.5% | 사망/런 7.75 | 장식 2.2
  └ 종료 사망한도 66.5% 클리어 17.0% 마왕실패 16.5% | 끝난 날 중앙 20 | D10까지 사망 3.48 | 부상 출발/런 21.6 (사망 20.4%) | 상위 4명 성공 72.0% · 사망 0.44 · 나머지 30.1% · 사망 7.30 | 현금/일 214 | 자본 589
after/traj/expert/economy run10 n=200 | 성공 52.2% / 51.5% / 54.1% / 46.8% | D30 48.5% 클리어|도달 43.3% 클리어 21.0% | 좀비 7.5% | 사망/런 7.74 | 장식 3.8
  └ 종료 사망한도 51.5% 마왕실패 27.5% 클리어 21.0% | 끝난 날 중앙 29 | D10까지 사망 3.19 | 부상 출발/런 23.7 (사망 18.4%) | 상위 4명 성공 72.1% · 사망 0.43 · 나머지 33.6% · 사망 7.30 | 현금/일 299 | 자본 745
after/fresh/balanced/none n=1000 | 성공 43.8% / 39.5% / 41.4% / 31.8% | D30 3.8% 클리어|도달 2.6% 클리어 0.1% | 좀비 7.8% | 사망/런 7.07 | 장식 0.0
  └ 종료 사망한도 94.8% 마왕실패 3.7% 파산 1.4% 클리어 0.1% | 끝난 날 중앙 10 | D10까지 사망 4.28 | 부상 출발/런 14.2 (사망 25.7%) | 상위 4명 성공 66.1% · 사망 0.71 · 나머지 20.9% · 사망 6.36 | 현금/일 47 | 자본 236
