# before = 측정 시점 main(v2.12.2), after = 1티어 게이트 요구 공통(gateTier1Term 1.5). 명령: --before <main> --traj 200 --fresh 1000 --decos none,economy,survival,operation. 끝의 4줄은 운 좋은 판(상위 4명 원정 30+·성공 80%+) 클리어 배수.

balance measure · 878s · traj 200x10 · fresh 1000
after/traj/reader/none run1 n=200 | 성공 43.1% / 34.7% / 37.8% / 32.0% | D30 8.5% 클리어|도달 17.6% 클리어 1.5% | 좀비 13.0% | 사망/런 7.64 | 장식 0.0
  └ 종료 사망한도 90.0% 마왕실패 7.0% 파산 1.5% 클리어 1.5% | 끝난 날 중앙 16 | D10까지 사망 3.69 | 부상 출발/런 18.0 (사망 24.4%) | 상위 4명 성공 64.1% · 사망 0.68 · 나머지 19.3% · 사망 6.75 | 현금/일 77 | 자본 318
  └ 준비 | 상품 원정 성공 38.8% · 사망 10.2% | 맨손 원정 성공 8.7% · 사망 19.2% | 상품이 결과를 바꿈 23.8% (사망을 막음 5.2%) | 상위 4명이 받은 상품 44.3%
after/traj/reader/none run5 n=200 | 성공 43.7% / 37.6% / 38.2% / 32.7% | D30 4.0% 클리어|도달 50.0% 클리어 2.0% | 좀비 11.5% | 사망/런 7.28 | 장식 0.0
  └ 종료 사망한도 93.0% 파산 3.0% 마왕실패 2.0% 클리어 2.0% | 끝난 날 중앙 13 | D10까지 사망 4.05 | 부상 출발/런 16.0 (사망 26.0%) | 상위 4명 성공 64.8% · 사망 0.59 · 나머지 20.0% · 사망 6.50 | 현금/일 52 | 자본 273
  └ 준비 | 상품 원정 성공 40.4% · 사망 10.5% | 맨손 원정 성공 21.3% · 사망 26.8% | 상품이 결과를 바꿈 25.0% (사망을 막음 5.9%) | 상위 4명이 받은 상품 46.0%
after/traj/reader/none run10 n=200 | 성공 42.8% / 36.4% / 41.0% / 31.9% | D30 6.0% 클리어|도달 33.3% 클리어 2.0% | 좀비 6.0% | 사망/런 6.86 | 장식 0.0
  └ 종료 사망한도 90.5% 마왕실패 4.0% 파산 3.5% 클리어 2.0% | 끝난 날 중앙 10 | D10까지 사망 4.11 | 부상 출발/런 14.4 (사망 25.2%) | 상위 4명 성공 64.7% · 사망 0.59 · 나머지 20.2% · 사망 6.00 | 현금/일 52 | 자본 237
  └ 준비 | 상품 원정 성공 40.3% · 사망 10.6% | 맨손 원정 성공 10.8% · 사망 22.8% | 상품이 결과를 바꿈 25.8% (사망을 막음 6.1%) | 상위 4명이 받은 상품 45.5%
after/traj/reader/economy run1 n=200 | 성공 43.1% / 34.7% / 37.8% / 32.0% | D30 8.5% 클리어|도달 17.6% 클리어 1.5% | 좀비 13.0% | 사망/런 7.64 | 장식 0.0
  └ 종료 사망한도 90.0% 마왕실패 7.0% 파산 1.5% 클리어 1.5% | 끝난 날 중앙 16 | D10까지 사망 3.69 | 부상 출발/런 18.0 (사망 24.4%) | 상위 4명 성공 64.1% · 사망 0.68 · 나머지 19.3% · 사망 6.75 | 현금/일 77 | 자본 318
  └ 준비 | 상품 원정 성공 38.8% · 사망 10.2% | 맨손 원정 성공 8.7% · 사망 19.2% | 상품이 결과를 바꿈 23.8% (사망을 막음 5.2%) | 상위 4명이 받은 상품 44.3%
after/traj/reader/economy run5 n=200 | 성공 46.4% / 42.4% / 43.7% / 37.1% | D30 9.0% 클리어|도달 33.3% 클리어 3.0% | 좀비 7.5% | 사망/런 7.43 | 장식 1.4
  └ 종료 사망한도 89.5% 마왕실패 6.0% 클리어 3.0% 파산 1.5% | 끝난 날 중앙 15 | D10까지 사망 3.94 | 부상 출발/런 17.6 (사망 22.7%) | 상위 4명 성공 67.9% · 사망 0.56 · 나머지 23.2% · 사망 6.69 | 현금/일 132 | 자본 363
  └ 준비 | 상품 원정 성공 44.0% · 사망 9.5% | 맨손 원정 성공 22.3% · 사망 23.8% | 상품이 결과를 바꿈 25.1% (사망을 막음 5.5%) | 상위 4명이 받은 상품 47.0%
after/traj/reader/economy run10 n=200 | 성공 46.3% / 44.7% / 47.7% / 39.4% | D30 17.0% 클리어|도달 50.0% 클리어 8.5% | 좀비 7.5% | 사망/런 7.66 | 장식 3.1
  └ 종료 사망한도 83.0% 마왕실패 8.5% 클리어 8.5% | 끝난 날 중앙 16 | D10까지 사망 3.79 | 부상 출발/런 19.6 (사망 21.1%) | 상위 4명 성공 69.0% · 사망 0.53 · 나머지 24.9% · 사망 6.92 | 현금/일 223 | 자본 473
  └ 준비 | 상품 원정 성공 45.3% · 사망 8.9% | 맨손 원정 성공 20.0% · 사망 22.9% | 상품이 결과를 바꿈 23.4% (사망을 막음 5.7%) | 상위 4명이 받은 상품 46.5%
after/traj/reader/survival run1 n=200 | 성공 43.1% / 34.7% / 37.8% / 32.0% | D30 8.5% 클리어|도달 17.6% 클리어 1.5% | 좀비 13.0% | 사망/런 7.64 | 장식 0.0
  └ 종료 사망한도 90.0% 마왕실패 7.0% 파산 1.5% 클리어 1.5% | 끝난 날 중앙 16 | D10까지 사망 3.69 | 부상 출발/런 18.0 (사망 24.4%) | 상위 4명 성공 64.1% · 사망 0.68 · 나머지 19.3% · 사망 6.75 | 현금/일 77 | 자본 318
  └ 준비 | 상품 원정 성공 38.8% · 사망 10.2% | 맨손 원정 성공 8.7% · 사망 19.2% | 상품이 결과를 바꿈 23.8% (사망을 막음 5.2%) | 상위 4명이 받은 상품 44.3%
after/traj/reader/survival run5 n=200 | 성공 45.1% / 39.5% / 43.2% / 34.2% | D30 18.5% 클리어|도달 21.6% 클리어 4.0% | 좀비 16.5% | 사망/런 8.36 | 장식 1.5
  └ 종료 사망한도 73.0% 마왕실패 14.5% 파산 8.5% 클리어 4.0% | 끝난 날 중앙 18 | D10까지 사망 3.73 | 부상 출발/런 19.6 (사망 24.8%) | 상위 4명 성공 65.9% · 사망 0.64 · 나머지 22.0% · 사망 7.43 | 현금/일 58 | 자본 414
  └ 준비 | 상품 원정 성공 42.0% · 사망 9.3% | 맨손 원정 성공 17.1% · 사망 24.4% | 상품이 결과를 바꿈 26.6% (사망을 막음 6.6%) | 상위 4명이 받은 상품 45.8%
after/traj/reader/survival run10 n=200 | 성공 54.8% / 45.3% / 43.9% / 33.7% | D30 56.5% 클리어|도달 17.7% 클리어 10.0% | 좀비 32.0% | 사망/런 8.90 | 장식 3.4
  └ 종료 마왕실패 46.5% 사망한도 37.0% 클리어 10.0% 파산 6.5% | 끝난 날 중앙 30 | D10까지 사망 2.56 | 부상 출발/런 17.7 (사망 23.7%) | 상위 4명 성공 68.1% · 사망 0.47 · 나머지 28.6% · 사망 8.11 | 현금/일 86 | 자본 694
  └ 준비 | 상품 원정 성공 45.2% · 사망 7.4% | 맨손 원정 성공 14.6% · 사망 23.3% | 상품이 결과를 바꿈 25.3% (사망을 막음 6.2%) | 상위 4명이 받은 상품 42.7%
after/traj/reader/operation run1 n=200 | 성공 43.1% / 34.7% / 37.8% / 32.0% | D30 8.5% 클리어|도달 17.6% 클리어 1.5% | 좀비 13.0% | 사망/런 7.64 | 장식 0.0
  └ 종료 사망한도 90.0% 마왕실패 7.0% 파산 1.5% 클리어 1.5% | 끝난 날 중앙 16 | D10까지 사망 3.69 | 부상 출발/런 18.0 (사망 24.4%) | 상위 4명 성공 64.1% · 사망 0.68 · 나머지 19.3% · 사망 6.75 | 현금/일 77 | 자본 318
  └ 준비 | 상품 원정 성공 38.8% · 사망 10.2% | 맨손 원정 성공 8.7% · 사망 19.2% | 상품이 결과를 바꿈 23.8% (사망을 막음 5.2%) | 상위 4명이 받은 상품 44.3%
after/traj/reader/operation run5 n=200 | 성공 43.7% / 38.4% / 38.5% / 35.2% | D30 5.5% 클리어|도달 45.5% 클리어 2.5% | 좀비 8.5% | 사망/런 7.27 | 장식 1.4
  └ 종료 사망한도 91.5% 파산 3.0% 마왕실패 3.0% 클리어 2.5% | 끝난 날 중앙 13 | D10까지 사망 4.02 | 부상 출발/런 16.0 (사망 25.5%) | 상위 4명 성공 65.3% · 사망 0.59 · 나머지 20.5% · 사망 6.50 | 현금/일 54 | 자본 278
  └ 준비 | 상품 원정 성공 40.9% · 사망 10.4% | 맨손 원정 성공 22.9% · 사망 24.0% | 상품이 결과를 바꿈 24.7% (사망을 막음 5.7%) | 상위 4명이 받은 상품 45.9%
after/traj/reader/operation run10 n=200 | 성공 47.5% / 40.0% / 42.3% / 37.8% | D30 12.0% 클리어|도달 50.0% 클리어 6.0% | 좀비 8.5% | 사망/런 7.27 | 장식 2.7
  └ 종료 사망한도 80.0% 파산 8.0% 클리어 6.0% 마왕실패 6.0% | 끝난 날 중앙 16 | D10까지 사망 3.77 | 부상 출발/런 17.2 (사망 23.4%) | 상위 4명 성공 67.1% · 사망 0.46 · 나머지 24.3% · 사망 6.59 | 현금/일 46 | 자본 325
  └ 준비 | 상품 원정 성공 44.0% · 사망 9.3% | 맨손 원정 성공 18.2% · 사망 22.4% | 상품이 결과를 바꿈 25.4% (사망을 막음 5.4%) | 상위 4명이 받은 상품 45.9%
after/traj/investor/none run1 n=200 | 성공 46.0% / 42.1% / 44.4% / 33.3% | D30 12.0% 클리어|도달 45.8% 클리어 5.5% | 좀비 14.0% | 사망/런 8.11 | 장식 0.0
  └ 종료 사망한도 87.5% 마왕실패 6.5% 클리어 5.5% 파산 0.5% | 끝난 날 중앙 18 | D10까지 사망 3.57 | 부상 출발/런 18.8 (사망 23.9%) | 상위 4명 성공 68.7% · 사망 0.51 · 나머지 21.6% · 사망 7.32 | 현금/일 78 | 자본 410
  └ 준비 | 상품 원정 성공 43.1% · 사망 9.6% | 맨손 원정 성공 15.3% · 사망 21.8% | 상품이 결과를 바꿈 26.2% (사망을 막음 4.2%) | 상위 4명이 받은 상품 46.9%
after/traj/investor/none run5 n=200 | 성공 47.4% / 43.0% / 43.8% / 32.4% | D30 7.5% 클리어|도달 40.0% 클리어 3.0% | 좀비 12.0% | 사망/런 7.55 | 장식 0.0
  └ 종료 사망한도 91.5% 마왕실패 4.5% 클리어 3.0% 파산 1.0% | 끝난 날 중앙 15 | D10까지 사망 3.69 | 부상 출발/런 16.6 (사망 24.7%) | 상위 4명 성공 69.3% · 사망 0.58 · 나머지 22.6% · 사망 6.70 | 현금/일 50 | 자본 338
  └ 준비 | 상품 원정 성공 44.2% · 사망 9.9% | 맨손 원정 성공 16.6% · 사망 23.6% | 상품이 결과를 바꿈 26.5% (사망을 막음 4.6%) | 상위 4명이 받은 상품 47.1%
after/traj/investor/none run10 n=200 | 성공 47.3% / 44.5% / 45.4% / 35.0% | D30 14.0% 클리어|도달 60.7% 클리어 8.5% | 좀비 13.5% | 사망/런 7.79 | 장식 0.0
  └ 종료 사망한도 85.5% 클리어 8.5% 마왕실패 5.5% 파산 0.5% | 끝난 날 중앙 16 | D10까지 사망 3.77 | 부상 출발/런 17.2 (사망 24.0%) | 상위 4명 성공 69.5% · 사망 0.63 · 나머지 23.0% · 사망 6.93 | 현금/일 55 | 자본 376
  └ 준비 | 상품 원정 성공 45.0% · 사망 9.6% | 맨손 원정 성공 15.5% · 사망 25.2% | 상품이 결과를 바꿈 25.8% (사망을 막음 4.5%) | 상위 4명이 받은 상품 48.0%
after/traj/investor/economy run1 n=200 | 성공 46.0% / 42.1% / 44.4% / 33.3% | D30 12.0% 클리어|도달 45.8% 클리어 5.5% | 좀비 14.0% | 사망/런 8.11 | 장식 0.0
  └ 종료 사망한도 87.5% 마왕실패 6.5% 클리어 5.5% 파산 0.5% | 끝난 날 중앙 18 | D10까지 사망 3.57 | 부상 출발/런 18.8 (사망 23.9%) | 상위 4명 성공 68.7% · 사망 0.51 · 나머지 21.6% · 사망 7.32 | 현금/일 78 | 자본 410
  └ 준비 | 상품 원정 성공 43.1% · 사망 9.6% | 맨손 원정 성공 15.3% · 사망 21.8% | 상품이 결과를 바꿈 26.2% (사망을 막음 4.2%) | 상위 4명이 받은 상품 46.9%
after/traj/investor/economy run5 n=200 | 성공 51.9% / 48.6% / 47.8% / 35.8% | D30 14.5% 클리어|도달 69.0% 클리어 10.0% | 좀비 15.0% | 사망/런 8.21 | 장식 1.7
  └ 종료 사망한도 85.5% 클리어 10.0% 마왕실패 4.5% | 끝난 날 중앙 18 | D10까지 사망 3.50 | 부상 출발/런 19.9 (사망 21.6%) | 상위 4명 성공 71.0% · 사망 0.57 · 나머지 27.2% · 사망 7.37 | 현금/일 151 | 자본 502
  └ 준비 | 상품 원정 성공 48.2% · 사망 8.7% | 맨손 원정 성공 17.1% · 사망 25.8% | 상품이 결과를 바꿈 25.1% (사망을 막음 3.8%) | 상위 4명이 받은 상품 48.0%
after/traj/investor/economy run10 n=200 | 성공 51.9% / 50.7% / 51.7% / 39.8% | D30 24.0% 클리어|도달 77.1% 클리어 18.5% | 좀비 12.0% | 사망/런 8.28 | 장식 3.6
  └ 종료 사망한도 76.0% 클리어 18.5% 마왕실패 5.5% | 끝난 날 중앙 20 | D10까지 사망 3.48 | 부상 출발/런 21.2 (사망 20.9%) | 상위 4명 성공 71.6% · 사망 0.54 · 나머지 29.5% · 사망 7.50 | 현금/일 220 | 자본 641
  └ 준비 | 상품 원정 성공 49.9% · 사망 8.1% | 맨손 원정 성공 15.2% · 사망 19.2% | 상품이 결과를 바꿈 24.3% (사망을 막음 4.0%) | 상위 4명이 받은 상품 47.6%
after/traj/investor/survival run1 n=200 | 성공 46.0% / 42.1% / 44.4% / 33.3% | D30 12.0% 클리어|도달 45.8% 클리어 5.5% | 좀비 14.0% | 사망/런 8.11 | 장식 0.0
  └ 종료 사망한도 87.5% 마왕실패 6.5% 클리어 5.5% 파산 0.5% | 끝난 날 중앙 18 | D10까지 사망 3.57 | 부상 출발/런 18.8 (사망 23.9%) | 상위 4명 성공 68.7% · 사망 0.51 · 나머지 21.6% · 사망 7.32 | 현금/일 78 | 자본 410
  └ 준비 | 상품 원정 성공 43.1% · 사망 9.6% | 맨손 원정 성공 15.3% · 사망 21.8% | 상품이 결과를 바꿈 26.2% (사망을 막음 4.2%) | 상위 4명이 받은 상품 46.9%
after/traj/investor/survival run5 n=200 | 성공 50.5% / 44.8% / 45.4% / 33.1% | D30 35.5% 클리어|도달 36.6% 클리어 13.0% | 좀비 25.5% | 사망/런 9.19 | 장식 1.9
  └ 종료 사망한도 60.5% 마왕실패 22.5% 클리어 13.0% 파산 4.0% | 끝난 날 중앙 27 | D10까지 사망 3.25 | 부상 출발/런 21.4 (사망 23.3%) | 상위 4명 성공 68.5% · 사망 0.64 · 나머지 24.8% · 사망 8.19 | 현금/일 44 | 자본 597
  └ 준비 | 상품 원정 성공 45.2% · 사망 8.3% | 맨손 원정 성공 8.9% · 사망 25.4% | 상품이 결과를 바꿈 27.9% (사망을 막음 5.1%) | 상위 4명이 받은 상품 46.6%
after/traj/investor/survival run10 n=200 | 성공 61.8% / 50.7% / 49.8% / 33.8% | D30 80.0% 클리어|도달 42.5% 클리어 34.0% | 좀비 42.5% | 사망/런 9.01 | 장식 3.8
  └ 종료 마왕실패 46.0% 클리어 34.0% 사망한도 17.0% 파산 3.0% | 끝난 날 중앙 30 | D10까지 사망 2.39 | 부상 출발/런 17.9 (사망 21.4%) | 상위 4명 성공 70.4% · 사망 0.57 · 나머지 32.3% · 사망 8.15 | 현금/일 40 | 자본 841
  └ 준비 | 상품 원정 성공 49.6% · 사망 6.6% | 맨손 원정 성공 13.4% · 사망 21.4% | 상품이 결과를 바꿈 26.0% (사망을 막음 4.4%) | 상위 4명이 받은 상품 44.2%
after/traj/investor/operation run1 n=200 | 성공 46.0% / 42.1% / 44.4% / 33.3% | D30 12.0% 클리어|도달 45.8% 클리어 5.5% | 좀비 14.0% | 사망/런 8.11 | 장식 0.0
  └ 종료 사망한도 87.5% 마왕실패 6.5% 클리어 5.5% 파산 0.5% | 끝난 날 중앙 18 | D10까지 사망 3.57 | 부상 출발/런 18.8 (사망 23.9%) | 상위 4명 성공 68.7% · 사망 0.51 · 나머지 21.6% · 사망 7.32 | 현금/일 78 | 자본 410
  └ 준비 | 상품 원정 성공 43.1% · 사망 9.6% | 맨손 원정 성공 15.3% · 사망 21.8% | 상품이 결과를 바꿈 26.2% (사망을 막음 4.2%) | 상위 4명이 받은 상품 46.9%
after/traj/investor/operation run5 n=200 | 성공 48.0% / 44.9% / 45.0% / 34.3% | D30 13.5% 클리어|도달 55.6% 클리어 7.5% | 좀비 13.5% | 사망/런 7.75 | 장식 1.7
  └ 종료 사망한도 84.5% 클리어 7.5% 마왕실패 6.0% 파산 2.0% | 끝난 날 중앙 18 | D10까지 사망 3.58 | 부상 출발/런 17.8 (사망 23.1%) | 상위 4명 성공 69.5% · 사망 0.55 · 나머지 24.3% · 사망 6.92 | 현금/일 54 | 자본 397
  └ 준비 | 상품 원정 성공 45.3% · 사망 9.2% | 맨손 원정 성공 11.2% · 사망 23.7% | 상품이 결과를 바꿈 25.2% (사망을 막음 4.2%) | 상위 4명이 받은 상품 46.8%
after/traj/investor/operation run10 n=200 | 성공 52.7% / 47.3% / 48.8% / 41.9% | D30 33.0% 클리어|도달 84.8% 클리어 28.0% | 좀비 7.5% | 사망/런 8.04 | 장식 3.3
  └ 종료 사망한도 62.5% 클리어 28.0% 마왕실패 5.0% 파산 4.5% | 끝난 날 중앙 23 | D10까지 사망 3.31 | 부상 출발/런 19.9 (사망 20.9%) | 상위 4명 성공 71.0% · 사망 0.43 · 나머지 28.5% · 사망 7.32 | 현금/일 53 | 자본 537
  └ 준비 | 상품 원정 성공 49.3% · 사망 7.9% | 맨손 원정 성공 17.7% · 사망 18.7% | 상품이 결과를 바꿈 24.2% (사망을 막음 3.8%) | 상위 4명이 받은 상품 48.6%
after/fresh/reader/none n=1000 | 성공 42.6% / 36.0% / 39.8% / 33.3% | D30 8.3% 클리어|도달 24.1% 클리어 2.0% | 좀비 9.6% | 사망/런 7.67 | 장식 0.0
  └ 종료 사망한도 90.2% 마왕실패 6.3% 클리어 2.0% 파산 1.5% | 끝난 날 중앙 16 | D10까지 사망 3.70 | 부상 출발/런 17.9 (사망 24.5%) | 상위 4명 성공 64.6% · 사망 0.62 · 나머지 19.8% · 사망 6.82 | 현금/일 81 | 자본 332
  └ 준비 | 상품 원정 성공 39.4% · 사망 10.0% | 맨손 원정 성공 13.3% · 사망 24.2% | 상품이 결과를 바꿈 24.1% (사망을 막음 5.2%) | 상위 4명이 받은 상품 44.6%
after/fresh/investor/none n=1000 | 성공 46.7% / 42.4% / 44.2% / 32.4% | D30 12.3% 클리어|도달 47.2% 클리어 5.8% | 좀비 16.1% | 사망/런 8.07 | 장식 0.0
  └ 종료 사망한도 87.3% 마왕실패 6.5% 클리어 5.8% 파산 0.4% | 끝난 날 중앙 18 | D10까지 사망 3.59 | 부상 출발/런 18.4 (사망 23.6%) | 상위 4명 성공 68.0% · 사망 0.62 · 나머지 22.2% · 사망 7.22 | 현금/일 80 | 자본 415
  └ 준비 | 상품 원정 성공 43.4% · 사망 9.6% | 맨손 원정 성공 12.6% · 사망 22.0% | 상품이 결과를 바꿈 26.6% (사망을 막음 4.2%) | 상위 4명이 받은 상품 47.2%
before/traj/reader/none run1 n=200 | 성공 42.6% / 36.2% / 41.7% / 31.7% | D30 6.0% 클리어|도달 16.7% 클리어 1.0% | 좀비 10.0% | 사망/런 7.71 | 장식 0.0
  └ 종료 사망한도 92.5% 마왕실패 5.0% 파산 1.5% 클리어 1.0% | 끝난 날 중앙 16 | D10까지 사망 3.60 | 부상 출발/런 17.6 (사망 24.5%) | 상위 4명 성공 63.8% · 사망 0.62 · 나머지 20.7% · 사망 6.82 | 현금/일 77 | 자본 327
  └ 준비 | 상품 원정 성공 39.7% · 사망 10.1% | 맨손 원정 성공 6.8% · 사망 30.1% | 상품이 결과를 바꿈 23.4% (사망을 막음 4.9%) | 상위 4명이 받은 상품 44.9%
before/traj/reader/none run5 n=200 | 성공 44.0% / 35.2% / 39.3% / 37.3% | D30 3.5% 클리어|도달 42.9% 클리어 1.5% | 좀비 4.5% | 사망/런 7.19 | 장식 0.0
  └ 종료 사망한도 90.5% 파산 6.0% 마왕실패 2.0% 클리어 1.5% | 끝난 날 중앙 14 | D10까지 사망 3.92 | 부상 출발/런 15.1 (사망 26.3%) | 상위 4명 성공 65.2% · 사망 0.61 · 나머지 20.2% · 사망 6.33 | 현금/일 52 | 자본 255
  └ 준비 | 상품 원정 성공 40.5% · 사망 10.7% | 맨손 원정 성공 20.0% · 사망 19.5% | 상품이 결과를 바꿈 24.3% (사망을 막음 5.7%) | 상위 4명이 받은 상품 45.4%
before/traj/reader/none run10 n=200 | 성공 43.1% / 36.7% / 40.4% / 35.1% | D30 7.0% 클리어|도달 28.6% 클리어 2.0% | 좀비 6.0% | 사망/런 7.24 | 장식 0.0
  └ 종료 사망한도 90.5% 마왕실패 5.0% 파산 2.5% 클리어 2.0% | 끝난 날 중앙 13 | D10까지 사망 3.98 | 부상 출발/런 16.1 (사망 25.1%) | 상위 4명 성공 63.9% · 사망 0.66 · 나머지 20.6% · 사망 6.33 | 현금/일 63 | 자본 282
  └ 준비 | 상품 원정 성공 40.4% · 사망 10.3% | 맨손 원정 성공 14.6% · 사망 25.2% | 상품이 결과를 바꿈 24.0% (사망을 막음 5.8%) | 상위 4명이 받은 상품 46.2%
before/traj/reader/economy run1 n=200 | 성공 42.6% / 36.2% / 41.7% / 31.7% | D30 6.0% 클리어|도달 16.7% 클리어 1.0% | 좀비 10.0% | 사망/런 7.71 | 장식 0.0
  └ 종료 사망한도 92.5% 마왕실패 5.0% 파산 1.5% 클리어 1.0% | 끝난 날 중앙 16 | D10까지 사망 3.60 | 부상 출발/런 17.6 (사망 24.5%) | 상위 4명 성공 63.8% · 사망 0.62 · 나머지 20.7% · 사망 6.82 | 현금/일 77 | 자본 327
  └ 준비 | 상품 원정 성공 39.7% · 사망 10.1% | 맨손 원정 성공 6.8% · 사망 30.1% | 상품이 결과를 바꿈 23.4% (사망을 막음 4.9%) | 상위 4명이 받은 상품 44.9%
before/traj/reader/economy run5 n=200 | 성공 47.0% / 42.3% / 45.4% / 36.2% | D30 12.5% 클리어|도달 28.0% 클리어 3.5% | 좀비 11.0% | 사망/런 7.50 | 장식 1.4
  └ 종료 사망한도 85.5% 마왕실패 9.0% 클리어 3.5% 파산 2.0% | 끝난 날 중앙 15 | D10까지 사망 3.85 | 부상 출발/런 18.2 (사망 22.5%) | 상위 4명 성공 68.3% · 사망 0.59 · 나머지 23.8% · 사망 6.66 | 현금/일 126 | 자본 398
  └ 준비 | 상품 원정 성공 44.4% · 사망 9.1% | 맨손 원정 성공 15.5% · 사망 22.6% | 상품이 결과를 바꿈 23.6% (사망을 막음 5.5%) | 상위 4명이 받은 상품 46.8%
before/traj/reader/economy run10 n=200 | 성공 46.3% / 44.5% / 46.9% / 40.5% | D30 17.5% 클리어|도달 31.4% 클리어 5.5% | 좀비 6.0% | 사망/런 7.60 | 장식 3.1
  └ 종료 사망한도 82.5% 마왕실패 12.0% 클리어 5.5% | 끝난 날 중앙 17 | D10까지 사망 3.75 | 부상 출발/런 19.4 (사망 21.8%) | 상위 4명 성공 68.4% · 사망 0.63 · 나머지 26.0% · 사망 6.75 | 현금/일 224 | 자본 470
  └ 준비 | 상품 원정 성공 45.2% · 사망 8.9% | 맨손 원정 성공 24.5% · 사망 22.4% | 상품이 결과를 바꿈 24.6% (사망을 막음 5.7%) | 상위 4명이 받은 상품 45.5%
before/traj/reader/survival run1 n=200 | 성공 42.6% / 36.2% / 41.7% / 31.7% | D30 6.0% 클리어|도달 16.7% 클리어 1.0% | 좀비 10.0% | 사망/런 7.71 | 장식 0.0
  └ 종료 사망한도 92.5% 마왕실패 5.0% 파산 1.5% 클리어 1.0% | 끝난 날 중앙 16 | D10까지 사망 3.60 | 부상 출발/런 17.6 (사망 24.5%) | 상위 4명 성공 63.8% · 사망 0.62 · 나머지 20.7% · 사망 6.82 | 현금/일 77 | 자본 327
  └ 준비 | 상품 원정 성공 39.7% · 사망 10.1% | 맨손 원정 성공 6.8% · 사망 30.1% | 상품이 결과를 바꿈 23.4% (사망을 막음 4.9%) | 상위 4명이 받은 상품 44.9%
before/traj/reader/survival run5 n=200 | 성공 46.1% / 39.5% / 41.1% / 33.5% | D30 21.5% 클리어|도달 18.6% 클리어 4.0% | 좀비 17.0% | 사망/런 8.37 | 장식 1.6
  └ 종료 사망한도 75.0% 마왕실패 17.5% 클리어 4.0% 파산 3.5% | 끝난 날 중앙 19 | D10까지 사망 3.56 | 부상 출발/런 19.6 (사망 25.3%) | 상위 4명 성공 65.7% · 사망 0.57 · 나머지 22.2% · 사망 7.55 | 현금/일 61 | 자본 428
  └ 준비 | 상품 원정 성공 41.7% · 사망 9.3% | 맨손 원정 성공 12.6% · 사망 29.3% | 상품이 결과를 바꿈 25.7% (사망을 막음 6.3%) | 상위 4명이 받은 상품 45.5%
before/traj/reader/survival run10 n=200 | 성공 53.6% / 44.6% / 44.3% / 35.0% | D30 58.0% 클리어|도달 21.6% 클리어 12.5% | 좀비 31.5% | 사망/런 9.00 | 장식 3.4
  └ 종료 마왕실패 45.5% 사망한도 37.0% 클리어 12.5% 파산 5.0% | 끝난 날 중앙 30 | D10까지 사망 2.71 | 부상 출발/런 18.6 (사망 22.9%) | 상위 4명 성공 67.8% · 사망 0.40 · 나머지 27.9% · 사망 8.28 | 현금/일 91 | 자본 692
  └ 준비 | 상품 원정 성공 45.0% · 사망 7.5% | 맨손 원정 성공 17.1% · 사망 22.1% | 상품이 결과를 바꿈 24.4% (사망을 막음 5.9%) | 상위 4명이 받은 상품 43.5%
before/traj/reader/operation run1 n=200 | 성공 42.6% / 36.2% / 41.7% / 31.7% | D30 6.0% 클리어|도달 16.7% 클리어 1.0% | 좀비 10.0% | 사망/런 7.71 | 장식 0.0
  └ 종료 사망한도 92.5% 마왕실패 5.0% 파산 1.5% 클리어 1.0% | 끝난 날 중앙 16 | D10까지 사망 3.60 | 부상 출발/런 17.6 (사망 24.5%) | 상위 4명 성공 63.8% · 사망 0.62 · 나머지 20.7% · 사망 6.82 | 현금/일 77 | 자본 327
  └ 준비 | 상품 원정 성공 39.7% · 사망 10.1% | 맨손 원정 성공 6.8% · 사망 30.1% | 상품이 결과를 바꿈 23.4% (사망을 막음 4.9%) | 상위 4명이 받은 상품 44.9%
before/traj/reader/operation run5 n=200 | 성공 44.2% / 36.1% / 41.2% / 36.1% | D30 6.0% 클리어|도달 33.3% 클리어 2.0% | 좀비 8.0% | 사망/런 7.27 | 장식 1.4
  └ 종료 사망한도 87.5% 파산 6.5% 마왕실패 4.0% 클리어 2.0% | 끝난 날 중앙 14 | D10까지 사망 3.90 | 부상 출발/런 15.9 (사망 25.6%) | 상위 4명 성공 65.1% · 사망 0.56 · 나머지 20.4% · 사망 6.46 | 현금/일 53 | 자본 279
  └ 준비 | 상품 원정 성공 40.9% · 사망 10.3% | 맨손 원정 성공 21.6% · 사망 21.6% | 상품이 결과를 바꿈 23.8% (사망을 막음 5.8%) | 상위 4명이 받은 상품 46.3%
before/traj/reader/operation run10 n=200 | 성공 46.7% / 40.0% / 42.7% / 38.6% | D30 11.0% 클리어|도달 40.9% 클리어 4.5% | 좀비 4.5% | 사망/런 6.82 | 장식 2.7
  └ 종료 사망한도 81.5% 파산 7.5% 마왕실패 6.5% 클리어 4.5% | 끝난 날 중앙 10 | D10까지 사망 4.01 | 부상 출발/런 15.3 (사망 23.9%) | 상위 4명 성공 66.1% · 사망 0.49 · 나머지 24.5% · 사망 6.12 | 현금/일 53 | 자본 277
  └ 준비 | 상품 원정 성공 44.1% · 사망 9.7% | 맨손 원정 성공 15.7% · 사망 20.8% | 상품이 결과를 바꿈 24.9% (사망을 막음 5.2%) | 상위 4명이 받은 상품 46.8%
before/traj/investor/none run1 n=200 | 성공 47.0% / 42.9% / 43.0% / 32.4% | D30 11.0% 클리어|도달 40.9% 클리어 4.5% | 좀비 21.0% | 사망/런 8.19 | 장식 0.0
  └ 종료 사망한도 88.5% 마왕실패 6.5% 클리어 4.5% 파산 0.5% | 끝난 날 중앙 18 | D10까지 사망 3.56 | 부상 출발/런 19.6 (사망 22.7%) | 상위 4명 성공 67.8% · 사망 0.67 · 나머지 22.7% · 사망 7.27 | 현금/일 79 | 자본 430
  └ 준비 | 상품 원정 성공 43.3% · 사망 9.4% | 맨손 원정 성공 9.4% · 사망 24.5% | 상품이 결과를 바꿈 26.0% (사망을 막음 4.3%) | 상위 4명이 받은 상품 46.4%
before/traj/investor/none run5 n=200 | 성공 46.9% / 42.6% / 43.8% / 31.2% | D30 12.0% 클리어|도달 50.0% 클리어 6.0% | 좀비 14.5% | 사망/런 7.93 | 장식 0.0
  └ 종료 사망한도 87.5% 마왕실패 6.0% 클리어 6.0% 파산 0.5% | 끝난 날 중앙 17 | D10까지 사망 3.62 | 부상 출발/런 17.8 (사망 23.8%) | 상위 4명 성공 67.6% · 사망 0.61 · 나머지 22.9% · 사망 7.08 | 현금/일 54 | 자본 376
  └ 준비 | 상품 원정 성공 43.5% · 사망 9.8% | 맨손 원정 성공 8.2% · 사망 25.7% | 상품이 결과를 바꿈 25.9% (사망을 막음 4.7%) | 상위 4명이 받은 상품 46.6%
before/traj/investor/none run10 n=200 | 성공 47.8% / 43.2% / 45.7% / 30.9% | D30 10.5% 클리어|도달 28.6% 클리어 3.0% | 좀비 14.0% | 사망/런 7.77 | 장식 0.0
  └ 종료 사망한도 88.0% 마왕실패 7.5% 클리어 3.0% 파산 1.5% | 끝난 날 중앙 17 | D10까지 사망 3.75 | 부상 출발/런 16.7 (사망 24.0%) | 상위 4명 성공 68.7% · 사망 0.57 · 나머지 23.3% · 사망 6.92 | 현금/일 65 | 자본 375
  └ 준비 | 상품 원정 성공 44.5% · 사망 9.7% | 맨손 원정 성공 8.1% · 사망 26.0% | 상품이 결과를 바꿈 24.9% (사망을 막음 4.1%) | 상위 4명이 받은 상품 47.5%
before/traj/investor/economy run1 n=200 | 성공 47.0% / 42.9% / 43.0% / 32.4% | D30 11.0% 클리어|도달 40.9% 클리어 4.5% | 좀비 21.0% | 사망/런 8.19 | 장식 0.0
  └ 종료 사망한도 88.5% 마왕실패 6.5% 클리어 4.5% 파산 0.5% | 끝난 날 중앙 18 | D10까지 사망 3.56 | 부상 출발/런 19.6 (사망 22.7%) | 상위 4명 성공 67.8% · 사망 0.67 · 나머지 22.7% · 사망 7.27 | 현금/일 79 | 자본 430
  └ 준비 | 상품 원정 성공 43.3% · 사망 9.4% | 맨손 원정 성공 9.4% · 사망 24.5% | 상품이 결과를 바꿈 26.0% (사망을 막음 4.3%) | 상위 4명이 받은 상품 46.4%
before/traj/investor/economy run5 n=200 | 성공 50.4% / 48.0% / 48.1% / 36.1% | D30 15.5% 클리어|도달 77.4% 클리어 12.0% | 좀비 12.5% | 사망/런 8.35 | 장식 1.8
  └ 종료 사망한도 84.5% 클리어 12.0% 마왕실패 3.5% | 끝난 날 중앙 19 | D10까지 사망 3.46 | 부상 출발/런 20.7 (사망 21.4%) | 상위 4명 성공 69.7% · 사망 0.64 · 나머지 27.0% · 사망 7.50 | 현금/일 158 | 자본 531
  └ 준비 | 상품 원정 성공 47.6% · 사망 8.6% | 맨손 원정 성공 14.2% · 사망 27.5% | 상품이 결과를 바꿈 24.8% (사망을 막음 4.1%) | 상위 4명이 받은 상품 48.1%
before/traj/investor/economy run10 n=200 | 성공 50.8% / 50.5% / 52.4% / 39.0% | D30 23.0% 클리어|도달 82.6% 클리어 19.0% | 좀비 10.5% | 사망/런 8.50 | 장식 3.6
  └ 종료 사망한도 77.0% 클리어 19.0% 마왕실패 4.0% | 끝난 날 중앙 20 | D10까지 사망 3.42 | 부상 출발/런 21.9 (사망 20.6%) | 상위 4명 성공 70.7% · 사망 0.65 · 나머지 29.7% · 사망 7.60 | 현금/일 218 | 자본 650
  └ 준비 | 상품 원정 성공 49.5% · 사망 8.2% | 맨손 원정 성공 14.8% · 사망 20.9% | 상품이 결과를 바꿈 24.3% (사망을 막음 4.2%) | 상위 4명이 받은 상품 47.5%
before/traj/investor/survival run1 n=200 | 성공 47.0% / 42.9% / 43.0% / 32.4% | D30 11.0% 클리어|도달 40.9% 클리어 4.5% | 좀비 21.0% | 사망/런 8.19 | 장식 0.0
  └ 종료 사망한도 88.5% 마왕실패 6.5% 클리어 4.5% 파산 0.5% | 끝난 날 중앙 18 | D10까지 사망 3.56 | 부상 출발/런 19.6 (사망 22.7%) | 상위 4명 성공 67.8% · 사망 0.67 · 나머지 22.7% · 사망 7.27 | 현금/일 79 | 자본 430
  └ 준비 | 상품 원정 성공 43.3% · 사망 9.4% | 맨손 원정 성공 9.4% · 사망 24.5% | 상품이 결과를 바꿈 26.0% (사망을 막음 4.3%) | 상위 4명이 받은 상품 46.4%
before/traj/investor/survival run5 n=200 | 성공 50.0% / 45.7% / 45.9% / 32.4% | D30 39.0% 클리어|도달 38.5% 클리어 15.0% | 좀비 28.5% | 사망/런 9.27 | 장식 2.0
  └ 종료 사망한도 57.0% 마왕실패 24.0% 클리어 15.0% 파산 4.0% | 끝난 날 중앙 28 | D10까지 사망 3.19 | 부상 출발/런 21.0 (사망 23.9%) | 상위 4명 성공 68.3% · 사망 0.63 · 나머지 24.7% · 사망 8.33 | 현금/일 41 | 자본 603
  └ 준비 | 상품 원정 성공 45.1% · 사망 8.2% | 맨손 원정 성공 14.1% · 사망 25.5% | 상품이 결과를 바꿈 26.9% (사망을 막음 5.3%) | 상위 4명이 받은 상품 46.8%
before/traj/investor/survival run10 n=200 | 성공 60.6% / 52.1% / 48.7% / 33.8% | D30 81.0% 클리어|도달 43.2% 클리어 35.0% | 좀비 43.5% | 사망/런 8.88 | 장식 3.8
  └ 종료 마왕실패 46.0% 클리어 35.0% 사망한도 16.0% 파산 3.0% | 끝난 날 중앙 30 | D10까지 사망 2.10 | 부상 출발/런 18.0 (사망 20.5%) | 상위 4명 성공 69.6% · 사망 0.49 · 나머지 32.7% · 사망 8.04 | 현금/일 42 | 자본 843
  └ 준비 | 상품 원정 성공 49.4% · 사망 6.4% | 맨손 원정 성공 12.1% · 사망 20.6% | 상품이 결과를 바꿈 26.0% (사망을 막음 4.5%) | 상위 4명이 받은 상품 44.1%
before/traj/investor/operation run1 n=200 | 성공 47.0% / 42.9% / 43.0% / 32.4% | D30 11.0% 클리어|도달 40.9% 클리어 4.5% | 좀비 21.0% | 사망/런 8.19 | 장식 0.0
  └ 종료 사망한도 88.5% 마왕실패 6.5% 클리어 4.5% 파산 0.5% | 끝난 날 중앙 18 | D10까지 사망 3.56 | 부상 출발/런 19.6 (사망 22.7%) | 상위 4명 성공 67.8% · 사망 0.67 · 나머지 22.7% · 사망 7.27 | 현금/일 79 | 자본 430
  └ 준비 | 상품 원정 성공 43.3% · 사망 9.4% | 맨손 원정 성공 9.4% · 사망 24.5% | 상품이 결과를 바꿈 26.0% (사망을 막음 4.3%) | 상위 4명이 받은 상품 46.4%
before/traj/investor/operation run5 n=200 | 성공 47.5% / 42.4% / 47.8% / 35.0% | D30 16.0% 클리어|도달 65.6% 클리어 10.5% | 좀비 15.5% | 사망/런 8.13 | 장식 1.7
  └ 종료 사망한도 82.0% 클리어 10.5% 마왕실패 5.5% 파산 2.0% | 끝난 날 중앙 18 | D10까지 사망 3.46 | 부상 출발/런 19.2 (사망 22.6%) | 상위 4명 성공 68.4% · 사망 0.58 · 나머지 23.8% · 사망 7.29 | 현금/일 52 | 자본 434
  └ 준비 | 상품 원정 성공 44.7% · 사망 9.2% | 맨손 원정 성공 12.3% · 사망 21.5% | 상품이 결과를 바꿈 24.5% (사망을 막음 4.4%) | 상위 4명이 받은 상품 47.2%
before/traj/investor/operation run10 n=200 | 성공 50.8% / 46.7% / 49.3% / 39.2% | D30 26.5% 클리어|도달 92.5% 클리어 24.5% | 좀비 8.0% | 사망/런 7.68 | 장식 3.3
  └ 종료 사망한도 70.5% 클리어 24.5% 파산 3.0% 마왕실패 2.0% | 끝난 날 중앙 18 | D10까지 사망 3.63 | 부상 출발/런 17.4 (사망 20.8%) | 상위 4명 성공 70.2% · 사망 0.50 · 나머지 27.3% · 사망 6.93 | 현금/일 50 | 자본 452
  └ 준비 | 상품 원정 성공 48.2% · 사망 8.5% | 맨손 원정 성공 17.8% · 사망 18.5% | 상품이 결과를 바꿈 24.1% (사망을 막음 4.3%) | 상위 4명이 받은 상품 48.4%
before/fresh/reader/none n=1000 | 성공 42.0% / 36.1% / 40.0% / 33.8% | D30 8.4% 클리어|도달 26.2% 클리어 2.2% | 좀비 10.5% | 사망/런 7.63 | 장식 0.0
  └ 종료 사망한도 90.3% 마왕실패 6.2% 클리어 2.2% 파산 1.3% | 끝난 날 중앙 16 | D10까지 사망 3.71 | 부상 출발/런 18.0 (사망 24.0%) | 상위 4명 성공 63.3% · 사망 0.63 · 나머지 20.2% · 사망 6.75 | 현금/일 82 | 자본 328
  └ 준비 | 상품 원정 성공 39.2% · 사망 10.1% | 맨손 원정 성공 13.7% · 사망 22.1% | 상품이 결과를 바꿈 24.1% (사망을 막음 5.3%) | 상위 4명이 받은 상품 44.9%
before/fresh/investor/none n=1000 | 성공 46.4% / 43.2% / 45.6% / 32.4% | D30 13.2% 클리어|도달 46.2% 클리어 6.1% | 좀비 16.3% | 사망/런 7.98 | 장식 0.0
  └ 종료 사망한도 85.8% 마왕실패 7.1% 클리어 6.1% 파산 1.0% | 끝난 날 중앙 18 | D10까지 사망 3.50 | 부상 출발/런 18.6 (사망 23.4%) | 상위 4명 성공 68.2% · 사망 0.60 · 나머지 22.9% · 사망 7.09 | 현금/일 79 | 자본 410
  └ 준비 | 상품 원정 성공 43.9% · 사망 9.4% | 맨손 원정 성공 12.0% · 사망 20.8% | 상품이 결과를 바꿈 26.3% (사망을 막음 4.2%) | 상위 4명이 받은 상품 46.9%
main   investor reach 13.2 clear 6.1 | lucky n 71 clear 12.7 | normal clear 5.6 reach 13.2 ratio 2.3
main   reader   reach 8.4 clear 2.2 | lucky n 31 clear 3.2 | normal clear 2.2 reach 8.4 ratio 1.5
B      investor reach 12.3 clear 5.8 | lucky n 75 clear 13.3 | normal clear 5.2 reach 11.8 ratio 2.6
B      reader   reach 8.3 clear 2.0 | lucky n 45 clear 6.7 | normal clear 1.8 reach 8.3 ratio 3.7
