# node tools/measure-v2100.cjs --traj 200 --fresh 4 --runs 10 --policies investor (장식 none/economy/survival) · main 8715dc2

balance measure · 235s · traj 200x10 · fresh 4
after/traj/investor/none run1 n=200 | 성공 46.5% / 42.8% / 42.2% / 31.3% | D30 9.0% 클리어|도달 50.0% 클리어 4.5% | 좀비 24.0% | 사망/런 8.20 | 장식 0.0
  └ 종료 사망한도 90.5% 마왕실패 4.5% 클리어 4.5% 파산 0.5% | 끝난 날 중앙 18 | D10까지 사망 3.50 | 부상 출발/런 19.7 (사망 22.5%) | 상위 4명 성공 67.9% · 사망 0.63 · 나머지 21.5% · 사망 7.30 | 현금/일 79 | 자본 433
  └ 준비 | 상품 원정 성공 42.7% · 사망 9.4% | 맨손 원정 성공 13.2% · 사망 21.3% | 상품이 결과를 바꿈 25.9% (사망을 막음 4.4%) | 상위 4명이 받은 상품 46.8%
after/traj/investor/none run5 n=200 | 성공 47.2% / 43.5% / 44.2% / 32.6% | D30 13.0% 클리어|도달 50.0% 클리어 6.5% | 좀비 15.5% | 사망/런 8.02 | 장식 0.0
  └ 종료 사망한도 86.5% 마왕실패 6.5% 클리어 6.5% 파산 0.5% | 끝난 날 중앙 17 | D10까지 사망 3.50 | 부상 출발/런 18.5 (사망 23.2%) | 상위 4명 성공 67.9% · 사망 0.60 · 나머지 23.5% · 사망 7.19 | 현금/일 52 | 자본 398
  └ 준비 | 상품 원정 성공 44.0% · 사망 9.5% | 맨손 원정 성공 9.2% · 사망 27.1% | 상품이 결과를 바꿈 25.9% (사망을 막음 4.6%) | 상위 4명이 받은 상품 46.6%
after/traj/investor/none run10 n=200 | 성공 47.7% / 42.8% / 46.2% / 30.7% | D30 10.5% 클리어|도달 33.3% 클리어 3.5% | 좀비 16.0% | 사망/런 7.70 | 장식 0.0
  └ 종료 사망한도 88.0% 마왕실패 7.0% 클리어 3.5% 파산 1.5% | 끝난 날 중앙 16 | D10까지 사망 3.83 | 부상 출발/런 16.5 (사망 24.1%) | 상위 4명 성공 68.9% · 사망 0.60 · 나머지 23.1% · 사망 6.84 | 현금/일 58 | 자본 364
  └ 준비 | 상품 원정 성공 44.3% · 사망 9.8% | 맨손 원정 성공 8.9% · 사망 28.3% | 상품이 결과를 바꿈 25.0% (사망을 막음 4.2%) | 상위 4명이 받은 상품 47.0%
after/traj/investor/economy run1 n=200 | 성공 46.5% / 42.8% / 42.2% / 31.3% | D30 9.0% 클리어|도달 50.0% 클리어 4.5% | 좀비 24.0% | 사망/런 8.20 | 장식 0.0
  └ 종료 사망한도 90.5% 마왕실패 4.5% 클리어 4.5% 파산 0.5% | 끝난 날 중앙 18 | D10까지 사망 3.50 | 부상 출발/런 19.7 (사망 22.5%) | 상위 4명 성공 67.9% · 사망 0.63 · 나머지 21.5% · 사망 7.30 | 현금/일 79 | 자본 433
  └ 준비 | 상품 원정 성공 42.7% · 사망 9.4% | 맨손 원정 성공 13.2% · 사망 21.3% | 상품이 결과를 바꿈 25.9% (사망을 막음 4.4%) | 상위 4명이 받은 상품 46.8%
after/traj/investor/economy run5 n=200 | 성공 50.0% / 47.7% / 50.0% / 37.5% | D30 14.0% 클리어|도달 60.7% 클리어 8.5% | 좀비 9.0% | 사망/런 8.13 | 장식 1.9
  └ 종료 사망한도 85.5% 클리어 8.5% 마왕실패 5.5% 파산 0.5% | 끝난 날 중앙 19 | D10까지 사망 3.57 | 부상 출발/런 20.0 (사망 22.0%) | 상위 4명 성공 71.3% · 사망 0.58 · 나머지 27.1% · 사망 7.28 | 현금/일 160 | 자본 502
  └ 준비 | 상품 원정 성공 48.1% · 사망 8.7% | 맨손 원정 성공 12.8% · 사망 23.3% | 상품이 결과를 바꿈 24.8% (사망을 막음 4.2%) | 상위 4명이 받은 상품 47.5%
after/traj/investor/economy run10 n=200 | 성공 51.5% / 50.9% / 51.5% / 37.8% | D30 23.5% 클리어|도달 76.6% 클리어 18.0% | 좀비 15.5% | 사망/런 8.47 | 장식 3.6
  └ 종료 사망한도 76.5% 클리어 18.0% 마왕실패 5.5% | 끝난 날 중앙 20 | D10까지 사망 3.33 | 부상 출발/런 21.8 (사망 20.9%) | 상위 4명 성공 71.2% · 사망 0.66 · 나머지 29.4% · 사망 7.55 | 현금/일 212 | 자본 661
  └ 준비 | 상품 원정 성공 49.5% · 사망 8.1% | 맨손 원정 성공 12.4% · 사망 19.9% | 상품이 결과를 바꿈 24.4% (사망을 막음 4.3%) | 상위 4명이 받은 상품 47.2%
after/traj/investor/survival run1 n=200 | 성공 46.5% / 42.8% / 42.2% / 31.3% | D30 9.0% 클리어|도달 50.0% 클리어 4.5% | 좀비 24.0% | 사망/런 8.20 | 장식 0.0
  └ 종료 사망한도 90.5% 마왕실패 4.5% 클리어 4.5% 파산 0.5% | 끝난 날 중앙 18 | D10까지 사망 3.50 | 부상 출발/런 19.7 (사망 22.5%) | 상위 4명 성공 67.9% · 사망 0.63 · 나머지 21.5% · 사망 7.30 | 현금/일 79 | 자본 433
  └ 준비 | 상품 원정 성공 42.7% · 사망 9.4% | 맨손 원정 성공 13.2% · 사망 21.3% | 상품이 결과를 바꿈 25.9% (사망을 막음 4.4%) | 상위 4명이 받은 상품 46.8%
after/traj/investor/survival run5 n=200 | 성공 50.4% / 46.3% / 46.3% / 33.5% | D30 46.0% 클리어|도달 46.7% 클리어 21.5% | 좀비 31.0% | 사망/런 8.98 | 장식 2.0
  └ 종료 사망한도 49.5% 마왕실패 24.5% 클리어 21.5% 파산 4.5% | 끝난 날 중앙 28 | D10까지 사망 3.13 | 부상 출발/런 21.0 (사망 23.1%) | 상위 4명 성공 68.6% · 사망 0.65 · 나머지 25.2% · 사망 8.06 | 현금/일 40 | 자본 619
  └ 준비 | 상품 원정 성공 45.6% · 사망 8.0% | 맨손 원정 성공 12.8% · 사망 24.6% | 상품이 결과를 바꿈 27.2% (사망을 막음 5.3%) | 상위 4명이 받은 상품 46.7%
after/traj/investor/survival run10 n=200 | 성공 60.9% / 52.7% / 50.1% / 34.8% | D30 75.5% 클리어|도달 50.3% 클리어 38.0% | 좀비 40.0% | 사망/런 9.06 | 장식 3.8
  └ 종료 클리어 38.0% 마왕실패 37.5% 사망한도 22.5% 파산 2.0% | 끝난 날 중앙 30 | D10까지 사망 2.37 | 부상 출발/런 17.7 (사망 21.3%) | 상위 4명 성공 71.0% · 사망 0.57 · 나머지 32.8% · 사망 8.20 | 현금/일 44 | 자본 839
  └ 준비 | 상품 원정 성공 50.3% · 사망 6.6% | 맨손 원정 성공 11.4% · 사망 19.9% | 상품이 결과를 바꿈 25.5% (사망을 막음 4.3%) | 상위 4명이 받은 상품 44.6%
after/fresh/investor/none n=4 | 성공 46.8% / 44.0% / 51.0% / 35.6% | D30 25.0% 클리어|도달 100.0% 클리어 25.0% | 좀비 25.0% | 사망/런 9.50 | 장식 0.0
  └ 종료 사망한도 75.0% 클리어 25.0% | 끝난 날 중앙 27 | D10까지 사망 2.75 | 부상 출발/런 26.3 (사망 20.0%) | 상위 4명 성공 72.0% · 사망 0.50 · 나머지 18.3% · 사망 8.75 | 현금/일 137 | 자본 671
  └ 준비 | 상품 원정 성공 44.9% · 사망 8.6% | 맨손 원정 성공 0.0% · 사망 100.0% | 상품이 결과를 바꿈 20.3% (사망을 막음 3.3%) | 상위 4명이 받은 상품 51.2%

after/traj/investor/none 궤적 200
런 | D10 D15 D20 D25 D30 | 클리어 | 사망/런 | 장식 | 상위4 성공
 1 | 80.5 64.5 43.5 36.0 9.0 | 4.5 | 8.20 | 0.0 | 67.9
 2 | 73.0 59.5 44.5 34.0 10.0 | 5.5 | 8.00 | 0.0 | 69.3
 3 | 66.0 52.0 32.5 24.5 6.5 | 3.0 | 7.66 | 0.0 | 67.2
 4 | 67.0 54.0 33.5 25.5 10.0 | 4.0 | 7.67 | 0.0 | 69.2
 5 | 76.0 61.5 38.5 31.5 13.0 | 6.5 | 8.02 | 0.0 | 67.9
 6 | 73.5 56.0 37.5 29.0 12.5 | 6.5 | 7.75 | 0.0 | 68.4
 7 | 77.0 65.0 42.0 32.5 10.5 | 5.5 | 8.10 | 0.0 | 67.4
 8 | 69.5 60.5 40.5 29.5 15.5 | 8.5 | 7.73 | 0.0 | 70.1
 9 | 64.0 55.0 34.0 27.5 14.5 | 6.0 | 7.55 | 0.0 | 69.0
10 | 64.0 52.0 37.0 31.5 10.5 | 3.5 | 7.70 | 0.0 | 68.9
첫 클리어: 10런 안에 41.0% · 중앙 런 5 · 누적 4.5 / 10.0 / 13.0 / 16.5 / 22.0 / 27.5 / 32.0 / 37.0 / 39.5 / 41.0
궤적당 클리어 횟수 분포 [118,61,17,4,0,0]

after/traj/investor/economy 궤적 200
런 | D10 D15 D20 D25 D30 | 클리어 | 사망/런 | 장식 | 상위4 성공
 1 | 80.5 64.5 43.5 36.0 9.0 | 4.5 | 8.20 | 0.0 | 67.9
 2 | 71.0 57.0 39.0 31.0 9.5 | 3.5 | 7.78 | 0.4 | 70.1
 3 | 70.0 52.5 38.5 29.5 10.5 | 5.5 | 7.82 | 0.9 | 68.2
 4 | 69.5 61.0 42.5 38.5 17.0 | 11.0 | 8.00 | 1.4 | 70.8
 5 | 77.0 64.0 43.0 34.0 14.0 | 8.5 | 8.13 | 1.9 | 71.3
 6 | 74.5 64.0 46.5 42.0 18.5 | 13.5 | 8.06 | 2.4 | 71.0
 7 | 81.0 67.0 50.0 40.0 18.5 | 12.5 | 8.18 | 2.8 | 71.7
 8 | 77.0 69.5 55.5 51.5 26.0 | 18.0 | 8.31 | 3.1 | 70.9
 9 | 76.5 65.0 48.5 41.0 24.0 | 16.0 | 8.10 | 3.4 | 70.9
10 | 83.0 75.5 57.0 46.5 23.5 | 18.0 | 8.47 | 3.6 | 71.2
첫 클리어: 10런 안에 70.0% · 중앙 런 6 · 누적 4.5 / 7.5 / 13.0 / 23.0 / 29.5 / 38.5 / 44.0 / 54.5 / 62.5 / 70.0
궤적당 클리어 횟수 분포 [60,79,46,11,3,1]

after/traj/investor/survival 궤적 200
런 | D10 D15 D20 D25 D30 | 클리어 | 사망/런 | 장식 | 상위4 성공
 1 | 80.5 64.5 43.5 36.0 9.0 | 4.5 | 8.20 | 0.0 | 67.9
 2 | 79.0 66.0 47.0 38.5 16.5 | 7.5 | 8.18 | 0.4 | 70.2
 3 | 83.0 67.0 49.5 43.0 20.5 | 11.5 | 8.69 | 0.9 | 69.8
 4 | 77.5 69.5 52.5 47.5 33.5 | 15.0 | 8.48 | 1.5 | 69.4
 5 | 88.0 81.0 69.0 62.5 46.0 | 21.5 | 8.98 | 2.0 | 68.6
 6 | 91.0 79.5 71.0 65.0 48.0 | 19.5 | 9.06 | 2.5 | 68.0
 7 | 92.0 88.5 81.0 78.5 59.5 | 28.5 | 9.09 | 3.0 | 68.9
 8 | 96.0 91.5 87.0 84.0 69.5 | 26.0 | 9.11 | 3.4 | 69.4
 9 | 97.5 95.0 90.0 87.0 75.0 | 30.0 | 8.88 | 3.7 | 69.5
10 | 99.0 97.0 94.5 91.5 75.5 | 38.0 | 9.06 | 3.8 | 71.0
첫 클리어: 10런 안에 83.0% · 중앙 런 5 · 누적 4.5 / 10.5 / 19.0 / 30.0 / 43.0 / 52.0 / 64.5 / 70.0 / 75.5 / 83.0
궤적당 클리어 횟수 분포 [34,54,35,45,24,8]

# --decos operation

balance measure · 65s · traj 200x10 · fresh 4
after/traj/investor/operation run1 n=200 | 성공 46.5% / 42.8% / 42.2% / 31.3% | D30 9.0% 클리어|도달 50.0% 클리어 4.5% | 좀비 24.0% | 사망/런 8.20 | 장식 0.0
  └ 종료 사망한도 90.5% 마왕실패 4.5% 클리어 4.5% 파산 0.5% | 끝난 날 중앙 18 | D10까지 사망 3.50 | 부상 출발/런 19.7 (사망 22.5%) | 상위 4명 성공 67.9% · 사망 0.63 · 나머지 21.5% · 사망 7.30 | 현금/일 79 | 자본 433
  └ 준비 | 상품 원정 성공 42.7% · 사망 9.4% | 맨손 원정 성공 13.2% · 사망 21.3% | 상품이 결과를 바꿈 25.9% (사망을 막음 4.4%) | 상위 4명이 받은 상품 46.8%
after/traj/investor/operation run5 n=200 | 성공 48.2% / 43.1% / 47.4% / 34.6% | D30 17.5% 클리어|도달 77.1% 클리어 13.5% | 좀비 16.0% | 사망/런 7.89 | 장식 1.8
  └ 종료 사망한도 80.0% 클리어 13.5% 마왕실패 4.0% 파산 2.5% | 끝난 날 중앙 17 | D10까지 사망 3.46 | 부상 출발/런 19.2 (사망 22.4%) | 상위 4명 성공 68.7% · 사망 0.54 · 나머지 24.1% · 사망 7.07 | 현금/일 49 | 자본 425
  └ 준비 | 상품 원정 성공 45.1% · 사망 8.9% | 맨손 원정 성공 16.5% · 사망 23.7% | 상품이 결과를 바꿈 24.9% (사망을 막음 4.5%) | 상위 4명이 받은 상품 47.3%
after/traj/investor/operation run10 n=200 | 성공 51.9% / 48.1% / 49.7% / 39.3% | D30 29.0% 클리어|도달 84.5% 클리어 24.5% | 좀비 10.0% | 사망/런 7.79 | 장식 3.4
  └ 종료 사망한도 69.0% 클리어 24.5% 마왕실패 4.5% 파산 2.0% | 끝난 날 중앙 19 | D10까지 사망 3.43 | 부상 출발/런 18.4 (사망 21.0%) | 상위 4명 성공 71.2% · 사망 0.44 · 나머지 28.3% · 사망 7.15 | 현금/일 49 | 자본 488
  └ 준비 | 상품 원정 성공 49.0% · 사망 8.2% | 맨손 원정 성공 15.9% · 사망 20.3% | 상품이 결과를 바꿈 24.1% (사망을 막음 4.0%) | 상위 4명이 받은 상품 48.0%
after/fresh/investor/none n=4 | 성공 46.8% / 44.0% / 51.0% / 35.6% | D30 25.0% 클리어|도달 100.0% 클리어 25.0% | 좀비 25.0% | 사망/런 9.50 | 장식 0.0
  └ 종료 사망한도 75.0% 클리어 25.0% | 끝난 날 중앙 27 | D10까지 사망 2.75 | 부상 출발/런 26.3 (사망 20.0%) | 상위 4명 성공 72.0% · 사망 0.50 · 나머지 18.3% · 사망 8.75 | 현금/일 137 | 자본 671
  └ 준비 | 상품 원정 성공 44.9% · 사망 8.6% | 맨손 원정 성공 0.0% · 사망 100.0% | 상품이 결과를 바꿈 20.3% (사망을 막음 3.3%) | 상위 4명이 받은 상품 51.2%

after/traj/investor/operation 궤적 200
런 | D10 D15 D20 D25 D30 | 클리어 | 사망/런 | 장식 | 상위4 성공
 1 | 80.5 64.5 43.5 36.0 9.0 | 4.5 | 8.20 | 0.0 | 67.9
 2 | 73.0 59.5 44.5 34.0 10.0 | 5.5 | 8.00 | 0.4 | 69.3
 3 | 68.0 57.0 37.0 28.5 8.0 | 5.0 | 7.93 | 0.9 | 66.8
 4 | 68.5 54.5 35.5 28.0 13.0 | 9.5 | 7.63 | 1.4 | 69.9
 5 | 78.0 62.0 40.0 35.0 17.5 | 13.5 | 7.89 | 1.8 | 68.7
 6 | 73.0 59.5 39.0 31.0 15.0 | 12.0 | 7.68 | 2.2 | 69.6
 7 | 76.5 65.5 44.0 38.5 20.5 | 16.0 | 7.82 | 2.5 | 69.0
 8 | 76.0 63.5 47.0 39.5 21.5 | 18.0 | 7.88 | 2.9 | 70.4
 9 | 71.0 54.0 37.5 34.0 23.0 | 20.0 | 7.45 | 3.2 | 70.1
10 | 76.5 66.5 48.5 41.0 29.0 | 24.5 | 7.79 | 3.4 | 71.2
첫 클리어: 10런 안에 69.5% · 중앙 런 6 · 누적 4.5 / 10.0 / 13.5 / 20.5 / 31.0 / 39.0 / 47.0 / 53.0 / 61.5 / 69.5
궤적당 클리어 횟수 분포 [61,66,43,18,10,2]
