
balance measure · 426s · traj 200x10 · fresh 1000
after/traj/reader/none run1 n=200 | 성공 45.0% / 40.1% / 44.1% / 36.9% | D30 20.0% 클리어|도달 20.0% 클리어 4.0% | 좀비 14.5% | 사망/런 8.21 | 장식 0.0
  └ 종료 사망한도 80.0% 마왕실패 16.0% 클리어 4.0% | 끝난 날 중앙 20 | D10까지 사망 3.29 | 부상 출발/런 22.5 (사망 21.7%) | 상위 4명 성공 65.8% · 사망 0.66 · 나머지 24.9% · 사망 7.54 | 현금/일 97 | 자본 478
after/traj/reader/none run5 n=200 | 성공 46.0% / 41.0% / 45.2% / 39.3% | D30 16.0% 클리어|도달 31.3% 클리어 5.0% | 좀비 10.0% | 사망/런 7.71 | 장식 0.0
  └ 종료 사망한도 81.5% 마왕실패 11.0% 클리어 5.0% 파산 2.5% | 끝난 날 중앙 18 | D10까지 사망 3.73 | 부상 출발/런 19.4 (사망 22.7%) | 상위 4명 성공 66.9% · 사망 0.61 · 나머지 25.5% · 사망 7.09 | 현금/일 76 | 자본 401
after/traj/reader/none run10 n=200 | 성공 45.7% / 41.9% / 44.9% / 36.7% | D30 17.0% 클리어|도달 17.6% 클리어 3.0% | 좀비 12.5% | 사망/런 7.72 | 장식 0.0
  └ 종료 사망한도 81.0% 마왕실패 14.0% 클리어 3.0% 파산 2.0% | 끝난 날 중앙 17 | D10까지 사망 3.71 | 부상 출발/런 19.1 (사망 23.3%) | 상위 4명 성공 66.9% · 사망 0.61 · 나머지 25.0% · 사망 7.11 | 현금/일 74 | 자본 380
after/traj/reader/economy run1 n=200 | 성공 45.0% / 40.1% / 44.1% / 36.9% | D30 20.0% 클리어|도달 20.0% 클리어 4.0% | 좀비 14.5% | 사망/런 8.21 | 장식 0.0
  └ 종료 사망한도 80.0% 마왕실패 16.0% 클리어 4.0% | 끝난 날 중앙 20 | D10까지 사망 3.29 | 부상 출발/런 22.5 (사망 21.7%) | 상위 4명 성공 65.8% · 사망 0.66 · 나머지 24.9% · 사망 7.54 | 현금/일 97 | 자본 478
after/traj/reader/economy run5 n=200 | 성공 48.4% / 46.8% / 48.4% / 40.2% | D30 26.0% 클리어|도달 36.5% 클리어 9.5% | 좀비 12.0% | 사망/런 7.95 | 장식 2.0
  └ 종료 사망한도 74.0% 마왕실패 16.5% 클리어 9.5% | 끝난 날 중앙 19 | D10까지 사망 3.60 | 부상 출발/런 21.6 (사망 20.6%) | 상위 4명 성공 68.5% · 사망 0.56 · 나머지 28.8% · 사망 7.38 | 현금/일 191 | 자본 552
after/traj/reader/economy run10 n=200 | 성공 50.3% / 48.4% / 51.7% / 44.4% | D30 38.0% 클리어|도달 38.2% 클리어 14.5% | 좀비 8.5% | 사망/런 8.10 | 장식 3.7
  └ 종료 사망한도 62.0% 마왕실패 23.5% 클리어 14.5% | 끝난 날 중앙 26 | D10까지 사망 3.38 | 부상 출발/런 24.5 (사망 19.1%) | 상위 4명 성공 70.2% · 사망 0.47 · 나머지 31.8% · 사망 7.63 | 현금/일 266 | 자본 691
after/traj/reader/survival run1 n=200 | 성공 45.0% / 40.1% / 44.1% / 36.9% | D30 20.0% 클리어|도달 20.0% 클리어 4.0% | 좀비 14.5% | 사망/런 8.21 | 장식 0.0
  └ 종료 사망한도 80.0% 마왕실패 16.0% 클리어 4.0% | 끝난 날 중앙 20 | D10까지 사망 3.29 | 부상 출발/런 22.5 (사망 21.7%) | 상위 4명 성공 65.8% · 사망 0.66 · 나머지 24.9% · 사망 7.54 | 현금/일 97 | 자본 478
after/traj/reader/survival run5 n=200 | 성공 48.0% / 44.6% / 46.7% / 38.5% | D30 53.0% 클리어|도달 26.4% 클리어 14.0% | 좀비 20.0% | 사망/런 8.97 | 장식 2.2
  └ 종료 사망한도 44.5% 마왕실패 39.0% 클리어 14.0% 파산 2.5% | 끝난 날 중앙 30 | D10까지 사망 3.35 | 부상 출발/런 23.2 (사망 21.5%) | 상위 4명 성공 67.3% · 사망 0.52 · 나머지 27.3% · 사망 8.46 | 현금/일 99 | 자본 653
after/traj/reader/survival run10 n=200 | 성공 58.2% / 49.7% / 48.5% / 39.5% | D30 82.5% 클리어|도달 17.6% 클리어 14.5% | 좀비 26.5% | 사망/런 8.40 | 장식 3.9
  └ 종료 마왕실패 68.0% 사망한도 15.0% 클리어 14.5% 파산 2.5% | 끝난 날 중앙 30 | D10까지 사망 2.23 | 부상 출발/런 18.5 (사망 20.6%) | 상위 4명 성공 69.8% · 사망 0.38 · 나머지 34.6% · 사망 8.03 | 현금/일 121 | 자본 840
after/traj/expert/none run1 n=200 | 성공 45.1% / 40.2% / 45.8% / 36.0% | D30 21.5% 클리어|도달 25.6% 클리어 5.5% | 좀비 12.5% | 사망/런 7.95 | 장식 0.0
  └ 종료 사망한도 77.5% 마왕실패 16.0% 클리어 5.5% 파산 1.0% | 끝난 날 중앙 19 | D10까지 사망 3.37 | 부상 출발/런 20.6 (사망 22.7%) | 상위 4명 성공 65.6% · 사망 0.59 · 나머지 25.1% · 사망 7.35 | 현금/일 101 | 자본 443
after/traj/expert/none run5 n=200 | 성공 45.3% / 42.1% / 45.4% / 35.9% | D30 11.0% 클리어|도달 27.3% 클리어 3.0% | 좀비 11.0% | 사망/런 7.84 | 장식 0.0
  └ 종료 사망한도 86.5% 마왕실패 8.0% 클리어 3.0% 파산 2.5% | 끝난 날 중앙 17 | D10까지 사망 3.74 | 부상 출발/런 18.8 (사망 24.5%) | 상위 4명 성공 66.5% · 사망 0.63 · 나머지 24.8% · 사망 7.22 | 현금/일 80 | 자본 377
after/traj/expert/none run10 n=200 | 성공 46.0% / 42.6% / 43.3% / 38.1% | D30 16.0% 클리어|도달 28.1% 클리어 4.5% | 좀비 11.0% | 사망/런 7.72 | 장식 0.0
  └ 종료 사망한도 82.5% 마왕실패 11.5% 클리어 4.5% 파산 1.5% | 끝난 날 중앙 17 | D10까지 사망 3.63 | 부상 출발/런 18.6 (사망 24.0%) | 상위 4명 성공 67.5% · 사망 0.64 · 나머지 24.8% · 사망 7.08 | 현금/일 80 | 자본 383
after/fresh/reader/none n=1000 | 성공 45.6% / 40.7% / 44.3% / 36.9% | D30 18.7% 클리어|도달 27.8% 클리어 5.2% | 좀비 13.5% | 사망/런 8.01 | 장식 0.0
  └ 종료 사망한도 80.1% 마왕실패 13.5% 클리어 5.2% 파산 1.2% | 끝난 날 중앙 19 | D10까지 사망 3.47 | 부상 출발/런 20.9 (사망 22.1%) | 상위 4명 성공 66.2% · 사망 0.63 · 나머지 24.9% · 사망 7.38 | 현금/일 102 | 자본 443
after/traj/expert/economy run1 n=200 | 성공 45.1% / 40.2% / 45.8% / 36.0% | D30 21.5% 클리어|도달 25.6% 클리어 5.5% | 좀비 12.5% | 사망/런 7.95 | 장식 0.0
  └ 종료 사망한도 77.5% 마왕실패 16.0% 클리어 5.5% 파산 1.0% | 끝난 날 중앙 19 | D10까지 사망 3.37 | 부상 출발/런 20.6 (사망 22.7%) | 상위 4명 성공 65.6% · 사망 0.59 · 나머지 25.1% · 사망 7.35 | 현금/일 101 | 자본 443
after/traj/expert/economy run5 n=200 | 성공 49.4% / 47.1% / 50.4% / 40.9% | D30 21.5% 클리어|도달 46.5% 클리어 10.0% | 좀비 8.5% | 사망/런 7.88 | 장식 1.9
  └ 종료 사망한도 78.0% 마왕실패 11.5% 클리어 10.0% 파산 0.5% | 끝난 날 중앙 18 | D10까지 사망 3.71 | 부상 출발/런 20.9 (사망 21.4%) | 상위 4명 성공 69.6% · 사망 0.53 · 나머지 29.8% · 사망 7.36 | 현금/일 197 | 자본 523
after/traj/expert/economy run10 n=200 | 성공 51.3% / 48.9% / 50.2% / 43.1% | D30 34.5% 클리어|도달 50.7% 클리어 17.5% | 좀비 10.0% | 사망/런 8.12 | 장식 3.7
  └ 종료 사망한도 65.5% 클리어 17.5% 마왕실패 17.0% | 끝난 날 중앙 25 | D10까지 사망 3.29 | 부상 출발/런 23.6 (사망 19.4%) | 상위 4명 성공 70.6% · 사망 0.56 · 나머지 31.7% · 사망 7.56 | 현금/일 276 | 자본 679
after/traj/expert/survival run1 n=200 | 성공 45.1% / 40.2% / 45.8% / 36.0% | D30 21.5% 클리어|도달 25.6% 클리어 5.5% | 좀비 12.5% | 사망/런 7.95 | 장식 0.0
  └ 종료 사망한도 77.5% 마왕실패 16.0% 클리어 5.5% 파산 1.0% | 끝난 날 중앙 19 | D10까지 사망 3.37 | 부상 출발/런 20.6 (사망 22.7%) | 상위 4명 성공 65.6% · 사망 0.59 · 나머지 25.1% · 사망 7.35 | 현금/일 101 | 자본 443
after/traj/expert/survival run5 n=200 | 성공 47.9% / 43.7% / 47.0% / 36.4% | D30 39.0% 클리어|도달 16.7% 클리어 6.5% | 좀비 22.0% | 사망/런 8.64 | 장식 2.1
  └ 종료 사망한도 56.5% 마왕실패 32.5% 클리어 6.5% 파산 4.5% | 끝난 날 중앙 26 | D10까지 사망 3.45 | 부상 출발/런 20.8 (사망 23.4%) | 상위 4명 성공 67.6% · 사망 0.62 · 나머지 26.7% · 사망 8.03 | 현금/일 96 | 자본 563
after/traj/expert/survival run10 n=200 | 성공 58.1% / 49.2% / 46.9% / 37.8% | D30 82.0% 클리어|도달 19.5% 클리어 16.0% | 좀비 32.0% | 사망/런 8.40 | 장식 3.8
  └ 종료 마왕실패 66.0% 클리어 16.0% 사망한도 15.0% 파산 3.0% | 끝난 날 중앙 30 | D10까지 사망 2.34 | 부상 출발/런 18.8 (사망 21.0%) | 상위 4명 성공 68.2% · 사망 0.37 · 나머지 34.0% · 사망 8.03 | 현금/일 125 | 자본 822
after/fresh/expert/none n=1000 | 성공 45.6% / 40.8% / 45.3% / 36.5% | D30 17.7% 클리어|도달 33.9% 클리어 6.0% | 좀비 13.9% | 사망/런 8.06 | 장식 0.0
  └ 종료 사망한도 80.9% 마왕실패 11.7% 클리어 6.0% 파산 1.4% | 끝난 날 중앙 18 | D10까지 사망 3.48 | 부상 출발/런 20.6 (사망 22.8%) | 상위 4명 성공 66.4% · 사망 0.63 · 나머지 24.8% · 사망 7.43 | 현금/일 104 | 자본 442
