
balance measure · 428s · traj 200x10 · fresh 1000
after/traj/reader/none run1 n=200 | 성공 45.0% / 40.1% / 44.1% / 36.9% | D30 20.0% 클리어|도달 27.5% 클리어 5.5% | 좀비 14.5% | 사망/런 8.21 | 장식 0.0
  └ 종료 사망한도 80.0% 마왕실패 14.5% 클리어 5.5% | 끝난 날 중앙 20 | D10까지 사망 3.29 | 부상 출발/런 22.5 (사망 21.7%) | 상위 4명 성공 65.8% · 사망 0.66 · 나머지 24.9% · 사망 7.54 | 현금/일 97 | 자본 478
after/traj/reader/none run5 n=200 | 성공 45.9% / 40.9% / 45.4% / 39.1% | D30 17.5% 클리어|도달 34.3% 클리어 6.0% | 좀비 11.5% | 사망/런 7.76 | 장식 0.0
  └ 종료 사망한도 80.5% 마왕실패 11.5% 클리어 6.0% 파산 2.0% | 끝난 날 중앙 18 | D10까지 사망 3.74 | 부상 출발/런 19.7 (사망 22.5%) | 상위 4명 성공 66.8% · 사망 0.62 · 나머지 25.7% · 사망 7.14 | 현금/일 78 | 자본 411
after/traj/reader/none run10 n=200 | 성공 45.7% / 41.5% / 44.7% / 36.2% | D30 18.0% 클리어|도달 22.2% 클리어 4.0% | 좀비 13.0% | 사망/런 7.72 | 장식 0.0
  └ 종료 사망한도 80.0% 마왕실패 14.0% 클리어 4.0% 파산 2.0% | 끝난 날 중앙 17 | D10까지 사망 3.69 | 부상 출발/런 19.5 (사망 23.0%) | 상위 4명 성공 66.8% · 사망 0.61 · 나머지 24.8% · 사망 7.12 | 현금/일 72 | 자본 383
after/traj/reader/survival run1 n=200 | 성공 45.0% / 40.1% / 44.1% / 36.9% | D30 20.0% 클리어|도달 27.5% 클리어 5.5% | 좀비 14.5% | 사망/런 8.21 | 장식 0.0
  └ 종료 사망한도 80.0% 마왕실패 14.5% 클리어 5.5% | 끝난 날 중앙 20 | D10까지 사망 3.29 | 부상 출발/런 22.5 (사망 21.7%) | 상위 4명 성공 65.8% · 사망 0.66 · 나머지 24.9% · 사망 7.54 | 현금/일 97 | 자본 478
after/traj/reader/survival run5 n=200 | 성공 48.1% / 44.2% / 46.8% / 38.5% | D30 53.5% 클리어|도달 29.9% 클리어 16.0% | 좀비 19.5% | 사망/런 8.99 | 장식 2.1
  └ 종료 사망한도 43.5% 마왕실패 37.5% 클리어 16.0% 파산 3.0% | 끝난 날 중앙 30 | D10까지 사망 3.35 | 부상 출발/런 23.3 (사망 21.3%) | 상위 4명 성공 67.4% · 사망 0.52 · 나머지 27.3% · 사망 8.47 | 현금/일 99 | 자본 654
after/traj/reader/survival run10 n=200 | 성공 58.4% / 49.7% / 48.8% / 39.3% | D30 86.0% 클리어|도달 23.8% 클리어 20.5% | 좀비 27.5% | 사망/런 8.29 | 장식 3.9
  └ 종료 마왕실패 65.5% 클리어 20.5% 사망한도 11.0% 파산 3.0% | 끝난 날 중앙 30 | D10까지 사망 2.22 | 부상 출발/런 18.6 (사망 20.0%) | 상위 4명 성공 69.5% · 사망 0.38 · 나머지 34.7% · 사망 7.91 | 현금/일 120 | 자본 851
after/traj/reader/economy run1 n=200 | 성공 45.0% / 40.1% / 44.1% / 36.9% | D30 20.0% 클리어|도달 27.5% 클리어 5.5% | 좀비 14.5% | 사망/런 8.21 | 장식 0.0
  └ 종료 사망한도 80.0% 마왕실패 14.5% 클리어 5.5% | 끝난 날 중앙 20 | D10까지 사망 3.29 | 부상 출발/런 22.5 (사망 21.7%) | 상위 4명 성공 65.8% · 사망 0.66 · 나머지 24.9% · 사망 7.54 | 현금/일 97 | 자본 478
after/traj/reader/economy run5 n=200 | 성공 48.7% / 47.1% / 47.8% / 39.2% | D30 25.0% 클리어|도달 42.0% 클리어 10.5% | 좀비 12.5% | 사망/런 8.00 | 장식 2.0
  └ 종료 사망한도 75.0% 마왕실패 14.5% 클리어 10.5% | 끝난 날 중앙 19 | D10까지 사망 3.55 | 부상 출발/런 21.9 (사망 20.5%) | 상위 4명 성공 68.3% · 사망 0.57 · 나머지 28.8% · 사망 7.42 | 현금/일 194 | 자본 553
after/traj/reader/economy run10 n=200 | 성공 50.3% / 48.6% / 51.7% / 43.8% | D30 37.5% 클리어|도달 41.3% 클리어 15.5% | 좀비 9.5% | 사망/런 8.09 | 장식 3.7
  └ 종료 사망한도 62.5% 마왕실패 22.0% 클리어 15.5% | 끝난 날 중앙 26 | D10까지 사망 3.39 | 부상 출발/런 24.2 (사망 19.2%) | 상위 4명 성공 70.1% · 사망 0.49 · 나머지 31.8% · 사망 7.59 | 현금/일 268 | 자본 689
after/traj/expert/none run1 n=200 | 성공 45.1% / 40.2% / 45.8% / 36.0% | D30 21.5% 클리어|도달 30.2% 클리어 6.5% | 좀비 12.5% | 사망/런 7.95 | 장식 0.0
  └ 종료 사망한도 77.5% 마왕실패 15.0% 클리어 6.5% 파산 1.0% | 끝난 날 중앙 19 | D10까지 사망 3.37 | 부상 출발/런 20.6 (사망 22.7%) | 상위 4명 성공 65.6% · 사망 0.59 · 나머지 25.1% · 사망 7.35 | 현금/일 101 | 자본 443
after/traj/expert/none run5 n=200 | 성공 45.3% / 41.9% / 45.5% / 36.1% | D30 11.0% 클리어|도달 31.8% 클리어 3.5% | 좀비 10.5% | 사망/런 7.80 | 장식 0.0
  └ 종료 사망한도 86.5% 마왕실패 7.5% 클리어 3.5% 파산 2.5% | 끝난 날 중앙 16 | D10까지 사망 3.76 | 부상 출발/런 18.6 (사망 24.6%) | 상위 4명 성공 66.7% · 사망 0.63 · 나머지 24.7% · 사망 7.18 | 현금/일 79 | 자본 373
after/traj/expert/none run10 n=200 | 성공 46.0% / 42.6% / 44.0% / 38.3% | D30 16.5% 클리어|도달 39.4% 클리어 6.5% | 좀비 11.0% | 사망/런 7.79 | 장식 0.0
  └ 종료 사망한도 82.0% 마왕실패 10.0% 클리어 6.5% 파산 1.5% | 끝난 날 중앙 18 | D10까지 사망 3.60 | 부상 출발/런 19.0 (사망 23.8%) | 상위 4명 성공 67.6% · 사망 0.63 · 나머지 25.1% · 사망 7.17 | 현금/일 81 | 자본 393
after/traj/expert/economy run1 n=200 | 성공 45.1% / 40.2% / 45.8% / 36.0% | D30 21.5% 클리어|도달 30.2% 클리어 6.5% | 좀비 12.5% | 사망/런 7.95 | 장식 0.0
  └ 종료 사망한도 77.5% 마왕실패 15.0% 클리어 6.5% 파산 1.0% | 끝난 날 중앙 19 | D10까지 사망 3.37 | 부상 출발/런 20.6 (사망 22.7%) | 상위 4명 성공 65.6% · 사망 0.59 · 나머지 25.1% · 사망 7.35 | 현금/일 101 | 자본 443
after/traj/expert/economy run5 n=200 | 성공 49.5% / 47.1% / 50.4% / 41.1% | D30 22.0% 클리어|도달 59.1% 클리어 13.0% | 좀비 8.0% | 사망/런 7.83 | 장식 1.9
  └ 종료 사망한도 77.5% 클리어 13.0% 마왕실패 9.0% 파산 0.5% | 끝난 날 중앙 18 | D10까지 사망 3.73 | 부상 출발/런 20.7 (사망 21.5%) | 상위 4명 성공 69.6% · 사망 0.55 · 나머지 29.8% · 사망 7.29 | 현금/일 199 | 자본 518
after/traj/expert/economy run10 n=200 | 성공 51.4% / 48.8% / 50.2% / 43.6% | D30 33.5% 클리어|도달 56.7% 클리어 19.0% | 좀비 8.5% | 사망/런 8.10 | 장식 3.7
  └ 종료 사망한도 66.5% 클리어 19.0% 마왕실패 14.5% | 끝난 날 중앙 24 | D10까지 사망 3.33 | 부상 출발/런 23.0 (사망 19.6%) | 상위 4명 성공 71.1% · 사망 0.54 · 나머지 31.3% · 사망 7.55 | 현금/일 278 | 자본 668
after/fresh/reader/none n=1000 | 성공 45.6% / 40.7% / 44.3% / 36.9% | D30 18.7% 클리어|도달 32.6% 클리어 6.1% | 좀비 13.5% | 사망/런 8.01 | 장식 0.0
  └ 종료 사망한도 80.1% 마왕실패 12.6% 클리어 6.1% 파산 1.2% | 끝난 날 중앙 19 | D10까지 사망 3.47 | 부상 출발/런 20.9 (사망 22.1%) | 상위 4명 성공 66.2% · 사망 0.63 · 나머지 24.9% · 사망 7.38 | 현금/일 102 | 자본 443
after/traj/expert/survival run1 n=200 | 성공 45.1% / 40.2% / 45.8% / 36.0% | D30 21.5% 클리어|도달 30.2% 클리어 6.5% | 좀비 12.5% | 사망/런 7.95 | 장식 0.0
  └ 종료 사망한도 77.5% 마왕실패 15.0% 클리어 6.5% 파산 1.0% | 끝난 날 중앙 19 | D10까지 사망 3.37 | 부상 출발/런 20.6 (사망 22.7%) | 상위 4명 성공 65.6% · 사망 0.59 · 나머지 25.1% · 사망 7.35 | 현금/일 101 | 자본 443
after/traj/expert/survival run5 n=200 | 성공 48.1% / 44.0% / 47.4% / 37.1% | D30 40.0% 클리어|도달 31.3% 클리어 12.5% | 좀비 21.5% | 사망/런 8.57 | 장식 2.1
  └ 종료 사망한도 56.0% 마왕실패 27.5% 클리어 12.5% 파산 4.0% | 끝난 날 중앙 26 | D10까지 사망 3.44 | 부상 출발/런 20.7 (사망 23.2%) | 상위 4명 성공 67.8% · 사망 0.59 · 나머지 27.1% · 사망 7.98 | 현금/일 95 | 자본 566
after/traj/expert/survival run10 n=200 | 성공 58.5% / 49.6% / 47.3% / 37.6% | D30 80.5% 클리어|도달 26.1% 클리어 21.0% | 좀비 32.5% | 사망/런 8.45 | 장식 3.8
  └ 종료 마왕실패 59.5% 클리어 21.0% 사망한도 15.5% 파산 4.0% | 끝난 날 중앙 30 | D10까지 사망 2.33 | 부상 출발/런 18.7 (사망 20.6%) | 상위 4명 성공 68.5% · 사망 0.37 · 나머지 34.4% · 사망 8.07 | 현금/일 127 | 자본 823
after/fresh/expert/none n=1000 | 성공 45.6% / 40.8% / 45.3% / 36.5% | D30 17.7% 클리어|도달 40.1% 클리어 7.1% | 좀비 13.9% | 사망/런 8.06 | 장식 0.0
  └ 종료 사망한도 80.9% 마왕실패 10.6% 클리어 7.1% 파산 1.4% | 끝난 날 중앙 18 | D10까지 사망 3.48 | 부상 출발/런 20.6 (사망 22.8%) | 상위 4명 성공 66.4% · 사망 0.63 · 나머지 24.8% · 사망 7.43 | 현금/일 104 | 자본 442
