
balance measure · 403s · traj 200x10 · fresh 1000
after/traj/reader/none run1 n=200 | 성공 44.8% / 40.9% / 44.6% / 36.6% | D30 22.0% 클리어|도달 29.5% 클리어 6.5% | 좀비 15.0% | 사망/런 8.24 | 장식 0.0
  └ 종료 사망한도 78.0% 마왕실패 15.5% 클리어 6.5% | 끝난 날 중앙 19 | D10까지 사망 3.29 | 부상 출발/런 22.2 (사망 21.9%) | 상위 4명 성공 65.9% · 사망 0.64 · 나머지 25.1% · 사망 7.61 | 현금/일 91 | 자본 477
after/traj/reader/none run5 n=200 | 성공 46.0% / 41.3% / 46.4% / 34.7% | D30 10.5% 클리어|도달 23.8% 클리어 2.5% | 좀비 12.0% | 사망/런 7.71 | 장식 0.0
  └ 종료 사망한도 86.5% 마왕실패 8.0% 파산 3.0% 클리어 2.5% | 끝난 날 중앙 17 | D10까지 사망 3.73 | 부상 출발/런 18.6 (사망 23.4%) | 상위 4명 성공 66.9% · 사망 0.65 · 나머지 25.4% · 사망 7.07 | 현금/일 73 | 자본 371
after/traj/reader/none run10 n=200 | 성공 45.8% / 41.7% / 46.1% / 37.0% | D30 12.0% 클리어|도달 33.3% 클리어 4.0% | 좀비 11.0% | 사망/런 7.53 | 장식 0.0
  └ 종료 사망한도 86.0% 마왕실패 8.0% 클리어 4.0% 파산 2.0% | 끝난 날 중앙 16 | D10까지 사망 3.80 | 부상 출발/런 17.7 (사망 23.7%) | 상위 4명 성공 66.8% · 사망 0.53 · 나머지 25.1% · 사망 7.00 | 현금/일 71 | 자본 341
after/traj/reader/economy run1 n=200 | 성공 44.8% / 40.9% / 44.6% / 36.6% | D30 22.0% 클리어|도달 29.5% 클리어 6.5% | 좀비 15.0% | 사망/런 8.24 | 장식 0.0
  └ 종료 사망한도 78.0% 마왕실패 15.5% 클리어 6.5% | 끝난 날 중앙 19 | D10까지 사망 3.29 | 부상 출발/런 22.2 (사망 21.9%) | 상위 4명 성공 65.9% · 사망 0.64 · 나머지 25.1% · 사망 7.61 | 현금/일 91 | 자본 477
after/traj/reader/economy run5 n=200 | 성공 49.2% / 46.1% / 50.1% / 41.6% | D30 23.0% 클리어|도달 50.0% 클리어 11.5% | 좀비 9.0% | 사망/런 8.07 | 장식 2.0
  └ 종료 사망한도 77.0% 클리어 11.5% 마왕실패 11.5% | 끝난 날 중앙 19 | D10까지 사망 3.69 | 부상 출발/런 21.4 (사망 20.8%) | 상위 4명 성공 69.6% · 사망 0.55 · 나머지 29.0% · 사망 7.52 | 현금/일 196 | 자본 553
after/traj/reader/economy run10 n=200 | 성공 50.5% / 48.6% / 51.7% / 44.3% | D30 37.0% 클리어|도달 48.6% 클리어 18.0% | 좀비 8.0% | 사망/런 8.27 | 장식 3.8
  └ 종료 사망한도 63.0% 마왕실패 19.0% 클리어 18.0% | 끝난 날 중앙 27 | D10까지 사망 3.31 | 부상 출발/런 25.1 (사망 18.8%) | 상위 4명 성공 70.3% · 사망 0.47 · 나머지 32.0% · 사망 7.80 | 현금/일 258 | 자본 717
after/traj/reader/survival run1 n=200 | 성공 44.8% / 40.9% / 44.6% / 36.6% | D30 22.0% 클리어|도달 29.5% 클리어 6.5% | 좀비 15.0% | 사망/런 8.24 | 장식 0.0
  └ 종료 사망한도 78.0% 마왕실패 15.5% 클리어 6.5% | 끝난 날 중앙 19 | D10까지 사망 3.29 | 부상 출발/런 22.2 (사망 21.9%) | 상위 4명 성공 65.9% · 사망 0.64 · 나머지 25.1% · 사망 7.61 | 현금/일 91 | 자본 477
after/traj/reader/survival run5 n=200 | 성공 48.8% / 45.1% / 47.0% / 38.5% | D30 51.0% 클리어|도달 28.4% 클리어 14.5% | 좀비 22.0% | 사망/런 8.98 | 장식 2.1
  └ 종료 사망한도 45.0% 마왕실패 36.5% 클리어 14.5% 파산 4.0% | 끝난 날 중앙 30 | D10까지 사망 3.33 | 부상 출발/런 22.8 (사망 21.9%) | 상위 4명 성공 67.5% · 사망 0.48 · 나머지 28.8% · 사망 8.50 | 현금/일 92 | 자본 647
after/traj/reader/survival run10 n=200 | 성공 58.8% / 48.6% / 48.4% / 39.2% | D30 79.5% 클리어|도달 22.0% 클리어 17.5% | 좀비 26.0% | 사망/런 8.42 | 장식 3.9
  └ 종료 마왕실패 62.0% 클리어 17.5% 사망한도 15.5% 파산 5.0% | 끝난 날 중앙 30 | D10까지 사망 2.37 | 부상 출발/런 18.7 (사망 20.5%) | 상위 4명 성공 68.9% · 사망 0.41 · 나머지 34.6% · 사망 8.01 | 현금/일 105 | 자본 801
after/traj/expert/none run1 n=200 | 성공 44.7% / 41.1% / 44.5% / 36.4% | D30 17.5% 클리어|도달 22.9% 클리어 4.0% | 좀비 15.0% | 사망/런 7.96 | 장식 0.0
  └ 종료 사망한도 81.5% 마왕실패 13.5% 클리어 4.0% 파산 1.0% | 끝난 날 중앙 19 | D10까지 사망 3.38 | 부상 출발/런 20.5 (사망 22.5%) | 상위 4명 성공 67.0% · 사망 0.63 · 나머지 24.1% · 사망 7.33 | 현금/일 95 | 자본 434
after/traj/expert/none run5 n=200 | 성공 45.3% / 43.4% / 44.4% / 36.4% | D30 13.5% 클리어|도달 37.0% 클리어 5.0% | 좀비 10.5% | 사망/런 7.75 | 장식 0.0
  └ 종료 사망한도 83.5% 마왕실패 8.5% 클리어 5.0% 파산 3.0% | 끝난 날 중앙 17 | D10까지 사망 3.71 | 부상 출발/런 18.6 (사망 24.1%) | 상위 4명 성공 66.2% · 사망 0.61 · 나머지 25.6% · 사망 7.13 | 현금/일 79 | 자본 373
after/traj/expert/none run10 n=200 | 성공 45.7% / 41.7% / 42.9% / 38.4% | D30 16.0% 클리어|도달 37.5% 클리어 6.0% | 좀비 9.5% | 사망/런 7.58 | 장식 0.0
  └ 종료 사망한도 83.5% 마왕실패 10.0% 클리어 6.0% 파산 0.5% | 끝난 날 중앙 16 | D10까지 사망 3.71 | 부상 출발/런 18.3 (사망 23.9%) | 상위 4명 성공 67.4% · 사망 0.59 · 나머지 24.2% · 사망 6.99 | 현금/일 81 | 자본 368
after/traj/expert/economy run1 n=200 | 성공 44.7% / 41.1% / 44.5% / 36.4% | D30 17.5% 클리어|도달 22.9% 클리어 4.0% | 좀비 15.0% | 사망/런 7.96 | 장식 0.0
  └ 종료 사망한도 81.5% 마왕실패 13.5% 클리어 4.0% 파산 1.0% | 끝난 날 중앙 19 | D10까지 사망 3.38 | 부상 출발/런 20.5 (사망 22.5%) | 상위 4명 성공 67.0% · 사망 0.63 · 나머지 24.1% · 사망 7.33 | 현금/일 95 | 자본 434
after/traj/expert/economy run5 n=200 | 성공 49.1% / 46.8% / 47.5% / 40.4% | D30 25.0% 클리어|도달 48.0% 클리어 12.0% | 좀비 10.0% | 사망/런 7.98 | 장식 1.9
  └ 종료 사망한도 74.0% 마왕실패 13.0% 클리어 12.0% 파산 1.0% | 끝난 날 중앙 19 | D10까지 사망 3.46 | 부상 출발/런 22.0 (사망 20.3%) | 상위 4명 성공 68.8% · 사망 0.52 · 나머지 29.2% · 사망 7.46 | 현금/일 192 | 자본 542
after/traj/expert/economy run10 n=200 | 성공 50.2% / 48.1% / 49.6% / 41.0% | D30 31.0% 클리어|도달 50.0% 클리어 15.5% | 좀비 12.0% | 사망/런 8.21 | 장식 3.6
  └ 종료 사망한도 69.0% 마왕실패 15.5% 클리어 15.5% | 끝난 날 중앙 23 | D10까지 사망 3.33 | 부상 출발/런 23.7 (사망 19.4%) | 상위 4명 성공 69.6% · 사망 0.53 · 나머지 30.6% · 사망 7.68 | 현금/일 269 | 자본 663
after/traj/expert/survival run1 n=200 | 성공 44.7% / 41.1% / 44.5% / 36.4% | D30 17.5% 클리어|도달 22.9% 클리어 4.0% | 좀비 15.0% | 사망/런 7.96 | 장식 0.0
  └ 종료 사망한도 81.5% 마왕실패 13.5% 클리어 4.0% 파산 1.0% | 끝난 날 중앙 19 | D10까지 사망 3.38 | 부상 출발/런 20.5 (사망 22.5%) | 상위 4명 성공 67.0% · 사망 0.63 · 나머지 24.1% · 사망 7.33 | 현금/일 95 | 자본 434
after/traj/expert/survival run5 n=200 | 성공 48.5% / 44.4% / 47.8% / 37.7% | D30 37.5% 클리어|도달 32.0% 클리어 12.0% | 좀비 19.5% | 사망/런 8.70 | 장식 2.1
  └ 종료 사망한도 57.5% 마왕실패 25.5% 클리어 12.0% 파산 5.0% | 끝난 날 중앙 26 | D10까지 사망 3.54 | 부상 출발/런 20.5 (사망 23.8%) | 상위 4명 성공 67.5% · 사망 0.59 · 나머지 27.7% · 사망 8.10 | 현금/일 88 | 자본 561
after/traj/expert/survival run10 n=200 | 성공 58.7% / 50.1% / 48.5% / 38.7% | D30 77.5% 클리어|도달 32.3% 클리어 25.0% | 좀비 29.5% | 사망/런 8.38 | 장식 3.8
  └ 종료 마왕실패 52.5% 클리어 25.0% 사망한도 19.0% 파산 3.5% | 끝난 날 중앙 30 | D10까지 사망 2.29 | 부상 출발/런 18.2 (사망 21.2%) | 상위 4명 성공 69.9% · 사망 0.43 · 나머지 34.1% · 사망 7.95 | 현금/일 115 | 자본 810
after/fresh/reader/none n=1000 | 성공 45.6% / 40.7% / 44.3% / 36.9% | D30 19.1% 클리어|도달 33.0% 클리어 6.3% | 좀비 13.6% | 사망/런 7.99 | 장식 0.0
  └ 종료 사망한도 79.7% 마왕실패 12.8% 클리어 6.3% 파산 1.2% | 끝난 날 중앙 19 | D10까지 사망 3.45 | 부상 출발/런 20.9 (사망 22.2%) | 상위 4명 성공 66.4% · 사망 0.60 · 나머지 25.0% · 사망 7.39 | 현금/일 96 | 자본 443
after/fresh/expert/none n=1000 | 성공 45.6% / 40.8% / 45.2% / 37.3% | D30 19.4% 클리어|도달 34.5% 클리어 6.7% | 좀비 12.2% | 사망/런 8.03 | 장식 0.0
  └ 종료 사망한도 79.4% 마왕실패 12.7% 클리어 6.7% 파산 1.2% | 끝난 날 중앙 18 | D10까지 사망 3.48 | 부상 출발/런 20.8 (사망 22.3%) | 상위 4명 성공 66.7% · 사망 0.62 · 나머지 25.1% · 사망 7.41 | 현금/일 99 | 자본 446
