
balance measure · 405s · traj 200x10 · fresh 1000
after/traj/reader/none run1 n=200 | 성공 44.8% / 40.9% / 44.5% / 36.5% | D30 21.0% 클리어|도달 33.3% 클리어 7.0% | 좀비 16.0% | 사망/런 8.27 | 장식 0.0
  └ 종료 사망한도 79.0% 마왕실패 14.0% 클리어 7.0% | 끝난 날 중앙 19 | D10까지 사망 3.23 | 부상 출발/런 22.3 (사망 21.8%) | 상위 4명 성공 65.9% · 사망 0.67 · 나머지 25.4% · 사망 7.61 | 현금/일 92 | 자본 475
after/traj/reader/none run5 n=200 | 성공 46.0% / 42.0% / 46.4% / 37.0% | D30 13.0% 클리어|도달 30.8% 클리어 4.0% | 좀비 11.0% | 사망/런 7.63 | 장식 0.0
  └ 종료 사망한도 84.0% 마왕실패 9.0% 클리어 4.0% 파산 3.0% | 끝난 날 중앙 17 | D10까지 사망 3.73 | 부상 출발/런 18.5 (사망 23.5%) | 상위 4명 성공 67.0% · 사망 0.63 · 나머지 25.6% · 사망 7.00 | 현금/일 74 | 자본 372
after/traj/reader/none run10 n=200 | 성공 46.1% / 42.3% / 46.5% / 37.5% | D30 14.0% 클리어|도달 28.6% 클리어 4.0% | 좀비 11.5% | 사망/런 7.58 | 장식 0.0
  └ 종료 사망한도 84.0% 마왕실패 10.0% 클리어 4.0% 파산 2.0% | 끝난 날 중앙 17 | D10까지 사망 3.76 | 부상 출발/런 18.3 (사망 23.2%) | 상위 4명 성공 67.4% · 사망 0.54 · 나머지 25.6% · 사망 7.04 | 현금/일 74 | 자본 361
after/traj/reader/economy run1 n=200 | 성공 44.8% / 40.9% / 44.5% / 36.5% | D30 21.0% 클리어|도달 33.3% 클리어 7.0% | 좀비 16.0% | 사망/런 8.27 | 장식 0.0
  └ 종료 사망한도 79.0% 마왕실패 14.0% 클리어 7.0% | 끝난 날 중앙 19 | D10까지 사망 3.23 | 부상 출발/런 22.3 (사망 21.8%) | 상위 4명 성공 65.9% · 사망 0.67 · 나머지 25.4% · 사망 7.61 | 현금/일 92 | 자본 475
after/traj/reader/economy run5 n=200 | 성공 49.3% / 46.6% / 51.1% / 43.7% | D30 27.0% 클리어|도달 59.3% 클리어 16.0% | 좀비 5.5% | 사망/런 7.89 | 장식 2.0
  └ 종료 사망한도 73.0% 클리어 16.0% 마왕실패 11.0% | 끝난 날 중앙 19 | D10까지 사망 3.68 | 부상 출발/런 20.9 (사망 20.6%) | 상위 4명 성공 70.3% · 사망 0.51 · 나머지 29.3% · 사망 7.39 | 현금/일 198 | 자본 547
after/traj/reader/economy run10 n=200 | 성공 50.5% / 49.0% / 52.4% / 43.9% | D30 38.5% 클리어|도달 49.4% 클리어 19.0% | 좀비 8.0% | 사망/런 8.08 | 장식 3.7
  └ 종료 사망한도 61.5% 마왕실패 19.5% 클리어 19.0% | 끝난 날 중앙 26 | D10까지 사망 3.36 | 부상 출발/런 24.5 (사망 19.0%) | 상위 4명 성공 69.8% · 사망 0.45 · 나머지 32.4% · 사망 7.63 | 현금/일 259 | 자본 701
after/traj/reader/survival run1 n=200 | 성공 44.8% / 40.9% / 44.5% / 36.5% | D30 21.0% 클리어|도달 33.3% 클리어 7.0% | 좀비 16.0% | 사망/런 8.27 | 장식 0.0
  └ 종료 사망한도 79.0% 마왕실패 14.0% 클리어 7.0% | 끝난 날 중앙 19 | D10까지 사망 3.23 | 부상 출발/런 22.3 (사망 21.8%) | 상위 4명 성공 65.9% · 사망 0.67 · 나머지 25.4% · 사망 7.61 | 현금/일 92 | 자본 475
after/traj/reader/survival run5 n=200 | 성공 48.8% / 45.0% / 48.2% / 38.7% | D30 53.0% 클리어|도달 32.1% 클리어 17.0% | 좀비 21.5% | 사망/런 9.03 | 장식 2.1
  └ 종료 사망한도 43.0% 마왕실패 36.0% 클리어 17.0% 파산 4.0% | 끝난 날 중앙 30 | D10까지 사망 3.29 | 부상 출발/런 23.1 (사망 21.6%) | 상위 4명 성공 67.6% · 사망 0.48 · 나머지 29.0% · 사망 8.55 | 현금/일 91 | 자본 659
after/traj/reader/survival run10 n=200 | 성공 58.4% / 49.4% / 48.1% / 39.5% | D30 82.5% 클리어|도달 23.0% 클리어 19.0% | 좀비 25.5% | 사망/런 8.27 | 장식 3.9
  └ 종료 마왕실패 63.5% 클리어 19.0% 사망한도 13.5% 파산 4.0% | 끝난 날 중앙 30 | D10까지 사망 2.34 | 부상 출발/런 18.3 (사망 20.0%) | 상위 4명 성공 69.2% · 사망 0.39 · 나머지 34.8% · 사망 7.88 | 현금/일 105 | 자본 813
after/traj/expert/none run1 n=200 | 성공 44.8% / 40.8% / 44.0% / 35.7% | D30 16.0% 클리어|도달 28.1% 클리어 4.5% | 좀비 16.5% | 사망/런 8.13 | 장식 0.0
  └ 종료 사망한도 83.0% 마왕실패 11.5% 클리어 4.5% 파산 1.0% | 끝난 날 중앙 19 | D10까지 사망 3.33 | 부상 출발/런 21.0 (사망 22.5%) | 상위 4명 성공 67.0% · 사망 0.65 · 나머지 24.1% · 사망 7.47 | 현금/일 94 | 자본 450
after/traj/expert/none run5 n=200 | 성공 45.4% / 44.1% / 44.9% / 35.5% | D30 15.0% 클리어|도달 40.0% 클리어 6.0% | 좀비 13.0% | 사망/런 7.80 | 장식 0.0
  └ 종료 사망한도 81.5% 마왕실패 9.0% 클리어 6.0% 파산 3.5% | 끝난 날 중앙 17 | D10까지 사망 3.73 | 부상 출발/런 18.9 (사망 23.7%) | 상위 4명 성공 66.6% · 사망 0.60 · 나머지 25.5% · 사망 7.20 | 현금/일 80 | 자본 387
after/traj/expert/none run10 n=200 | 성공 45.9% / 42.8% / 43.1% / 38.6% | D30 16.5% 클리어|도달 39.4% 클리어 6.5% | 좀비 11.5% | 사망/런 7.75 | 장식 0.0
  └ 종료 사망한도 83.5% 마왕실패 10.0% 클리어 6.5% | 끝난 날 중앙 17 | D10까지 사망 3.68 | 부상 출발/런 19.1 (사망 23.2%) | 상위 4명 성공 67.5% · 사망 0.59 · 나머지 24.5% · 사망 7.16 | 현금/일 83 | 자본 396
after/traj/expert/economy run1 n=200 | 성공 44.8% / 40.8% / 44.0% / 35.7% | D30 16.0% 클리어|도달 28.1% 클리어 4.5% | 좀비 16.5% | 사망/런 8.13 | 장식 0.0
  └ 종료 사망한도 83.0% 마왕실패 11.5% 클리어 4.5% 파산 1.0% | 끝난 날 중앙 19 | D10까지 사망 3.33 | 부상 출발/런 21.0 (사망 22.5%) | 상위 4명 성공 67.0% · 사망 0.65 · 나머지 24.1% · 사망 7.47 | 현금/일 94 | 자본 450
after/traj/expert/economy run5 n=200 | 성공 49.3% / 46.9% / 47.4% / 40.4% | D30 26.5% 클리어|도달 47.2% 클리어 12.5% | 좀비 12.5% | 사망/런 8.03 | 장식 1.9
  └ 종료 사망한도 72.5% 마왕실패 14.0% 클리어 12.5% 파산 1.0% | 끝난 날 중앙 19 | D10까지 사망 3.42 | 부상 출발/런 22.3 (사망 20.3%) | 상위 4명 성공 68.9% · 사망 0.55 · 나머지 29.2% · 사망 7.48 | 현금/일 199 | 자본 559
after/traj/expert/economy run10 n=200 | 성공 50.3% / 48.6% / 49.5% / 41.7% | D30 30.5% 클리어|도달 55.7% 클리어 17.0% | 좀비 11.0% | 사망/런 8.06 | 장식 3.7
  └ 종료 사망한도 69.5% 클리어 17.0% 마왕실패 13.5% | 끝난 날 중앙 20 | D10까지 사망 3.35 | 부상 출발/런 22.8 (사망 19.5%) | 상위 4명 성공 69.9% · 사망 0.52 · 나머지 31.0% · 사망 7.54 | 현금/일 270 | 자본 634
after/traj/expert/survival run1 n=200 | 성공 44.8% / 40.8% / 44.0% / 35.7% | D30 16.0% 클리어|도달 28.1% 클리어 4.5% | 좀비 16.5% | 사망/런 8.13 | 장식 0.0
  └ 종료 사망한도 83.0% 마왕실패 11.5% 클리어 4.5% 파산 1.0% | 끝난 날 중앙 19 | D10까지 사망 3.33 | 부상 출발/런 21.0 (사망 22.5%) | 상위 4명 성공 67.0% · 사망 0.65 · 나머지 24.1% · 사망 7.47 | 현금/일 94 | 자본 450
after/traj/expert/survival run5 n=200 | 성공 48.6% / 44.0% / 47.3% / 37.9% | D30 40.0% 클리어|도달 36.3% 클리어 14.5% | 좀비 18.0% | 사망/런 8.66 | 장식 2.1
  └ 종료 사망한도 54.5% 마왕실패 25.5% 클리어 14.5% 파산 5.5% | 끝난 날 중앙 26 | D10까지 사망 3.48 | 부상 출발/런 20.2 (사망 23.8%) | 상위 4명 성공 67.6% · 사망 0.54 · 나머지 27.3% · 사망 8.13 | 현금/일 87 | 자본 564
after/traj/expert/survival run10 n=200 | 성공 58.6% / 50.4% / 47.7% / 37.9% | D30 74.0% 클리어|도달 35.8% 클리어 26.5% | 좀비 30.5% | 사망/런 8.55 | 장식 3.9
  └ 종료 마왕실패 47.5% 클리어 26.5% 사망한도 21.0% 파산 5.0% | 끝난 날 중앙 30 | D10까지 사망 2.27 | 부상 출발/런 18.3 (사망 21.3%) | 상위 4명 성공 69.4% · 사망 0.44 · 나머지 33.9% · 사망 8.12 | 현금/일 117 | 자본 810
after/fresh/reader/none n=1000 | 성공 45.6% / 40.9% / 44.3% / 37.0% | D30 19.2% 클리어|도달 30.7% 클리어 5.9% | 좀비 13.5% | 사망/런 7.98 | 장식 0.0
  └ 종료 사망한도 79.6% 마왕실패 13.3% 클리어 5.9% 파산 1.2% | 끝난 날 중앙 18 | D10까지 사망 3.46 | 부상 출발/런 20.8 (사망 22.1%) | 상위 4명 성공 66.3% · 사망 0.59 · 나머지 25.0% · 사망 7.38 | 현금/일 97 | 자본 443
after/fresh/expert/none n=1000 | 성공 45.6% / 40.8% / 45.4% / 37.4% | D30 19.1% 클리어|도달 37.7% 클리어 7.2% | 좀비 12.2% | 사망/런 8.01 | 장식 0.0
  └ 종료 사망한도 79.7% 마왕실패 11.9% 클리어 7.2% 파산 1.2% | 끝난 날 중앙 18 | D10까지 사망 3.49 | 부상 출발/런 20.7 (사망 22.3%) | 상위 4명 성공 66.7% · 사망 0.62 · 나머지 25.1% · 사망 7.39 | 현금/일 99 | 자본 444
