
v2.10.0 measure · 124s · traj 200x10 · fresh 0
after/traj/reader/none run1 n=200 | 성공 52.4% / 45.9% / 49.8% / 46.0% | D30 40.5% 클리어|도달 67.9% 클리어 27.5% | 좀비 8.0% | 사망/런 8.24 | 장식 0.0
after/traj/reader/none run5 n=200 | 성공 53.5% / 47.6% / 50.9% / 46.4% | D30 42.0% 클리어|도달 59.5% 클리어 25.0% | 좀비 8.5% | 사망/런 8.10 | 장식 0.0
after/traj/reader/none run10 n=200 | 성공 55.8% / 48.7% / 49.1% / 45.5% | D30 52.5% 클리어|도달 46.7% 클리어 24.5% | 좀비 11.5% | 사망/런 8.11 | 장식 0.0
after/traj/reader/economy run1 n=200 | 성공 52.4% / 45.9% / 49.8% / 46.0% | D30 40.5% 클리어|도달 67.9% 클리어 27.5% | 좀비 8.0% | 사망/런 8.24 | 장식 0.0
after/traj/reader/economy run5 n=200 | 성공 57.8% / 55.6% / 56.4% / 50.9% | D30 63.5% 클리어|도달 66.9% 클리어 42.5% | 좀비 4.5% | 사망/런 7.95 | 장식 3.0
after/traj/reader/economy run10 n=200 | 성공 60.9% / 57.9% / 58.1% / 50.4% | D30 78.5% 클리어|도달 64.3% 클리어 50.5% | 좀비 3.0% | 사망/런 7.21 | 장식 4.0

reader/none
런 | 평균 매출 | 평균 자본 | 중앙 자본 | D30 도달 | 누적 자본(평균)
1 | 21,620 | 605 | 792 | 41% | 605
2 | 23,920 | 687 | 860 | 54% | 1,292
3 | 21,023 | 589 | 773 | 42% | 1,881
4 | 23,867 | 688 | 843 | 52% | 2,569
5 | 22,014 | 619 | 797 | 42% | 3,188
6 | 22,283 | 634 | 812 | 46% | 3,822
7 | 22,964 | 655 | 821 | 48% | 4,477
8 | 22,640 | 645 | 832 | 47% | 5,122
9 | 23,329 | 668 | 828 | 50% | 5,790
10 | 23,024 | 661 | 816 | 53% | 6,451
도달일 구간 | 비율 | 런 비중 | 평균 매출 | 평균 자본
D1~9 | 1% | 10% | 5,364 | 54
D10~19 | 2% | 22% | 10,965 | 219
D20~24 | 3% | 6% | 17,665 | 530
D25~29 | 3% | 15% | 27,786 | 834
D30 | 3% | 47% | 30,886 | 927

reader/economy
런 | 평균 매출 | 평균 자본 | 중앙 자본 | D30 도달 | 누적 자본(평균)
1 | 21,620 | 605 | 792 | 41% | 605
2 | 24,965 | 713 | 892 | 50% | 1,317
3 | 28,506 | 826 | 981 | 59% | 2,143
4 | 31,372 | 916 | 1,046 | 68% | 3,059
5 | 31,703 | 925 | 1,073 | 64% | 3,984
6 | 32,993 | 966 | 1,075 | 71% | 4,950
7 | 33,698 | 985 | 1,115 | 71% | 5,935
8 | 35,786 | 1,061 | 1,116 | 84% | 6,996
9 | 35,217 | 1,040 | 1,138 | 80% | 8,036
10 | 34,447 | 1,012 | 1,133 | 79% | 9,048
도달일 구간 | 비율 | 런 비중 | 평균 매출 | 평균 자본
D1~9 | 1% | 7% | 6,477 | 65
D10~19 | 2% | 12% | 13,950 | 279
D20~24 | 3% | 3% | 21,815 | 654
D25~29 | 3% | 11% | 32,226 | 967
D30 | 3% | 66% | 37,042 | 1,111
