
after/fresh/reader/none n 1000 평균 도달일 23.2 현금/일 126.0
 종료 장사를 이어갈 자금이 바닥 3.9 · 소문이 퍼지자 모험가들의  50.2 · 마왕 실패 16.8 · 클리어 29.1
 결과 대성공 9.4 성공 40.7 퇴각 14.1 부상 20.3 중상 7.8 사망 7.7 · 환경사고 18.6 · 원정/런 105.2
 마왕 GLUTTONY 59.0%(61) WRATH 84.2%(57) SLOTH 42.2%(64) ENVY 58.3%(60) PRIDE 56.3%(64) GREED 78.5%(79) LUST 63.5%(74)
 지갑 band0 연패 n1792 중앙 100G <70G 8.9% | 그외 n18991 중앙 190G <70G 1.3%
 지갑 band1 연패 n5600 중앙 130G <70G 1.4% | 그외 n20195 중앙 300G <70G 0.2%
 지갑 band2 연패 n4811 중앙 180G <70G 0.2% | 그외 n16837 중앙 510G <70G 0.0%
 지갑 band3 연패 n4873 중앙 230G <70G 0.0% | 그외 n16035 중앙 940G <70G 0.0%

after/fresh/expert/none n 1000 평균 도달일 23.2 현금/일 143.9
 종료 마왕 실패 18.1 · 클리어 27.0 · 소문이 퍼지자 모험가들의  53.7 · 장사를 이어갈 자금이 바닥 1.2
 결과 대성공 9.4 성공 40.5 퇴각 14.0 부상 20.3 중상 8.0 사망 7.7 · 환경사고 18.7 · 원정/런 106.3
 마왕 GREED 67.6%(68) GLUTTONY 56.7%(67) LUST 56.8%(74) SLOTH 50.0%(64) PRIDE 62.1%(66) WRATH 69.6%(56) ENVY 57.1%(56)
 지갑 band0 연패 n1894 중앙 100G <70G 8.6% | 그외 n18903 중앙 180G <70G 1.5%
 지갑 band1 연패 n5823 중앙 130G <70G 2.0% | 그외 n20335 중앙 290G <70G 0.2%
 지갑 band2 연패 n4835 중앙 180G <70G 0.1% | 그외 n17207 중앙 490G <70G 0.0%
 지갑 band3 연패 n5010 중앙 230G <70G 0.0% | 그외 n16199 중앙 890G <70G 0.0%

after/fresh/balanced/none n 1000 평균 도달일 18.2 현금/일 58.9
 종료 소문이 퍼지자 모험가들의  81.8 · 마왕 실패 8.8 · 장사를 이어갈 자금이 바닥 3.9 · 클리어 5.5
 결과 대성공 8.2 성공 36.2 퇴각 15.6 부상 21.9 중상 8.6 사망 9.6 · 환경사고 19.7 · 원정/런 83.3
 마왕 PRIDE 43.8%(16) ENVY 47.6%(21) SLOTH 14.3%(21) GLUTTONY 29.2%(24) LUST 64.0%(25) WRATH 38.1%(21) GREED 26.7%(15)
 지갑 band0 연패 n2012 중앙 130G <70G 4.2% | 그외 n18686 중앙 190G <70G 1.4%
 지갑 band1 연패 n5876 중앙 170G <70G 0.7% | 그외 n16657 중앙 310G <70G 0.1%
 지갑 band2 연패 n4214 중앙 210G <70G 0.0% | 그외 n10897 중앙 550G <70G 0.0%
 지갑 band3 연패 n3178 중앙 260G <70G 0.0% | 그외 n7183 중앙 990G <70G 0.0%

유물 after/fresh/reader/none (기준 D30 45.9 클리어 29.1)
 kitchen          보유  48.4% 평균구매일  5.2 D30 58.9 클리어 37.0 일반성공 51.0
 expeditionMeal   보유  36.3% 평균구매일 11.6 D30 70.8 클리어 47.1 일반성공 51.6
 rotation         보유  32.4% 평균구매일  5.7 D30 53.1 클리어 31.5 일반성공 50.3
 dawnRecovery     보유  30.9% 평균구매일 12.1 D30 64.4 클리어 38.8 일반성공 50.5
 member           보유  30.7% 평균구매일  5.7 D30 50.2 클리어 31.6 일반성공 49.9
 bulk             보유  28.3% 평균구매일  6.2 D30 58.0 클리어 34.3 일반성공 50.3
 returnPoints     보유  26.1% 평균구매일 12.5 D30 69.3 클리어 47.1 일반성공 51.3
 fresh24          보유  24.2% 평균구매일 16.4 D30 74.0 클리어 47.5 일반성공 52.5
 board            보유  21.7% 평균구매일  7.6 D30 53.9 클리어 35.5 일반성공 51.7
 hub              보유  20.8% 평균구매일 15.8 D30 68.8 클리어 46.6 일반성공 51.6
 opsRoom          보유  16.8% 평균구매일 16.9 D30 74.4 클리어 44.0 일반성공 51.0
 extraOrder       보유  15.1% 평균구매일 11.7 D30 61.6 클리어 43.7 일반성공 50.4
 hazardBoard      보유  15.0% 평균구매일  8.5 D30 52.7 클리어 32.0 일반성공 50.8
 lifetime         보유  14.9% 평균구매일 17.2 D30 75.2 클리어 53.0 일반성공 53.1
 coldcase         보유  13.7% 평균구매일 12.8 D30 62.8 클리어 38.7 일반성공 52.4
 fieldStretcher   보유  11.0% 평균구매일  7.5 D30 60.0 클리어 32.7 일반성공 49.6
 firstAidDesk     보유  10.4% 평균구매일 17.0 D30 74.0 클리어 44.2 일반성공 51.5
 premiumMember    보유   9.2% 평균구매일 14.7 D30 68.5 클리어 41.3 일반성공 52.7
 groupOrder       보유   6.9% 평균구매일 11.4 D30 59.4 클리어 39.1 일반성공 49.6
 guarantee        보유   6.2% 평균구매일  8.1 D30 40.3 클리어 27.4 일반성공 50.3
 firstVisitCoupon 보유   5.9% 평균구매일  8.7 D30 62.7 클리어 40.7 일반성공 49.3
 supplyCert       보유   5.1% 평균구매일 12.4 D30 58.8 클리어 33.3 일반성공 49.8
 fridge           보유   3.7% 평균구매일  7.6 D30 48.6 클리어 32.4 일반성공 49.3
 royalCert        보유   3.3% 평균구매일 18.9 D30 69.7 클리어 36.4 일반성공 51.2
 stamp            보유   2.2% 평균구매일 10.7 D30 45.5 클리어 36.4 일반성공 47.4
 rerollTicket     보유   1.6% 평균구매일 15.0 D30 81.3 클리어 43.8 일반성공 50.2
 warehouse        보유   0.6% 평균구매일 13.3 D30 50.0 클리어 33.3 일반성공 51.0
 memberBundle     보유   0.4% 평균구매일 11.3 D30 25.0 클리어 25.0 일반성공 42.2
 fieldRepair      보유   0.1% 평균구매일  5.0 D30 100.0 클리어 100.0 일반성공 51.5
