v2.10.0 measure · 335s · traj 200x10 · fresh 1000
after/traj/reader/none run1 n=200 | 성공 45.4% / 36.1% / 36.1% / 30.4% | D30 14.0% 클리어|도달 32.1% 클리어 4.5% | 좀비 18.5% | 사망/런 7.78 | 장식 0.0
after/traj/reader/none run5 n=200 | 성공 47.6% / 36.5% / 35.4% / 28.8% | D30 12.5% 클리어|도달 28.0% 클리어 3.5% | 좀비 22.0% | 사망/런 8.02 | 장식 0.0
after/traj/reader/none run10 n=200 | 성공 47.1% / 37.4% / 36.7% / 29.4% | D30 14.0% 클리어|도달 21.4% 클리어 3.0% | 좀비 23.5% | 사망/런 8.05 | 장식 0.0
after/traj/reader/economy run1 n=200 | 성공 45.4% / 36.1% / 36.1% / 30.4% | D30 14.0% 클리어|도달 32.1% 클리어 4.5% | 좀비 18.5% | 사망/런 7.78 | 장식 0.0
after/traj/reader/economy run5 n=200 | 성공 50.2% / 43.2% / 41.7% / 34.3% | D30 27.5% 클리어|도달 32.7% 클리어 9.0% | 좀비 20.0% | 사망/런 8.43 | 장식 1.9
after/traj/reader/economy run10 n=200 | 성공 50.2% / 46.5% / 44.3% / 36.3% | D30 39.0% 클리어|도달 25.6% 클리어 10.0% | 좀비 20.0% | 사망/런 8.48 | 장식 3.8
after/traj/reader/survival run1 n=200 | 성공 45.4% / 36.1% / 36.1% / 30.4% | D30 14.0% 클리어|도달 32.1% 클리어 4.5% | 좀비 18.5% | 사망/런 7.78 | 장식 0.0
after/traj/reader/survival run5 n=200 | 성공 49.6% / 37.3% / 36.9% / 30.1% | D30 38.5% 클리어|도달 19.5% 클리어 7.5% | 좀비 34.5% | 사망/런 8.63 | 장식 2.0
after/traj/reader/survival run10 n=200 | 성공 57.6% / 45.0% / 40.7% / 31.3% | D30 70.0% 클리어|도달 13.6% 클리어 9.5% | 좀비 50.5% | 사망/런 8.28 | 장식 3.8
after/traj/expert/none run1 n=200 | 성공 45.0% / 35.5% / 34.9% / 29.2% | D30 10.0% 클리어|도달 20.0% 클리어 2.0% | 좀비 19.5% | 사망/런 7.96 | 장식 0.0
after/traj/expert/none run5 n=200 | 성공 46.5% / 37.5% / 37.5% / 28.3% | D30 18.0% 클리어|도달 19.4% 클리어 3.5% | 좀비 27.5% | 사망/런 8.08 | 장식 0.0
after/traj/expert/none run10 n=200 | 성공 45.6% / 36.5% / 36.1% / 29.1% | D30 15.0% 클리어|도달 16.7% 클리어 2.5% | 좀비 20.0% | 사망/런 8.07 | 장식 0.0
after/traj/expert/economy run1 n=200 | 성공 45.0% / 35.5% / 34.9% / 29.2% | D30 10.0% 클리어|도달 20.0% 클리어 2.0% | 좀비 19.5% | 사망/런 7.96 | 장식 0.0
after/traj/expert/economy run5 n=200 | 성공 48.4% / 43.0% / 41.3% / 34.4% | D30 25.0% 클리어|도달 38.0% 클리어 9.5% | 좀비 22.0% | 사망/런 8.43 | 장식 2.0
after/traj/expert/economy run10 n=200 | 성공 51.4% / 46.6% / 42.9% / 33.4% | D30 34.5% 클리어|도달 27.5% 클리어 9.5% | 좀비 33.0% | 사망/런 8.66 | 장식 3.8
after/traj/expert/survival run1 n=200 | 성공 45.0% / 35.5% / 34.9% / 29.2% | D30 10.0% 클리어|도달 20.0% 클리어 2.0% | 좀비 19.5% | 사망/런 7.96 | 장식 0.0
after/traj/expert/survival run5 n=200 | 성공 48.0% / 38.8% / 38.5% / 30.8% | D30 35.5% 클리어|도달 31.0% 클리어 11.0% | 좀비 35.0% | 사망/런 8.87 | 장식 2.0
after/traj/expert/survival run10 n=200 | 성공 57.1% / 44.8% / 41.3% / 31.1% | D30 70.0% 클리어|도달 17.1% 클리어 12.0% | 좀비 52.5% | 사망/런 8.61 | 장식 3.8
after/fresh/reader/none n=1000 | 성공 46.0% / 36.9% / 36.7% / 29.2% | D30 11.9% 클리어|도달 20.2% 클리어 2.4% | 좀비 19.9% | 사망/런 7.86 | 장식 0.0
after/fresh/expert/none n=1000 | 성공 45.2% / 36.4% / 35.2% / 28.7% | D30 12.8% 클리어|도달 23.4% 클리어 3.0% | 좀비 20.6% | 사망/런 7.95 | 장식 0.0
after/fresh/balanced/none n=1000 | 성공 42.0% / 30.8% / 28.7% / 21.0% | D30 1.7% 클리어|도달 0.0% 클리어 0.0% | 좀비 9.0% | 사망/런 7.13 | 장식 0.0
