v2.10.0 measure · 319s · traj 200x10 · fresh 1000
after/traj/reader/none run1 n=200 | 성공 46.0% / 36.8% / 37.9% / 30.0% | D30 9.5% 클리어|도달 21.1% 클리어 2.0% | 좀비 14.5% | 사망/런 7.66 | 장식 0.0
after/traj/reader/none run5 n=200 | 성공 46.6% / 36.1% / 36.4% / 30.4% | D30 10.0% 클리어|도달 40.0% 클리어 4.0% | 좀비 13.0% | 사망/런 7.92 | 장식 0.0
after/traj/reader/none run10 n=200 | 성공 45.4% / 36.0% / 36.7% / 30.2% | D30 8.0% 클리어|도달 6.3% 클리어 0.5% | 좀비 13.5% | 사망/런 7.42 | 장식 0.0
after/traj/reader/economy run1 n=200 | 성공 46.0% / 36.8% / 37.9% / 30.0% | D30 9.5% 클리어|도달 21.1% 클리어 2.0% | 좀비 14.5% | 사망/런 7.66 | 장식 0.0
after/traj/reader/economy run5 n=200 | 성공 49.5% / 44.0% / 43.6% / 33.4% | D30 18.0% 클리어|도달 19.4% 클리어 3.5% | 좀비 21.5% | 사망/런 8.40 | 장식 1.8
after/traj/reader/economy run10 n=200 | 성공 51.8% / 45.9% / 44.5% / 35.2% | D30 35.5% 클리어|도달 31.0% 클리어 11.0% | 좀비 27.0% | 사망/런 8.54 | 장식 3.7
after/traj/reader/survival run1 n=200 | 성공 46.0% / 36.8% / 37.9% / 30.0% | D30 9.5% 클리어|도달 21.1% 클리어 2.0% | 좀비 14.5% | 사망/런 7.66 | 장식 0.0
after/traj/reader/survival run5 n=200 | 성공 49.1% / 39.1% / 37.0% / 30.9% | D30 27.0% 클리어|도달 22.2% 클리어 6.0% | 좀비 30.5% | 사망/런 9.07 | 장식 1.8
after/traj/reader/survival run10 n=200 | 성공 55.6% / 44.2% / 41.1% / 32.6% | D30 63.0% 클리어|도달 18.3% 클리어 11.5% | 좀비 40.5% | 사망/런 8.69 | 장식 3.6
after/traj/expert/none run1 n=200 | 성공 46.1% / 38.6% / 37.8% / 31.0% | D30 8.5% 클리어|도달 35.3% 클리어 3.0% | 좀비 18.0% | 사망/런 8.06 | 장식 0.0
after/traj/expert/none run5 n=200 | 성공 46.0% / 36.5% / 35.7% / 27.0% | D30 10.5% 클리어|도달 14.3% 클리어 1.5% | 좀비 20.0% | 사망/런 7.78 | 장식 0.0
after/traj/expert/none run10 n=200 | 성공 45.6% / 34.3% / 35.2% / 28.5% | D30 8.5% 클리어|도달 17.6% 클리어 1.5% | 좀비 17.0% | 사망/런 7.69 | 장식 0.0
after/traj/expert/economy run1 n=200 | 성공 46.1% / 38.6% / 37.8% / 31.0% | D30 8.5% 클리어|도달 35.3% 클리어 3.0% | 좀비 18.0% | 사망/런 8.06 | 장식 0.0
after/traj/expert/economy run5 n=200 | 성공 48.5% / 43.4% / 41.9% / 31.7% | D30 21.0% 클리어|도달 28.6% 클리어 6.0% | 좀비 23.0% | 사망/런 8.26 | 장식 1.9
after/traj/expert/economy run10 n=200 | 성공 50.4% / 45.4% / 42.8% / 34.5% | D30 31.0% 클리어|도달 35.5% 클리어 11.0% | 좀비 27.0% | 사망/런 8.50 | 장식 3.8
after/traj/expert/survival run1 n=200 | 성공 46.1% / 38.6% / 37.8% / 31.0% | D30 8.5% 클리어|도달 35.3% 클리어 3.0% | 좀비 18.0% | 사망/런 8.06 | 장식 0.0
after/traj/expert/survival run5 n=200 | 성공 48.6% / 40.1% / 37.7% / 32.5% | D30 26.5% 클리어|도달 34.0% 클리어 9.0% | 좀비 29.5% | 사망/런 9.31 | 장식 1.9
after/traj/expert/survival run10 n=200 | 성공 56.6% / 44.2% / 39.3% / 31.0% | D30 65.0% 클리어|도달 20.0% 클리어 13.0% | 좀비 51.0% | 사망/런 8.63 | 장식 3.8
after/fresh/reader/none n=1000 | 성공 46.3% / 37.6% / 37.3% / 30.9% | D30 10.5% 클리어|도달 23.8% 클리어 2.5% | 좀비 16.7% | 사망/런 7.76 | 장식 0.0
after/fresh/expert/none n=1000 | 성공 45.7% / 37.1% / 36.4% / 31.0% | D30 9.2% 클리어|도달 33.7% 클리어 3.1% | 좀비 13.7% | 사망/런 7.71 | 장식 0.0
after/fresh/balanced/none n=1000 | 성공 42.0% / 31.6% / 29.2% / 23.0% | D30 0.7% 클리어|도달 0.0% 클리어 0.0% | 좀비 6.1% | 사망/런 7.02 | 장식 0.0
