v2.10.0 measure · 173s · traj 200x10 · fresh 1000
after/traj/reader/none run1 n=200 | 성공 25.9% / 26.8% / 29.3% / 31.2% | D30 0.5% 클리어|도달 0.0% 클리어 0.0% | 좀비 2.5% | 사망/런 6.14 | 장식 0.0
after/traj/reader/none run5 n=200 | 성공 25.0% / 29.1% / 33.0% / 25.9% | D30 0.5% 클리어|도달 100.0% 클리어 0.5% | 좀비 2.0% | 사망/런 6.10 | 장식 0.0
after/traj/reader/none run10 n=200 | 성공 26.5% / 25.9% / 26.4% / 24.6% | D30 1.0% 클리어|도달 0.0% 클리어 0.0% | 좀비 3.0% | 사망/런 6.25 | 장식 0.0
after/traj/reader/economy run1 n=200 | 성공 25.9% / 26.8% / 29.3% / 31.2% | D30 0.5% 클리어|도달 0.0% 클리어 0.0% | 좀비 2.5% | 사망/런 6.14 | 장식 0.0
after/traj/reader/economy run5 n=200 | 성공 26.8% / 31.3% / 34.5% / 33.5% | D30 1.5% 클리어|도달 100.0% 클리어 1.5% | 좀비 1.5% | 사망/런 6.15 | 장식 0.4
after/traj/reader/economy run10 n=200 | 성공 27.3% / 31.9% / 36.6% / 32.5% | D30 5.0% 클리어|도달 0.0% 클리어 0.0% | 좀비 5.5% | 사망/런 6.50 | 장식 1.5
after/traj/reader/survival run1 n=200 | 성공 25.9% / 26.8% / 29.3% / 31.2% | D30 0.5% 클리어|도달 0.0% 클리어 0.0% | 좀비 2.5% | 사망/런 6.14 | 장식 0.0
after/traj/reader/survival run5 n=200 | 성공 26.5% / 29.9% / 35.3% / 33.0% | D30 1.5% 클리어|도달 66.7% 클리어 1.0% | 좀비 3.0% | 사망/런 6.27 | 장식 0.5
after/traj/reader/survival run10 n=200 | 성공 28.4% / 29.5% / 32.3% / 28.1% | D30 4.5% 클리어|도달 11.1% 클리어 0.5% | 좀비 9.0% | 사망/런 7.12 | 장식 1.5
after/traj/expert/none run1 n=200 | 성공 25.2% / 27.5% / 28.4% / 32.1% | D30 1.5% 클리어|도달 0.0% 클리어 0.0% | 좀비 3.5% | 사망/런 6.21 | 장식 0.0
after/traj/expert/none run5 n=200 | 성공 25.9% / 26.7% / 34.3% / 26.9% | D30 1.0% 클리어|도달 50.0% 클리어 0.5% | 좀비 2.5% | 사망/런 6.33 | 장식 0.0
after/traj/expert/none run10 n=200 | 성공 25.6% / 28.1% / 31.5% / 22.2% | D30 0.5% 클리어|도달 0.0% 클리어 0.0% | 좀비 2.5% | 사망/런 6.32 | 장식 0.0
after/traj/expert/economy run1 n=200 | 성공 25.2% / 27.5% / 28.4% / 32.1% | D30 1.5% 클리어|도달 0.0% 클리어 0.0% | 좀비 3.5% | 사망/런 6.21 | 장식 0.0
after/traj/expert/economy run5 n=200 | 성공 26.5% / 29.2% / 35.0% / 25.9% | D30 1.0% 클리어|도달 0.0% 클리어 0.0% | 좀비 2.5% | 사망/런 6.21 | 장식 0.4
after/traj/expert/economy run10 n=200 | 성공 28.5% / 32.7% / 38.6% / 30.4% | D30 4.0% 클리어|도달 12.5% 클리어 0.5% | 좀비 6.0% | 사망/런 6.53 | 장식 1.4
after/traj/expert/survival run1 n=200 | 성공 25.2% / 27.5% / 28.4% / 32.1% | D30 1.5% 클리어|도달 0.0% 클리어 0.0% | 좀비 3.5% | 사망/런 6.21 | 장식 0.0
after/traj/expert/survival run5 n=200 | 성공 26.6% / 28.2% / 33.4% / 27.8% | D30 0.5% 클리어|도달 0.0% 클리어 0.0% | 좀비 3.0% | 사망/런 6.42 | 장식 0.4
after/traj/expert/survival run10 n=200 | 성공 27.7% / 29.9% / 35.0% / 25.3% | D30 6.0% 클리어|도달 8.3% 클리어 0.5% | 좀비 9.0% | 사망/런 7.20 | 장식 1.6
after/fresh/reader/none n=1000 | 성공 26.4% / 28.4% / 32.2% / 30.7% | D30 1.6% 클리어|도달 18.8% 클리어 0.3% | 좀비 2.7% | 사망/런 6.21 | 장식 0.0
after/fresh/expert/none n=1000 | 성공 25.9% / 28.1% / 31.3% / 25.5% | D30 1.6% 클리어|도달 31.3% 클리어 0.5% | 좀비 4.3% | 사망/런 6.33 | 장식 0.0
after/fresh/balanced/none n=1000 | 성공 25.6% / 23.7% / 24.1% / 21.6% | D30 0.1% 클리어|도달 0.0% 클리어 0.0% | 좀비 0.6% | 사망/런 5.84 | 장식 0.0
