v2.10.0 measure · 453s · traj 200x10 · fresh 1000
after/traj/reader/none run1 n=200 | 성공 47.3% / 38.5% / 38.9% / 33.3% | D30 26.5% 클리어|도달 34.0% 클리어 9.0% | 좀비 27.5% | 사망/런 8.74 | 장식 0.0
after/traj/reader/none run5 n=200 | 성공 46.9% / 38.1% / 39.3% / 31.9% | D30 29.5% 클리어|도달 18.6% 클리어 5.5% | 좀비 31.0% | 사망/런 8.57 | 장식 0.0
after/traj/reader/none run10 n=200 | 성공 48.7% / 40.2% / 40.0% / 33.7% | D30 26.0% 클리어|도달 32.7% 클리어 8.5% | 좀비 24.5% | 사망/런 8.66 | 장식 0.0
after/traj/reader/economy run1 n=200 | 성공 47.3% / 38.5% / 38.9% / 33.3% | D30 26.5% 클리어|도달 34.0% 클리어 9.0% | 좀비 27.5% | 사망/런 8.74 | 장식 0.0
after/traj/reader/economy run5 n=200 | 성공 50.6% / 44.9% / 46.0% / 38.4% | D30 41.0% 클리어|도달 34.1% 클리어 14.0% | 좀비 20.0% | 사망/런 8.36 | 장식 2.6
after/traj/reader/economy run10 n=200 | 성공 51.3% / 47.5% / 46.6% / 38.6% | D30 54.0% 클리어|도달 38.9% 클리어 21.0% | 좀비 23.5% | 사망/런 8.42 | 장식 4.0
after/traj/reader/survival run1 n=200 | 성공 47.3% / 38.5% / 38.9% / 33.3% | D30 26.5% 클리어|도달 34.0% 클리어 9.0% | 좀비 27.5% | 사망/런 8.74 | 장식 0.0
after/traj/reader/survival run5 n=200 | 성공 52.0% / 41.8% / 40.7% / 34.7% | D30 75.0% 클리어|도달 26.7% 클리어 20.0% | 좀비 44.5% | 사망/런 8.77 | 장식 2.6
after/traj/reader/survival run10 n=200 | 성공 60.4% / 50.5% / 45.5% / 35.5% | D30 90.5% 클리어|도달 19.3% 클리어 17.5% | 좀비 43.5% | 사망/런 7.76 | 장식 4.0
after/traj/expert/none run1 n=200 | 성공 46.9% / 38.1% / 39.2% / 33.6% | D30 24.5% 클리어|도달 26.5% 클리어 6.5% | 좀비 24.5% | 사망/런 8.53 | 장식 0.0
after/traj/expert/none run5 n=200 | 성공 45.8% / 38.4% / 37.2% / 33.5% | D30 26.0% 클리어|도달 23.1% 클리어 6.0% | 좀비 25.0% | 사망/런 8.52 | 장식 0.0
after/traj/expert/none run10 n=200 | 성공 47.0% / 39.1% / 40.2% / 32.1% | D30 27.0% 클리어|도달 20.4% 클리어 5.5% | 좀비 28.0% | 사망/런 8.36 | 장식 0.0
after/traj/expert/economy run1 n=200 | 성공 46.9% / 38.1% / 39.2% / 33.6% | D30 24.5% 클리어|도달 26.5% 클리어 6.5% | 좀비 24.5% | 사망/런 8.53 | 장식 0.0
after/traj/expert/economy run5 n=200 | 성공 49.4% / 44.5% / 45.3% / 38.4% | D30 41.5% 클리어|도달 39.8% 클리어 16.5% | 좀비 24.0% | 사망/런 8.67 | 장식 2.5
after/traj/expert/economy run10 n=200 | 성공 50.9% / 46.8% / 46.1% / 38.6% | D30 49.0% 클리어|도달 44.9% 클리어 22.0% | 좀비 18.0% | 사망/런 7.96 | 장식 4.0
after/traj/expert/survival run1 n=200 | 성공 46.9% / 38.1% / 39.2% / 33.6% | D30 24.5% 클리어|도달 26.5% 클리어 6.5% | 좀비 24.5% | 사망/런 8.53 | 장식 0.0
after/traj/expert/survival run5 n=200 | 성공 49.0% / 39.7% / 40.0% / 32.3% | D30 62.5% 클리어|도달 16.0% 클리어 10.0% | 좀비 47.5% | 사망/런 8.88 | 장식 2.6
after/traj/expert/survival run10 n=200 | 성공 60.1% / 48.9% / 43.7% / 33.6% | D30 90.5% 클리어|도달 15.5% 클리어 14.0% | 좀비 48.5% | 사망/런 7.72 | 장식 4.0
after/fresh/reader/none n=1000 | 성공 47.6% / 39.7% / 39.6% / 33.3% | D30 28.5% 클리어|도달 27.0% 클리어 7.7% | 좀비 27.3% | 사망/런 8.48 | 장식 0.0
after/fresh/expert/none n=1000 | 성공 46.7% / 38.9% / 39.0% / 33.7% | D30 28.9% 클리어|도달 28.0% 클리어 8.1% | 좀비 27.6% | 사망/런 8.52 | 장식 0.0
after/fresh/balanced/none n=1000 | 성공 43.3% / 33.3% / 32.6% / 25.1% | D30 8.5% 클리어|도달 5.9% 클리어 0.5% | 좀비 18.7% | 사망/런 7.95 | 장식 0.0
