v2.10.0 measure · 458s · traj 200x10 · fresh 1000
after/traj/reader/none run1 n=200 | 성공 46.9% / 39.7% / 39.4% / 31.8% | D30 29.0% 클리어|도달 15.5% 클리어 4.5% | 좀비 31.0% | 사망/런 8.54 | 장식 0.0
after/traj/reader/none run5 n=200 | 성공 47.8% / 38.6% / 38.9% / 32.4% | D30 27.5% 클리어|도달 25.5% 클리어 7.0% | 좀비 26.0% | 사망/런 8.62 | 장식 0.0
after/traj/reader/none run10 n=200 | 성공 48.7% / 38.9% / 41.0% / 33.1% | D30 28.0% 클리어|도달 19.6% 클리어 5.5% | 좀비 23.5% | 사망/런 8.35 | 장식 0.0
after/traj/reader/economy run1 n=200 | 성공 46.9% / 39.7% / 39.4% / 31.8% | D30 29.0% 클리어|도달 15.5% 클리어 4.5% | 좀비 31.0% | 사망/런 8.54 | 장식 0.0
after/traj/reader/economy run5 n=200 | 성공 52.0% / 45.9% / 44.8% / 37.8% | D30 44.5% 클리어|도달 36.0% 클리어 16.0% | 좀비 24.0% | 사망/런 8.47 | 장식 2.6
after/traj/reader/economy run10 n=200 | 성공 51.3% / 47.3% / 48.0% / 40.5% | D30 51.5% 클리어|도달 39.8% 클리어 20.5% | 좀비 17.0% | 사망/런 8.46 | 장식 4.0
after/traj/reader/survival run1 n=200 | 성공 46.9% / 39.7% / 39.4% / 31.8% | D30 29.0% 클리어|도달 15.5% 클리어 4.5% | 좀비 31.0% | 사망/런 8.54 | 장식 0.0
after/traj/reader/survival run5 n=200 | 성공 52.2% / 44.4% / 42.9% / 34.9% | D30 72.5% 클리어|도달 21.4% 클리어 15.5% | 좀비 38.0% | 사망/런 8.40 | 장식 2.6
after/traj/reader/survival run10 n=200 | 성공 59.8% / 50.4% / 45.0% / 35.1% | D30 93.0% 클리어|도달 17.2% 클리어 16.0% | 좀비 48.0% | 사망/런 7.46 | 장식 4.0
after/traj/expert/none run1 n=200 | 성공 47.5% / 37.9% / 37.9% / 31.9% | D30 27.0% 클리어|도달 24.1% 클리어 6.5% | 좀비 28.0% | 사망/런 8.46 | 장식 0.0
after/traj/expert/none run5 n=200 | 성공 47.3% / 39.3% / 40.4% / 32.7% | D30 30.5% 클리어|도달 29.5% 클리어 9.0% | 좀비 30.0% | 사망/런 8.34 | 장식 0.0
after/traj/expert/none run10 n=200 | 성공 47.5% / 38.6% / 39.4% / 33.5% | D30 26.5% 클리어|도달 30.2% 클리어 8.0% | 좀비 24.5% | 사망/런 8.49 | 장식 0.0
after/traj/expert/economy run1 n=200 | 성공 47.5% / 37.9% / 37.9% / 31.9% | D30 27.0% 클리어|도달 24.1% 클리어 6.5% | 좀비 28.0% | 사망/런 8.46 | 장식 0.0
after/traj/expert/economy run5 n=200 | 성공 49.3% / 46.9% / 44.9% / 38.3% | D30 48.0% 클리어|도달 46.9% 클리어 22.5% | 좀비 21.0% | 사망/런 8.46 | 장식 2.5
after/traj/expert/economy run10 n=200 | 성공 52.2% / 46.6% / 47.3% / 38.5% | D30 50.5% 클리어|도달 37.6% 클리어 19.0% | 좀비 19.5% | 사망/런 8.15 | 장식 4.0
after/traj/expert/survival run1 n=200 | 성공 47.5% / 37.9% / 37.9% / 31.9% | D30 27.0% 클리어|도달 24.1% 클리어 6.5% | 좀비 28.0% | 사망/런 8.46 | 장식 0.0
after/traj/expert/survival run5 n=200 | 성공 49.5% / 42.6% / 41.3% / 33.3% | D30 70.0% 클리어|도달 19.3% 클리어 13.5% | 좀비 47.5% | 사망/런 9.08 | 장식 2.6
after/traj/expert/survival run10 n=200 | 성공 60.3% / 49.2% / 44.2% / 33.4% | D30 91.0% 클리어|도달 19.8% 클리어 18.0% | 좀비 46.5% | 사망/런 7.54 | 장식 4.0
after/fresh/reader/none n=1000 | 성공 47.8% / 39.9% / 40.2% / 33.2% | D30 29.2% 클리어|도달 25.0% 클리어 7.3% | 좀비 26.2% | 사망/런 8.34 | 장식 0.0
after/fresh/expert/none n=1000 | 성공 47.5% / 39.0% / 38.9% / 32.7% | D30 27.9% 클리어|도달 25.8% 클리어 7.2% | 좀비 27.5% | 사망/런 8.47 | 장식 0.0
after/fresh/balanced/none n=1000 | 성공 43.7% / 33.9% / 32.8% / 24.6% | D30 7.3% 클리어|도달 8.2% 클리어 0.6% | 좀비 16.5% | 사망/런 7.81 | 장식 0.0
