# ac9e499 (A only: x0.4 spawn Day term, no Tier I routing)
v2.10.0 measure · 971s · traj 200x10 · fresh 1000
after/traj/reader/none run1 n=200 | 성공 47.5% / 43.8% / 44.0% / 37.2% | D30 45.5% 클리어|도달 17.6% 클리어 8.0% | 좀비 23.5% | 사망/런 8.06 | 장식 0.0
after/traj/reader/none run5 n=200 | 성공 48.7% / 43.6% / 46.2% / 40.2% | D30 42.0% 클리어|도달 23.8% 클리어 10.0% | 좀비 18.5% | 사망/런 8.31 | 장식 0.0
after/traj/reader/none run10 n=200 | 성공 49.3% / 43.5% / 46.9% / 40.5% | D30 46.0% 클리어|도달 29.3% 클리어 13.5% | 좀비 15.5% | 사망/런 7.92 | 장식 0.0
after/traj/reader/economy run1 n=200 | 성공 47.5% / 43.8% / 44.0% / 37.2% | D30 45.5% 클리어|도달 17.6% 클리어 8.0% | 좀비 23.5% | 사망/런 8.06 | 장식 0.0
after/traj/reader/economy run5 n=200 | 성공 52.8% / 50.6% / 52.8% / 44.9% | D30 64.0% 클리어|도달 44.5% 클리어 28.5% | 좀비 11.0% | 사망/런 7.96 | 장식 2.9
after/traj/reader/economy run10 n=200 | 성공 52.8% / 51.3% / 52.6% / 45.7% | D30 74.0% 클리어|도달 38.5% 클리어 28.5% | 좀비 9.5% | 사망/런 7.78 | 장식 4.0
after/traj/reader/survival run1 n=200 | 성공 47.5% / 43.8% / 44.0% / 37.2% | D30 45.5% 클리어|도달 17.6% 클리어 8.0% | 좀비 23.5% | 사망/런 8.06 | 장식 0.0
after/traj/reader/survival run5 n=200 | 성공 53.9% / 46.6% / 48.4% / 39.2% | D30 83.5% 클리어|도달 23.4% 클리어 19.5% | 좀비 29.5% | 사망/런 7.36 | 장식 2.9
after/traj/reader/survival run10 n=200 | 성공 60.8% / 53.3% / 51.0% / 40.6% | D30 96.5% 클리어|도달 18.7% 클리어 18.0% | 좀비 21.5% | 사망/런 6.75 | 장식 4.0
after/traj/expert/none run1 n=200 | 성공 48.3% / 43.5% / 45.8% / 37.3% | D30 43.0% 클리어|도달 19.8% 클리어 8.5% | 좀비 24.0% | 사망/런 8.35 | 장식 0.0
after/traj/expert/none run5 n=200 | 성공 47.7% / 45.5% / 47.3% / 38.9% | D30 54.5% 클리어|도달 23.9% 클리어 13.0% | 좀비 22.0% | 사망/런 7.99 | 장식 0.0
after/traj/expert/none run10 n=200 | 성공 48.5% / 41.9% / 45.2% / 38.6% | D30 43.5% 클리어|도달 27.6% 클리어 12.0% | 좀비 20.5% | 사망/런 8.13 | 장식 0.0
after/traj/expert/economy run1 n=200 | 성공 48.3% / 43.5% / 45.8% / 37.3% | D30 43.0% 클리어|도달 19.8% 클리어 8.5% | 좀비 24.0% | 사망/런 8.35 | 장식 0.0
after/traj/expert/economy run5 n=200 | 성공 50.7% / 50.1% / 51.7% / 43.3% | D30 53.5% 클리어|도달 41.1% 클리어 22.0% | 좀비 11.0% | 사망/런 7.88 | 장식 3.0
after/traj/expert/economy run10 n=200 | 성공 52.7% / 51.7% / 51.9% / 42.9% | D30 65.0% 클리어|도달 40.8% 클리어 26.5% | 좀비 16.0% | 사망/런 7.95 | 장식 4.0
after/traj/expert/survival run1 n=200 | 성공 48.3% / 43.5% / 45.8% / 37.3% | D30 43.0% 클리어|도달 19.8% 클리어 8.5% | 좀비 24.0% | 사망/런 8.35 | 장식 0.0
after/traj/expert/survival run5 n=200 | 성공 52.0% / 46.4% / 47.7% / 40.5% | D30 84.0% 클리어|도달 22.0% 클리어 18.5% | 좀비 24.0% | 사망/런 8.11 | 장식 2.9
after/traj/expert/survival run10 n=200 | 성공 61.4% / 52.5% / 51.0% / 40.0% | D30 99.0% 클리어|도달 15.7% 클리어 15.5% | 좀비 24.0% | 사망/런 6.42 | 장식 4.0
after/fresh/reader/none n=1000 | 성공 48.6% / 44.2% / 46.7% / 38.1% | D30 43.5% 클리어|도달 27.4% 클리어 11.9% | 좀비 19.9% | 사망/런 8.09 | 장식 0.0
after/fresh/expert/none n=1000 | 성공 48.2% / 43.4% / 45.9% / 38.5% | D30 48.1% 클리어|도달 27.9% 클리어 13.4% | 좀비 19.1% | 사망/런 8.12 | 장식 0.0
after/fresh/balanced/none n=1000 | 성공 44.4% / 38.1% / 38.0% / 30.8% | D30 17.2% 클리어|도달 3.5% 클리어 0.6% | 좀비 20.2% | 사망/런 7.93 | 장식 0.0

real	16m11.128s
user	31m12.940s
sys	0m25.069s
