# ba09846 (option 1: SuccessEase .90/.95, costlier failures, spawn Day term x0.4)

v2.10.0 measure · 789s · traj 200x10 · fresh 1000
after/traj/reader/none run1 n=200 | 성공 48.9% / 44.1% / 47.4% / 39.2% | D30 26.5% 클리어|도달 28.3% 클리어 7.5% | 좀비 11.5% | 사망/런 8.23 | 장식 0.0
after/traj/reader/none run5 n=200 | 성공 49.3% / 42.9% / 48.3% / 40.1% | D30 26.0% 클리어|도달 34.6% 클리어 9.0% | 좀비 10.0% | 사망/런 8.02 | 장식 0.0
after/traj/reader/none run10 n=200 | 성공 50.0% / 44.9% / 50.1% / 40.7% | D30 30.5% 클리어|도달 29.5% 클리어 9.0% | 좀비 10.0% | 사망/런 7.93 | 장식 0.0
after/traj/reader/economy run1 n=200 | 성공 48.9% / 44.1% / 47.4% / 39.2% | D30 26.5% 클리어|도달 28.3% 클리어 7.5% | 좀비 11.5% | 사망/런 8.23 | 장식 0.0
after/traj/reader/economy run5 n=200 | 성공 53.0% / 52.3% / 54.4% / 45.8% | D30 47.0% 클리어|도달 37.2% 클리어 17.5% | 좀비 5.0% | 사망/런 8.05 | 장식 2.4
after/traj/reader/economy run10 n=200 | 성공 52.5% / 52.7% / 55.4% / 47.7% | D30 47.5% 클리어|도달 42.1% 클리어 20.0% | 좀비 2.5% | 사망/런 7.89 | 장식 4.0
after/traj/reader/survival run1 n=200 | 성공 48.9% / 44.1% / 47.4% / 39.2% | D30 26.5% 클리어|도달 28.3% 클리어 7.5% | 좀비 11.5% | 사망/런 8.23 | 장식 0.0
after/traj/reader/survival run5 n=200 | 성공 51.9% / 47.2% / 48.5% / 40.7% | D30 69.0% 클리어|도달 28.3% 클리어 19.5% | 좀비 19.5% | 사망/런 8.52 | 장식 2.5
after/traj/reader/survival run10 n=200 | 성공 61.7% / 54.3% / 51.6% / 43.8% | D30 93.5% 클리어|도달 23.5% 클리어 22.0% | 좀비 12.5% | 사망/런 7.33 | 장식 4.0
after/traj/expert/none run1 n=200 | 성공 49.3% / 44.2% / 48.3% / 41.2% | D30 26.5% 클리어|도달 37.7% 클리어 10.0% | 좀비 11.5% | 사망/런 8.11 | 장식 0.0
after/traj/expert/none run5 n=200 | 성공 48.5% / 45.6% / 49.4% / 43.0% | D30 26.5% 클리어|도달 41.5% 클리어 11.0% | 좀비 8.5% | 사망/런 7.74 | 장식 0.0
after/traj/expert/none run10 n=200 | 성공 49.1% / 44.9% / 48.5% / 39.9% | D30 27.5% 클리어|도달 27.3% 클리어 7.5% | 좀비 13.0% | 사망/런 7.92 | 장식 0.0
after/traj/expert/economy run1 n=200 | 성공 49.3% / 44.2% / 48.3% / 41.2% | D30 26.5% 클리어|도달 37.7% 클리어 10.0% | 좀비 11.5% | 사망/런 8.11 | 장식 0.0
after/traj/expert/economy run5 n=200 | 성공 50.8% / 51.7% / 55.2% / 45.6% | D30 44.5% 클리어|도달 42.7% 클리어 19.0% | 좀비 10.0% | 사망/런 7.81 | 장식 2.4
after/traj/expert/economy run10 n=200 | 성공 53.1% / 52.3% / 55.6% / 45.9% | D30 51.0% 클리어|도달 47.1% 클리어 24.0% | 좀비 7.5% | 사망/런 7.97 | 장식 3.9
after/traj/expert/survival run1 n=200 | 성공 49.3% / 44.2% / 48.3% / 41.2% | D30 26.5% 클리어|도달 37.7% 클리어 10.0% | 좀비 11.5% | 사망/런 8.11 | 장식 0.0
after/traj/expert/survival run5 n=200 | 성공 52.0% / 49.7% / 50.8% / 43.9% | D30 73.5% 클리어|도달 29.3% 클리어 21.5% | 좀비 11.5% | 사망/런 8.47 | 장식 2.5
after/traj/expert/survival run10 n=200 | 성공 61.4% / 54.4% / 52.8% / 44.1% | D30 94.5% 클리어|도달 21.7% 클리어 20.5% | 좀비 17.0% | 사망/런 7.54 | 장식 4.0
after/fresh/reader/none n=1000 | 성공 49.0% / 45.5% / 48.1% / 41.8% | D30 27.5% 클리어|도달 30.9% 클리어 8.5% | 좀비 9.0% | 사망/런 7.86 | 장식 0.0
after/fresh/expert/none n=1000 | 성공 48.2% / 45.4% / 48.8% / 41.6% | D30 28.0% 클리어|도달 31.4% 클리어 8.8% | 좀비 10.6% | 사망/런 7.95 | 장식 0.0
after/fresh/balanced/none n=1000 | 성공 44.8% / 39.8% / 41.9% / 34.0% | D30 7.5% 클리어|도달 13.3% 클리어 1.0% | 좀비 8.9% | 사망/런 7.16 | 장식 0.0
