# ba09846 + spawn Day term x0.33 (option 1+3 candidate, not shipped)

v2.10.0 measure · 736s · traj 200x10 · fresh 1000
after/traj/reader/none run1 n=200 | 성공 48.3% / 41.8% / 42.8% / 36.8% | D30 17.5% 클리어|도달 20.0% 클리어 3.5% | 좀비 13.5% | 사망/런 7.90 | 장식 0.0
after/traj/reader/none run5 n=200 | 성공 48.7% / 40.3% / 44.0% / 38.3% | D30 17.5% 클리어|도달 28.6% 클리어 5.0% | 좀비 10.0% | 사망/런 8.06 | 장식 0.0
after/traj/reader/none run10 n=200 | 성공 48.5% / 42.5% / 45.1% / 36.8% | D30 20.0% 클리어|도달 17.5% 클리어 3.5% | 좀비 12.5% | 사망/런 7.88 | 장식 0.0
after/traj/reader/economy run1 n=200 | 성공 48.3% / 41.8% / 42.8% / 36.8% | D30 17.5% 클리어|도달 20.0% 클리어 3.5% | 좀비 13.5% | 사망/런 7.90 | 장식 0.0
after/traj/reader/economy run5 n=200 | 성공 51.3% / 47.3% / 48.3% / 43.4% | D30 35.5% 클리어|도달 38.0% 클리어 13.5% | 좀비 9.5% | 사망/런 8.13 | 장식 2.2
after/traj/reader/economy run10 n=200 | 성공 51.8% / 48.2% / 52.2% / 44.9% | D30 39.5% 클리어|도달 45.6% 클리어 18.0% | 좀비 8.5% | 사망/런 8.07 | 장식 3.9
after/traj/reader/survival run1 n=200 | 성공 48.3% / 41.8% / 42.8% / 36.8% | D30 17.5% 클리어|도달 20.0% 클리어 3.5% | 좀비 13.5% | 사망/런 7.90 | 장식 0.0
after/traj/reader/survival run5 n=200 | 성공 51.5% / 43.3% / 44.9% / 38.7% | D30 51.0% 클리어|도달 29.4% 클리어 15.0% | 좀비 21.5% | 사망/런 9.11 | 장식 2.1
after/traj/reader/survival run10 n=200 | 성공 61.0% / 52.1% / 49.5% / 39.1% | D30 88.5% 클리어|도달 17.5% 클리어 15.5% | 좀비 30.0% | 사망/런 7.88 | 장식 4.0
after/traj/expert/none run1 n=200 | 성공 48.4% / 41.8% / 44.5% / 37.1% | D30 18.0% 클리어|도달 27.8% 클리어 5.0% | 좀비 14.0% | 사망/런 8.26 | 장식 0.0
after/traj/expert/none run5 n=200 | 성공 47.9% / 41.4% / 44.4% / 39.1% | D30 18.5% 클리어|도달 45.9% 클리어 8.5% | 좀비 9.0% | 사망/런 7.71 | 장식 0.0
after/traj/expert/none run10 n=200 | 성공 48.2% / 40.5% / 43.5% / 40.2% | D30 14.5% 클리어|도달 34.5% 클리어 5.0% | 좀비 6.0% | 사망/런 7.86 | 장식 0.0
after/traj/expert/economy run1 n=200 | 성공 48.4% / 41.8% / 44.5% / 37.1% | D30 18.0% 클리어|도달 27.8% 클리어 5.0% | 좀비 14.0% | 사망/런 8.26 | 장식 0.0
after/traj/expert/economy run5 n=200 | 성공 49.4% / 46.2% / 50.6% / 43.5% | D30 28.5% 클리어|도달 47.4% 클리어 13.5% | 좀비 6.0% | 사망/런 7.89 | 장식 2.0
after/traj/expert/economy run10 n=200 | 성공 51.8% / 48.7% / 51.8% / 43.2% | D30 35.5% 클리어|도달 52.1% 클리어 18.5% | 좀비 8.5% | 사망/런 7.87 | 장식 3.8
after/traj/expert/survival run1 n=200 | 성공 48.4% / 41.8% / 44.5% / 37.1% | D30 18.0% 클리어|도달 27.8% 클리어 5.0% | 좀비 14.0% | 사망/런 8.26 | 장식 0.0
after/traj/expert/survival run5 n=200 | 성공 51.2% / 45.6% / 45.2% / 39.2% | D30 53.5% 클리어|도달 32.7% 클리어 17.5% | 좀비 25.5% | 사망/런 9.21 | 장식 2.2
after/traj/expert/survival run10 n=200 | 성공 61.0% / 51.1% / 49.4% / 38.9% | D30 90.0% 클리어|도달 21.1% 클리어 19.0% | 좀비 31.0% | 사망/런 8.01 | 장식 3.9
after/fresh/reader/none n=1000 | 성공 48.3% / 42.8% / 45.0% / 38.3% | D30 19.1% 클리어|도달 31.9% 클리어 6.1% | 좀비 12.0% | 사망/런 7.75 | 장식 0.0
after/fresh/expert/none n=1000 | 성공 47.5% / 41.0% / 43.6% / 36.5% | D30 15.6% 클리어|도달 32.7% 클리어 5.1% | 좀비 12.2% | 사망/런 7.87 | 장식 0.0
after/fresh/balanced/none n=1000 | 성공 44.1% / 36.0% / 37.9% / 30.5% | D30 2.7% 클리어|도달 11.1% 클리어 0.3% | 좀비 6.3% | 사망/런 6.98 | 장식 0.0
