# main 7571c4e (v2.10.3 + corrected bots): full measure, decoration pace check
balance measure · 403s · traj 200x10 · fresh 1000
after/traj/reader/none run1 n=200 | 성공 48.9% / 44.8% / 47.4% / 38.3% | D30 27.0% 클리어|도달 22.2% 클리어 6.0% | 좀비 15.0% | 사망/런 8.19 | 장식 0.0
  └ 종료 사망한도 69.0% 마왕실패 21.0% 클리어 6.0% 파산 4.0% | 끝난 날 중앙 20 | D10까지 사망 3.31 | 부상 출발/런 22.2 (사망 21.1%) | 상위 4명 성공 69.8% · 사망 0.45 · 나머지 26.1% · 사망 7.74 | 현금/일 78 | 자본 504
after/traj/reader/none run5 n=200 | 성공 49.2% / 43.6% / 47.9% / 39.9% | D30 24.0% 클리어|도달 35.4% 클리어 8.5% | 좀비 13.5% | 사망/런 8.20 | 장식 0.0
  └ 종료 사망한도 71.5% 마왕실패 15.5% 클리어 8.5% 파산 4.5% | 끝난 날 중앙 20 | D10까지 사망 3.32 | 부상 출발/런 21.3 (사망 22.4%) | 상위 4명 성공 69.9% · 사망 0.53 · 나머지 26.2% · 사망 7.67 | 현금/일 73 | 자본 481
after/traj/reader/none run10 n=200 | 성공 49.7% / 44.6% / 47.9% / 42.4% | D30 26.5% 클리어|도달 28.3% 클리어 7.5% | 좀비 8.0% | 사망/런 7.72 | 장식 0.0
  └ 종료 사망한도 69.5% 마왕실패 19.0% 클리어 7.5% 파산 4.0% | 끝난 날 중앙 18 | D10까지 사망 3.53 | 부상 출발/런 19.9 (사망 22.0%) | 상위 4명 성공 69.0% · 사망 0.56 · 나머지 28.7% · 사망 7.17 | 현금/일 76 | 자본 449
after/traj/reader/economy run1 n=200 | 성공 48.9% / 44.8% / 47.4% / 38.3% | D30 27.0% 클리어|도달 22.2% 클리어 6.0% | 좀비 15.0% | 사망/런 8.19 | 장식 0.0
  └ 종료 사망한도 69.0% 마왕실패 21.0% 클리어 6.0% 파산 4.0% | 끝난 날 중앙 20 | D10까지 사망 3.31 | 부상 출발/런 22.2 (사망 21.1%) | 상위 4명 성공 69.8% · 사망 0.45 · 나머지 26.1% · 사망 7.74 | 현금/일 78 | 자본 504
after/traj/reader/economy run5 n=200 | 성공 52.9% / 51.4% / 52.9% / 43.4% | D30 48.5% 클리어|도달 40.2% 클리어 19.5% | 좀비 12.0% | 사망/런 8.02 | 장식 2.3
  └ 종료 사망한도 51.0% 마왕실패 29.0% 클리어 19.5% 파산 0.5% | 끝난 날 중앙 29 | D10까지 사망 3.00 | 부상 출발/런 25.5 (사망 17.8%) | 상위 4명 성공 72.0% · 사망 0.38 · 나머지 32.9% · 사망 7.63 | 현금/일 197 | 자본 716
after/traj/reader/economy run10 n=200 | 성공 52.3% / 51.9% / 55.1% / 47.5% | D30 47.5% 클리어|도달 46.3% 클리어 22.0% | 좀비 5.0% | 사망/런 8.19 | 장식 3.9
  └ 종료 사망한도 52.5% 마왕실패 25.5% 클리어 22.0% | 끝난 날 중앙 29 | D10까지 사망 3.09 | 부상 출발/런 24.4 (사망 19.1%) | 상위 4명 성공 72.7% · 사망 0.46 · 나머지 34.5% · 사망 7.73 | 현금/일 240 | 자본 744
after/traj/reader/survival run1 n=200 | 성공 48.9% / 44.8% / 47.4% / 38.3% | D30 27.0% 클리어|도달 22.2% 클리어 6.0% | 좀비 15.0% | 사망/런 8.19 | 장식 0.0
  └ 종료 사망한도 69.0% 마왕실패 21.0% 클리어 6.0% 파산 4.0% | 끝난 날 중앙 20 | D10까지 사망 3.31 | 부상 출발/런 22.2 (사망 21.1%) | 상위 4명 성공 69.8% · 사망 0.45 · 나머지 26.1% · 사망 7.74 | 현금/일 78 | 자본 504
after/traj/reader/survival run5 n=200 | 성공 52.1% / 46.9% / 49.6% / 42.6% | D30 69.0% 클리어|도달 29.0% 클리어 20.0% | 좀비 13.0% | 사망/런 8.46 | 장식 2.4
  └ 종료 마왕실패 49.0% 사망한도 27.5% 클리어 20.0% 파산 3.5% | 끝난 날 중앙 30 | D10까지 사망 2.74 | 부상 출발/런 21.7 (사망 21.0%) | 상위 4명 성공 70.3% · 사망 0.36 · 나머지 30.0% · 사망 8.10 | 현금/일 89 | 자본 722
after/traj/reader/survival run10 n=200 | 성공 62.0% / 54.9% / 51.6% / 42.6% | D30 90.5% 클리어|도달 24.3% 클리어 22.0% | 좀비 19.0% | 사망/런 7.64 | 장식 4.0
  └ 종료 마왕실패 68.5% 클리어 22.0% 사망한도 7.0% 파산 2.5% | 끝난 날 중앙 30 | D10까지 사망 1.86 | 부상 출발/런 17.9 (사망 19.2%) | 상위 4명 성공 72.3% · 사망 0.30 · 나머지 37.8% · 사망 7.34 | 현금/일 119 | 자본 876
after/traj/expert/none run1 n=200 | 성공 48.6% / 45.6% / 47.3% / 41.3% | D30 30.0% 클리어|도달 36.7% 클리어 11.0% | 좀비 11.0% | 사망/런 8.03 | 장식 0.0
  └ 종료 사망한도 69.0% 마왕실패 19.0% 클리어 11.0% 파산 1.0% | 끝난 날 중앙 20 | D10까지 사망 3.33 | 부상 출발/런 21.2 (사망 21.1%) | 상위 4명 성공 69.4% · 사망 0.53 · 나머지 27.6% · 사망 7.50 | 현금/일 86 | 자본 491
after/traj/expert/none run5 n=200 | 성공 49.4% / 45.5% / 49.1% / 43.3% | D30 26.5% 클리어|도달 52.8% 클리어 14.0% | 좀비 7.0% | 사망/런 7.82 | 장식 0.0
  └ 종료 사망한도 71.5% 클리어 14.0% 마왕실패 12.5% 파산 2.0% | 끝난 날 중앙 19 | D10까지 사망 3.44 | 부상 출발/런 20.2 (사망 22.2%) | 상위 4명 성공 70.3% · 사망 0.51 · 나머지 28.1% · 사망 7.31 | 현금/일 84 | 자본 470
after/traj/expert/none run10 n=200 | 성공 49.4% / 45.6% / 49.3% / 42.4% | D30 25.5% 클리어|도달 39.2% 클리어 10.0% | 좀비 9.5% | 사망/런 7.97 | 장식 0.0
  └ 종료 사망한도 72.0% 마왕실패 15.5% 클리어 10.0% 파산 2.5% | 끝난 날 중앙 20 | D10까지 사망 3.46 | 부상 출발/런 20.5 (사망 21.8%) | 상위 4명 성공 70.2% · 사망 0.58 · 나머지 28.4% · 사망 7.39 | 현금/일 82 | 자본 480
after/traj/expert/economy run1 n=200 | 성공 48.6% / 45.6% / 47.3% / 41.3% | D30 30.0% 클리어|도달 36.7% 클리어 11.0% | 좀비 11.0% | 사망/런 8.03 | 장식 0.0
  └ 종료 사망한도 69.0% 마왕실패 19.0% 클리어 11.0% 파산 1.0% | 끝난 날 중앙 20 | D10까지 사망 3.33 | 부상 출발/런 21.2 (사망 21.1%) | 상위 4명 성공 69.4% · 사망 0.53 · 나머지 27.6% · 사망 7.50 | 현금/일 86 | 자본 491
after/traj/expert/economy run5 n=200 | 성공 52.4% / 50.3% / 52.5% / 48.1% | D30 42.0% 클리어|도달 60.7% 클리어 25.5% | 좀비 4.0% | 사망/런 8.24 | 장식 2.3
  └ 종료 사망한도 57.0% 클리어 25.5% 마왕실패 16.5% 파산 1.0% | 끝난 날 중앙 28 | D10까지 사망 3.19 | 부상 출발/런 24.1 (사망 19.2%) | 상위 4명 성공 72.5% · 사망 0.39 · 나머지 32.9% · 사망 7.86 | 현금/일 201 | 자본 693
after/traj/expert/economy run10 n=200 | 성공 52.7% / 51.7% / 53.2% / 47.5% | D30 49.5% 클리어|도달 59.6% 클리어 29.5% | 좀비 7.0% | 사망/런 7.98 | 장식 3.9
  └ 종료 사망한도 50.5% 클리어 29.5% 마왕실패 20.0% | 끝난 날 중앙 29 | D10까지 사망 3.13 | 부상 출발/런 24.5 (사망 18.1%) | 상위 4명 성공 72.7% · 사망 0.39 · 나머지 33.7% · 사망 7.59 | 현금/일 259 | 자본 750
after/traj/expert/survival run1 n=200 | 성공 48.6% / 45.6% / 47.3% / 41.3% | D30 30.0% 클리어|도달 36.7% 클리어 11.0% | 좀비 11.0% | 사망/런 8.03 | 장식 0.0
  └ 종료 사망한도 69.0% 마왕실패 19.0% 클리어 11.0% 파산 1.0% | 끝난 날 중앙 20 | D10까지 사망 3.33 | 부상 출발/런 21.2 (사망 21.1%) | 상위 4명 성공 69.4% · 사망 0.53 · 나머지 27.6% · 사망 7.50 | 현금/일 86 | 자본 491
after/traj/expert/survival run5 n=200 | 성공 52.0% / 49.1% / 49.7% / 42.4% | D30 66.5% 클리어|도달 32.3% 클리어 21.5% | 좀비 15.5% | 사망/런 8.43 | 장식 2.4
  └ 종료 마왕실패 45.0% 사망한도 32.0% 클리어 21.5% 파산 1.5% | 끝난 날 중앙 30 | D10까지 사망 2.85 | 부상 출발/런 21.4 (사망 21.1%) | 상위 4명 성공 71.0% · 사망 0.43 · 나머지 29.9% · 사망 8.00 | 현금/일 99 | 자본 716
after/traj/expert/survival run10 n=200 | 성공 61.2% / 53.3% / 53.0% / 44.1% | D30 91.0% 클리어|도달 32.4% 클리어 29.5% | 좀비 17.5% | 사망/런 7.52 | 장식 4.0
  └ 종료 마왕실패 61.5% 클리어 29.5% 사망한도 6.5% 파산 2.5% | 끝난 날 중앙 30 | D10까지 사망 2.01 | 부상 출발/런 17.3 (사망 19.0%) | 상위 4명 성공 72.4% · 사망 0.31 · 나머지 38.0% · 사망 7.21 | 현금/일 112 | 자본 855
after/fresh/reader/none n=1000 | 성공 49.0% / 46.0% / 48.2% / 41.7% | D30 25.6% 클리어|도달 34.4% 클리어 8.8% | 좀비 9.0% | 사망/런 7.87 | 장식 0.0
  └ 종료 사망한도 71.5% 마왕실패 16.8% 클리어 8.8% 파산 2.9% | 끝난 날 중앙 19 | D10까지 사망 3.48 | 부상 출발/런 20.0 (사망 22.2%) | 상위 4명 성공 70.3% · 사망 0.53 · 나머지 27.6% · 사망 7.34 | 현금/일 79 | 자본 462
after/fresh/expert/none n=1000 | 성공 49.1% / 45.4% / 48.9% / 42.3% | D30 27.2% 클리어|도달 39.3% 클리어 10.7% | 좀비 8.2% | 사망/런 7.83 | 장식 0.0
  └ 종료 사망한도 71.4% 마왕실패 16.5% 클리어 10.7% 파산 1.4% | 끝난 날 중앙 19 | D10까지 사망 3.49 | 부상 출발/런 20.3 (사망 21.7%) | 상위 4명 성공 70.2% · 사망 0.49 · 나머지 27.5% · 사망 7.34 | 현금/일 83 | 자본 466
after/fresh/balanced/none n=1000 | 성공 44.8% / 39.6% / 43.3% / 33.7% | D30 6.3% 클리어|도달 9.5% 클리어 0.6% | 좀비 7.3% | 사망/런 7.07 | 장식 0.0
  └ 종료 사망한도 92.1% 마왕실패 5.7% 파산 1.6% 클리어 0.6% | 끝난 날 중앙 10 | D10까지 사망 4.20 | 부상 출발/런 14.7 (사망 25.3%) | 상위 4명 성공 66.6% · 사망 0.64 · 나머지 21.6% · 사망 6.43 | 현금/일 42 | 자본 253
