# behind adventurers (departure Level < that Day's newcomer floor) in three User saves (D22, D16, D19-1003), re-computed with v2.10.3 formulas - no play. node reports/v2100-measure/tools/behind.cjs <saves...>
처진 출발 58회 (출발 레벨 < 그날 신규 최저 레벨)
day-22.json D9 박하르 Lv3/4 망자역 지하묘지 I → 사망 | 실제 0%·사망40% | 현실(정가 242G 안, 희귀까지) [진정 허브티+에너지드링크] 46%·사망22% | 50%로 팔면 76% | 영웅까지 93%
day-22.json D9 단쥬 Lv2/4 북부 설원 폐허 II → 부상 | 실제 0%·사망21% | 현실(정가 238G 안, 희귀까지) [진정 허브티+방한 두건] 0%·사망12% | 50%로 팔면 33% | 영웅까지 63%
day-22.json D11 단쥬 Lv3/5 독거미 동굴 II → 사망 | 실제 0%·사망28% | 현실(정가 242G 안, 희귀까지) [생수+방독 작업장갑] 0%·사망27% | 50%로 팔면 31% | 영웅까지 61%
day-22.json D6 삼각진 Lv1/3 망자역 지하묘지 I → 중상 | 실제 0%·사망23% | 현실(정가 234G 안, 희귀까지) [진정 허브티+하급 포션] 17%·사망18% | 50%로 팔면 59% | 영웅까지 76%
day-22.json D13 삼각진 Lv2/5 망자역 지하묘지 I → 퇴각 | 실제 0%·사망16% | 현실(정가 238G 안, 희귀까지) [진정 허브티+하급 포션] 6%·사망12% | 50%로 팔면 55% | 영웅까지 87%
day-22.json D15 삼각진 Lv3/6 슬라임 하수도 I → 중상 | 실제 6%·사망7% | 현실(정가 242G 안, 희귀까지) [생수+에너지드링크] 35%·사망5% | 50%로 팔면 74% | 영웅까지 98%
day-22.json D17 삼각진 Lv4/7 망자역 지하묘지 I → 퇴각 | 실제 0%·사망10% | 현실(정가 246G 안, 희귀까지) [진정 허브티+에너지드링크] 33%·사망6% | 50%로 팔면 65% | 영웅까지 95%
day-22.json D19 삼각진 Lv5/8 슬라임 하수도 II → 부상 | 실제 0%·사망19% | 현실(정가 250G 안, 희귀까지) [생수+에너지드링크] 17%·사망10% | 50%로 팔면 34% | 영웅까지 69%
day-22.json D21 삼각진 Lv6/9 슬라임 하수도 III → 사망 | 실제 0%·사망39% | 현실(정가 254G 안, 희귀까지) [녹차 양갱+원정용 장화] 0%·사망31% | 50%로 팔면 11% | 영웅까지 40%
day-22.json D11 벨하리 Lv4/5 독거미 동굴 II → 부상 | 실제 0%·사망11% | 현실(정가 246G 안, 희귀까지) [생수+에너지드링크] 28%·사망7% | 50%로 팔면 46% | 영웅까지 86%
day-22.json D14 벨하리 Lv5/6 망자역 지하묘지 I → 중상 | 실제 0%·사망26% | 현실(정가 250G 안, 희귀까지) [진정 허브티+에너지드링크] 30%·사망18% | 50%로 팔면 72% | 영웅까지 96%
day-22.json D17 벨하리 Lv6/7 망자역 지하묘지 I → 사망 | 실제 0%·사망19% | 현실(정가 254G 안, 희귀까지) [진정 허브티+에너지드링크] 63%·사망1% | 50%로 팔면 82% | 영웅까지 97%
day-22.json D6 자가르 Lv2/3 망자역 지하묘지 I → 중상 | 실제 12%·사망19% | 현실(정가 238G 안, 희귀까지) [진정 허브티+진정 허브티] 66%·사망0% | 50%로 팔면 94% | 영웅까지 94%
day-22.json D16 장보르 Lv6/7 화염 골렘 광산 I → 성공 | 실제 82%·사망1% | 현실(정가 254G 안, 희귀까지) [진정 허브티+진정 허브티] 60%·사망1% | 50%로 팔면 82% | 영웅까지 97%
day-22.json D10 다오네아 Lv3/4 화염 골렘 광산 I → 사망 | 실제 0%·사망13% | 현실(정가 242G 안, 희귀까지) [진정 허브티+에너지드링크] 45%·사망4% | 50%로 팔면 81% | 영웅까지 94%
day-22.json D16 모크렌 Lv6/7 독거미 동굴 II → 부상 | 실제 16%·사망11% | 현실(정가 254G 안, 희귀까지) [생수+에너지드링크] 48%·사망4% | 50%로 팔면 56% | 영웅까지 92%
day-22.json D20 모크렌 Lv7/8 망자역 지하묘지 II → 부상 | 실제 18%·사망8% | 현실(정가 258G 안, 희귀까지) [진정 허브티+에너지드링크] 32%·사망7% | 50%로 팔면 39% | 영웅까지 85%
day-22.json D22 모크렌 Lv8/9 슬라임 하수도 III → 사망 | 실제 11%·사망25% | 현실(정가 262G 안, 희귀까지) [중화 탄산수+원정용 장화] 0%·사망29% | 50%로 팔면 20% | 영웅까지 40%
day-16.json D5 오란데 Lv1/2 북부 설원 폐허 I → 사망 | 실제 0%·사망25% | 현실(정가 234G 안, 희귀까지) [생수+하급 포션] 6%·사망22% | 50%로 팔면 56% | 영웅까지 74%
day-16.json D9 담비르 Lv3/4 망자역 지하묘지 I → 부상 | 실제 0%·사망34% | 현실(정가 242G 안, 희귀까지) [진정 허브티+하급 포션] 34%·사망12% | 50%로 팔면 81% | 영웅까지 93%
day-16.json D5 조세로 Lv1/2 화염 골렘 광산 I → 퇴각 | 실제 0%·사망24% | 현실(정가 234G 안, 희귀까지) [진정 허브티+하급 포션] 14%·사망17% | 50%로 팔면 61% | 영웅까지 77%
day-16.json D7 조세로 Lv2/3 망자역 지하묘지 I → 중상 | 실제 0%·사망5% | 현실(정가 238G 안, 희귀까지) [진정 허브티+진정 허브티] 45%·사망0% | 50%로 팔면 84% | 영웅까지 84%
day-16.json D11 조세로 Lv3/5 망자역 지하묘지 I → 퇴각 | 실제 0%·사망19% | 현실(정가 242G 안, 희귀까지) [진정 허브티+하급 포션] 50%·사망3% | 50%로 팔면 84% | 영웅까지 93%
day-16.json D12 조세로 Lv4/5 독거미 동굴 II → 부상 | 실제 0%·사망25% | 현실(정가 246G 안, 희귀까지) [생수+에너지드링크] 31%·사망7% | 50%로 팔면 56% | 영웅까지 94%
day-16.json D5 금잔느 Lv1/2 화염 골렘 광산 I → 부상 | 실제 0%·사망10% | 현실(정가 234G 안, 희귀까지) [진정 허브티+하급 포션] 16%·사망10% | 50%로 팔면 60% | 영웅까지 73%
day-16.json D8 금잔느 Lv2/3 슬라임 하수도 I → 퇴각 | 실제 0%·사망20% | 현실(정가 238G 안, 희귀까지) [생수+하급 포션] 29%·사망17% | 50%로 팔면 79% | 영웅까지 97%
day-16.json D9 금잔느 Lv3/4 북부 설원 폐허 I → 퇴각 | 실제 0%·사망41% | 현실(정가 242G 안, 희귀까지) [생수+하급 포션] 25%·사망27% | 50%로 팔면 72% | 영웅까지 94%
day-16.json D10 금잔느 Lv3/4 북부 설원 폐허 I → 퇴각 | 실제 0%·사망45% | 현실(정가 242G 안, 희귀까지) [생수+하급 포션] 19%·사망39% | 50%로 팔면 66% | 영웅까지 94%
day-16.json D11 금잔느 Lv4/5 화염 골렘 광산 II → 부상 | 실제 0%·사망70% | 현실(정가 246G 안, 희귀까지) [진정 허브티+얼음컵] 0%·사망56% | 50%로 팔면 5% | 영웅까지 56%
day-16.json D6 앵두르 Lv1/3 화염 골렘 광산 II → 사망 | 실제 0%·사망50% | 현실(정가 234G 안, 희귀까지) [진정 허브티+얼음컵] 0%·사망28% | 50%로 팔면 0% | 영웅까지 35%
19-1003.json D8 차우엔 Lv2/3 슬라임 하수도 I → 부상 | 실제 15%·사망13% | 현실(정가 238G 안, 희귀까지) [생수+생수] 60%·사망0% | 50%로 팔면 90% | 영웅까지 98%
19-1003.json D9 차우엔 Lv3/4 북부 설원 폐허 I → 퇴각 | 실제 0%·사망30% | 현실(정가 242G 안, 희귀까지) [생수+에너지드링크] 47%·사망15% | 50%로 팔면 71% | 영웅까지 97%
19-1003.json D11 차우엔 Lv4/5 화염 골렘 광산 I → 부상 | 실제 55%·사망4% | 현실(정가 246G 안, 희귀까지) [진정 허브티+진정 허브티] 73%·사망0% | 50%로 팔면 91% | 영웅까지 96%
19-1003.json D18 차우엔 Lv6/7 망자역 지하묘지 II → 부상 | 실제 0%·사망16% | 현실(정가 254G 안, 희귀까지) [녹차 양갱+에너지드링크] 37%·사망5% | 50%로 팔면 47% | 영웅까지 89%
19-1003.json D16 모아린 Lv2/7 북부 설원 폐허 I → 중상 | 실제 0%·사망12% | 현실(정가 238G 안, 희귀까지) [생수+생수] 0%·사망7% | 50%로 팔면 39% | 영웅까지 92%
19-1003.json D11 모다크 Lv1/5 독거미 동굴 I → 부상 | 실제 0%·사망14% | 현실(정가 234G 안, 희귀까지) [생수+생수] 0%·사망7% | 50%로 팔면 43% | 영웅까지 92%
19-1003.json D13 모다크 Lv3/5 화염 골렘 광산 I → 퇴각 | 실제 0%·사망20% | 현실(정가 242G 안, 희귀까지) [진정 허브티+에너지드링크] 6%·사망23% | 50%로 팔면 50% | 영웅까지 94%
19-1003.json D14 모다크 Lv3/6 슬라임 하수도 I → 사망 | 실제 0%·사망51% | 현실(정가 242G 안, 희귀까지) [생수+에너지드링크] 17%·사망29% | 50%로 팔면 61% | 영웅까지 94%
19-1003.json D10 목레아 Lv2/4 독거미 동굴 II → 사망 | 실제 0%·사망53% | 현실(정가 238G 안, 희귀까지) [생수+방독 작업장갑] 0%·사망41% | 50%로 팔면 22% | 영웅까지 58%
19-1003.json D5 서리안 Lv1/2 화염 골렘 광산 I → 퇴각 | 실제 0%·사망8% | 현실(정가 234G 안, 희귀까지) [진정 허브티+하급 포션] 39%·사망5% | 50%로 팔면 73% | 영웅까지 83%
19-1003.json D8 서리안 Lv2/3 북부 설원 폐허 I → 부상 | 실제 26%·사망2% | 현실(정가 238G 안, 희귀까지) [생수+하급 포션] 53%·사망2% | 50%로 팔면 90% | 영웅까지 98%
19-1003.json D9 서리안 Lv3/4 북부 설원 폐허 I → 퇴각 | 실제 2%·사망16% | 현실(정가 242G 안, 희귀까지) [생수+에너지드링크] 77%·사망3% | 50%로 팔면 94% | 영웅까지 98%
19-1003.json D10 서리안 Lv3/4 독거미 동굴 II → 퇴각 | 실제 37%·사망21% | 현실(정가 242G 안, 희귀까지) [생수+에너지드링크] 33%·사망23% | 50%로 팔면 52% | 영웅까지 92%
19-1003.json D11 서리안 Lv4/5 독거미 동굴 I → 퇴각 | 실제 83%·사망6% | 현실(정가 246G 안, 희귀까지) [생수+생수] 93%·사망2% | 50%로 팔면 97% | 영웅까지 98%
19-1003.json D6 보리안 Lv1/3 슬라임 하수도 I → 사망 | 실제 0%·사망19% | 현실(정가 234G 안, 희귀까지) [생수+하급 포션] 50%·사망4% | 50%로 팔면 83% | 영웅까지 85%
19-1003.json D16 버드나르 Lv4/7 북부 설원 폐허 I → 부상 | 실제 0%·사망17% | 현실(정가 246G 안, 희귀까지) [생수+에너지드링크] 27%·사망12% | 50%로 팔면 54% | 영웅까지 94%
19-1003.json D17 버드나르 Lv5/7 망자역 지하묘지 II → 사망 | 실제 0%·사망37% | 현실(정가 250G 안, 희귀까지) [진정 허브티+에너지드링크] 13%·사망20% | 50%로 팔면 32% | 영웅까지 65%
19-1003.json D12 자몽드 Lv3/5 망자역 지하묘지 II → 부상 | 실제 0%·사망29% | 현실(정가 242G 안, 희귀까지) [진정 허브티+에너지드링크] 18%·사망9% | 50%로 팔면 40% | 영웅까지 76%
19-1003.json D13 자몽드 Lv4/5 독거미 동굴 I → 중상 | 실제 42%·사망0% | 현실(정가 246G 안, 희귀까지) [생수+생수] 75%·사망1% | 50%로 팔면 91% | 영웅까지 98%
19-1003.json D15 자몽드 Lv5/6 망자역 지하묘지 II → 중상 | 실제 0%·사망7% | 현실(정가 250G 안, 희귀까지) [진정 허브티+에너지드링크] 42%·사망4% | 50%로 팔면 52% | 영웅까지 92%
19-1003.json D17 자몽드 Lv5/7 슬라임 하수도 II → 부상 | 실제 0%·사망20% | 현실(정가 250G 안, 희귀까지) [생수+에너지드링크] 34%·사망7% | 50%로 팔면 43% | 영웅까지 87%
19-1003.json D18 자몽드 Lv6/7 독거미 동굴 II → 부상 | 실제 0%·사망24% | 현실(정가 254G 안, 희귀까지) [생수+에너지드링크] 33%·사망14% | 50%로 팔면 42% | 영웅까지 85%
19-1003.json D19 자몽드 Lv7/8 화염 골렘 광산 II → 사망 | 실제 0%·사망41% | 현실(정가 258G 안, 희귀까지) [진정 허브티+에너지드링크] 10%·사망29% | 50%로 팔면 38% | 영웅까지 78%
19-1003.json D15 로엔담 Lv5/6 망자역 지하묘지 II → 중상 | 실제 0%·사망9% | 현실(정가 250G 안, 희귀까지) [진정 허브티+에너지드링크] 27%·사망6% | 50%로 팔면 45% | 영웅까지 81%
19-1003.json D17 로엔담 Lv5/7 망자역 지하묘지 II → 퇴각 | 실제 0%·사망27% | 현실(정가 250G 안, 희귀까지) [진정 허브티+에너지드링크] 17%·사망9% | 50%로 팔면 36% | 영웅까지 69%
19-1003.json D18 로엔담 Lv6/7 독거미 동굴 II → 사망 | 실제 0%·사망13% | 현실(정가 254G 안, 희귀까지) [생수+에너지드링크] 32%·사망6% | 50%로 팔면 45% | 영웅까지 85%
19-1003.json D18 목레아 Lv6/7 망자역 지하묘지 II → 부상 | 실제 0%·사망8% | 현실(정가 254G 안, 희귀까지) [진정 허브티+에너지드링크] 23%·사망7% | 50%로 팔면 40% | 영웅까지 75%
19-1003.json D19 목레아 Lv6/8 독거미 동굴 II → 사망 | 실제 0%·사망18% | 현실(정가 254G 안, 희귀까지) [생수+에너지드링크] 23%·사망8% | 50%로 팔면 38% | 영웅까지 75%

평균 성공 / 사망: 실제 7% / 21% | 현실 가방(정가, 희귀까지) 30% / 13% | 50%로 팔면 57% / 8% | 영웅까지 84% / 3%
현실 가방으로 성공 50% 이상: 9/58 · 50%로 팔면 34/58
현실 가방으로 성공 70% 이상: 4/58 · 50%로 팔면 21/58
레벨 차 -1: 36회 · 실제 11% · 현실 가방 39% · 50% 65% · 영웅까지 88%
레벨 차 -2: 13회 · 실제 0% · 현실 가방 17% · 50% 42% · 영웅까지 72%
레벨 차 -3: 7회 · 실제 1% · 현실 가방 19% · 50% 51% · 영웅까지 82%
레벨 차 -4 이하: 2회 · 실제 0% · 현실 가방 0% · 50% 41% · 영웅까지 92%
