# 바가지 refusal rule (v2.10.3) - fresh accounts, 1000 Runs per bot. OVERFIRST = scratch patch: reader / expert offer 150% first to every customer whose purse covers it (simulation.js modes), worktree copies only.

## before (9b4a350) + 바가지 먼저
balance measure · 75s · traj 0x10 · fresh 1000
after/fresh/reader/none n=1000 | 성공 47.2% / 44.3% / 48.9% / 41.6% | D30 24.9% 클리어|도달 24.5% 클리어 6.1% | 좀비 8.1% | 사망/런 7.69 | 장식 0.0
  └ 종료 사망한도 75.0% 마왕실패 18.8% 클리어 6.1% 파산 0.1% | 끝난 날 중앙 18 | D10까지 사망 3.69 | 부상 출발/런 19.6 (사망 22.5%) | 상위 4명 성공 69.8% · 사망 0.49 · 나머지 26.8% · 사망 7.20 | 현금/일 150 | 자본 470
after/fresh/expert/none n=1000 | 성공 47.2% / 44.3% / 48.9% / 41.6% | D30 24.9% 클리어|도달 26.9% 클리어 6.7% | 좀비 8.1% | 사망/런 7.69 | 장식 0.0
  └ 종료 사망한도 75.0% 마왕실패 18.2% 클리어 6.7% 파산 0.1% | 끝난 날 중앙 18 | D10까지 사망 3.69 | 부상 출발/런 19.6 (사망 22.5%) | 상위 4명 성공 69.8% · 사망 0.49 · 나머지 26.8% · 사망 7.20 | 현금/일 150 | 자본 470
after/fresh/balanced/none n=1000 | 성공 44.8% / 39.8% / 41.9% / 34.0% | D30 7.5% 클리어|도달 13.3% 클리어 1.0% | 좀비 8.9% | 사망/런 7.16 | 장식 0.0
  └ 종료 사망한도 91.4% 마왕실패 6.5% 파산 1.1% 클리어 1.0% | 끝난 날 중앙 10 | D10까지 사망 4.19 | 부상 출발/런 15.0 (사망 25.2%) | 상위 4명 성공 66.3% · 사망 0.65 · 나머지 21.5% · 사망 6.51 | 현금/일 45 | 자본 262

## v2.10.3 (e33bb3d) + 바가지 먼저
balance measure · 51s · traj 0x10 · fresh 1000
after/fresh/reader/none n=1000 | 성공 43.3% / 39.7% / 44.3% / 34.8% | D30 7.1% 클리어|도달 15.5% 클리어 1.1% | 좀비 7.7% | 사망/런 7.18 | 장식 0.0
  └ 종료 사망한도 92.8% 마왕실패 6.0% 클리어 1.1% 파산 0.1% | 끝난 날 중앙 10 | D10까지 사망 4.22 | 부상 출발/런 15.4 (사망 24.8%) | 상위 4명 성공 65.5% · 사망 0.59 · 나머지 24.0% · 사망 6.59 | 현금/일 136 | 자본 284
after/fresh/expert/none n=1000 | 성공 43.3% / 39.7% / 44.3% / 34.8% | D30 7.1% 클리어|도달 15.5% 클리어 1.1% | 좀비 7.7% | 사망/런 7.18 | 장식 0.0
  └ 종료 사망한도 92.8% 마왕실패 6.0% 클리어 1.1% 파산 0.1% | 끝난 날 중앙 10 | D10까지 사망 4.22 | 부상 출발/런 15.4 (사망 24.8%) | 상위 4명 성공 65.5% · 사망 0.59 · 나머지 24.0% · 사망 6.59 | 현금/일 136 | 자본 284
after/fresh/balanced/none n=1000 | 성공 44.8% / 39.6% / 43.3% / 33.7% | D30 6.3% 클리어|도달 9.5% 클리어 0.6% | 좀비 7.3% | 사망/런 7.07 | 장식 0.0
  └ 종료 사망한도 92.1% 마왕실패 5.7% 파산 1.6% 클리어 0.6% | 끝난 날 중앙 10 | D10까지 사망 4.20 | 부상 출발/런 14.7 (사망 25.3%) | 상위 4명 성공 66.6% · 사망 0.64 · 나머지 21.6% · 사망 6.43 | 현금/일 42 | 자본 253

## v2.10.3 (e33bb3d), ordinary bots
balance measure · 63s · traj 0x10 · fresh 1000
after/fresh/reader/none n=1000 | 성공 49.0% / 45.4% / 46.7% / 38.5% | D30 24.5% 클리어|도달 19.2% 클리어 4.7% | 좀비 13.3% | 사망/런 7.89 | 장식 0.0
  └ 종료 사망한도 73.4% 마왕실패 19.8% 클리어 4.7% 파산 2.1% | 끝난 날 중앙 19 | D10까지 사망 3.50 | 부상 출발/런 20.2 (사망 22.4%) | 상위 4명 성공 69.1% · 사망 0.56 · 나머지 28.2% · 사망 7.33 | 현금/일 100 | 자본 463
after/fresh/expert/none n=1000 | 성공 47.5% / 44.0% / 45.9% / 37.4% | D30 19.2% 클리어|도달 16.1% 클리어 3.1% | 좀비 14.1% | 사망/런 7.91 | 장식 0.0
  └ 종료 사망한도 80.1% 마왕실패 16.1% 클리어 3.1% 파산 0.7% | 끝난 날 중앙 18 | D10까지 사망 3.58 | 부상 출발/런 19.9 (사망 22.0%) | 상위 4명 성공 67.2% · 사망 0.54 · 나머지 27.8% · 사망 7.37 | 현금/일 113 | 자본 443
after/fresh/balanced/none n=1000 | 성공 44.8% / 39.6% / 43.3% / 33.7% | D30 6.3% 클리어|도달 9.5% 클리어 0.6% | 좀비 7.3% | 사망/런 7.07 | 장식 0.0
  └ 종료 사망한도 92.1% 마왕실패 5.7% 파산 1.6% 클리어 0.6% | 끝난 날 중앙 10 | D10까지 사망 4.20 | 부상 출발/런 14.7 (사망 25.3%) | 상위 4명 성공 66.6% · 사망 0.64 · 나머지 21.6% · 사망 6.43 | 현금/일 42 | 자본 253
