# main 38cd43b (v2.10.2 quick patch 1): economy check after the D22 save - first run with the second-line metrics

balance measure · 417s · traj 200x10 · fresh 1000
after/traj/reader/none run1 n=200 | 성공 48.9% / 44.1% / 47.4% / 39.2% | D30 26.5% 클리어|도달 28.3% 클리어 7.5% | 좀비 11.5% | 사망/런 8.23 | 장식 0.0
  └ 종료 사망한도 72.5% 마왕실패 19.0% 클리어 7.5% 파산 1.0% | 끝난 날 중앙 20 | D10까지 사망 3.31 | 부상 출발/런 22.2 (사망 21.6%) | 상위 4명 성공 68.9% · 사망 0.49 · 나머지 27.2% · 사망 7.74 | 현금/일 111 | 자본 524
after/traj/reader/none run5 n=200 | 성공 49.3% / 42.9% / 48.3% / 40.1% | D30 26.0% 클리어|도달 34.6% 클리어 9.0% | 좀비 10.0% | 사망/런 8.02 | 장식 0.0
  └ 종료 사망한도 72.0% 마왕실패 17.0% 클리어 9.0% 파산 2.0% | 끝난 날 중앙 20 | D10까지 사망 3.40 | 부상 출발/런 21.0 (사망 22.1%) | 상위 4명 성공 68.8% · 사망 0.47 · 나머지 27.3% · 사망 7.54 | 현금/일 97 | 자본 495
after/traj/reader/none run10 n=200 | 성공 50.0% / 44.9% / 50.1% / 40.7% | D30 30.5% 클리어|도달 29.5% 클리어 9.0% | 좀비 10.0% | 사망/런 7.93 | 장식 0.0
  └ 종료 사망한도 66.5% 마왕실패 21.5% 클리어 9.0% 파산 3.0% | 끝난 날 중앙 20 | D10까지 사망 3.35 | 부상 출발/런 21.3 (사망 21.0%) | 상위 4명 성공 69.7% · 사망 0.49 · 나머지 29.2% · 사망 7.44 | 현금/일 108 | 자본 517
after/traj/reader/economy run1 n=200 | 성공 48.9% / 44.1% / 47.4% / 39.2% | D30 26.5% 클리어|도달 28.3% 클리어 7.5% | 좀비 11.5% | 사망/런 8.23 | 장식 0.0
  └ 종료 사망한도 72.5% 마왕실패 19.0% 클리어 7.5% 파산 1.0% | 끝난 날 중앙 20 | D10까지 사망 3.31 | 부상 출발/런 22.2 (사망 21.6%) | 상위 4명 성공 68.9% · 사망 0.49 · 나머지 27.2% · 사망 7.74 | 현금/일 111 | 자본 524
after/traj/reader/economy run5 n=200 | 성공 53.0% / 52.3% / 54.4% / 45.8% | D30 47.0% 클리어|도달 37.2% 클리어 17.5% | 좀비 5.0% | 사망/런 8.05 | 장식 2.4
  └ 종료 사망한도 53.0% 마왕실패 29.5% 클리어 17.5% | 끝난 날 중앙 29 | D10까지 사망 3.04 | 부상 출발/런 24.4 (사망 17.9%) | 상위 4명 성공 72.5% · 사망 0.43 · 나머지 34.5% · 사망 7.63 | 현금/일 251 | 자본 758
after/traj/reader/economy run10 n=200 | 성공 52.5% / 52.7% / 55.4% / 47.7% | D30 47.5% 클리어|도달 42.1% 클리어 20.0% | 좀비 2.5% | 사망/런 7.89 | 장식 4.0
  └ 종료 사망한도 52.5% 마왕실패 27.5% 클리어 20.0% | 끝난 날 중앙 29 | D10까지 사망 3.02 | 부상 출발/런 24.0 (사망 18.6%) | 상위 4명 성공 73.6% · 사망 0.34 · 나머지 35.1% · 사망 7.55 | 현금/일 300 | 자본 781
after/traj/reader/survival run1 n=200 | 성공 48.9% / 44.1% / 47.4% / 39.2% | D30 26.5% 클리어|도달 28.3% 클리어 7.5% | 좀비 11.5% | 사망/런 8.23 | 장식 0.0
  └ 종료 사망한도 72.5% 마왕실패 19.0% 클리어 7.5% 파산 1.0% | 끝난 날 중앙 20 | D10까지 사망 3.31 | 부상 출발/런 22.2 (사망 21.6%) | 상위 4명 성공 68.9% · 사망 0.49 · 나머지 27.2% · 사망 7.74 | 현금/일 111 | 자본 524
after/traj/reader/survival run5 n=200 | 성공 51.9% / 47.2% / 48.5% / 40.7% | D30 69.0% 클리어|도달 28.3% 클리어 19.5% | 좀비 19.5% | 사망/런 8.52 | 장식 2.5
  └ 종료 마왕실패 49.5% 사망한도 25.5% 클리어 19.5% 파산 5.5% | 끝난 날 중앙 30 | D10까지 사망 2.66 | 부상 출발/런 22.0 (사망 21.5%) | 상위 4명 성공 69.9% · 사망 0.46 · 나머지 29.7% · 사망 8.06 | 현금/일 127 | 자본 762
after/traj/reader/survival run10 n=200 | 성공 61.7% / 54.3% / 51.6% / 43.8% | D30 93.5% 클리어|도달 23.5% 클리어 22.0% | 좀비 12.5% | 사망/런 7.33 | 장식 4.0
  └ 종료 마왕실패 71.5% 클리어 22.0% 사망한도 5.0% 파산 1.5% | 끝난 날 중앙 30 | D10까지 사망 1.97 | 부상 출발/런 18.3 (사망 18.5%) | 상위 4명 성공 71.9% · 사망 0.25 · 나머지 39.0% · 사망 7.08 | 현금/일 164 | 자본 922
after/traj/expert/none run1 n=200 | 성공 49.3% / 44.2% / 48.3% / 41.2% | D30 26.5% 클리어|도달 37.7% 클리어 10.0% | 좀비 11.5% | 사망/런 8.11 | 장식 0.0
  └ 종료 사망한도 73.5% 마왕실패 16.5% 클리어 10.0% | 끝난 날 중앙 19 | D10까지 사망 3.46 | 부상 출발/런 21.1 (사망 22.0%) | 상위 4명 성공 69.3% · 사망 0.46 · 나머지 27.4% · 사망 7.65 | 현금/일 127 | 자본 500
after/traj/expert/none run5 n=200 | 성공 48.5% / 45.6% / 49.4% / 43.0% | D30 26.5% 클리어|도달 41.5% 클리어 11.0% | 좀비 8.5% | 사망/런 7.74 | 장식 0.0
  └ 종료 사망한도 73.0% 마왕실패 15.5% 클리어 11.0% 파산 0.5% | 끝난 날 중앙 19 | D10까지 사망 3.65 | 부상 출발/런 20.1 (사망 22.1%) | 상위 4명 성공 69.9% · 사망 0.43 · 나머지 28.3% · 사망 7.30 | 현금/일 119 | 자본 481
after/traj/expert/none run10 n=200 | 성공 49.1% / 44.9% / 48.5% / 39.9% | D30 27.5% 클리어|도달 27.3% 클리어 7.5% | 좀비 13.0% | 사망/런 7.92 | 장식 0.0
  └ 종료 사망한도 70.5% 마왕실패 20.0% 클리어 7.5% 파산 2.0% | 끝난 날 중앙 19 | D10까지 사망 3.58 | 부상 출발/런 19.8 (사망 21.4%) | 상위 4명 성공 69.8% · 사망 0.57 · 나머지 27.3% · 사망 7.34 | 현금/일 117 | 자본 486
after/traj/expert/economy run1 n=200 | 성공 49.3% / 44.2% / 48.3% / 41.2% | D30 26.5% 클리어|도달 37.7% 클리어 10.0% | 좀비 11.5% | 사망/런 8.11 | 장식 0.0
  └ 종료 사망한도 73.5% 마왕실패 16.5% 클리어 10.0% | 끝난 날 중앙 19 | D10까지 사망 3.46 | 부상 출발/런 21.1 (사망 22.0%) | 상위 4명 성공 69.3% · 사망 0.46 · 나머지 27.4% · 사망 7.65 | 현금/일 127 | 자본 500
after/traj/expert/economy run5 n=200 | 성공 50.8% / 51.7% / 55.2% / 45.6% | D30 44.5% 클리어|도달 42.7% 클리어 19.0% | 좀비 10.0% | 사망/런 7.81 | 장식 2.4
  └ 종료 사망한도 55.5% 마왕실패 25.5% 클리어 19.0% | 끝난 날 중앙 28 | D10까지 사망 3.39 | 부상 출발/런 23.3 (사망 18.4%) | 상위 4명 성공 72.1% · 사망 0.38 · 나머지 33.8% · 사망 7.43 | 현금/일 304 | 자본 733
after/traj/expert/economy run10 n=200 | 성공 53.1% / 52.3% / 55.6% / 45.9% | D30 51.0% 클리어|도달 47.1% 클리어 24.0% | 좀비 7.5% | 사망/런 7.97 | 장식 3.9
  └ 종료 사망한도 49.0% 마왕실패 27.0% 클리어 24.0% | 끝난 날 중앙 30 | D10까지 사망 3.04 | 부상 출발/런 25.3 (사망 17.7%) | 상위 4명 성공 72.0% · 사망 0.44 · 나머지 36.6% · 사망 7.54 | 현금/일 376 | 자본 860
after/traj/expert/survival run1 n=200 | 성공 49.3% / 44.2% / 48.3% / 41.2% | D30 26.5% 클리어|도달 37.7% 클리어 10.0% | 좀비 11.5% | 사망/런 8.11 | 장식 0.0
  └ 종료 사망한도 73.5% 마왕실패 16.5% 클리어 10.0% | 끝난 날 중앙 19 | D10까지 사망 3.46 | 부상 출발/런 21.1 (사망 22.0%) | 상위 4명 성공 69.3% · 사망 0.46 · 나머지 27.4% · 사망 7.65 | 현금/일 127 | 자본 500
after/traj/expert/survival run5 n=200 | 성공 52.0% / 49.7% / 50.8% / 43.9% | D30 73.5% 클리어|도달 29.3% 클리어 21.5% | 좀비 11.5% | 사망/런 8.47 | 장식 2.5
  └ 종료 마왕실패 52.0% 사망한도 26.0% 클리어 21.5% 파산 0.5% | 끝난 날 중앙 30 | D10까지 사망 2.94 | 부상 출발/런 21.3 (사망 21.0%) | 상위 4명 성공 70.6% · 사망 0.37 · 나머지 32.1% · 사망 8.10 | 현금/일 160 | 자본 805
after/traj/expert/survival run10 n=200 | 성공 61.4% / 54.4% / 52.8% / 44.1% | D30 94.5% 클리어|도달 21.7% 클리어 20.5% | 좀비 17.0% | 사망/런 7.54 | 장식 4.0
  └ 종료 마왕실패 74.0% 클리어 20.5% 사망한도 5.5% | 끝난 날 중앙 30 | D10까지 사망 2.05 | 부상 출발/런 17.7 (사망 19.5%) | 상위 4명 성공 72.8% · 사망 0.23 · 나머지 38.5% · 사망 7.32 | 현금/일 185 | 자본 933
after/fresh/reader/none n=1000 | 성공 49.0% / 45.5% / 48.1% / 41.8% | D30 27.5% 클리어|도달 30.9% 클리어 8.5% | 좀비 9.0% | 사망/런 7.86 | 장식 0.0
  └ 종료 사망한도 70.9% 마왕실패 19.0% 클리어 8.5% 파산 1.6% | 끝난 날 중앙 19 | D10까지 사망 3.48 | 부상 출발/런 20.4 (사망 22.0%) | 상위 4명 성공 70.1% · 사망 0.51 · 나머지 27.8% · 사망 7.35 | 현금/일 105 | 자본 492
after/fresh/expert/none n=1000 | 성공 48.2% / 45.4% / 48.8% / 41.6% | D30 28.0% 클리어|도달 31.4% 클리어 8.8% | 좀비 10.6% | 사망/런 7.95 | 장식 0.0
  └ 종료 사망한도 71.3% 마왕실패 19.2% 클리어 8.8% 파산 0.7% | 끝난 날 중앙 20 | D10까지 사망 3.46 | 부상 출발/런 20.6 (사망 21.9%) | 상위 4명 성공 69.8% · 사망 0.48 · 나머지 27.9% · 사망 7.47 | 현금/일 121 | 자본 506
after/fresh/balanced/none n=1000 | 성공 44.8% / 39.8% / 41.9% / 34.0% | D30 7.5% 클리어|도달 13.3% 클리어 1.0% | 좀비 8.9% | 사망/런 7.16 | 장식 0.0
  └ 종료 사망한도 91.4% 마왕실패 6.5% 파산 1.1% 클리어 1.0% | 끝난 날 중앙 10 | D10까지 사망 4.19 | 부상 출발/런 15.0 (사망 25.2%) | 상위 4명 성공 66.3% · 사망 0.65 · 나머지 21.5% · 사망 6.51 | 현금/일 45 | 자본 262

real	6m57.645s
user	26m55.463s
sys	0m23.472s
