# node tools/measure-v2100.cjs --traj 200 --fresh 1000  (HEAD 023a15c, main 84616e1 + investor 봇, 2026-10-09)

balance measure · 304s · traj 200x10 · fresh 1000
after/traj/reader/none run1 n=200 | 성공 47.0% / 41.3% / 43.4% / 37.1% | D30 17.0% 클리어|도달 32.4% 클리어 5.5% | 좀비 10.0% | 사망/런 7.73 | 장식 0.0
  └ 종료 사망한도 81.0% 마왕실패 11.5% 클리어 5.5% 파산 2.0% | 끝난 날 중앙 17 | D10까지 사망 3.50 | 부상 출발/런 19.0 (사망 23.1%) | 상위 4명 성공 69.3% · 사망 0.48 · 나머지 23.5% · 사망 7.01 | 현금/일 97 | 자본 406
  └ 준비 | 상품 원정 성공 43.5% · 사망 9.2% | 맨손 원정 성공 14.6% · 사망 26.0% | 상품이 결과를 바꿈 23.1% (사망을 막음 4.8%) | 상위 4명이 받은 상품 44.6%
after/traj/reader/none run5 n=200 | 성공 48.0% / 44.6% / 45.8% / 38.5% | D30 13.5% 클리어|도달 59.3% 클리어 8.0% | 좀비 9.5% | 사망/런 7.75 | 장식 0.0
  └ 종료 사망한도 82.5% 클리어 8.0% 마왕실패 5.5% 파산 4.0% | 끝난 날 중앙 17 | D10까지 사망 3.76 | 부상 출발/런 18.1 (사망 23.8%) | 상위 4명 성공 70.9% · 사망 0.49 · 나머지 24.7% · 사망 7.01 | 현금/일 72 | 자본 382
  └ 준비 | 상품 원정 성공 45.7% · 사망 9.5% | 맨손 원정 성공 20.8% · 사망 16.4% | 상품이 결과를 바꿈 23.2% (사망을 막음 5.2%) | 상위 4명이 받은 상품 45.9%
after/traj/reader/none run10 n=200 | 성공 48.3% / 41.9% / 45.9% / 38.4% | D30 14.5% 클리어|도달 48.3% 클리어 7.0% | 좀비 7.0% | 사망/런 7.62 | 장식 0.0
  └ 종료 사망한도 83.5% 마왕실패 7.5% 클리어 7.0% 파산 2.0% | 끝난 날 중앙 17 | D10까지 사망 3.72 | 부상 출발/런 17.7 (사망 23.9%) | 상위 4명 성공 69.5% · 사망 0.43 · 나머지 24.8% · 사망 6.96 | 현금/일 78 | 자본 374
  └ 준비 | 상품 원정 성공 45.0% · 사망 9.5% | 맨손 원정 성공 18.3% · 사망 24.2% | 상품이 결과를 바꿈 22.4% (사망을 막음 5.3%) | 상위 4명이 받은 상품 46.1%
after/traj/reader/economy run1 n=200 | 성공 47.0% / 41.3% / 43.4% / 37.1% | D30 17.0% 클리어|도달 32.4% 클리어 5.5% | 좀비 10.0% | 사망/런 7.73 | 장식 0.0
  └ 종료 사망한도 81.0% 마왕실패 11.5% 클리어 5.5% 파산 2.0% | 끝난 날 중앙 17 | D10까지 사망 3.50 | 부상 출발/런 19.0 (사망 23.1%) | 상위 4명 성공 69.3% · 사망 0.48 · 나머지 23.5% · 사망 7.01 | 현금/일 97 | 자본 406
  └ 준비 | 상품 원정 성공 43.5% · 사망 9.2% | 맨손 원정 성공 14.6% · 사망 26.0% | 상품이 결과를 바꿈 23.1% (사망을 막음 4.8%) | 상위 4명이 받은 상품 44.6%
after/traj/reader/economy run5 n=200 | 성공 49.7% / 46.2% / 52.0% / 38.9% | D30 14.5% 클리어|도달 27.6% 클리어 4.0% | 좀비 7.0% | 사망/런 7.50 | 장식 1.9
  └ 종료 사망한도 85.5% 마왕실패 10.5% 클리어 4.0% | 끝난 날 중앙 16 | D10까지 사망 3.81 | 부상 출발/런 18.3 (사망 22.2%) | 상위 4명 성공 70.6% · 사망 0.47 · 나머지 28.3% · 사망 6.83 | 현금/일 178 | 자본 448
  └ 준비 | 상품 원정 성공 47.8% · 사망 8.9% | 맨손 원정 성공 23.1% · 사망 24.4% | 상품이 결과를 바꿈 22.9% (사망을 막음 5.2%) | 상위 4명이 받은 상품 46.5%
after/traj/reader/economy run10 n=200 | 성공 52.8% / 50.2% / 52.2% / 44.3% | D30 31.5% 클리어|도달 63.5% 클리어 20.0% | 좀비 7.5% | 사망/런 8.02 | 장식 3.6
  └ 종료 사망한도 68.5% 클리어 20.0% 마왕실패 11.5% | 끝난 날 중앙 25 | D10까지 사망 3.37 | 부상 출발/런 22.1 (사망 19.8%) | 상위 4명 성공 72.5% · 사망 0.46 · 나머지 32.6% · 사망 7.32 | 현금/일 250 | 자본 654
  └ 준비 | 상품 원정 성공 50.5% · 사망 7.8% | 맨손 원정 성공 30.1% · 사망 13.3% | 상품이 결과를 바꿈 22.5% (사망을 막음 4.7%) | 상위 4명이 받은 상품 44.7%
after/traj/reader/survival run1 n=200 | 성공 47.0% / 41.3% / 43.4% / 37.1% | D30 17.0% 클리어|도달 32.4% 클리어 5.5% | 좀비 10.0% | 사망/런 7.73 | 장식 0.0
  └ 종료 사망한도 81.0% 마왕실패 11.5% 클리어 5.5% 파산 2.0% | 끝난 날 중앙 17 | D10까지 사망 3.50 | 부상 출발/런 19.0 (사망 23.1%) | 상위 4명 성공 69.3% · 사망 0.48 · 나머지 23.5% · 사망 7.01 | 현금/일 97 | 자본 406
  └ 준비 | 상품 원정 성공 43.5% · 사망 9.2% | 맨손 원정 성공 14.6% · 사망 26.0% | 상품이 결과를 바꿈 23.1% (사망을 막음 4.8%) | 상위 4명이 받은 상품 44.6%
after/traj/reader/survival run5 n=200 | 성공 50.3% / 44.6% / 47.5% / 38.5% | D30 41.5% 클리어|도달 34.9% 클리어 14.5% | 좀비 17.5% | 사망/런 8.83 | 장식 2.0
  └ 종료 사망한도 56.0% 마왕실패 27.0% 클리어 14.5% 파산 2.5% | 끝난 날 중앙 28 | D10까지 사망 3.27 | 부상 출발/런 21.6 (사망 22.8%) | 상위 4명 성공 70.0% · 사망 0.47 · 나머지 27.0% · 사망 8.03 | 현금/일 93 | 자본 610
  └ 준비 | 상품 원정 성공 46.0% · 사망 8.0% | 맨손 원정 성공 22.0% · 사망 21.0% | 상품이 결과를 바꿈 24.3% (사망을 막음 5.9%) | 상위 4명이 받은 상품 44.8%
after/traj/reader/survival run10 n=200 | 성공 60.9% / 52.4% / 51.9% / 40.4% | D30 82.5% 클리어|도달 35.2% 클리어 29.0% | 좀비 24.0% | 사망/런 8.32 | 장식 3.8
  └ 종료 마왕실패 53.5% 클리어 29.0% 사망한도 14.5% 파산 3.0% | 끝난 날 중앙 30 | D10까지 사망 2.23 | 부상 출발/런 17.9 (사망 20.2%) | 상위 4명 성공 72.7% · 사망 0.30 · 나머지 35.2% · 사망 7.68 | 현금/일 121 | 자본 844
  └ 준비 | 상품 원정 성공 51.4% · 사망 6.3% | 맨손 원정 성공 24.0% · 사망 18.6% | 상품이 결과를 바꿈 22.6% (사망을 막음 4.8%) | 상위 4명이 받은 상품 43.7%
after/traj/investor/none run1 n=200 | 성공 49.0% / 46.6% / 47.7% / 39.2% | D30 23.0% 클리어|도달 28.3% 클리어 6.5% | 좀비 11.5% | 사망/런 8.31 | 장식 0.0
  └ 종료 사망한도 76.5% 마왕실패 16.5% 클리어 6.5% 파산 0.5% | 끝난 날 중앙 20 | D10까지 사망 3.26 | 부상 출발/런 20.3 (사망 22.2%) | 상위 4명 성공 70.3% · 사망 0.56 · 나머지 27.8% · 사망 7.46 | 현금/일 122 | 자본 524
  └ 준비 | 상품 원정 성공 46.5% · 사망 8.8% | 맨손 원정 성공 15.4% · 사망 20.5% | 상품이 결과를 바꿈 24.8% (사망을 막음 3.8%) | 상위 4명이 받은 상품 45.1%
after/traj/investor/none run5 n=200 | 성공 51.1% / 46.4% / 48.7% / 38.5% | D30 19.5% 클리어|도달 23.1% 클리어 4.5% | 좀비 9.0% | 사망/런 7.96 | 장식 0.0
  └ 종료 사망한도 77.5% 마왕실패 15.0% 클리어 4.5% 파산 3.0% | 끝난 날 중앙 19 | D10까지 사망 3.42 | 부상 출발/런 18.2 (사망 22.8%) | 상위 4명 성공 70.3% · 사망 0.42 · 나머지 28.5% · 사망 7.25 | 현금/일 90 | 자본 461
  └ 준비 | 상품 원정 성공 47.6% · 사망 8.9% | 맨손 원정 성공 19.8% · 사망 24.8% | 상품이 결과를 바꿈 24.6% (사망을 막음 4.0%) | 상위 4명이 받은 상품 46.4%
after/traj/investor/none run10 n=200 | 성공 51.8% / 45.8% / 49.4% / 38.6% | D30 20.5% 클리어|도달 39.0% 클리어 8.0% | 좀비 13.5% | 사망/런 7.82 | 장식 0.0
  └ 종료 사망한도 78.5% 마왕실패 12.5% 클리어 8.0% 파산 1.0% | 끝난 날 중앙 18 | D10까지 사망 3.60 | 부상 출발/런 18.6 (사망 21.9%) | 상위 4명 성공 71.5% · 사망 0.52 · 나머지 28.1% · 사망 6.99 | 현금/일 102 | 자본 455
  └ 준비 | 상품 원정 성공 47.7% · 사망 9.0% | 맨손 원정 성공 23.6% · 사망 14.5% | 상품이 결과를 바꿈 24.3% (사망을 막음 4.4%) | 상위 4명이 받은 상품 46.4%
after/traj/investor/economy run1 n=200 | 성공 49.0% / 46.6% / 47.7% / 39.2% | D30 23.0% 클리어|도달 28.3% 클리어 6.5% | 좀비 11.5% | 사망/런 8.31 | 장식 0.0
  └ 종료 사망한도 76.5% 마왕실패 16.5% 클리어 6.5% 파산 0.5% | 끝난 날 중앙 20 | D10까지 사망 3.26 | 부상 출발/런 20.3 (사망 22.2%) | 상위 4명 성공 70.3% · 사망 0.56 · 나머지 27.8% · 사망 7.46 | 현금/일 122 | 자본 524
  └ 준비 | 상품 원정 성공 46.5% · 사망 8.8% | 맨손 원정 성공 15.4% · 사망 20.5% | 상품이 결과를 바꿈 24.8% (사망을 막음 3.8%) | 상위 4명이 받은 상품 45.1%
after/traj/investor/economy run5 n=200 | 성공 56.3% / 54.1% / 52.9% / 42.9% | D30 37.5% 클리어|도달 49.3% 클리어 18.5% | 좀비 8.5% | 사망/런 8.18 | 장식 2.4
  └ 종료 사망한도 62.5% 마왕실패 19.0% 클리어 18.5% | 끝난 날 중앙 24 | D10까지 사망 3.21 | 부상 출발/런 21.4 (사망 20.3%) | 상위 4명 성공 74.0% · 사망 0.53 · 나머지 34.4% · 사망 7.39 | 현금/일 245 | 자본 686
  └ 준비 | 상품 원정 성공 52.5% · 사망 7.7% | 맨손 원정 성공 18.4% · 사망 21.1% | 상품이 결과를 바꿈 23.6% (사망을 막음 4.0%) | 상위 4명이 받은 상품 46.1%
after/traj/investor/economy run10 n=200 | 성공 55.5% / 53.9% / 53.8% / 42.5% | D30 34.5% 클리어|도달 39.1% 클리어 13.5% | 좀비 11.5% | 사망/런 8.18 | 장식 3.9
  └ 종료 사망한도 65.5% 마왕실패 21.0% 클리어 13.5% | 끝난 날 중앙 26 | D10까지 사망 3.12 | 부상 출발/런 22.8 (사망 19.1%) | 상위 4명 성공 72.9% · 사망 0.46 · 나머지 35.0% · 사망 7.54 | 현금/일 294 | 자본 752
  └ 준비 | 상품 원정 성공 52.2% · 사망 7.5% | 맨손 원정 성공 22.6% · 사망 25.8% | 상품이 결과를 바꿈 23.0% (사망을 막음 4.0%) | 상위 4명이 받은 상품 45.3%
after/traj/investor/survival run1 n=200 | 성공 49.0% / 46.6% / 47.7% / 39.2% | D30 23.0% 클리어|도달 28.3% 클리어 6.5% | 좀비 11.5% | 사망/런 8.31 | 장식 0.0
  └ 종료 사망한도 76.5% 마왕실패 16.5% 클리어 6.5% 파산 0.5% | 끝난 날 중앙 20 | D10까지 사망 3.26 | 부상 출발/런 20.3 (사망 22.2%) | 상위 4명 성공 70.3% · 사망 0.56 · 나머지 27.8% · 사망 7.46 | 현금/일 122 | 자본 524
  └ 준비 | 상품 원정 성공 46.5% · 사망 8.8% | 맨손 원정 성공 15.4% · 사망 20.5% | 상품이 결과를 바꿈 24.8% (사망을 막음 3.8%) | 상위 4명이 받은 상품 45.1%
after/traj/investor/survival run5 n=200 | 성공 54.7% / 48.3% / 49.7% / 38.5% | D30 68.0% 클리어|도달 22.1% 클리어 15.0% | 좀비 24.0% | 사망/런 8.78 | 장식 2.6
  └ 종료 마왕실패 53.0% 사망한도 30.5% 클리어 15.0% 파산 1.5% | 끝난 날 중앙 30 | D10까지 사망 2.73 | 부상 출발/런 19.6 (사망 21.2%) | 상위 4명 성공 70.8% · 사망 0.46 · 나머지 30.5% · 사망 7.99 | 현금/일 120 | 자본 767
  └ 준비 | 상품 원정 성공 48.1% · 사망 7.2% | 맨손 원정 성공 28.2% · 사망 15.3% | 상품이 결과를 바꿈 26.7% (사망을 막음 4.7%) | 상위 4명이 받은 상품 44.6%
after/traj/investor/survival run10 n=200 | 성공 65.0% / 56.2% / 53.4% / 39.7% | D30 91.5% 클리어|도달 20.8% 클리어 19.0% | 좀비 22.5% | 사망/런 8.02 | 장식 4.0
  └ 종료 마왕실패 72.5% 클리어 19.0% 사망한도 8.0% 파산 0.5% | 끝난 날 중앙 30 | D10까지 사망 2.17 | 부상 출발/런 16.4 (사망 19.1%) | 상위 4명 성공 73.5% · 사망 0.34 · 나머지 37.8% · 사망 7.38 | 현금/일 146 | 자본 909
  └ 준비 | 상품 원정 성공 53.2% · 사망 6.0% | 맨손 원정 성공 25.7% · 사망 22.9% | 상품이 결과를 바꿈 25.1% (사망을 막음 4.2%) | 상위 4명이 받은 상품 43.7%
after/fresh/reader/none n=1000 | 성공 46.0% / 41.8% / 45.5% / 37.2% | D30 19.9% 클리어|도달 38.2% 클리어 7.6% | 좀비 12.9% | 사망/런 7.98 | 장식 0.0
  └ 종료 사망한도 78.5% 마왕실패 12.3% 클리어 7.6% 파산 1.6% | 끝난 날 중앙 18 | D10까지 사망 3.49 | 부상 출발/런 20.0 (사망 22.5%) | 상위 4명 성공 68.9% · 사망 0.52 · 나머지 24.0% · 사망 7.21 | 현금/일 96 | 자본 431
  └ 준비 | 상품 원정 성공 43.6% · 사망 9.2% | 맨손 원정 성공 15.2% · 사망 20.7% | 상품이 결과를 바꿈 22.6% (사망을 막음 4.7%) | 상위 4명이 받은 상품 44.5%
after/fresh/investor/none n=1000 | 성공 50.0% / 47.2% / 48.4% / 38.5% | D30 32.1% 클리어|도달 28.7% 클리어 9.2% | 좀비 16.9% | 사망/런 8.25 | 장식 0.0
  └ 종료 사망한도 67.8% 마왕실패 22.9% 클리어 9.2% 파산 0.1% | 끝난 날 중앙 24 | D10까지 사망 3.23 | 부상 출발/런 21.0 (사망 21.3%) | 상위 4명 성공 70.5% · 사망 0.51 · 나머지 27.9% · 사망 7.44 | 현금/일 125 | 자본 558
  └ 준비 | 상품 원정 성공 46.8% · 사망 8.4% | 맨손 원정 성공 14.2% · 사망 22.0% | 상품이 결과를 바꿈 24.9% (사망을 막음 3.9%) | 상위 4명이 받은 상품 45.7%
