# node tools/measure-v2100.cjs --traj 200 --fresh 1000  (HEAD 6e6edf0, main 84616e1 + investor 봇 · 마왕전 준비, 2026-10-09)

balance measure · 469s · traj 200x10 · fresh 1000
after/traj/reader/none run1 n=200 | 성공 47.0% / 41.3% / 43.4% / 37.1% | D30 17.0% 클리어|도달 32.4% 클리어 5.5% | 좀비 10.0% | 사망/런 7.73 | 장식 0.0
  └ 종료 사망한도 81.0% 마왕실패 11.5% 클리어 5.5% 파산 2.0% | 끝난 날 중앙 17 | D10까지 사망 3.50 | 부상 출발/런 19.0 (사망 23.1%) | 상위 4명 성공 69.3% · 사망 0.48 · 나머지 23.5% · 사망 7.01 | 현금/일 97 | 자본 406
  └ 준비 | 상품 원정 성공 43.5% · 사망 9.2% | 맨손 원정 성공 14.6% · 사망 26.0% | 상품이 결과를 바꿈 23.1% (사망을 막음 4.8%) | 상위 4명이 받은 상품 44.6%
after/traj/reader/none run5 n=200 | 성공 48.0% / 44.6% / 45.8% / 38.5% | D30 13.5% 클리어|도달 59.3% 클리어 8.0% | 좀비 9.5% | 사망/런 7.75 | 장식 0.0
  └ 종료 사망한도 82.5% 클리어 8.0% 마왕실패 5.5% 파산 4.0% | 끝난 날 중앙 17 | D10까지 사망 3.76 | 부상 출발/런 18.1 (사망 23.8%) | 상위 4명 성공 70.9% · 사망 0.49 · 나머지 24.7% · 사망 7.01 | 현금/일 72 | 자본 382
  └ 준비 | 상품 원정 성공 45.7% · 사망 9.5% | 맨손 원정 성공 20.8% · 사망 16.4% | 상품이 결과를 바꿈 23.2% (사망을 막음 5.2%) | 상위 4명이 받은 상품 45.9%
after/traj/reader/none run10 n=200 | 성공 48.3% / 41.9% / 45.9% / 38.4% | D30 14.5% 클리어|도달 48.3% 클리어 7.0% | 좀비 7.0% | 사망/런 7.62 | 장식 0.0
  └ 종료 사망한도 83.5% 마왕실패 7.5% 클리어 7.0% 파산 2.0% | 끝난 날 중앙 17 | D10까지 사망 3.72 | 부상 출발/런 17.7 (사망 23.9%) | 상위 4명 성공 69.5% · 사망 0.43 · 나머지 24.8% · 사망 6.96 | 현금/일 78 | 자본 374
  └ 준비 | 상품 원정 성공 45.0% · 사망 9.5% | 맨손 원정 성공 18.3% · 사망 24.2% | 상품이 결과를 바꿈 22.4% (사망을 막음 5.3%) | 상위 4명이 받은 상품 46.1%
after/traj/reader/economy run1 n=200 | 성공 47.0% / 41.3% / 43.4% / 37.1% | D30 17.0% 클리어|도달 32.4% 클리어 5.5% | 좀비 10.0% | 사망/런 7.73 | 장식 0.0
  └ 종료 사망한도 81.0% 마왕실패 11.5% 클리어 5.5% 파산 2.0% | 끝난 날 중앙 17 | D10까지 사망 3.50 | 부상 출발/런 19.0 (사망 23.1%) | 상위 4명 성공 69.3% · 사망 0.48 · 나머지 23.5% · 사망 7.01 | 현금/일 97 | 자본 406
  └ 준비 | 상품 원정 성공 43.5% · 사망 9.2% | 맨손 원정 성공 14.6% · 사망 26.0% | 상품이 결과를 바꿈 23.1% (사망을 막음 4.8%) | 상위 4명이 받은 상품 44.6%
after/traj/reader/economy run5 n=200 | 성공 49.7% / 46.2% / 52.0% / 38.9% | D30 14.5% 클리어|도달 27.6% 클리어 4.0% | 좀비 7.0% | 사망/런 7.50 | 장식 1.9
  └ 종료 사망한도 85.5% 마왕실패 10.5% 클리어 4.0% | 끝난 날 중앙 16 | D10까지 사망 3.81 | 부상 출발/런 18.3 (사망 22.2%) | 상위 4명 성공 70.6% · 사망 0.47 · 나머지 28.3% · 사망 6.83 | 현금/일 178 | 자본 448
  └ 준비 | 상품 원정 성공 47.8% · 사망 8.9% | 맨손 원정 성공 23.1% · 사망 24.4% | 상품이 결과를 바꿈 22.9% (사망을 막음 5.2%) | 상위 4명이 받은 상품 46.5%
after/traj/reader/economy run10 n=200 | 성공 52.8% / 50.2% / 52.2% / 44.3% | D30 31.5% 클리어|도달 63.5% 클리어 20.0% | 좀비 7.5% | 사망/런 8.02 | 장식 3.6
  └ 종료 사망한도 68.5% 클리어 20.0% 마왕실패 11.5% | 끝난 날 중앙 25 | D10까지 사망 3.37 | 부상 출발/런 22.1 (사망 19.8%) | 상위 4명 성공 72.5% · 사망 0.46 · 나머지 32.6% · 사망 7.32 | 현금/일 250 | 자본 654
  └ 준비 | 상품 원정 성공 50.5% · 사망 7.8% | 맨손 원정 성공 30.1% · 사망 13.3% | 상품이 결과를 바꿈 22.5% (사망을 막음 4.7%) | 상위 4명이 받은 상품 44.7%
after/traj/reader/survival run1 n=200 | 성공 47.0% / 41.3% / 43.4% / 37.1% | D30 17.0% 클리어|도달 32.4% 클리어 5.5% | 좀비 10.0% | 사망/런 7.73 | 장식 0.0
  └ 종료 사망한도 81.0% 마왕실패 11.5% 클리어 5.5% 파산 2.0% | 끝난 날 중앙 17 | D10까지 사망 3.50 | 부상 출발/런 19.0 (사망 23.1%) | 상위 4명 성공 69.3% · 사망 0.48 · 나머지 23.5% · 사망 7.01 | 현금/일 97 | 자본 406
  └ 준비 | 상품 원정 성공 43.5% · 사망 9.2% | 맨손 원정 성공 14.6% · 사망 26.0% | 상품이 결과를 바꿈 23.1% (사망을 막음 4.8%) | 상위 4명이 받은 상품 44.6%
after/traj/reader/survival run5 n=200 | 성공 50.3% / 44.6% / 47.5% / 38.5% | D30 41.5% 클리어|도달 34.9% 클리어 14.5% | 좀비 17.5% | 사망/런 8.83 | 장식 2.0
  └ 종료 사망한도 56.0% 마왕실패 27.0% 클리어 14.5% 파산 2.5% | 끝난 날 중앙 28 | D10까지 사망 3.27 | 부상 출발/런 21.6 (사망 22.8%) | 상위 4명 성공 70.0% · 사망 0.47 · 나머지 27.0% · 사망 8.03 | 현금/일 93 | 자본 610
  └ 준비 | 상품 원정 성공 46.0% · 사망 8.0% | 맨손 원정 성공 22.0% · 사망 21.0% | 상품이 결과를 바꿈 24.3% (사망을 막음 5.9%) | 상위 4명이 받은 상품 44.8%
after/traj/reader/survival run10 n=200 | 성공 60.9% / 52.4% / 51.9% / 40.4% | D30 82.5% 클리어|도달 35.2% 클리어 29.0% | 좀비 24.0% | 사망/런 8.32 | 장식 3.8
  └ 종료 마왕실패 53.5% 클리어 29.0% 사망한도 14.5% 파산 3.0% | 끝난 날 중앙 30 | D10까지 사망 2.23 | 부상 출발/런 17.9 (사망 20.2%) | 상위 4명 성공 72.7% · 사망 0.30 · 나머지 35.2% · 사망 7.68 | 현금/일 121 | 자본 844
  └ 준비 | 상품 원정 성공 51.4% · 사망 6.3% | 맨손 원정 성공 24.0% · 사망 18.6% | 상품이 결과를 바꿈 22.6% (사망을 막음 4.8%) | 상위 4명이 받은 상품 43.7%
after/traj/investor/none run1 n=200 | 성공 49.0% / 46.6% / 47.7% / 35.3% | D30 21.5% 클리어|도달 53.5% 클리어 11.5% | 좀비 17.0% | 사망/런 8.35 | 장식 0.0
  └ 종료 사망한도 78.0% 클리어 11.5% 마왕실패 10.0% 파산 0.5% | 끝난 날 중앙 20 | D10까지 사망 3.26 | 부상 출발/런 20.4 (사망 22.3%) | 상위 4명 성공 69.2% · 사망 0.64 · 나머지 27.6% · 사망 7.43 | 현금/일 86 | 자본 515
  └ 준비 | 상품 원정 성공 46.2% · 사망 8.7% | 맨손 원정 성공 15.5% · 사망 19.5% | 상품이 결과를 바꿈 24.9% (사망을 막음 3.8%) | 상위 4명이 받은 상품 45.1%
after/traj/investor/none run5 n=200 | 성공 51.7% / 46.8% / 48.6% / 37.6% | D30 17.0% 클리어|도달 55.9% 클리어 9.5% | 좀비 13.0% | 사망/런 8.04 | 장식 0.0
  └ 종료 사망한도 81.0% 클리어 9.5% 마왕실패 7.5% 파산 2.0% | 끝난 날 중앙 18 | D10까지 사망 3.42 | 부상 출발/런 18.1 (사망 23.1%) | 상위 4명 성공 70.9% · 사망 0.49 · 나머지 28.8% · 사망 7.25 | 현금/일 61 | 자본 449
  └ 준비 | 상품 원정 성공 48.1% · 사망 9.0% | 맨손 원정 성공 16.3% · 사망 20.1% | 상품이 결과를 바꿈 24.8% (사망을 막음 3.8%) | 상위 4명이 받은 상품 45.7%
after/traj/investor/none run10 n=200 | 성공 52.2% / 46.8% / 50.2% / 38.2% | D30 20.0% 클리어|도달 60.0% 클리어 12.0% | 좀비 11.0% | 사망/런 8.05 | 장식 0.0
  └ 종료 사망한도 79.5% 클리어 12.0% 마왕실패 8.0% 파산 0.5% | 끝난 날 중앙 18 | D10까지 사망 3.51 | 부상 출발/런 18.6 (사망 21.7%) | 상위 4명 성공 71.5% · 사망 0.57 · 나머지 28.6% · 사망 7.24 | 현금/일 68 | 자본 454
  └ 준비 | 상품 원정 성공 48.4% · 사망 9.1% | 맨손 원정 성공 21.6% · 사망 21.1% | 상품이 결과를 바꿈 23.8% (사망을 막음 4.0%) | 상위 4명이 받은 상품 46.8%
after/traj/investor/economy run1 n=200 | 성공 49.0% / 46.6% / 47.7% / 35.3% | D30 21.5% 클리어|도달 53.5% 클리어 11.5% | 좀비 17.0% | 사망/런 8.35 | 장식 0.0
  └ 종료 사망한도 78.0% 클리어 11.5% 마왕실패 10.0% 파산 0.5% | 끝난 날 중앙 20 | D10까지 사망 3.26 | 부상 출발/런 20.4 (사망 22.3%) | 상위 4명 성공 69.2% · 사망 0.64 · 나머지 27.6% · 사망 7.43 | 현금/일 86 | 자본 515
  └ 준비 | 상품 원정 성공 46.2% · 사망 8.7% | 맨손 원정 성공 15.5% · 사망 19.5% | 상품이 결과를 바꿈 24.9% (사망을 막음 3.8%) | 상위 4명이 받은 상품 45.1%
after/traj/investor/economy run5 n=200 | 성공 56.3% / 54.5% / 52.9% / 41.7% | D30 30.0% 클리어|도달 88.3% 클리어 26.5% | 좀비 11.5% | 사망/런 8.47 | 장식 2.4
  └ 종료 사망한도 70.0% 클리어 26.5% 마왕실패 3.5% | 끝난 날 중앙 26 | D10까지 사망 3.21 | 부상 출발/런 21.7 (사망 20.6%) | 상위 4명 성공 73.7% · 사망 0.66 · 나머지 34.0% · 사망 7.55 | 현금/일 192 | 자본 691
  └ 준비 | 상품 원정 성공 52.8% · 사망 7.6% | 맨손 원정 성공 19.2% · 사망 21.1% | 상품이 결과를 바꿈 23.4% (사망을 막음 3.7%) | 상위 4명이 받은 상품 46.7%
after/traj/investor/economy run10 n=200 | 성공 56.2% / 55.4% / 54.0% / 41.3% | D30 35.5% 클리어|도달 78.9% 클리어 28.0% | 좀비 14.0% | 사망/런 8.63 | 장식 3.9
  └ 종료 사망한도 64.5% 클리어 28.0% 마왕실패 7.5% | 끝난 날 중앙 27 | D10까지 사망 3.08 | 부상 출발/런 23.5 (사망 19.3%) | 상위 4명 성공 72.5% · 사망 0.56 · 나머지 35.4% · 사망 7.86 | 현금/일 230 | 자본 772
  └ 준비 | 상품 원정 성공 53.1% · 사망 7.5% | 맨손 원정 성공 18.4% · 사망 16.9% | 상품이 결과를 바꿈 23.1% (사망을 막음 3.9%) | 상위 4명이 받은 상품 46.2%
after/traj/investor/survival run1 n=200 | 성공 49.0% / 46.6% / 47.7% / 35.3% | D30 21.5% 클리어|도달 53.5% 클리어 11.5% | 좀비 17.0% | 사망/런 8.35 | 장식 0.0
  └ 종료 사망한도 78.0% 클리어 11.5% 마왕실패 10.0% 파산 0.5% | 끝난 날 중앙 20 | D10까지 사망 3.26 | 부상 출발/런 20.4 (사망 22.3%) | 상위 4명 성공 69.2% · 사망 0.64 · 나머지 27.6% · 사망 7.43 | 현금/일 86 | 자본 515
  └ 준비 | 상품 원정 성공 46.2% · 사망 8.7% | 맨손 원정 성공 15.5% · 사망 19.5% | 상품이 결과를 바꿈 24.9% (사망을 막음 3.8%) | 상위 4명이 받은 상품 45.1%
after/traj/investor/survival run5 n=200 | 성공 55.0% / 48.9% / 49.5% / 36.2% | D30 62.5% 클리어|도달 53.6% 클리어 33.5% | 좀비 28.5% | 사망/런 9.07 | 장식 2.5
  └ 종료 사망한도 35.5% 클리어 33.5% 마왕실패 29.0% 파산 2.0% | 끝난 날 중앙 30 | D10까지 사망 2.71 | 부상 출발/런 19.9 (사망 21.3%) | 상위 4명 성공 70.2% · 사망 0.58 · 나머지 30.2% · 사망 8.16 | 현금/일 59 | 자본 754
  └ 준비 | 상품 원정 성공 48.2% · 사망 7.3% | 맨손 원정 성공 17.9% · 사망 18.6% | 상품이 결과를 바꿈 26.3% (사망을 막음 4.5%) | 상위 4명이 받은 상품 44.7%
after/traj/investor/survival run10 n=200 | 성공 66.0% / 56.5% / 53.1% / 37.8% | D30 87.5% 클리어|도달 62.3% 클리어 54.5% | 좀비 28.0% | 사망/런 8.39 | 장식 4.0
  └ 종료 클리어 54.5% 마왕실패 33.0% 사망한도 11.0% 파산 1.5% | 끝난 날 중앙 30 | D10까지 사망 1.99 | 부상 출발/런 16.5 (사망 19.4%) | 상위 4명 성공 72.5% · 사망 0.43 · 나머지 38.2% · 사망 7.66 | 현금/일 53 | 자본 894
  └ 준비 | 상품 원정 성공 53.8% · 사망 5.9% | 맨손 원정 성공 15.1% · 사망 19.2% | 상품이 결과를 바꿈 24.9% (사망을 막음 4.1%) | 상위 4명이 받은 상품 43.6%
after/fresh/reader/none n=1000 | 성공 46.0% / 41.8% / 45.5% / 37.2% | D30 19.9% 클리어|도달 38.2% 클리어 7.6% | 좀비 12.9% | 사망/런 7.98 | 장식 0.0
  └ 종료 사망한도 78.5% 마왕실패 12.3% 클리어 7.6% 파산 1.6% | 끝난 날 중앙 18 | D10까지 사망 3.49 | 부상 출발/런 20.0 (사망 22.5%) | 상위 4명 성공 68.9% · 사망 0.52 · 나머지 24.0% · 사망 7.21 | 현금/일 96 | 자본 431
  └ 준비 | 상품 원정 성공 43.6% · 사망 9.2% | 맨손 원정 성공 15.2% · 사망 20.7% | 상품이 결과를 바꿈 22.6% (사망을 막음 4.7%) | 상위 4명이 받은 상품 44.5%
after/fresh/investor/none n=1000 | 성공 50.0% / 47.2% / 48.4% / 36.0% | D30 27.6% 클리어|도달 57.6% 클리어 15.9% | 좀비 19.6% | 사망/런 8.37 | 장식 0.0
  └ 종료 사망한도 72.3% 클리어 15.9% 마왕실패 11.7% 파산 0.1% | 끝난 날 중앙 24 | D10까지 사망 3.23 | 부상 출발/런 21.1 (사망 21.5%) | 상위 4명 성공 69.8% · 사망 0.60 · 나머지 27.6% · 사망 7.45 | 현금/일 84 | 자본 546
  └ 준비 | 상품 원정 성공 46.8% · 사망 8.4% | 맨손 원정 성공 15.7% · 사망 19.9% | 상품이 결과를 바꿈 24.9% (사망을 막음 3.9%) | 상위 4명이 받은 상품 45.8%
