1/16 jobs · 35s2/16 jobs · 36s3/16 jobs · 36s4/16 jobs · 39s5/16 jobs · 81s6/16 jobs · 82s7/16 jobs · 83s8/16 jobs · 85s9/16 jobs · 137s10/16 jobs · 138s11/16 jobs · 139s12/16 jobs · 142s13/16 jobs · 157s14/16 jobs · 158s15/16 jobs · 159s16/16 jobs · 161s
balance measure · 161s · traj 200x10 · fresh 1000
after/traj/reader/none run1 n=200 | 성공 46.3% / 42.4% / 47.0% / 36.9% | D30 20.0% 클리어|도달 30.0% 클리어 6.0% | 좀비 14.5% | 사망/런 8.04 | 장식 0.0
  └ 종료 사망한도 78.0% 마왕실패 14.0% 클리어 6.0% 파산 2.0% | 끝난 날 중앙 19 | D10까지 사망 3.38 | 부상 출발/런 21.3 (사망 21.8%) | 상위 4명 성공 66.9% · 사망 0.61 · 나머지 26.5% · 사망 7.42 | 현금/일 104 | 자본 468
after/traj/reader/none run5 n=200 | 성공 45.8% / 44.9% / 46.7% / 40.5% | D30 27.0% 클리어|도달 35.2% 클리어 9.5% | 좀비 10.5% | 사망/런 7.82 | 장식 0.0
  └ 종료 사망한도 72.5% 마왕실패 17.5% 클리어 9.5% 파산 0.5% | 끝난 날 중앙 19 | D10까지 사망 3.56 | 부상 출발/런 20.0 (사망 22.5%) | 상위 4명 성공 69.6% · 사망 0.52 · 나머지 25.6% · 사망 7.29 | 현금/일 84 | 자본 455
after/traj/reader/none run10 n=200 | 성공 46.3% / 42.6% / 45.2% / 37.5% | D30 18.5% 클리어|도달 24.3% 클리어 4.5% | 좀비 9.0% | 사망/런 7.72 | 장식 0.0
  └ 종료 사망한도 79.0% 마왕실패 14.0% 클리어 4.5% 파산 2.5% | 끝난 날 중앙 17 | D10까지 사망 3.67 | 부상 출발/런 18.6 (사망 23.3%) | 상위 4명 성공 67.6% · 사망 0.55 · 나머지 25.1% · 사망 7.18 | 현금/일 77 | 자본 387
after/traj/reader/economy run1 n=200 | 성공 46.3% / 42.4% / 47.0% / 36.9% | D30 20.0% 클리어|도달 30.0% 클리어 6.0% | 좀비 14.5% | 사망/런 8.04 | 장식 0.0
  └ 종료 사망한도 78.0% 마왕실패 14.0% 클리어 6.0% 파산 2.0% | 끝난 날 중앙 19 | D10까지 사망 3.38 | 부상 출발/런 21.3 (사망 21.8%) | 상위 4명 성공 66.9% · 사망 0.61 · 나머지 26.5% · 사망 7.42 | 현금/일 104 | 자본 468
after/traj/reader/economy run5 n=200 | 성공 48.5% / 49.4% / 49.2% / 42.3% | D30 31.5% 클리어|도달 58.7% 클리어 18.5% | 좀비 9.5% | 사망/런 8.03 | 장식 2.1
  └ 종료 사망한도 68.0% 클리어 18.5% 마왕실패 13.0% 파산 0.5% | 끝난 날 중앙 20 | D10까지 사망 3.48 | 부상 출발/런 22.9 (사망 18.9%) | 상위 4명 성공 69.4% · 사망 0.47 · 나머지 30.7% · 사망 7.55 | 현금/일 189 | 자본 601
after/traj/reader/economy run10 n=200 | 성공 50.9% / 48.8% / 48.9% / 42.3% | D30 37.0% 클리어|도달 51.4% 클리어 19.0% | 좀비 10.0% | 사망/런 8.19 | 장식 3.8
  └ 종료 사망한도 63.0% 클리어 19.0% 마왕실패 18.0% | 끝난 날 중앙 27 | D10까지 사망 3.23 | 부상 출발/런 24.2 (사망 19.4%) | 상위 4명 성공 69.6% · 사망 0.48 · 나머지 31.7% · 사망 7.71 | 현금/일 255 | 자본 695
after/traj/reader/survival run1 n=200 | 성공 46.3% / 42.4% / 47.0% / 36.9% | D30 20.0% 클리어|도달 30.0% 클리어 6.0% | 좀비 14.5% | 사망/런 8.04 | 장식 0.0
  └ 종료 사망한도 78.0% 마왕실패 14.0% 클리어 6.0% 파산 2.0% | 끝난 날 중앙 19 | D10까지 사망 3.38 | 부상 출발/런 21.3 (사망 21.8%) | 상위 4명 성공 66.9% · 사망 0.61 · 나머지 26.5% · 사망 7.42 | 현금/일 104 | 자본 468
after/traj/reader/survival run5 n=200 | 성공 50.0% / 46.1% / 48.9% / 38.3% | D30 57.5% 클리어|도달 34.8% 클리어 20.0% | 좀비 19.5% | 사망/런 8.68 | 장식 2.2
  └ 종료 사망한도 39.0% 마왕실패 37.5% 클리어 20.0% 파산 3.5% | 끝난 날 중앙 30 | D10까지 사망 3.17 | 부상 출발/런 22.7 (사망 21.8%) | 상위 4명 성공 68.6% · 사망 0.50 · 나머지 28.6% · 사망 8.18 | 현금/일 98 | 자본 681
after/traj/reader/survival run10 n=200 | 성공 60.2% / 51.4% / 50.5% / 40.3% | D30 87.0% 클리어|도달 32.2% 클리어 28.0% | 좀비 23.0% | 사망/런 7.75 | 장식 3.9
  └ 종료 마왕실패 59.0% 클리어 28.0% 사망한도 10.5% 파산 2.5% | 끝난 날 중앙 30 | D10까지 사망 2.08 | 부상 출발/런 18.0 (사망 19.6%) | 상위 4명 성공 70.8% · 사망 0.37 · 나머지 36.0% · 사망 7.38 | 현금/일 126 | 자본 850
after/fresh/reader/none n=1000 | 성공 46.3% / 42.4% / 45.6% / 37.4% | D30 23.0% 클리어|도달 31.7% 클리어 7.3% | 좀비 14.6% | 사망/런 8.11 | 장식 0.0
  └ 종료 사망한도 76.6% 마왕실패 15.7% 클리어 7.3% 파산 0.4% | 끝난 날 중앙 19 | D10까지 사망 3.40 | 부상 출발/런 21.4 (사망 21.9%) | 상위 4명 성공 66.8% · 사망 0.60 · 나머지 26.0% · 사망 7.51 | 현금/일 105 | 자본 475
