1/16 jobs · 26s2/16 jobs · 27s3/16 jobs · 28s4/16 jobs · 29s5/16 jobs · 67s6/16 jobs · 68s7/16 jobs · 69s8/16 jobs · 71s9/16 jobs · 118s10/16 jobs · 118s11/16 jobs · 120s12/16 jobs · 121s13/16 jobs · 134s14/16 jobs · 135s15/16 jobs · 135s16/16 jobs · 136s
balance measure · 136s · traj 200x10 · fresh 1000
after/traj/reader/none run1 n=200 | 성공 42.6% / 37.8% / 41.2% / 35.8% | D30 11.0% 클리어|도달 27.3% 클리어 3.0% | 좀비 11.0% | 사망/런 7.79 | 장식 0.0
  └ 종료 사망한도 87.5% 마왕실패 8.0% 클리어 3.0% 파산 1.5% | 끝난 날 중앙 17 | D10까지 사망 3.75 | 부상 출발/런 19.9 (사망 22.4%) | 상위 4명 성공 65.3% · 사망 0.62 · 나머지 21.3% · 사망 7.17 | 현금/일 87 | 자본 371
after/traj/reader/none run5 n=200 | 성공 43.3% / 40.3% / 43.3% / 35.6% | D30 11.0% 클리어|도달 27.3% 클리어 3.0% | 좀비 12.0% | 사망/런 7.49 | 장식 0.0
  └ 종료 사망한도 84.5% 마왕실패 8.0% 파산 4.5% 클리어 3.0% | 끝난 날 중앙 15 | D10까지 사망 3.83 | 부상 출발/런 17.2 (사망 23.9%) | 상위 4명 성공 66.3% · 사망 0.57 · 나머지 22.1% · 사망 6.91 | 현금/일 60 | 자본 329
after/traj/reader/none run10 n=200 | 성공 42.4% / 39.1% / 41.2% / 35.1% | D30 12.0% 클리어|도달 25.0% 클리어 3.0% | 좀비 10.0% | 사망/런 7.41 | 장식 0.0
  └ 종료 사망한도 85.0% 마왕실패 9.0% 파산 3.0% 클리어 3.0% | 끝난 날 중앙 15 | D10까지 사망 4.00 | 부상 출발/런 17.3 (사망 23.8%) | 상위 4명 성공 65.2% · 사망 0.63 · 나머지 21.8% · 사망 6.78 | 현금/일 61 | 자본 315
after/traj/reader/economy run1 n=200 | 성공 42.6% / 37.8% / 41.2% / 35.8% | D30 11.0% 클리어|도달 27.3% 클리어 3.0% | 좀비 11.0% | 사망/런 7.79 | 장식 0.0
  └ 종료 사망한도 87.5% 마왕실패 8.0% 클리어 3.0% 파산 1.5% | 끝난 날 중앙 17 | D10까지 사망 3.75 | 부상 출발/런 19.9 (사망 22.4%) | 상위 4명 성공 65.3% · 사망 0.62 · 나머지 21.3% · 사망 7.17 | 현금/일 87 | 자본 371
after/traj/reader/economy run5 n=200 | 성공 45.3% / 43.7% / 45.0% / 35.4% | D30 15.0% 클리어|도달 36.7% 클리어 5.5% | 좀비 14.0% | 사망/런 7.49 | 장식 1.6
  └ 종료 사망한도 85.0% 마왕실패 9.5% 클리어 5.5% | 끝난 날 중앙 15 | D10까지 사망 3.88 | 부상 출발/런 18.5 (사망 22.4%) | 상위 4명 성공 65.9% · 사망 0.67 · 나머지 25.3% · 사망 6.83 | 현금/일 152 | 자본 412
after/traj/reader/economy run10 n=200 | 성공 48.8% / 45.4% / 49.2% / 39.0% | D30 27.0% 클리어|도달 46.3% 클리어 12.5% | 좀비 13.0% | 사망/런 7.95 | 장식 3.4
  └ 종료 사망한도 73.0% 마왕실패 14.5% 클리어 12.5% | 끝난 날 중앙 20 | D10까지 사망 3.46 | 부상 출발/런 22.1 (사망 20.8%) | 상위 4명 성공 69.1% · 사망 0.57 · 나머지 28.2% · 사망 7.37 | 현금/일 245 | 자본 595
after/traj/reader/survival run1 n=200 | 성공 42.6% / 37.8% / 41.2% / 35.8% | D30 11.0% 클리어|도달 27.3% 클리어 3.0% | 좀비 11.0% | 사망/런 7.79 | 장식 0.0
  └ 종료 사망한도 87.5% 마왕실패 8.0% 클리어 3.0% 파산 1.5% | 끝난 날 중앙 17 | D10까지 사망 3.75 | 부상 출발/런 19.9 (사망 22.4%) | 상위 4명 성공 65.3% · 사망 0.62 · 나머지 21.3% · 사망 7.17 | 현금/일 87 | 자본 371
after/traj/reader/survival run5 n=200 | 성공 46.4% / 40.1% / 43.7% / 36.5% | D30 35.5% 클리어|도달 31.0% 클리어 11.0% | 좀비 24.0% | 사망/런 8.56 | 장식 1.8
  └ 종료 사망한도 56.0% 마왕실패 24.5% 클리어 11.0% 파산 8.5% | 끝난 날 중앙 26 | D10까지 사망 3.38 | 부상 출발/런 21.4 (사망 22.9%) | 상위 4명 성공 66.5% · 사망 0.60 · 나머지 23.1% · 사망 7.96 | 현금/일 74 | 자본 525
after/traj/reader/survival run10 n=200 | 성공 55.4% / 47.3% / 48.2% / 37.0% | D30 74.0% 클리어|도달 32.4% 클리어 24.0% | 좀비 31.5% | 사망/런 8.69 | 장식 3.7
  └ 종료 마왕실패 50.0% 클리어 24.0% 사망한도 21.5% 파산 4.5% | 끝난 날 중앙 30 | D10까지 사망 2.63 | 부상 출발/런 18.7 (사망 21.8%) | 상위 4명 성공 69.0% · 사망 0.41 · 나머지 31.0% · 사망 8.28 | 현금/일 102 | 자본 765
after/fresh/reader/none n=1000 | 성공 43.4% / 37.9% / 40.6% / 33.5% | D30 11.5% 클리어|도달 45.2% 클리어 5.2% | 좀비 13.0% | 사망/런 7.81 | 장식 0.0
  └ 종료 사망한도 87.2% 마왕실패 6.3% 클리어 5.2% 파산 1.3% | 끝난 날 중앙 17 | D10까지 사망 3.65 | 부상 출발/런 19.2 (사망 23.4%) | 상위 4명 성공 64.1% · 사망 0.60 · 나머지 22.3% · 사망 7.21 | 현금/일 92 | 자본 373
