1/16 jobs · 44s2/16 jobs · 45s3/16 jobs · 45s4/16 jobs · 45s5/16 jobs · 88s6/16 jobs · 88s7/16 jobs · 88s8/16 jobs · 90s9/16 jobs · 157s10/16 jobs · 157s11/16 jobs · 159s12/16 jobs · 161s13/16 jobs · 181s14/16 jobs · 181s15/16 jobs · 183s16/16 jobs · 184s
balance measure · 184s · traj 200x10 · fresh 1000
after/traj/reader/none run1 n=200 | 성공 46.3% / 42.3% / 45.6% / 37.9% | D30 22.0% 클리어|도달 34.1% 클리어 7.5% | 좀비 12.0% | 사망/런 7.92 | 장식 0.0
  └ 종료 사망한도 76.0% 마왕실패 14.5% 클리어 7.5% 파산 2.0% | 끝난 날 중앙 19 | D10까지 사망 3.40 | 부상 출발/런 21.4 (사망 21.0%) | 상위 4명 성공 67.1% · 사망 0.57 · 나머지 26.0% · 사망 7.34 | 현금/일 105 | 자본 462
after/traj/reader/none run5 n=200 | 성공 46.2% / 44.9% / 47.5% / 40.2% | D30 28.0% 클리어|도달 44.6% 클리어 12.5% | 좀비 11.0% | 사망/런 7.86 | 장식 0.0
  └ 종료 사망한도 70.0% 마왕실패 15.5% 클리어 12.5% 파산 2.0% | 끝난 날 중앙 19 | D10까지 사망 3.52 | 부상 출발/런 20.5 (사망 22.5%) | 상위 4명 성공 69.2% · 사망 0.54 · 나머지 26.3% · 사망 7.32 | 현금/일 84 | 자본 464
after/traj/reader/none run10 n=200 | 성공 46.2% / 42.8% / 44.4% / 37.1% | D30 20.0% 클리어|도달 25.0% 클리어 5.0% | 좀비 11.5% | 사망/런 7.74 | 장식 0.0
  └ 종료 사망한도 77.5% 마왕실패 15.0% 클리어 5.0% 파산 2.5% | 끝난 날 중앙 17 | D10까지 사망 3.66 | 부상 출발/런 19.1 (사망 23.1%) | 상위 4명 성공 67.4% · 사망 0.57 · 나머지 25.4% · 사망 7.17 | 현금/일 75 | 자본 394
after/traj/reader/economy run1 n=200 | 성공 46.3% / 42.3% / 45.6% / 37.9% | D30 22.0% 클리어|도달 34.1% 클리어 7.5% | 좀비 12.0% | 사망/런 7.92 | 장식 0.0
  └ 종료 사망한도 76.0% 마왕실패 14.5% 클리어 7.5% 파산 2.0% | 끝난 날 중앙 19 | D10까지 사망 3.40 | 부상 출발/런 21.4 (사망 21.0%) | 상위 4명 성공 67.1% · 사망 0.57 · 나머지 26.0% · 사망 7.34 | 현금/일 105 | 자본 462
after/traj/reader/economy run5 n=200 | 성공 48.2% / 49.6% / 49.6% / 40.7% | D30 28.5% 클리어|도달 49.1% 클리어 14.0% | 좀비 9.5% | 사망/런 8.05 | 장식 2.1
  └ 종료 사망한도 71.5% 마왕실패 14.5% 클리어 14.0% | 끝난 날 중앙 20 | D10까지 사망 3.46 | 부상 출발/런 22.8 (사망 19.5%) | 상위 4명 성공 68.0% · 사망 0.59 · 나머지 31.0% · 사망 7.46 | 현금/일 195 | 자본 596
after/traj/reader/economy run10 n=200 | 성공 51.0% / 49.3% / 50.6% / 44.0% | D30 37.0% 클리어|도달 47.3% 클리어 17.5% | 좀비 7.0% | 사망/런 8.14 | 장식 3.8
  └ 종료 사망한도 63.0% 마왕실패 19.5% 클리어 17.5% | 끝난 날 중앙 26 | D10까지 사망 3.21 | 부상 출발/런 24.0 (사망 20.1%) | 상위 4명 성공 70.3% · 사망 0.41 · 나머지 32.3% · 사망 7.72 | 현금/일 265 | 자본 707
after/traj/reader/survival run1 n=200 | 성공 46.3% / 42.3% / 45.6% / 37.9% | D30 22.0% 클리어|도달 34.1% 클리어 7.5% | 좀비 12.0% | 사망/런 7.92 | 장식 0.0
  └ 종료 사망한도 76.0% 마왕실패 14.5% 클리어 7.5% 파산 2.0% | 끝난 날 중앙 19 | D10까지 사망 3.40 | 부상 출발/런 21.4 (사망 21.0%) | 상위 4명 성공 67.1% · 사망 0.57 · 나머지 26.0% · 사망 7.34 | 현금/일 105 | 자본 462
after/traj/reader/survival run5 n=200 | 성공 49.7% / 45.9% / 47.9% / 38.6% | D30 54.0% 클리어|도달 25.0% 클리어 13.5% | 좀비 17.5% | 사망/런 8.88 | 장식 2.2
  └ 종료 사망한도 42.5% 마왕실패 40.5% 클리어 13.5% 파산 3.5% | 끝난 날 중앙 30 | D10까지 사망 3.14 | 부상 출발/런 22.5 (사망 22.5%) | 상위 4명 성공 67.9% · 사망 0.52 · 나머지 28.6% · 사망 8.37 | 현금/일 101 | 자본 676
after/traj/reader/survival run10 n=200 | 성공 60.1% / 51.5% / 49.7% / 39.5% | D30 85.5% 클리어|도달 27.5% 클리어 23.5% | 좀비 23.0% | 사망/런 8.02 | 장식 3.9
  └ 종료 마왕실패 62.0% 클리어 23.5% 사망한도 11.5% 파산 3.0% | 끝난 날 중앙 30 | D10까지 사망 2.10 | 부상 출발/런 18.5 (사망 20.5%) | 상위 4명 성공 70.2% · 사망 0.35 · 나머지 35.7% · 사망 7.66 | 현금/일 125 | 자본 853
after/fresh/reader/none n=1000 | 성공 46.3% / 42.6% / 45.3% / 37.6% | D30 23.2% 클리어|도달 28.4% 클리어 6.6% | 좀비 15.7% | 사망/런 8.10 | 장식 0.0
  └ 종료 사망한도 76.3% 마왕실패 16.6% 클리어 6.6% 파산 0.5% | 끝난 날 중앙 19 | D10까지 사망 3.41 | 부상 출발/런 21.3 (사망 21.9%) | 상위 4명 성공 66.7% · 사망 0.58 · 나머지 26.3% · 사망 7.52 | 현금/일 105 | 자본 476
