1/16 jobs · 33s2/16 jobs · 33s3/16 jobs · 33s4/16 jobs · 35s5/16 jobs · 74s6/16 jobs · 75s7/16 jobs · 75s8/16 jobs · 77s9/16 jobs · 131s10/16 jobs · 132s11/16 jobs · 133s12/16 jobs · 134s13/16 jobs · 150s14/16 jobs · 151s15/16 jobs · 152s16/16 jobs · 152s
balance measure · 152s · traj 200x10 · fresh 1000
after/traj/reader/none run1 n=200 | 성공 42.5% / 37.9% / 42.1% / 34.9% | D30 10.5% 클리어|도달 19.0% 클리어 2.0% | 좀비 13.0% | 사망/런 7.97 | 장식 0.0
  └ 종료 사망한도 87.5% 마왕실패 8.5% 파산 2.0% 클리어 2.0% | 끝난 날 중앙 17 | D10까지 사망 3.73 | 부상 출발/런 20.3 (사망 22.4%) | 상위 4명 성공 65.0% · 사망 0.62 · 나머지 21.7% · 사망 7.35 | 현금/일 88 | 자본 388
after/traj/reader/none run5 n=200 | 성공 43.7% / 39.5% / 44.2% / 34.6% | D30 13.0% 클리어|도달 42.3% 클리어 5.5% | 좀비 12.0% | 사망/런 7.46 | 장식 0.0
  └ 종료 사망한도 83.0% 마왕실패 7.5% 클리어 5.5% 파산 4.0% | 끝난 날 중앙 14 | D10까지 사망 3.85 | 부상 출발/런 17.6 (사망 23.7%) | 상위 4명 성공 66.0% · 사망 0.65 · 나머지 21.7% · 사망 6.81 | 현금/일 62 | 자본 341
after/traj/reader/none run10 n=200 | 성공 42.5% / 39.1% / 40.9% / 34.0% | D30 9.5% 클리어|도달 31.6% 클리어 3.0% | 좀비 11.5% | 사망/런 7.58 | 장식 0.0
  └ 종료 사망한도 87.0% 마왕실패 6.5% 파산 3.5% 클리어 3.0% | 끝난 날 중앙 15 | D10까지 사망 4.05 | 부상 출발/런 17.7 (사망 24.5%) | 상위 4명 성공 64.9% · 사망 0.63 · 나머지 21.6% · 사망 6.95 | 현금/일 63 | 자본 316
after/traj/reader/economy run1 n=200 | 성공 42.5% / 37.9% / 42.1% / 34.9% | D30 10.5% 클리어|도달 19.0% 클리어 2.0% | 좀비 13.0% | 사망/런 7.97 | 장식 0.0
  └ 종료 사망한도 87.5% 마왕실패 8.5% 클리어 2.0% 파산 2.0% | 끝난 날 중앙 17 | D10까지 사망 3.73 | 부상 출발/런 20.3 (사망 22.4%) | 상위 4명 성공 65.0% · 사망 0.62 · 나머지 21.7% · 사망 7.35 | 현금/일 88 | 자본 388
after/traj/reader/economy run5 n=200 | 성공 44.8% / 43.1% / 44.5% / 37.8% | D30 13.5% 클리어|도달 51.9% 클리어 7.0% | 좀비 14.0% | 사망/런 7.58 | 장식 1.6
  └ 종료 사망한도 86.5% 클리어 7.0% 마왕실패 6.5% | 끝난 날 중앙 15 | D10까지 사망 3.98 | 부상 출발/런 18.7 (사망 22.6%) | 상위 4명 성공 65.7% · 사망 0.62 · 나머지 25.5% · 사망 6.96 | 현금/일 154 | 자본 430
after/traj/reader/economy run10 n=200 | 성공 48.8% / 45.6% / 48.7% / 39.3% | D30 22.5% 클리어|도달 51.1% 클리어 11.5% | 좀비 11.5% | 사망/런 7.72 | 장식 3.5
  └ 종료 사망한도 77.5% 클리어 11.5% 마왕실패 11.0% | 끝난 날 중앙 18 | D10까지 사망 3.54 | 부상 출발/런 20.6 (사망 21.6%) | 상위 4명 성공 69.6% · 사망 0.55 · 나머지 28.2% · 사망 7.17 | 현금/일 241 | 자본 543
after/traj/reader/survival run1 n=200 | 성공 42.5% / 37.9% / 42.1% / 34.9% | D30 10.5% 클리어|도달 19.0% 클리어 2.0% | 좀비 13.0% | 사망/런 7.97 | 장식 0.0
  └ 종료 사망한도 87.5% 마왕실패 8.5% 파산 2.0% 클리어 2.0% | 끝난 날 중앙 17 | D10까지 사망 3.73 | 부상 출발/런 20.3 (사망 22.4%) | 상위 4명 성공 65.0% · 사망 0.62 · 나머지 21.7% · 사망 7.35 | 현금/일 88 | 자본 388
after/traj/reader/survival run5 n=200 | 성공 46.4% / 40.5% / 43.3% / 36.1% | D30 34.5% 클리어|도달 40.6% 클리어 14.0% | 좀비 23.0% | 사망/런 8.63 | 장식 1.9
  └ 종료 사망한도 57.5% 마왕실패 20.5% 클리어 14.0% 파산 8.0% | 끝난 날 중앙 25 | D10까지 사망 3.29 | 부상 출발/런 21.6 (사망 22.7%) | 상위 4명 성공 67.6% · 사망 0.56 · 나머지 22.6% · 사망 8.07 | 현금/일 79 | 자본 545
after/traj/reader/survival run10 n=200 | 성공 56.6% / 47.8% / 45.8% / 35.2% | D30 77.0% 클리어|도달 23.4% 클리어 18.0% | 좀비 39.0% | 사망/런 8.54 | 장식 3.8
  └ 종료 마왕실패 59.0% 사망한도 18.5% 클리어 18.0% 파산 4.5% | 끝난 날 중앙 30 | D10까지 사망 2.41 | 부상 출발/런 18.8 (사망 21.7%) | 상위 4명 성공 69.0% · 사망 0.44 · 나머지 31.1% · 사망 8.10 | 현금/일 99 | 자본 786
after/fresh/reader/none n=1000 | 성공 43.4% / 37.9% / 40.5% / 33.0% | D30 11.7% 클리어|도달 42.7% 클리어 5.0% | 좀비 13.8% | 사망/런 7.81 | 장식 0.0
  └ 종료 사망한도 86.8% 마왕실패 6.7% 클리어 5.0% 파산 1.5% | 끝난 날 중앙 17 | D10까지 사망 3.64 | 부상 출발/런 19.1 (사망 23.7%) | 상위 4명 성공 64.0% · 사망 0.61 · 나머지 22.4% · 사망 7.20 | 현금/일 92 | 자본 371
